<?xml version="1.0" encoding="UTF-8" ?>
{"numTotalTestSuites":362,"numPassedTestSuites":206,"numFailedTestSuites":156,"numPendingTestSuites":0,"numTotalTests":249,"numPassedTests":171,"numFailedTests":78,"numPendingTests":0,"numTodoTests":0,"snapshot":{"added":0,"failure":false,"filesAdded":0,"filesRemoved":0,"filesRemovedList":[],"filesUnmatched":0,"filesUpdated":0,"matched":0,"total":0,"unchecked":0,"uncheckedKeysByFile":[],"unmatched":0,"updated":0,"didUpdate":false},"startTime":1761153573200,"success":false,"testResults":[{"assertionResults":[{"ancestorTitles":["AppComponent"],"fullName":"AppComponent should create","status":"failed","title":"should create","duration":183.0225660000001,"failureMessages":["TypeError: Cannot read properties of undefined (reading 'supports')\n    at new _ModService (/home/runner/work/jasper-ui/jasper-ui/dist/test-out/20251022T171914093Z-a6e8f88a/src/app/service/mod.service.ts:19:17)\n    at Object.ModService_Factory [as factory] (/home/runner/work/jasper-ui/jasper-ui/dist/test-out/20251022T171914093Z-a6e8f88a/chunk-2AZAYSYR.js:529:14)\n    at /home/runner/work/jasper-ui/jasper-ui/dist/test-out/20251022T171914093Z-a6e8f88a/node_modules/@angular/core/fesm2022/root_effect_scheduler.mjs:2187:47\n    at runInInjectorProfilerContext (/home/runner/work/jasper-ui/jasper-ui/dist/test-out/20251022T171914093Z-a6e8f88a/node_modules/@angular/core/fesm2022/root_effect_scheduler.mjs:746:9)\n    at R3Injector.hydrate (/home/runner/work/jasper-ui/jasper-ui/dist/test-out/20251022T171914093Z-a6e8f88a/node_modules/@angular/core/fesm2022/root_effect_scheduler.mjs:2185:21)\n    at R3Injector.get (/home/runner/work/jasper-ui/jasper-ui/dist/test-out/20251022T171914093Z-a6e8f88a/node_modules/@angular/core/fesm2022/root_effect_scheduler.mjs:2033:33)\n    at R3Injector.get (/home/runner/work/jasper-ui/jasper-ui/dist/test-out/20251022T171914093Z-a6e8f88a/node_modules/@angular/core/fesm2022/root_effect_scheduler.mjs:2045:33)\n    at ChainedInjector.get (/home/runner/work/jasper-ui/jasper-ui/dist/test-out/20251022T171914093Z-a6e8f88a/node_modules/@angular/core/fesm2022/debug_node.mjs:13404:36)\n    at lookupTokenUsingModuleInjector (/home/runner/work/jasper-ui/jasper-ui/dist/test-out/20251022T171914093Z-a6e8f88a/node_modules/@angular/core/fesm2022/debug_node.mjs:1718:39)\n    at getOrCreateInjectable (/home/runner/work/jasper-ui/jasper-ui/dist/test-out/20251022T171914093Z-a6e8f88a/node_modules/@angular/core/fesm2022/debug_node.mjs:1766:12)"],"meta":{}}],"startTime":1761153591766,"endTime":1761153591949.0225,"status":"failed","message":"","name":"/home/runner/work/jasper-ui/jasper-ui/dist/test-out/20251022T171914093Z-a6e8f88a/spec-app-app.component.spec.js"},{"assertionResults":[{"ancestorTitles":["ActionListComponent"],"fullName":"ActionListComponent should create","status":"passed","title":"should create","duration":121.33904999999982,"failureMessages":[],"meta":{}}],"startTime":1761153656330,"endTime":1761153656451.339,"status":"passed","message":"","name":"/home/runner/work/jasper-ui/jasper-ui/dist/test-out/20251022T171914093Z-a6e8f88a/spec-app-component-action-action-list-action-list.component.spec.js"},{"assertionResults":[{"ancestorTitles":["ConfirmActionComponent"],"fullName":"ConfirmActionComponent should create","status":"passed","title":"should create","duration":51.62720899999999,"failureMessages":[],"meta":{}}],"startTime":1761153685128,"endTime":1761153685179.6272,"status":"passed","message":"","name":"/home/runner/work/jasper-ui/jasper-ui/dist/test-out/20251022T171914093Z-a6e8f88a/spec-app-component-action-confirm-action-confirm-action.component.spec.js"},{"assertionResults":[{"ancestorTitles":["InlineButtonComponent"],"fullName":"InlineButtonComponent should create","status":"passed","title":"should create","duration":43.05202899999995,"failureMessages":[],"meta":{}}],"startTime":1761153686380,"endTime":1761153686423.052,"status":"passed","message":"","name":"/home/runner/work/jasper-ui/jasper-ui/dist/test-out/20251022T171914093Z-a6e8f88a/spec-app-component-action-inline-button-inline-button.component.spec.js"},{"assertionResults":[{"ancestorTitles":["InlinePasswordComponent"],"fullName":"InlinePasswordComponent should create","status":"passed","title":"should create","duration":66.04923799999983,"failureMessages":[],"meta":{}}],"startTime":1761153682159,"endTime":1761153682225.0493,"status":"passed","message":"","name":"/home/runner/work/jasper-ui/jasper-ui/dist/test-out/20251022T171914093Z-a6e8f88a/spec-app-component-action-inline-password-inline-password.component.spec.js"},{"assertionResults":[{"ancestorTitles":["InlinePluginComponent"],"fullName":"InlinePluginComponent should create","status":"passed","title":"should create","duration":95.53688000000011,"failureMessages":[],"meta":{}}],"startTime":1761153655890,"endTime":1761153655985.5369,"status":"passed","message":"","name":"/home/runner/work/jasper-ui/jasper-ui/dist/test-out/20251022T171914093Z-a6e8f88a/spec-app-component-action-inline-plugin-inline-plugin.component.spec.js"},{"assertionResults":[{"ancestorTitles":["InlineSelectComponent"],"fullName":"InlineSelectComponent should create","status":"passed","title":"should create","duration":64.45438200000012,"failureMessages":[],"meta":{}}],"startTime":1761153686506,"endTime":1761153686570.4543,"status":"passed","message":"","name":"/home/runner/work/jasper-ui/jasper-ui/dist/test-out/20251022T171914093Z-a6e8f88a/spec-app-component-action-inline-select-inline-select.component.spec.js"},{"assertionResults":[{"ancestorTitles":["InlineTagComponent"],"fullName":"InlineTagComponent should create","status":"passed","title":"should create","duration":89.11560300000019,"failureMessages":[],"meta":{}}],"startTime":1761153654660,"endTime":1761153654749.1157,"status":"passed","message":"","name":"/home/runner/work/jasper-ui/jasper-ui/dist/test-out/20251022T171914093Z-a6e8f88a/spec-app-component-action-inline-tag-inline-tag.component.spec.js"},{"assertionResults":[{"ancestorTitles":["BackgammonComponent"],"fullName":"BackgammonComponent should create","status":"passed","title":"should create","duration":117.48729099999991,"failureMessages":[],"meta":{}},{"ancestorTitles":["BackgammonComponent","Illegal Moves"],"fullName":"BackgammonComponent Illegal Moves should reject moving to a spot blocked by opponent","status":"passed","title":"should reject moving to a spot blocked by opponent","duration":36.715692999999874,"failureMessages":[],"meta":{}},{"ancestorTitles":["BackgammonComponent","Illegal Moves"],"fullName":"BackgammonComponent Illegal Moves should reject moving opponent pieces","status":"passed","title":"should reject moving opponent pieces","duration":34.87178200000017,"failureMessages":[],"meta":{}},{"ancestorTitles":["BackgammonComponent","Illegal Moves"],"fullName":"BackgammonComponent Illegal Moves should reject moving when no dice are available","status":"passed","title":"should reject moving when no dice are available","duration":30.72572500000001,"failureMessages":[],"meta":{}},{"ancestorTitles":["BackgammonComponent","Illegal Moves"],"fullName":"BackgammonComponent Illegal Moves should reject moving from board when piece is on bar","status":"passed","title":"should reject moving from board when piece is on bar","duration":21.248959000000013,"failureMessages":[],"meta":{}},{"ancestorTitles":["BackgammonComponent","Illegal Moves"],"fullName":"BackgammonComponent Illegal Moves should reject bearing off when not all pieces are in home board","status":"passed","title":"should reject bearing off when not all pieces are in home board","duration":19.44962200000009,"failureMessages":[],"meta":{}},{"ancestorTitles":["BackgammonComponent","Illegal Moves"],"fullName":"BackgammonComponent Illegal Moves should throw error when attempting illegal move via drop","status":"passed","title":"should throw error when attempting illegal move via drop","duration":42.87422399999991,"failureMessages":[],"meta":{}},{"ancestorTitles":["BackgammonComponent","Combined Moves with Hits"],"fullName":"BackgammonComponent Combined Moves with Hits should allow combined move that hits opponent on intermediate spot","status":"passed","title":"should allow combined move that hits opponent on intermediate spot","duration":25.775994999999966,"failureMessages":[],"meta":{}},{"ancestorTitles":["BackgammonComponent","Combined Moves with Hits"],"fullName":"BackgammonComponent Combined Moves with Hits should handle combined move hitting piece at final destination","status":"passed","title":"should handle combined move hitting piece at final destination","duration":21.419734999999946,"failureMessages":[],"meta":{}},{"ancestorTitles":["BackgammonComponent","Combined Moves with Hits"],"fullName":"BackgammonComponent Combined Moves with Hits should correctly process combined move that hits multiple pieces","status":"passed","title":"should correctly process combined move that hits multiple pieces","duration":18.773079999999936,"failureMessages":[],"meta":{}}],"startTime":1761153611881,"endTime":1761153612251.7732,"status":"passed","message":"","name":"/home/runner/work/jasper-ui/jasper-ui/dist/test-out/20251022T171914093Z-a6e8f88a/spec-app-component-backgammon-backgammon.component.spec.js"},{"assertionResults":[{"ancestorTitles":["BackupListComponent"],"fullName":"BackupListComponent should create","status":"passed","title":"should create","duration":79.04692599999998,"failureMessages":[],"meta":{}}],"startTime":1761153654069,"endTime":1761153654148.0469,"status":"passed","message":"","name":"/home/runner/work/jasper-ui/jasper-ui/dist/test-out/20251022T171914093Z-a6e8f88a/spec-app-component-backup-backup-list-backup-list.component.spec.js"},{"assertionResults":[{"ancestorTitles":["BackupComponent"],"fullName":"BackupComponent should create","status":"passed","title":"should create","duration":97.00504499999988,"failureMessages":[],"meta":{}}],"startTime":1761153645676,"endTime":1761153645773.0051,"status":"passed","message":"","name":"/home/runner/work/jasper-ui/jasper-ui/dist/test-out/20251022T171914093Z-a6e8f88a/spec-app-component-backup-backup.component.spec.js"},{"assertionResults":[{"ancestorTitles":["BlogEntryComponent"],"fullName":"BlogEntryComponent should create","status":"failed","title":"should create","duration":108.13717599999973,"failureMessages":["TypeError: Cannot read properties of undefined (reading 'ɵcmp')\n    at getComponentDef (/home/runner/work/jasper-ui/jasper-ui/dist/test-out/20251022T171914093Z-a6e8f88a/node_modules/@angular/core/fesm2022/testing.mjs:1605:18)\n    at isStandaloneComponent (/home/runner/work/jasper-ui/jasper-ui/dist/test-out/20251022T171914093Z-a6e8f88a/node_modules/@angular/core/fesm2022/testing.mjs:1601:17)\n    at /home/runner/work/jasper-ui/jasper-ui/dist/test-out/20251022T171914093Z-a6e8f88a/node_modules/@angular/core/fesm2022/testing.mjs:1338:29\n    at Array.forEach (<anonymous>)\n    at queueTypesFromModulesArrayRecur (/home/runner/work/jasper-ui/jasper-ui/dist/test-out/20251022T171914093Z-a6e8f88a/node_modules/@angular/core/fesm2022/testing.mjs:1333:34)\n    at /home/runner/work/jasper-ui/jasper-ui/dist/test-out/20251022T171914093Z-a6e8f88a/node_modules/@angular/core/fesm2022/testing.mjs:1339:29\n    at Array.forEach (<anonymous>)\n    at queueTypesFromModulesArrayRecur (/home/runner/work/jasper-ui/jasper-ui/dist/test-out/20251022T171914093Z-a6e8f88a/node_modules/@angular/core/fesm2022/testing.mjs:1333:34)\n    at /home/runner/work/jasper-ui/jasper-ui/dist/test-out/20251022T171914093Z-a6e8f88a/node_modules/@angular/core/fesm2022/testing.mjs:1339:29\n    at Array.forEach (<anonymous>)"],"meta":{}}],"startTime":1761153620553,"endTime":1761153620661.1372,"status":"failed","message":"","name":"/home/runner/work/jasper-ui/jasper-ui/dist/test-out/20251022T171914093Z-a6e8f88a/spec-app-component-blog-blog-entry-blog-entry.component.spec.js"},{"assertionResults":[{"ancestorTitles":["BlogComponent"],"fullName":"BlogComponent should create","status":"failed","title":"should create","duration":91.53734199999963,"failureMessages":["TypeError: Cannot read properties of undefined (reading 'ɵcmp')\n    at getComponentDef (/home/runner/work/jasper-ui/jasper-ui/dist/test-out/20251022T171914093Z-a6e8f88a/node_modules/@angular/core/fesm2022/testing.mjs:1605:18)\n    at isStandaloneComponent (/home/runner/work/jasper-ui/jasper-ui/dist/test-out/20251022T171914093Z-a6e8f88a/node_modules/@angular/core/fesm2022/testing.mjs:1601:17)\n    at /home/runner/work/jasper-ui/jasper-ui/dist/test-out/20251022T171914093Z-a6e8f88a/node_modules/@angular/core/fesm2022/testing.mjs:1338:29\n    at Array.forEach (<anonymous>)\n    at queueTypesFromModulesArrayRecur (/home/runner/work/jasper-ui/jasper-ui/dist/test-out/20251022T171914093Z-a6e8f88a/node_modules/@angular/core/fesm2022/testing.mjs:1333:34)\n    at /home/runner/work/jasper-ui/jasper-ui/dist/test-out/20251022T171914093Z-a6e8f88a/node_modules/@angular/core/fesm2022/testing.mjs:1339:29\n    at Array.forEach (<anonymous>)\n    at queueTypesFromModulesArrayRecur (/home/runner/work/jasper-ui/jasper-ui/dist/test-out/20251022T171914093Z-a6e8f88a/node_modules/@angular/core/fesm2022/testing.mjs:1333:34)\n    at /home/runner/work/jasper-ui/jasper-ui/dist/test-out/20251022T171914093Z-a6e8f88a/node_modules/@angular/core/fesm2022/testing.mjs:1339:29\n    at Array.forEach (<anonymous>)"],"meta":{}}],"startTime":1761153629865,"endTime":1761153629956.5374,"status":"failed","message":"","name":"/home/runner/work/jasper-ui/jasper-ui/dist/test-out/20251022T171914093Z-a6e8f88a/spec-app-component-blog-blog.component.spec.js"},{"assertionResults":[{"ancestorTitles":["BulkComponent"],"fullName":"BulkComponent should create","status":"passed","title":"should create","duration":130.5076160000001,"failureMessages":[],"meta":{}}],"startTime":1761153640122,"endTime":1761153640252.5076,"status":"passed","message":"","name":"/home/runner/work/jasper-ui/jasper-ui/dist/test-out/20251022T171914093Z-a6e8f88a/spec-app-component-bulk-bulk.component.spec.js"},{"assertionResults":[{"ancestorTitles":["ChatEntryComponent"],"fullName":"ChatEntryComponent should create","status":"failed","title":"should create","duration":79.7807429999998,"failureMessages":["TypeError: Cannot read properties of undefined (reading 'ɵcmp')\n    at getComponentDef (/home/runner/work/jasper-ui/jasper-ui/dist/test-out/20251022T171914093Z-a6e8f88a/node_modules/@angular/core/fesm2022/testing.mjs:1605:18)\n    at isStandaloneComponent (/home/runner/work/jasper-ui/jasper-ui/dist/test-out/20251022T171914093Z-a6e8f88a/node_modules/@angular/core/fesm2022/testing.mjs:1601:17)\n    at /home/runner/work/jasper-ui/jasper-ui/dist/test-out/20251022T171914093Z-a6e8f88a/node_modules/@angular/core/fesm2022/testing.mjs:1338:29\n    at Array.forEach (<anonymous>)\n    at queueTypesFromModulesArrayRecur (/home/runner/work/jasper-ui/jasper-ui/dist/test-out/20251022T171914093Z-a6e8f88a/node_modules/@angular/core/fesm2022/testing.mjs:1333:34)\n    at /home/runner/work/jasper-ui/jasper-ui/dist/test-out/20251022T171914093Z-a6e8f88a/node_modules/@angular/core/fesm2022/testing.mjs:1339:29\n    at Array.forEach (<anonymous>)\n    at queueTypesFromModulesArrayRecur (/home/runner/work/jasper-ui/jasper-ui/dist/test-out/20251022T171914093Z-a6e8f88a/node_modules/@angular/core/fesm2022/testing.mjs:1333:34)\n    at /home/runner/work/jasper-ui/jasper-ui/dist/test-out/20251022T171914093Z-a6e8f88a/node_modules/@angular/core/fesm2022/testing.mjs:1339:29\n    at Array.forEach (<anonymous>)"],"meta":{}}],"startTime":1761153626064,"endTime":1761153626143.7808,"status":"failed","message":"","name":"/home/runner/work/jasper-ui/jasper-ui/dist/test-out/20251022T171914093Z-a6e8f88a/spec-app-component-chat-chat-entry-chat-entry.component.spec.js"},{"assertionResults":[{"ancestorTitles":["ChatComponent"],"fullName":"ChatComponent should create","status":"failed","title":"should create","duration":81.50108099999989,"failureMessages":["TypeError: Cannot read properties of undefined (reading 'ɵcmp')\n    at getComponentDef (/home/runner/work/jasper-ui/jasper-ui/dist/test-out/20251022T171914093Z-a6e8f88a/node_modules/@angular/core/fesm2022/testing.mjs:1605:18)\n    at isStandaloneComponent (/home/runner/work/jasper-ui/jasper-ui/dist/test-out/20251022T171914093Z-a6e8f88a/node_modules/@angular/core/fesm2022/testing.mjs:1601:17)\n    at /home/runner/work/jasper-ui/jasper-ui/dist/test-out/20251022T171914093Z-a6e8f88a/node_modules/@angular/core/fesm2022/testing.mjs:1338:29\n    at Array.forEach (<anonymous>)\n    at queueTypesFromModulesArrayRecur (/home/runner/work/jasper-ui/jasper-ui/dist/test-out/20251022T171914093Z-a6e8f88a/node_modules/@angular/core/fesm2022/testing.mjs:1333:34)\n    at /home/runner/work/jasper-ui/jasper-ui/dist/test-out/20251022T171914093Z-a6e8f88a/node_modules/@angular/core/fesm2022/testing.mjs:1339:29\n    at Array.forEach (<anonymous>)\n    at queueTypesFromModulesArrayRecur (/home/runner/work/jasper-ui/jasper-ui/dist/test-out/20251022T171914093Z-a6e8f88a/node_modules/@angular/core/fesm2022/testing.mjs:1333:34)\n    at /home/runner/work/jasper-ui/jasper-ui/dist/test-out/20251022T171914093Z-a6e8f88a/node_modules/@angular/core/fesm2022/testing.mjs:1339:29\n    at Array.forEach (<anonymous>)"],"meta":{}}],"startTime":1761153632963,"endTime":1761153633044.501,"status":"failed","message":"","name":"/home/runner/work/jasper-ui/jasper-ui/dist/test-out/20251022T171914093Z-a6e8f88a/spec-app-component-chat-chat.component.spec.js"},{"assertionResults":[{"ancestorTitles":["ChessComponent"],"fullName":"ChessComponent should create","status":"passed","title":"should create","duration":251.84404700000005,"failureMessages":[],"meta":{}}],"startTime":1761153652788,"endTime":1761153653039.844,"status":"passed","message":"","name":"/home/runner/work/jasper-ui/jasper-ui/dist/test-out/20251022T171914093Z-a6e8f88a/spec-app-component-chess-chess.component.spec.js"},{"assertionResults":[{"ancestorTitles":["CommentEditComponent"],"fullName":"CommentEditComponent should create","status":"passed","title":"should create","duration":141.06411000000026,"failureMessages":[],"meta":{}},{"ancestorTitles":["CommentEditComponent"],"fullName":"CommentEditComponent should preserve existing tags when editing only comment text","status":"passed","title":"should preserve existing tags when editing only comment text","duration":36.53113800000028,"failureMessages":[],"meta":{}},{"ancestorTitles":["CommentEditComponent"],"fullName":"CommentEditComponent should add new tags when provided through editor","status":"passed","title":"should add new tags when provided through editor","duration":25.88401799999974,"failureMessages":[],"meta":{}},{"ancestorTitles":["CommentEditComponent"],"fullName":"CommentEditComponent should remove tags when they are removed through editor","status":"passed","title":"should remove tags when they are removed through editor","duration":41.810137999999824,"failureMessages":[],"meta":{}}],"startTime":1761153611575,"endTime":1761153611820.81,"status":"passed","message":"","name":"/home/runner/work/jasper-ui/jasper-ui/dist/test-out/20251022T171914093Z-a6e8f88a/spec-app-component-comment-comment-edit-comment-edit.component.spec.js"},{"assertionResults":[{"ancestorTitles":["CommentReplyComponent"],"fullName":"CommentReplyComponent should create","status":"failed","title":"should create","duration":327.9302239999997,"failureMessages":["TypeError: this.admin.getEditorButtons is not a function\n    at _EditorComponent.get editorButtons (/home/runner/work/jasper-ui/jasper-ui/dist/test-out/20251022T171914093Z-a6e8f88a/src/app/form/editor/editor.component.ts:332:33)\n    at _EditorComponent.descriptor.get (/home/runner/work/jasper-ui/jasper-ui/dist/test-out/20251022T171914093Z-a6e8f88a/src/app/util/memo.ts:62:45)\n    at _EditorComponent.get editorPushButtons (/home/runner/work/jasper-ui/jasper-ui/dist/test-out/20251022T171914093Z-a6e8f88a/src/app/form/editor/editor.component.ts:347:27)\n    at _EditorComponent.descriptor.get (/home/runner/work/jasper-ui/jasper-ui/dist/test-out/20251022T171914093Z-a6e8f88a/src/app/util/memo.ts:62:45)\n    at EditorComponent_Conditional_1_Template (/home/runner/work/jasper-ui/jasper-ui/dist/test-out/20251022T171914093Z-a6e8f88a/src/app/form/editor/editor.component.html:29:7)\n    at executeTemplate (/home/runner/work/jasper-ui/jasper-ui/dist/test-out/20251022T171914093Z-a6e8f88a/node_modules/@angular/core/fesm2022/debug_node.mjs:9040:9)\n    at refreshView (/home/runner/work/jasper-ui/jasper-ui/dist/test-out/20251022T171914093Z-a6e8f88a/node_modules/@angular/core/fesm2022/debug_node.mjs:10076:13)\n    at detectChangesInView (/home/runner/work/jasper-ui/jasper-ui/dist/test-out/20251022T171914093Z-a6e8f88a/node_modules/@angular/core/fesm2022/debug_node.mjs:10296:9)\n    at detectChangesInViewIfAttached (/home/runner/work/jasper-ui/jasper-ui/dist/test-out/20251022T171914093Z-a6e8f88a/node_modules/@angular/core/fesm2022/debug_node.mjs:10256:5)\n    at detectChangesInEmbeddedViews (/home/runner/work/jasper-ui/jasper-ui/dist/test-out/20251022T171914093Z-a6e8f88a/node_modules/@angular/core/fesm2022/debug_node.mjs:10213:13)"],"meta":{}}],"startTime":1761153617903,"endTime":1761153618230.9302,"status":"failed","message":"","name":"/home/runner/work/jasper-ui/jasper-ui/dist/test-out/20251022T171914093Z-a6e8f88a/spec-app-component-comment-comment-reply-comment-reply.component.spec.js"},{"assertionResults":[{"ancestorTitles":["CommentThreadComponent"],"fullName":"CommentThreadComponent should create","status":"failed","title":"should create","duration":87.65835400000014,"failureMessages":["TypeError: Cannot read properties of undefined (reading 'ɵcmp')\n    at getComponentDef (/home/runner/work/jasper-ui/jasper-ui/dist/test-out/20251022T171914093Z-a6e8f88a/node_modules/@angular/core/fesm2022/testing.mjs:1605:18)\n    at isStandaloneComponent (/home/runner/work/jasper-ui/jasper-ui/dist/test-out/20251022T171914093Z-a6e8f88a/node_modules/@angular/core/fesm2022/testing.mjs:1601:17)\n    at /home/runner/work/jasper-ui/jasper-ui/dist/test-out/20251022T171914093Z-a6e8f88a/node_modules/@angular/core/fesm2022/testing.mjs:1338:29\n    at Array.forEach (<anonymous>)\n    at queueTypesFromModulesArrayRecur (/home/runner/work/jasper-ui/jasper-ui/dist/test-out/20251022T171914093Z-a6e8f88a/node_modules/@angular/core/fesm2022/testing.mjs:1333:34)\n    at /home/runner/work/jasper-ui/jasper-ui/dist/test-out/20251022T171914093Z-a6e8f88a/node_modules/@angular/core/fesm2022/testing.mjs:1339:29\n    at Array.forEach (<anonymous>)\n    at queueTypesFromModulesArrayRecur (/home/runner/work/jasper-ui/jasper-ui/dist/test-out/20251022T171914093Z-a6e8f88a/node_modules/@angular/core/fesm2022/testing.mjs:1333:34)\n    at /home/runner/work/jasper-ui/jasper-ui/dist/test-out/20251022T171914093Z-a6e8f88a/node_modules/@angular/core/fesm2022/testing.mjs:1339:29\n    at Array.forEach (<anonymous>)"],"meta":{}}],"startTime":1761153622665,"endTime":1761153622752.6584,"status":"failed","message":"","name":"/home/runner/work/jasper-ui/jasper-ui/dist/test-out/20251022T171914093Z-a6e8f88a/spec-app-component-comment-comment-thread-comment-thread.component.spec.js"},{"assertionResults":[{"ancestorTitles":["CommentComponent"],"fullName":"CommentComponent should create","status":"failed","title":"should create","duration":78.78875900000003,"failureMessages":["TypeError: Cannot read properties of undefined (reading 'ɵcmp')\n    at getComponentDef (/home/runner/work/jasper-ui/jasper-ui/dist/test-out/20251022T171914093Z-a6e8f88a/node_modules/@angular/core/fesm2022/testing.mjs:1605:18)\n    at isStandaloneComponent (/home/runner/work/jasper-ui/jasper-ui/dist/test-out/20251022T171914093Z-a6e8f88a/node_modules/@angular/core/fesm2022/testing.mjs:1601:17)\n    at /home/runner/work/jasper-ui/jasper-ui/dist/test-out/20251022T171914093Z-a6e8f88a/node_modules/@angular/core/fesm2022/testing.mjs:1338:29\n    at Array.forEach (<anonymous>)\n    at queueTypesFromModulesArrayRecur (/home/runner/work/jasper-ui/jasper-ui/dist/test-out/20251022T171914093Z-a6e8f88a/node_modules/@angular/core/fesm2022/testing.mjs:1333:34)\n    at /home/runner/work/jasper-ui/jasper-ui/dist/test-out/20251022T171914093Z-a6e8f88a/node_modules/@angular/core/fesm2022/testing.mjs:1339:29\n    at Array.forEach (<anonymous>)\n    at queueTypesFromModulesArrayRecur (/home/runner/work/jasper-ui/jasper-ui/dist/test-out/20251022T171914093Z-a6e8f88a/node_modules/@angular/core/fesm2022/testing.mjs:1333:34)\n    at TestBedCompiler.queueTypesFromModulesArray (/home/runner/work/jasper-ui/jasper-ui/dist/test-out/20251022T171914093Z-a6e8f88a/node_modules/@angular/core/fesm2022/testing.mjs:1348:9)\n    at TestBedCompiler.configureTestingModule (/home/runner/work/jasper-ui/jasper-ui/dist/test-out/20251022T171914093Z-a6e8f88a/node_modules/@angular/core/fesm2022/testing.mjs:856:18)"],"meta":{}}],"startTime":1761153627609,"endTime":1761153627687.7888,"status":"failed","message":"","name":"/home/runner/work/jasper-ui/jasper-ui/dist/test-out/20251022T171914093Z-a6e8f88a/spec-app-component-comment-comment.component.spec.js"},{"assertionResults":[{"ancestorTitles":["ThreadSummaryComponent"],"fullName":"ThreadSummaryComponent should create","status":"failed","title":"should create","duration":90.2049219999999,"failureMessages":["TypeError: Cannot read properties of undefined (reading 'ɵcmp')\n    at getComponentDef (/home/runner/work/jasper-ui/jasper-ui/dist/test-out/20251022T171914093Z-a6e8f88a/node_modules/@angular/core/fesm2022/testing.mjs:1605:18)\n    at isStandaloneComponent (/home/runner/work/jasper-ui/jasper-ui/dist/test-out/20251022T171914093Z-a6e8f88a/node_modules/@angular/core/fesm2022/testing.mjs:1601:17)\n    at /home/runner/work/jasper-ui/jasper-ui/dist/test-out/20251022T171914093Z-a6e8f88a/node_modules/@angular/core/fesm2022/testing.mjs:1338:29\n    at Array.forEach (<anonymous>)\n    at queueTypesFromModulesArrayRecur (/home/runner/work/jasper-ui/jasper-ui/dist/test-out/20251022T171914093Z-a6e8f88a/node_modules/@angular/core/fesm2022/testing.mjs:1333:34)\n    at /home/runner/work/jasper-ui/jasper-ui/dist/test-out/20251022T171914093Z-a6e8f88a/node_modules/@angular/core/fesm2022/testing.mjs:1339:29\n    at Array.forEach (<anonymous>)\n    at queueTypesFromModulesArrayRecur (/home/runner/work/jasper-ui/jasper-ui/dist/test-out/20251022T171914093Z-a6e8f88a/node_modules/@angular/core/fesm2022/testing.mjs:1333:34)\n    at /home/runner/work/jasper-ui/jasper-ui/dist/test-out/20251022T171914093Z-a6e8f88a/node_modules/@angular/core/fesm2022/testing.mjs:1339:29\n    at Array.forEach (<anonymous>)"],"meta":{}}],"startTime":1761153620390,"endTime":1761153620480.2048,"status":"failed","message":"","name":"/home/runner/work/jasper-ui/jasper-ui/dist/test-out/20251022T171914093Z-a6e8f88a/spec-app-component-comment-thread-summary-thread-summary.component.spec.js"},{"assertionResults":[{"ancestorTitles":["DebugComponent"],"fullName":"DebugComponent should create","status":"passed","title":"should create","duration":78.406522,"failureMessages":[],"meta":{}}],"startTime":1761153648675,"endTime":1761153648753.4065,"status":"passed","message":"","name":"/home/runner/work/jasper-ui/jasper-ui/dist/test-out/20251022T171914093Z-a6e8f88a/spec-app-component-debug-debug.component.spec.js"},{"assertionResults":[{"ancestorTitles":["ExtListComponent"],"fullName":"ExtListComponent should create","status":"failed","title":"should create","duration":81.66343199999983,"failureMessages":["TypeError: Cannot read properties of undefined (reading 'ɵcmp')\n    at getComponentDef (/home/runner/work/jasper-ui/jasper-ui/dist/test-out/20251022T171914093Z-a6e8f88a/node_modules/@angular/core/fesm2022/testing.mjs:1605:18)\n    at isStandaloneComponent (/home/runner/work/jasper-ui/jasper-ui/dist/test-out/20251022T171914093Z-a6e8f88a/node_modules/@angular/core/fesm2022/testing.mjs:1601:17)\n    at /home/runner/work/jasper-ui/jasper-ui/dist/test-out/20251022T171914093Z-a6e8f88a/node_modules/@angular/core/fesm2022/testing.mjs:1338:29\n    at Array.forEach (<anonymous>)\n    at queueTypesFromModulesArrayRecur (/home/runner/work/jasper-ui/jasper-ui/dist/test-out/20251022T171914093Z-a6e8f88a/node_modules/@angular/core/fesm2022/testing.mjs:1333:34)\n    at /home/runner/work/jasper-ui/jasper-ui/dist/test-out/20251022T171914093Z-a6e8f88a/node_modules/@angular/core/fesm2022/testing.mjs:1339:29\n    at Array.forEach (<anonymous>)\n    at queueTypesFromModulesArrayRecur (/home/runner/work/jasper-ui/jasper-ui/dist/test-out/20251022T171914093Z-a6e8f88a/node_modules/@angular/core/fesm2022/testing.mjs:1333:34)\n    at /home/runner/work/jasper-ui/jasper-ui/dist/test-out/20251022T171914093Z-a6e8f88a/node_modules/@angular/core/fesm2022/testing.mjs:1339:29\n    at Array.forEach (<anonymous>)"],"meta":{}}],"startTime":1761153634646,"endTime":1761153634727.6633,"status":"failed","message":"","name":"/home/runner/work/jasper-ui/jasper-ui/dist/test-out/20251022T171914093Z-a6e8f88a/spec-app-component-ext-ext-list-ext-list.component.spec.js"},{"assertionResults":[{"ancestorTitles":["ExtComponent"],"fullName":"ExtComponent should create","status":"failed","title":"should create","duration":91.44673599999987,"failureMessages":["TypeError: Cannot read properties of undefined (reading 'ɵcmp')\n    at getComponentDef (/home/runner/work/jasper-ui/jasper-ui/dist/test-out/20251022T171914093Z-a6e8f88a/node_modules/@angular/core/fesm2022/testing.mjs:1605:18)\n    at isStandaloneComponent (/home/runner/work/jasper-ui/jasper-ui/dist/test-out/20251022T171914093Z-a6e8f88a/node_modules/@angular/core/fesm2022/testing.mjs:1601:17)\n    at /home/runner/work/jasper-ui/jasper-ui/dist/test-out/20251022T171914093Z-a6e8f88a/node_modules/@angular/core/fesm2022/testing.mjs:1338:29\n    at Array.forEach (<anonymous>)\n    at queueTypesFromModulesArrayRecur (/home/runner/work/jasper-ui/jasper-ui/dist/test-out/20251022T171914093Z-a6e8f88a/node_modules/@angular/core/fesm2022/testing.mjs:1333:34)\n    at /home/runner/work/jasper-ui/jasper-ui/dist/test-out/20251022T171914093Z-a6e8f88a/node_modules/@angular/core/fesm2022/testing.mjs:1339:29\n    at Array.forEach (<anonymous>)\n    at queueTypesFromModulesArrayRecur (/home/runner/work/jasper-ui/jasper-ui/dist/test-out/20251022T171914093Z-a6e8f88a/node_modules/@angular/core/fesm2022/testing.mjs:1333:34)\n    at /home/runner/work/jasper-ui/jasper-ui/dist/test-out/20251022T171914093Z-a6e8f88a/node_modules/@angular/core/fesm2022/testing.mjs:1339:29\n    at Array.forEach (<anonymous>)"],"meta":{}}],"startTime":1761153623769,"endTime":1761153623860.4468,"status":"failed","message":"","name":"/home/runner/work/jasper-ui/jasper-ui/dist/test-out/20251022T171914093Z-a6e8f88a/spec-app-component-ext-ext.component.spec.js"},{"assertionResults":[{"ancestorTitles":["FilterComponent"],"fullName":"FilterComponent should create","status":"failed","title":"should create","duration":215.9801460000001,"failureMessages":["TypeError: Cannot read properties of null (reading 'canvas')\n    at emoji (/home/runner/work/jasper-ui/jasper-ui/dist/test-out/20251022T171914093Z-a6e8f88a/src/app/util/emoji.ts:5:5)\n    at new _FilterComponent (/home/runner/work/jasper-ui/jasper-ui/dist/test-out/20251022T171914093Z-a6e8f88a/src/app/component/filter/filter.component.ts:63:11)\n    at NodeInjectorFactory.FilterComponent_Factory [as factory] (/home/runner/work/jasper-ui/jasper-ui/dist/test-out/20251022T171914093Z-a6e8f88a/chunk-RF5WATME.js:582:14)\n    at getNodeInjectable (/home/runner/work/jasper-ui/jasper-ui/dist/test-out/20251022T171914093Z-a6e8f88a/node_modules/@angular/core/fesm2022/debug_node.mjs:1989:44)\n    at instantiateAllDirectives (/home/runner/work/jasper-ui/jasper-ui/dist/test-out/20251022T171914093Z-a6e8f88a/node_modules/@angular/core/fesm2022/debug_node.mjs:9281:27)\n    at createDirectivesInstances (/home/runner/work/jasper-ui/jasper-ui/dist/test-out/20251022T171914093Z-a6e8f88a/node_modules/@angular/core/fesm2022/debug_node.mjs:9054:5)\n    at ComponentFactory2.create (/home/runner/work/jasper-ui/jasper-ui/dist/test-out/20251022T171914093Z-a6e8f88a/node_modules/@angular/core/fesm2022/debug_node.mjs:14600:17)\n    at initComponent (/home/runner/work/jasper-ui/jasper-ui/dist/test-out/20251022T171914093Z-a6e8f88a/node_modules/@angular/core/fesm2022/testing.mjs:2068:51)\n    at _ZoneDelegate.invoke (/home/runner/work/jasper-ui/jasper-ui/dist/test-out/20251022T171914093Z-a6e8f88a/node_modules/zone.js/fesm2015/zone.js:398:28)\n    at Object.onInvoke (/home/runner/work/jasper-ui/jasper-ui/dist/test-out/20251022T171914093Z-a6e8f88a/node_modules/@angular/core/fesm2022/debug_node.mjs:7850:33)"],"meta":{}}],"startTime":1761153647522,"endTime":1761153647737.9802,"status":"failed","message":"","name":"/home/runner/work/jasper-ui/jasper-ui/dist/test-out/20251022T171914093Z-a6e8f88a/spec-app-component-filter-filter.component.spec.js"},{"assertionResults":[{"ancestorTitles":["FileComponent"],"fullName":"FileComponent should create","status":"failed","title":"should create","duration":90.0309970000003,"failureMessages":["TypeError: Cannot read properties of undefined (reading 'ɵcmp')\n    at getComponentDef (/home/runner/work/jasper-ui/jasper-ui/dist/test-out/20251022T171914093Z-a6e8f88a/node_modules/@angular/core/fesm2022/testing.mjs:1605:18)\n    at isStandaloneComponent (/home/runner/work/jasper-ui/jasper-ui/dist/test-out/20251022T171914093Z-a6e8f88a/node_modules/@angular/core/fesm2022/testing.mjs:1601:17)\n    at /home/runner/work/jasper-ui/jasper-ui/dist/test-out/20251022T171914093Z-a6e8f88a/node_modules/@angular/core/fesm2022/testing.mjs:1338:29\n    at Array.forEach (<anonymous>)\n    at queueTypesFromModulesArrayRecur (/home/runner/work/jasper-ui/jasper-ui/dist/test-out/20251022T171914093Z-a6e8f88a/node_modules/@angular/core/fesm2022/testing.mjs:1333:34)\n    at /home/runner/work/jasper-ui/jasper-ui/dist/test-out/20251022T171914093Z-a6e8f88a/node_modules/@angular/core/fesm2022/testing.mjs:1339:29\n    at Array.forEach (<anonymous>)\n    at queueTypesFromModulesArrayRecur (/home/runner/work/jasper-ui/jasper-ui/dist/test-out/20251022T171914093Z-a6e8f88a/node_modules/@angular/core/fesm2022/testing.mjs:1333:34)\n    at /home/runner/work/jasper-ui/jasper-ui/dist/test-out/20251022T171914093Z-a6e8f88a/node_modules/@angular/core/fesm2022/testing.mjs:1339:29\n    at Array.forEach (<anonymous>)"],"meta":{}}],"startTime":1761153632168,"endTime":1761153632258.031,"status":"failed","message":"","name":"/home/runner/work/jasper-ui/jasper-ui/dist/test-out/20251022T171914093Z-a6e8f88a/spec-app-component-folder-file-file.component.spec.js"},{"assertionResults":[{"ancestorTitles":["FolderComponent"],"fullName":"FolderComponent should create","status":"failed","title":"should create","duration":86.80645299999992,"failureMessages":["TypeError: Cannot read properties of undefined (reading 'ɵcmp')\n    at getComponentDef (/home/runner/work/jasper-ui/jasper-ui/dist/test-out/20251022T171914093Z-a6e8f88a/node_modules/@angular/core/fesm2022/testing.mjs:1605:18)\n    at isStandaloneComponent (/home/runner/work/jasper-ui/jasper-ui/dist/test-out/20251022T171914093Z-a6e8f88a/node_modules/@angular/core/fesm2022/testing.mjs:1601:17)\n    at /home/runner/work/jasper-ui/jasper-ui/dist/test-out/20251022T171914093Z-a6e8f88a/node_modules/@angular/core/fesm2022/testing.mjs:1338:29\n    at Array.forEach (<anonymous>)\n    at queueTypesFromModulesArrayRecur (/home/runner/work/jasper-ui/jasper-ui/dist/test-out/20251022T171914093Z-a6e8f88a/node_modules/@angular/core/fesm2022/testing.mjs:1333:34)\n    at /home/runner/work/jasper-ui/jasper-ui/dist/test-out/20251022T171914093Z-a6e8f88a/node_modules/@angular/core/fesm2022/testing.mjs:1339:29\n    at Array.forEach (<anonymous>)\n    at queueTypesFromModulesArrayRecur (/home/runner/work/jasper-ui/jasper-ui/dist/test-out/20251022T171914093Z-a6e8f88a/node_modules/@angular/core/fesm2022/testing.mjs:1333:34)\n    at /home/runner/work/jasper-ui/jasper-ui/dist/test-out/20251022T171914093Z-a6e8f88a/node_modules/@angular/core/fesm2022/testing.mjs:1339:29\n    at Array.forEach (<anonymous>)"],"meta":{}}],"startTime":1761153628261,"endTime":1761153628347.8064,"status":"failed","message":"","name":"/home/runner/work/jasper-ui/jasper-ui/dist/test-out/20251022T171914093Z-a6e8f88a/spec-app-component-folder-folder.component.spec.js"},{"assertionResults":[{"ancestorTitles":["SubfolderComponent"],"fullName":"SubfolderComponent should create","status":"passed","title":"should create","duration":89.66989199999989,"failureMessages":[],"meta":{}}],"startTime":1761153651055,"endTime":1761153651144.67,"status":"passed","message":"","name":"/home/runner/work/jasper-ui/jasper-ui/dist/test-out/20251022T171914093Z-a6e8f88a/spec-app-component-folder-subfolder-subfolder.component.spec.js"},{"assertionResults":[{"ancestorTitles":["ForceDirectedComponent"],"fullName":"ForceDirectedComponent should create","status":"failed","title":"should create","duration":101.49835200000007,"failureMessages":["TypeError: Cannot read properties of undefined (reading 'ɵcmp')\n    at getComponentDef (/home/runner/work/jasper-ui/jasper-ui/dist/test-out/20251022T171914093Z-a6e8f88a/node_modules/@angular/core/fesm2022/testing.mjs:1605:18)\n    at isStandaloneComponent (/home/runner/work/jasper-ui/jasper-ui/dist/test-out/20251022T171914093Z-a6e8f88a/node_modules/@angular/core/fesm2022/testing.mjs:1601:17)\n    at /home/runner/work/jasper-ui/jasper-ui/dist/test-out/20251022T171914093Z-a6e8f88a/node_modules/@angular/core/fesm2022/testing.mjs:1338:29\n    at Array.forEach (<anonymous>)\n    at queueTypesFromModulesArrayRecur (/home/runner/work/jasper-ui/jasper-ui/dist/test-out/20251022T171914093Z-a6e8f88a/node_modules/@angular/core/fesm2022/testing.mjs:1333:34)\n    at /home/runner/work/jasper-ui/jasper-ui/dist/test-out/20251022T171914093Z-a6e8f88a/node_modules/@angular/core/fesm2022/testing.mjs:1339:29\n    at Array.forEach (<anonymous>)\n    at queueTypesFromModulesArrayRecur (/home/runner/work/jasper-ui/jasper-ui/dist/test-out/20251022T171914093Z-a6e8f88a/node_modules/@angular/core/fesm2022/testing.mjs:1333:34)\n    at /home/runner/work/jasper-ui/jasper-ui/dist/test-out/20251022T171914093Z-a6e8f88a/node_modules/@angular/core/fesm2022/testing.mjs:1339:29\n    at Array.forEach (<anonymous>)"],"meta":{}}],"startTime":1761153618054,"endTime":1761153618155.4983,"status":"failed","message":"","name":"/home/runner/work/jasper-ui/jasper-ui/dist/test-out/20251022T171914093Z-a6e8f88a/spec-app-component-graph-force-directed-force-directed.component.spec.js"},{"assertionResults":[{"ancestorTitles":["KanbanCardComponent"],"fullName":"KanbanCardComponent should create","status":"passed","title":"should create","duration":92.15374800000018,"failureMessages":[],"meta":{}}],"startTime":1761153622981,"endTime":1761153623073.1538,"status":"passed","message":"","name":"/home/runner/work/jasper-ui/jasper-ui/dist/test-out/20251022T171914093Z-a6e8f88a/spec-app-component-kanban-kanban-card-kanban-card.component.spec.js"},{"assertionResults":[{"ancestorTitles":["KanbanColumnComponent"],"fullName":"KanbanColumnComponent should create","status":"passed","title":"should create","duration":121.98789299999999,"failureMessages":[],"meta":{}},{"ancestorTitles":["KanbanColumnComponent","Recovery Features"],"fullName":"KanbanColumnComponent Recovery Features should track failed items","status":"passed","title":"should track failed items","duration":36.661013000000366,"failureMessages":[],"meta":{}},{"ancestorTitles":["KanbanColumnComponent","Recovery Features"],"fullName":"KanbanColumnComponent Recovery Features should retry failed items","status":"failed","title":"should retry failed items","duration":59.50980799999979,"failureMessages":["AssertionError: expected '' to be 'Test item' // Object.is equality\n    at /home/runner/work/jasper-ui/jasper-ui/dist/test-out/20251022T171914093Z-a6e8f88a/src/app/component/kanban/kanban-column/kanban-column.component.spec.ts:55:33\n    at file:///home/runner/work/jasper-ui/jasper-ui/node_modules/@vitest/runner/dist/chunk-hooks.js:155:11\n    at file:///home/runner/work/jasper-ui/jasper-ui/node_modules/@vitest/runner/dist/chunk-hooks.js:752:26\n    at file:///home/runner/work/jasper-ui/jasper-ui/node_modules/@vitest/runner/dist/chunk-hooks.js:1897:20\n    at new ZoneAwarePromise (/home/runner/work/jasper-ui/jasper-ui/dist/test-out/20251022T171914093Z-a6e8f88a/node_modules/zone.js/fesm2015/zone.js:2701:25)\n    at runWithTimeout (file:///home/runner/work/jasper-ui/jasper-ui/node_modules/@vitest/runner/dist/chunk-hooks.js:1863:10)\n    at runTest (file:///home/runner/work/jasper-ui/jasper-ui/node_modules/@vitest/runner/dist/chunk-hooks.js:1574:12)\n    at processTicksAndRejections (node:internal/process/task_queues:95:5)"],"meta":{}},{"ancestorTitles":["KanbanColumnComponent","Recovery Features"],"fullName":"KanbanColumnComponent Recovery Features should dismiss failed items","status":"passed","title":"should dismiss failed items","duration":23.886895000000095,"failureMessages":[],"meta":{}},{"ancestorTitles":["KanbanColumnComponent","Recovery Features"],"fullName":"KanbanColumnComponent Recovery Features should handle multiple failed items","status":"failed","title":"should handle multiple failed items","duration":21.503611999999976,"failureMessages":["AssertionError: expected '' to be 'Test item 2' // Object.is equality\n    at /home/runner/work/jasper-ui/jasper-ui/dist/test-out/20251022T171914093Z-a6e8f88a/src/app/component/kanban/kanban-column/kanban-column.component.spec.ts:81:33\n    at file:///home/runner/work/jasper-ui/jasper-ui/node_modules/@vitest/runner/dist/chunk-hooks.js:155:11\n    at file:///home/runner/work/jasper-ui/jasper-ui/node_modules/@vitest/runner/dist/chunk-hooks.js:752:26\n    at file:///home/runner/work/jasper-ui/jasper-ui/node_modules/@vitest/runner/dist/chunk-hooks.js:1897:20\n    at new ZoneAwarePromise (/home/runner/work/jasper-ui/jasper-ui/dist/test-out/20251022T171914093Z-a6e8f88a/node_modules/zone.js/fesm2015/zone.js:2701:25)\n    at runWithTimeout (file:///home/runner/work/jasper-ui/jasper-ui/node_modules/@vitest/runner/dist/chunk-hooks.js:1863:10)\n    at runTest (file:///home/runner/work/jasper-ui/jasper-ui/node_modules/@vitest/runner/dist/chunk-hooks.js:1574:12)\n    at processTicksAndRejections (node:internal/process/task_queues:95:5)"],"meta":{}},{"ancestorTitles":["KanbanColumnComponent","saveChanges navigation guard"],"fullName":"KanbanColumnComponent saveChanges navigation guard should allow navigation when no pending or failed items exist","status":"passed","title":"should allow navigation when no pending or failed items exist","duration":17.11516900000015,"failureMessages":[],"meta":{}},{"ancestorTitles":["KanbanColumnComponent","saveChanges navigation guard"],"fullName":"KanbanColumnComponent saveChanges navigation guard should prevent navigation when items are being added","status":"passed","title":"should prevent navigation when items are being added","duration":16.19333800000004,"failureMessages":[],"meta":{}},{"ancestorTitles":["KanbanColumnComponent","saveChanges navigation guard"],"fullName":"KanbanColumnComponent saveChanges navigation guard should prevent navigation when items have failed","status":"passed","title":"should prevent navigation when items have failed","duration":17.953112000000147,"failureMessages":[],"meta":{}},{"ancestorTitles":["KanbanColumnComponent","saveChanges navigation guard"],"fullName":"KanbanColumnComponent saveChanges navigation guard should prevent navigation when both adding and failed items exist","status":"passed","title":"should prevent navigation when both adding and failed items exist","duration":32.57175899999993,"failureMessages":[],"meta":{}}],"startTime":1761153612230,"endTime":1761153612578.5718,"status":"failed","message":"","name":"/home/runner/work/jasper-ui/jasper-ui/dist/test-out/20251022T171914093Z-a6e8f88a/spec-app-component-kanban-kanban-column-kanban-column.component.spec.js"},{"assertionResults":[{"ancestorTitles":["KanbanComponent"],"fullName":"KanbanComponent should create","status":"passed","title":"should create","duration":132.8697400000001,"failureMessages":[],"meta":{}},{"ancestorTitles":["KanbanComponent","saveChanges navigation guard"],"fullName":"KanbanComponent saveChanges navigation guard should allow navigation when no column components exist","status":"passed","title":"should allow navigation when no column components exist","duration":30.172541000000365,"failureMessages":[],"meta":{}},{"ancestorTitles":["KanbanComponent","saveChanges navigation guard"],"fullName":"KanbanComponent saveChanges navigation guard should allow navigation when all columns allow navigation","status":"passed","title":"should allow navigation when all columns allow navigation","duration":26.88819700000022,"failureMessages":[],"meta":{}},{"ancestorTitles":["KanbanComponent","saveChanges navigation guard"],"fullName":"KanbanComponent saveChanges navigation guard should prevent navigation when any column prevents navigation","status":"passed","title":"should prevent navigation when any column prevents navigation","duration":35.38929099999996,"failureMessages":[],"meta":{}}],"startTime":1761153614518,"endTime":1761153614743.3894,"status":"passed","message":"","name":"/home/runner/work/jasper-ui/jasper-ui/dist/test-out/20251022T171914093Z-a6e8f88a/spec-app-component-kanban-kanban.component.spec.js"},{"assertionResults":[{"ancestorTitles":["LensComponent"],"fullName":"LensComponent should create","status":"failed","title":"should create","duration":99.65204700000004,"failureMessages":["TypeError: Cannot read properties of undefined (reading 'ɵcmp')\n    at getComponentDef (/home/runner/work/jasper-ui/jasper-ui/dist/test-out/20251022T171914093Z-a6e8f88a/node_modules/@angular/core/fesm2022/testing.mjs:1605:18)\n    at isStandaloneComponent (/home/runner/work/jasper-ui/jasper-ui/dist/test-out/20251022T171914093Z-a6e8f88a/node_modules/@angular/core/fesm2022/testing.mjs:1601:17)\n    at /home/runner/work/jasper-ui/jasper-ui/dist/test-out/20251022T171914093Z-a6e8f88a/node_modules/@angular/core/fesm2022/testing.mjs:1338:29\n    at Array.forEach (<anonymous>)\n    at queueTypesFromModulesArrayRecur (/home/runner/work/jasper-ui/jasper-ui/dist/test-out/20251022T171914093Z-a6e8f88a/node_modules/@angular/core/fesm2022/testing.mjs:1333:34)\n    at /home/runner/work/jasper-ui/jasper-ui/dist/test-out/20251022T171914093Z-a6e8f88a/node_modules/@angular/core/fesm2022/testing.mjs:1339:29\n    at Array.forEach (<anonymous>)\n    at queueTypesFromModulesArrayRecur (/home/runner/work/jasper-ui/jasper-ui/dist/test-out/20251022T171914093Z-a6e8f88a/node_modules/@angular/core/fesm2022/testing.mjs:1333:34)\n    at /home/runner/work/jasper-ui/jasper-ui/dist/test-out/20251022T171914093Z-a6e8f88a/node_modules/@angular/core/fesm2022/testing.mjs:1339:29\n    at Array.forEach (<anonymous>)"],"meta":{}}],"startTime":1761153636842,"endTime":1761153636941.652,"status":"failed","message":"","name":"/home/runner/work/jasper-ui/jasper-ui/dist/test-out/20251022T171914093Z-a6e8f88a/spec-app-component-lens-lens.component.spec.js"},{"assertionResults":[{"ancestorTitles":["ListEditorComponent"],"fullName":"ListEditorComponent should create","status":"passed","title":"should create","duration":60.46052800000007,"failureMessages":[],"meta":{}}],"startTime":1761153679204,"endTime":1761153679264.4604,"status":"passed","message":"","name":"/home/runner/work/jasper-ui/jasper-ui/dist/test-out/20251022T171914093Z-a6e8f88a/spec-app-component-list-editor-list-editor.component.spec.js"},{"assertionResults":[{"ancestorTitles":["LoadingComponent"],"fullName":"LoadingComponent should create","status":"passed","title":"should create","duration":74.37669500000015,"failureMessages":[],"meta":{}}],"startTime":1761153681277,"endTime":1761153681351.3767,"status":"passed","message":"","name":"/home/runner/work/jasper-ui/jasper-ui/dist/test-out/20251022T171914093Z-a6e8f88a/spec-app-component-loading-loading.component.spec.js"},{"assertionResults":[{"ancestorTitles":["LoginPopupComponent"],"fullName":"LoginPopupComponent should create","status":"passed","title":"should create","duration":63.050264999999854,"failureMessages":[],"meta":{}}],"startTime":1761153663090,"endTime":1761153663153.0503,"status":"passed","message":"","name":"/home/runner/work/jasper-ui/jasper-ui/dist/test-out/20251022T171914093Z-a6e8f88a/spec-app-component-login-popup-login-popup.component.spec.js"},{"assertionResults":[{"ancestorTitles":["MdComponent"],"fullName":"MdComponent should create","status":"failed","title":"should create","duration":165.71915499999977,"failureMessages":["ɵNotFound: NG0201: No provider found for `_MarkdownService`. Source: DynamicTestModule. Find more at https://v20.angular.dev/errors/NG0201\n    at createRuntimeError (/home/runner/work/jasper-ui/jasper-ui/dist/test-out/20251022T171914093Z-a6e8f88a/node_modules/@angular/core/fesm2022/root_effect_scheduler.mjs:921:19)\n    at NullInjector.get (/home/runner/work/jasper-ui/jasper-ui/dist/test-out/20251022T171914093Z-a6e8f88a/node_modules/@angular/core/fesm2022/root_effect_scheduler.mjs:1489:27)\n    at R3Injector.get (/home/runner/work/jasper-ui/jasper-ui/dist/test-out/20251022T171914093Z-a6e8f88a/node_modules/@angular/core/fesm2022/root_effect_scheduler.mjs:2045:33)\n    at R3Injector.get (/home/runner/work/jasper-ui/jasper-ui/dist/test-out/20251022T171914093Z-a6e8f88a/node_modules/@angular/core/fesm2022/root_effect_scheduler.mjs:2045:33)\n    at ChainedInjector.get (/home/runner/work/jasper-ui/jasper-ui/dist/test-out/20251022T171914093Z-a6e8f88a/node_modules/@angular/core/fesm2022/debug_node.mjs:13404:36)\n    at lookupTokenUsingModuleInjector (/home/runner/work/jasper-ui/jasper-ui/dist/test-out/20251022T171914093Z-a6e8f88a/node_modules/@angular/core/fesm2022/debug_node.mjs:1718:39)\n    at getOrCreateInjectable (/home/runner/work/jasper-ui/jasper-ui/dist/test-out/20251022T171914093Z-a6e8f88a/node_modules/@angular/core/fesm2022/debug_node.mjs:1766:12)\n    at ɵɵdirectiveInject (/home/runner/work/jasper-ui/jasper-ui/dist/test-out/20251022T171914093Z-a6e8f88a/node_modules/@angular/core/fesm2022/debug_node.mjs:13455:19)\n    at NodeInjectorFactory.MarkdownComponent_Factory [as factory] (/home/runner/work/jasper-ui/jasper-ui/dist/test-out/20251022T171914093Z-a6e8f88a/node_modules/ngx-markdown/fesm2022/ngx-markdown.mjs:778:99)\n    at getNodeInjectable (/home/runner/work/jasper-ui/jasper-ui/dist/test-out/20251022T171914093Z-a6e8f88a/node_modules/@angular/core/fesm2022/debug_node.mjs:1989:44)"],"meta":{}}],"startTime":1761153632269,"endTime":1761153632434.7192,"status":"failed","message":"","name":"/home/runner/work/jasper-ui/jasper-ui/dist/test-out/20251022T171914093Z-a6e8f88a/spec-app-component-md-md.component.spec.js"},{"assertionResults":[{"ancestorTitles":["ModComponent"],"fullName":"ModComponent should create","status":"failed","title":"should create","duration":87.41970199999969,"failureMessages":["TypeError: Cannot read properties of undefined (reading 'ɵcmp')\n    at getComponentDef (/home/runner/work/jasper-ui/jasper-ui/dist/test-out/20251022T171914093Z-a6e8f88a/node_modules/@angular/core/fesm2022/testing.mjs:1605:18)\n    at isStandaloneComponent (/home/runner/work/jasper-ui/jasper-ui/dist/test-out/20251022T171914093Z-a6e8f88a/node_modules/@angular/core/fesm2022/testing.mjs:1601:17)\n    at /home/runner/work/jasper-ui/jasper-ui/dist/test-out/20251022T171914093Z-a6e8f88a/node_modules/@angular/core/fesm2022/testing.mjs:1338:29\n    at Array.forEach (<anonymous>)\n    at queueTypesFromModulesArrayRecur (/home/runner/work/jasper-ui/jasper-ui/dist/test-out/20251022T171914093Z-a6e8f88a/node_modules/@angular/core/fesm2022/testing.mjs:1333:34)\n    at /home/runner/work/jasper-ui/jasper-ui/dist/test-out/20251022T171914093Z-a6e8f88a/node_modules/@angular/core/fesm2022/testing.mjs:1339:29\n    at Array.forEach (<anonymous>)\n    at queueTypesFromModulesArrayRecur (/home/runner/work/jasper-ui/jasper-ui/dist/test-out/20251022T171914093Z-a6e8f88a/node_modules/@angular/core/fesm2022/testing.mjs:1333:34)\n    at /home/runner/work/jasper-ui/jasper-ui/dist/test-out/20251022T171914093Z-a6e8f88a/node_modules/@angular/core/fesm2022/testing.mjs:1339:29\n    at Array.forEach (<anonymous>)"],"meta":{}}],"startTime":1761153630526,"endTime":1761153630613.4197,"status":"failed","message":"","name":"/home/runner/work/jasper-ui/jasper-ui/dist/test-out/20251022T171914093Z-a6e8f88a/spec-app-component-mod-mod.component.spec.js"},{"assertionResults":[{"ancestorTitles":["NavComponent"],"fullName":"NavComponent should create","status":"failed","title":"should create","duration":175.53336400000012,"failureMessages":["ReferenceError: IntersectionObserver is not defined\n    at new _VisibilityService (/home/runner/work/jasper-ui/jasper-ui/dist/test-out/20251022T171914093Z-a6e8f88a/src/app/service/visibility.service.ts:11:25)\n    at Object.VisibilityService_Factory [as factory] (/home/runner/work/jasper-ui/jasper-ui/dist/test-out/20251022T171914093Z-a6e8f88a/chunk-GUI55U43.js:43:14)\n    at /home/runner/work/jasper-ui/jasper-ui/dist/test-out/20251022T171914093Z-a6e8f88a/node_modules/@angular/core/fesm2022/root_effect_scheduler.mjs:2187:47\n    at runInInjectorProfilerContext (/home/runner/work/jasper-ui/jasper-ui/dist/test-out/20251022T171914093Z-a6e8f88a/node_modules/@angular/core/fesm2022/root_effect_scheduler.mjs:746:9)\n    at R3Injector.hydrate (/home/runner/work/jasper-ui/jasper-ui/dist/test-out/20251022T171914093Z-a6e8f88a/node_modules/@angular/core/fesm2022/root_effect_scheduler.mjs:2185:21)\n    at R3Injector.get (/home/runner/work/jasper-ui/jasper-ui/dist/test-out/20251022T171914093Z-a6e8f88a/node_modules/@angular/core/fesm2022/root_effect_scheduler.mjs:2033:33)\n    at ChainedInjector.get (/home/runner/work/jasper-ui/jasper-ui/dist/test-out/20251022T171914093Z-a6e8f88a/node_modules/@angular/core/fesm2022/debug_node.mjs:13404:36)\n    at lookupTokenUsingModuleInjector (/home/runner/work/jasper-ui/jasper-ui/dist/test-out/20251022T171914093Z-a6e8f88a/node_modules/@angular/core/fesm2022/debug_node.mjs:1718:39)\n    at getOrCreateInjectable (/home/runner/work/jasper-ui/jasper-ui/dist/test-out/20251022T171914093Z-a6e8f88a/node_modules/@angular/core/fesm2022/debug_node.mjs:1766:12)\n    at ɵɵdirectiveInject (/home/runner/work/jasper-ui/jasper-ui/dist/test-out/20251022T171914093Z-a6e8f88a/node_modules/@angular/core/fesm2022/debug_node.mjs:13455:19)"],"meta":{}}],"startTime":1761153658181,"endTime":1761153658356.5334,"status":"failed","message":"","name":"/home/runner/work/jasper-ui/jasper-ui/dist/test-out/20251022T171914093Z-a6e8f88a/spec-app-component-nav-nav.component.spec.js"},{"assertionResults":[{"ancestorTitles":["NoteComponent"],"fullName":"NoteComponent should create","status":"passed","title":"should create","duration":87.03930100000025,"failureMessages":[],"meta":{}}],"startTime":1761153625194,"endTime":1761153625281.0393,"status":"passed","message":"","name":"/home/runner/work/jasper-ui/jasper-ui/dist/test-out/20251022T171914093Z-a6e8f88a/spec-app-component-notebook-note-note.component.spec.js"},{"assertionResults":[{"ancestorTitles":["NotebookComponent"],"fullName":"NotebookComponent should create","status":"failed","title":"should create","duration":90.19481300000007,"failureMessages":["TypeError: Cannot read properties of undefined (reading 'ɵcmp')\n    at getComponentDef (/home/runner/work/jasper-ui/jasper-ui/dist/test-out/20251022T171914093Z-a6e8f88a/node_modules/@angular/core/fesm2022/testing.mjs:1605:18)\n    at isStandaloneComponent (/home/runner/work/jasper-ui/jasper-ui/dist/test-out/20251022T171914093Z-a6e8f88a/node_modules/@angular/core/fesm2022/testing.mjs:1601:17)\n    at /home/runner/work/jasper-ui/jasper-ui/dist/test-out/20251022T171914093Z-a6e8f88a/node_modules/@angular/core/fesm2022/testing.mjs:1338:29\n    at Array.forEach (<anonymous>)\n    at queueTypesFromModulesArrayRecur (/home/runner/work/jasper-ui/jasper-ui/dist/test-out/20251022T171914093Z-a6e8f88a/node_modules/@angular/core/fesm2022/testing.mjs:1333:34)\n    at /home/runner/work/jasper-ui/jasper-ui/dist/test-out/20251022T171914093Z-a6e8f88a/node_modules/@angular/core/fesm2022/testing.mjs:1339:29\n    at Array.forEach (<anonymous>)\n    at queueTypesFromModulesArrayRecur (/home/runner/work/jasper-ui/jasper-ui/dist/test-out/20251022T171914093Z-a6e8f88a/node_modules/@angular/core/fesm2022/testing.mjs:1333:34)\n    at /home/runner/work/jasper-ui/jasper-ui/dist/test-out/20251022T171914093Z-a6e8f88a/node_modules/@angular/core/fesm2022/testing.mjs:1339:29\n    at Array.forEach (<anonymous>)"],"meta":{}}],"startTime":1761153627469,"endTime":1761153627559.1948,"status":"failed","message":"","name":"/home/runner/work/jasper-ui/jasper-ui/dist/test-out/20251022T171914093Z-a6e8f88a/spec-app-component-notebook-notebook.component.spec.js"},{"assertionResults":[{"ancestorTitles":["PageControlsComponent"],"fullName":"PageControlsComponent should create","status":"passed","title":"should create","duration":121.37437999999997,"failureMessages":[],"meta":{}}],"startTime":1761153666981,"endTime":1761153667102.3743,"status":"passed","message":"","name":"/home/runner/work/jasper-ui/jasper-ui/dist/test-out/20251022T171914093Z-a6e8f88a/spec-app-component-page-controls-page-controls.component.spec.js"},{"assertionResults":[{"ancestorTitles":["PlaylistComponent"],"fullName":"PlaylistComponent should create","status":"failed","title":"should create","duration":83.38384799999994,"failureMessages":["TypeError: Cannot read properties of undefined (reading 'ɵcmp')\n    at getComponentDef (/home/runner/work/jasper-ui/jasper-ui/dist/test-out/20251022T171914093Z-a6e8f88a/node_modules/@angular/core/fesm2022/testing.mjs:1605:18)\n    at isStandaloneComponent (/home/runner/work/jasper-ui/jasper-ui/dist/test-out/20251022T171914093Z-a6e8f88a/node_modules/@angular/core/fesm2022/testing.mjs:1601:17)\n    at /home/runner/work/jasper-ui/jasper-ui/dist/test-out/20251022T171914093Z-a6e8f88a/node_modules/@angular/core/fesm2022/testing.mjs:1338:29\n    at Array.forEach (<anonymous>)\n    at queueTypesFromModulesArrayRecur (/home/runner/work/jasper-ui/jasper-ui/dist/test-out/20251022T171914093Z-a6e8f88a/node_modules/@angular/core/fesm2022/testing.mjs:1333:34)\n    at /home/runner/work/jasper-ui/jasper-ui/dist/test-out/20251022T171914093Z-a6e8f88a/node_modules/@angular/core/fesm2022/testing.mjs:1339:29\n    at Array.forEach (<anonymous>)\n    at queueTypesFromModulesArrayRecur (/home/runner/work/jasper-ui/jasper-ui/dist/test-out/20251022T171914093Z-a6e8f88a/node_modules/@angular/core/fesm2022/testing.mjs:1333:34)\n    at /home/runner/work/jasper-ui/jasper-ui/dist/test-out/20251022T171914093Z-a6e8f88a/node_modules/@angular/core/fesm2022/testing.mjs:1339:29\n    at Array.forEach (<anonymous>)"],"meta":{}}],"startTime":1761153635230,"endTime":1761153635313.3838,"status":"failed","message":"","name":"/home/runner/work/jasper-ui/jasper-ui/dist/test-out/20251022T171914093Z-a6e8f88a/spec-app-component-playlist-playlist.component.spec.js"},{"assertionResults":[{"ancestorTitles":["PluginListComponent"],"fullName":"PluginListComponent should create","status":"passed","title":"should create","duration":79.866491,"failureMessages":[],"meta":{}}],"startTime":1761153645162,"endTime":1761153645241.8665,"status":"passed","message":"","name":"/home/runner/work/jasper-ui/jasper-ui/dist/test-out/20251022T171914093Z-a6e8f88a/spec-app-component-plugin-plugin-list-plugin-list.component.spec.js"},{"assertionResults":[{"ancestorTitles":["PluginComponent"],"fullName":"PluginComponent should create","status":"failed","title":"should create","duration":162.29319699999996,"failureMessages":["TypeError: Cannot read properties of undefined (reading 'supports')\n    at new _ModService (/home/runner/work/jasper-ui/jasper-ui/dist/test-out/20251022T171914093Z-a6e8f88a/src/app/service/mod.service.ts:19:17)\n    at Object.ModService_Factory [as factory] (/home/runner/work/jasper-ui/jasper-ui/dist/test-out/20251022T171914093Z-a6e8f88a/chunk-2AZAYSYR.js:529:14)\n    at /home/runner/work/jasper-ui/jasper-ui/dist/test-out/20251022T171914093Z-a6e8f88a/node_modules/@angular/core/fesm2022/root_effect_scheduler.mjs:2187:47\n    at runInInjectorProfilerContext (/home/runner/work/jasper-ui/jasper-ui/dist/test-out/20251022T171914093Z-a6e8f88a/node_modules/@angular/core/fesm2022/root_effect_scheduler.mjs:746:9)\n    at R3Injector.hydrate (/home/runner/work/jasper-ui/jasper-ui/dist/test-out/20251022T171914093Z-a6e8f88a/node_modules/@angular/core/fesm2022/root_effect_scheduler.mjs:2185:21)\n    at R3Injector.get (/home/runner/work/jasper-ui/jasper-ui/dist/test-out/20251022T171914093Z-a6e8f88a/node_modules/@angular/core/fesm2022/root_effect_scheduler.mjs:2033:33)\n    at R3Injector.get (/home/runner/work/jasper-ui/jasper-ui/dist/test-out/20251022T171914093Z-a6e8f88a/node_modules/@angular/core/fesm2022/root_effect_scheduler.mjs:2045:33)\n    at ChainedInjector.get (/home/runner/work/jasper-ui/jasper-ui/dist/test-out/20251022T171914093Z-a6e8f88a/node_modules/@angular/core/fesm2022/debug_node.mjs:13404:36)\n    at lookupTokenUsingModuleInjector (/home/runner/work/jasper-ui/jasper-ui/dist/test-out/20251022T171914093Z-a6e8f88a/node_modules/@angular/core/fesm2022/debug_node.mjs:1718:39)\n    at getOrCreateInjectable (/home/runner/work/jasper-ui/jasper-ui/dist/test-out/20251022T171914093Z-a6e8f88a/node_modules/@angular/core/fesm2022/debug_node.mjs:1766:12)"],"meta":{}}],"startTime":1761153641739,"endTime":1761153641901.2932,"status":"failed","message":"","name":"/home/runner/work/jasper-ui/jasper-ui/dist/test-out/20251022T171914093Z-a6e8f88a/spec-app-component-plugin-plugin.component.spec.js"},{"assertionResults":[{"ancestorTitles":["QrComponent"],"fullName":"QrComponent should create","status":"passed","title":"should create","duration":73.31333300000006,"failureMessages":[],"meta":{}}],"startTime":1761153683545,"endTime":1761153683618.3132,"status":"passed","message":"","name":"/home/runner/work/jasper-ui/jasper-ui/dist/test-out/20251022T171914093Z-a6e8f88a/spec-app-component-qr-qr.component.spec.js"},{"assertionResults":[{"ancestorTitles":["QueryComponent"],"fullName":"QueryComponent should create","status":"passed","title":"should create","duration":100.92527900000005,"failureMessages":[],"meta":{}},{"ancestorTitles":["QueryComponent"],"fullName":"QueryComponent should clean and format query string correctly","status":"failed","title":"should clean and format query string correctly","duration":159.17486500000018,"failureMessages":["AssertionError: expected { …(2) } to be 'test+query!+withspecial@characters' // Object.is equality\n    at /home/runner/work/jasper-ui/jasper-ui/dist/test-out/20251022T171914093Z-a6e8f88a/src/app/component/query/query.component.spec.ts:42:29\n    at file:///home/runner/work/jasper-ui/jasper-ui/node_modules/@vitest/runner/dist/chunk-hooks.js:155:11\n    at file:///home/runner/work/jasper-ui/jasper-ui/node_modules/@vitest/runner/dist/chunk-hooks.js:752:26\n    at file:///home/runner/work/jasper-ui/jasper-ui/node_modules/@vitest/runner/dist/chunk-hooks.js:1897:20\n    at new ZoneAwarePromise (/home/runner/work/jasper-ui/jasper-ui/dist/test-out/20251022T171914093Z-a6e8f88a/node_modules/zone.js/fesm2015/zone.js:2701:25)\n    at runWithTimeout (file:///home/runner/work/jasper-ui/jasper-ui/node_modules/@vitest/runner/dist/chunk-hooks.js:1863:10)\n    at runTest (file:///home/runner/work/jasper-ui/jasper-ui/node_modules/@vitest/runner/dist/chunk-hooks.js:1574:12)\n    at processTicksAndRejections (node:internal/process/task_queues:95:5)"],"meta":{}}],"startTime":1761153641378,"endTime":1761153641638.1748,"status":"failed","message":"","name":"/home/runner/work/jasper-ui/jasper-ui/dist/test-out/20251022T171914093Z-a6e8f88a/spec-app-component-query-query.component.spec.js"},{"assertionResults":[{"ancestorTitles":["RefListComponent"],"fullName":"RefListComponent should create","status":"failed","title":"should create","duration":89.86870200000021,"failureMessages":["TypeError: Cannot read properties of undefined (reading 'ɵcmp')\n    at getComponentDef (/home/runner/work/jasper-ui/jasper-ui/dist/test-out/20251022T171914093Z-a6e8f88a/node_modules/@angular/core/fesm2022/testing.mjs:1605:18)\n    at isStandaloneComponent (/home/runner/work/jasper-ui/jasper-ui/dist/test-out/20251022T171914093Z-a6e8f88a/node_modules/@angular/core/fesm2022/testing.mjs:1601:17)\n    at /home/runner/work/jasper-ui/jasper-ui/dist/test-out/20251022T171914093Z-a6e8f88a/node_modules/@angular/core/fesm2022/testing.mjs:1338:29\n    at Array.forEach (<anonymous>)\n    at queueTypesFromModulesArrayRecur (/home/runner/work/jasper-ui/jasper-ui/dist/test-out/20251022T171914093Z-a6e8f88a/node_modules/@angular/core/fesm2022/testing.mjs:1333:34)\n    at /home/runner/work/jasper-ui/jasper-ui/dist/test-out/20251022T171914093Z-a6e8f88a/node_modules/@angular/core/fesm2022/testing.mjs:1339:29\n    at Array.forEach (<anonymous>)\n    at queueTypesFromModulesArrayRecur (/home/runner/work/jasper-ui/jasper-ui/dist/test-out/20251022T171914093Z-a6e8f88a/node_modules/@angular/core/fesm2022/testing.mjs:1333:34)\n    at /home/runner/work/jasper-ui/jasper-ui/dist/test-out/20251022T171914093Z-a6e8f88a/node_modules/@angular/core/fesm2022/testing.mjs:1339:29\n    at Array.forEach (<anonymous>)"],"meta":{}}],"startTime":1761153629889,"endTime":1761153629978.8687,"status":"failed","message":"","name":"/home/runner/work/jasper-ui/jasper-ui/dist/test-out/20251022T171914093Z-a6e8f88a/spec-app-component-ref-ref-list-ref-list.component.spec.js"},{"assertionResults":[{"ancestorTitles":["RefComponent"],"fullName":"RefComponent should create","status":"failed","title":"should create","duration":98.24173700000028,"failureMessages":["TypeError: Cannot read properties of undefined (reading 'ɵcmp')\n    at getComponentDef (/home/runner/work/jasper-ui/jasper-ui/dist/test-out/20251022T171914093Z-a6e8f88a/node_modules/@angular/core/fesm2022/testing.mjs:1605:18)\n    at isStandaloneComponent (/home/runner/work/jasper-ui/jasper-ui/dist/test-out/20251022T171914093Z-a6e8f88a/node_modules/@angular/core/fesm2022/testing.mjs:1601:17)\n    at /home/runner/work/jasper-ui/jasper-ui/dist/test-out/20251022T171914093Z-a6e8f88a/node_modules/@angular/core/fesm2022/testing.mjs:1338:29\n    at Array.forEach (<anonymous>)\n    at queueTypesFromModulesArrayRecur (/home/runner/work/jasper-ui/jasper-ui/dist/test-out/20251022T171914093Z-a6e8f88a/node_modules/@angular/core/fesm2022/testing.mjs:1333:34)\n    at /home/runner/work/jasper-ui/jasper-ui/dist/test-out/20251022T171914093Z-a6e8f88a/node_modules/@angular/core/fesm2022/testing.mjs:1339:29\n    at Array.forEach (<anonymous>)\n    at queueTypesFromModulesArrayRecur (/home/runner/work/jasper-ui/jasper-ui/dist/test-out/20251022T171914093Z-a6e8f88a/node_modules/@angular/core/fesm2022/testing.mjs:1333:34)\n    at TestBedCompiler.queueTypesFromModulesArray (/home/runner/work/jasper-ui/jasper-ui/dist/test-out/20251022T171914093Z-a6e8f88a/node_modules/@angular/core/fesm2022/testing.mjs:1348:9)\n    at TestBedCompiler.configureTestingModule (/home/runner/work/jasper-ui/jasper-ui/dist/test-out/20251022T171914093Z-a6e8f88a/node_modules/@angular/core/fesm2022/testing.mjs:856:18)"],"meta":{}}],"startTime":1761153621450,"endTime":1761153621548.2417,"status":"failed","message":"","name":"/home/runner/work/jasper-ui/jasper-ui/dist/test-out/20251022T171914093Z-a6e8f88a/spec-app-component-ref-ref.component.spec.js"},{"assertionResults":[{"ancestorTitles":["SearchComponent"],"fullName":"SearchComponent should create","status":"passed","title":"should create","duration":106.77856300000008,"failureMessages":[],"meta":{}}],"startTime":1761153652244,"endTime":1761153652350.7786,"status":"passed","message":"","name":"/home/runner/work/jasper-ui/jasper-ui/dist/test-out/20251022T171914093Z-a6e8f88a/spec-app-component-search-search.component.spec.js"},{"assertionResults":[{"ancestorTitles":["SelectPluginComponent"],"fullName":"SelectPluginComponent should create","status":"passed","title":"should create","duration":67.11861699999986,"failureMessages":[],"meta":{}}],"startTime":1761153650168,"endTime":1761153650235.1187,"status":"passed","message":"","name":"/home/runner/work/jasper-ui/jasper-ui/dist/test-out/20251022T171914093Z-a6e8f88a/spec-app-component-select-plugin-select-plugin.component.spec.js"},{"assertionResults":[{"ancestorTitles":["SelectTemplateComponent"],"fullName":"SelectTemplateComponent should create","status":"passed","title":"should create","duration":63.767087000000174,"failureMessages":[],"meta":{}}],"startTime":1761153649391,"endTime":1761153649454.767,"status":"passed","message":"","name":"/home/runner/work/jasper-ui/jasper-ui/dist/test-out/20251022T171914093Z-a6e8f88a/spec-app-component-select-template-select-template.component.spec.js"},{"assertionResults":[{"ancestorTitles":["SettingsComponent"],"fullName":"SettingsComponent should create","status":"passed","title":"should create","duration":90.15505600000006,"failureMessages":[],"meta":{}}],"startTime":1761153651927,"endTime":1761153652017.155,"status":"passed","message":"","name":"/home/runner/work/jasper-ui/jasper-ui/dist/test-out/20251022T171914093Z-a6e8f88a/spec-app-component-settings-settings.component.spec.js"},{"assertionResults":[{"ancestorTitles":["SidebarComponent"],"fullName":"SidebarComponent should create","status":"failed","title":"should create","duration":93.74895400000014,"failureMessages":["TypeError: Cannot read properties of undefined (reading 'ɵcmp')\n    at getComponentDef (/home/runner/work/jasper-ui/jasper-ui/dist/test-out/20251022T171914093Z-a6e8f88a/node_modules/@angular/core/fesm2022/testing.mjs:1605:18)\n    at isStandaloneComponent (/home/runner/work/jasper-ui/jasper-ui/dist/test-out/20251022T171914093Z-a6e8f88a/node_modules/@angular/core/fesm2022/testing.mjs:1601:17)\n    at /home/runner/work/jasper-ui/jasper-ui/dist/test-out/20251022T171914093Z-a6e8f88a/node_modules/@angular/core/fesm2022/testing.mjs:1338:29\n    at Array.forEach (<anonymous>)\n    at queueTypesFromModulesArrayRecur (/home/runner/work/jasper-ui/jasper-ui/dist/test-out/20251022T171914093Z-a6e8f88a/node_modules/@angular/core/fesm2022/testing.mjs:1333:34)\n    at /home/runner/work/jasper-ui/jasper-ui/dist/test-out/20251022T171914093Z-a6e8f88a/node_modules/@angular/core/fesm2022/testing.mjs:1339:29\n    at Array.forEach (<anonymous>)\n    at queueTypesFromModulesArrayRecur (/home/runner/work/jasper-ui/jasper-ui/dist/test-out/20251022T171914093Z-a6e8f88a/node_modules/@angular/core/fesm2022/testing.mjs:1333:34)\n    at /home/runner/work/jasper-ui/jasper-ui/dist/test-out/20251022T171914093Z-a6e8f88a/node_modules/@angular/core/fesm2022/testing.mjs:1339:29\n    at Array.forEach (<anonymous>)"],"meta":{}}],"startTime":1761153616951,"endTime":1761153617044.749,"status":"failed","message":"","name":"/home/runner/work/jasper-ui/jasper-ui/dist/test-out/20251022T171914093Z-a6e8f88a/spec-app-component-sidebar-sidebar.component.spec.js"},{"assertionResults":[{"ancestorTitles":["SortComponent"],"fullName":"SortComponent should create","status":"passed","title":"should create","duration":127.04975800000011,"failureMessages":[],"meta":{}}],"startTime":1761153650524,"endTime":1761153650651.0498,"status":"passed","message":"","name":"/home/runner/work/jasper-ui/jasper-ui/dist/test-out/20251022T171914093Z-a6e8f88a/spec-app-component-sort-sort.component.spec.js"},{"assertionResults":[{"ancestorTitles":["SubscriptionBarComponent"],"fullName":"SubscriptionBarComponent should create","status":"failed","title":"should create","duration":153.91744500000004,"failureMessages":["TypeError: Cannot read properties of undefined (reading 'supports')\n    at new _ModService (/home/runner/work/jasper-ui/jasper-ui/dist/test-out/20251022T171914093Z-a6e8f88a/src/app/service/mod.service.ts:19:17)\n    at Object.ModService_Factory [as factory] (/home/runner/work/jasper-ui/jasper-ui/dist/test-out/20251022T171914093Z-a6e8f88a/chunk-2AZAYSYR.js:529:14)\n    at /home/runner/work/jasper-ui/jasper-ui/dist/test-out/20251022T171914093Z-a6e8f88a/node_modules/@angular/core/fesm2022/root_effect_scheduler.mjs:2187:47\n    at runInInjectorProfilerContext (/home/runner/work/jasper-ui/jasper-ui/dist/test-out/20251022T171914093Z-a6e8f88a/node_modules/@angular/core/fesm2022/root_effect_scheduler.mjs:746:9)\n    at R3Injector.hydrate (/home/runner/work/jasper-ui/jasper-ui/dist/test-out/20251022T171914093Z-a6e8f88a/node_modules/@angular/core/fesm2022/root_effect_scheduler.mjs:2185:21)\n    at R3Injector.get (/home/runner/work/jasper-ui/jasper-ui/dist/test-out/20251022T171914093Z-a6e8f88a/node_modules/@angular/core/fesm2022/root_effect_scheduler.mjs:2033:33)\n    at R3Injector.get (/home/runner/work/jasper-ui/jasper-ui/dist/test-out/20251022T171914093Z-a6e8f88a/node_modules/@angular/core/fesm2022/root_effect_scheduler.mjs:2045:33)\n    at ChainedInjector.get (/home/runner/work/jasper-ui/jasper-ui/dist/test-out/20251022T171914093Z-a6e8f88a/node_modules/@angular/core/fesm2022/debug_node.mjs:13404:36)\n    at lookupTokenUsingModuleInjector (/home/runner/work/jasper-ui/jasper-ui/dist/test-out/20251022T171914093Z-a6e8f88a/node_modules/@angular/core/fesm2022/debug_node.mjs:1718:39)\n    at getOrCreateInjectable (/home/runner/work/jasper-ui/jasper-ui/dist/test-out/20251022T171914093Z-a6e8f88a/node_modules/@angular/core/fesm2022/debug_node.mjs:1766:12)"],"meta":{}}],"startTime":1761153643920,"endTime":1761153644073.9175,"status":"failed","message":"","name":"/home/runner/work/jasper-ui/jasper-ui/dist/test-out/20251022T171914093Z-a6e8f88a/spec-app-component-subscription-bar-subscription-bar.component.spec.js"},{"assertionResults":[{"ancestorTitles":["TabsComponent"],"fullName":"TabsComponent should create","status":"failed","title":"should create","duration":148.46314099999995,"failureMessages":["ɵNotFound: NG0201: No provider found for `ActivatedRoute`. Source: Standalone[_TabsComponent]. Path: _AdminService -> _AuthzService -> _Store -> _RouterStore -> ActivatedRoute. Find more at https://v20.angular.dev/errors/NG0201\n    at createRuntimeError (/home/runner/work/jasper-ui/jasper-ui/dist/test-out/20251022T171914093Z-a6e8f88a/node_modules/@angular/core/fesm2022/root_effect_scheduler.mjs:921:19)\n    at NullInjector.get (/home/runner/work/jasper-ui/jasper-ui/dist/test-out/20251022T171914093Z-a6e8f88a/node_modules/@angular/core/fesm2022/root_effect_scheduler.mjs:1489:27)\n    at R3Injector.get (/home/runner/work/jasper-ui/jasper-ui/dist/test-out/20251022T171914093Z-a6e8f88a/node_modules/@angular/core/fesm2022/root_effect_scheduler.mjs:2045:33)\n    at R3Injector.get (/home/runner/work/jasper-ui/jasper-ui/dist/test-out/20251022T171914093Z-a6e8f88a/node_modules/@angular/core/fesm2022/root_effect_scheduler.mjs:2045:33)\n    at R3Injector.retrieve (/home/runner/work/jasper-ui/jasper-ui/dist/test-out/20251022T171914093Z-a6e8f88a/node_modules/@angular/core/fesm2022/root_effect_scheduler.mjs:1929:25)\n    at injectInjectorOnly (/home/runner/work/jasper-ui/jasper-ui/dist/test-out/20251022T171914093Z-a6e8f88a/node_modules/@angular/core/fesm2022/root_effect_scheduler.mjs:1046:39)\n    at ɵɵinject (/home/runner/work/jasper-ui/jasper-ui/dist/test-out/20251022T171914093Z-a6e8f88a/node_modules/@angular/core/fesm2022/root_effect_scheduler.mjs:1058:42)\n    at Object.RouterStore_Factory [as factory] (/home/runner/work/jasper-ui/jasper-ui/dist/test-out/20251022T171914093Z-a6e8f88a/node_modules/mobx-angular/fesm2022/mobx-angular.mjs:145:80)\n    at /home/runner/work/jasper-ui/jasper-ui/dist/test-out/20251022T171914093Z-a6e8f88a/node_modules/@angular/core/fesm2022/root_effect_scheduler.mjs:2187:47\n    at runInInjectorProfilerContext (/home/runner/work/jasper-ui/jasper-ui/dist/test-out/20251022T171914093Z-a6e8f88a/node_modules/@angular/core/fesm2022/root_effect_scheduler.mjs:746:9)"],"meta":{}}],"startTime":1761153653807,"endTime":1761153653955.4631,"status":"failed","message":"","name":"/home/runner/work/jasper-ui/jasper-ui/dist/test-out/20251022T171914093Z-a6e8f88a/spec-app-component-tabs-tabs.component.spec.js"},{"assertionResults":[{"ancestorTitles":["TemplateListComponent"],"fullName":"TemplateListComponent should create","status":"passed","title":"should create","duration":78.95566699999995,"failureMessages":[],"meta":{}}],"startTime":1761153647035,"endTime":1761153647113.9556,"status":"passed","message":"","name":"/home/runner/work/jasper-ui/jasper-ui/dist/test-out/20251022T171914093Z-a6e8f88a/spec-app-component-template-template-list-template-list.component.spec.js"},{"assertionResults":[{"ancestorTitles":["TemplateComponent"],"fullName":"TemplateComponent should create","status":"passed","title":"should create","duration":116.95593400000007,"failureMessages":[],"meta":{}}],"startTime":1761153642007,"endTime":1761153642123.956,"status":"passed","message":"","name":"/home/runner/work/jasper-ui/jasper-ui/dist/test-out/20251022T171914093Z-a6e8f88a/spec-app-component-template-template.component.spec.js"},{"assertionResults":[{"ancestorTitles":["ItemComponent"],"fullName":"ItemComponent should create","status":"passed","title":"should create","duration":92.93966,"failureMessages":[],"meta":{}}],"startTime":1761153636040,"endTime":1761153636132.9397,"status":"passed","message":"","name":"/home/runner/work/jasper-ui/jasper-ui/dist/test-out/20251022T171914093Z-a6e8f88a/spec-app-component-todo-item-item.component.spec.js"},{"assertionResults":[{"ancestorTitles":["TodoComponent"],"fullName":"TodoComponent should create","status":"passed","title":"should create","duration":108.99036600000045,"failureMessages":[],"meta":{}}],"startTime":1761153637711,"endTime":1761153637819.9905,"status":"passed","message":"","name":"/home/runner/work/jasper-ui/jasper-ui/dist/test-out/20251022T171914093Z-a6e8f88a/spec-app-component-todo-todo.component.spec.js"},{"assertionResults":[{"ancestorTitles":["UserTagSelectorComponent"],"fullName":"UserTagSelectorComponent should create","status":"passed","title":"should create","duration":73.48506700000007,"failureMessages":[],"meta":{}}],"startTime":1761153643290,"endTime":1761153643363.485,"status":"passed","message":"","name":"/home/runner/work/jasper-ui/jasper-ui/dist/test-out/20251022T171914093Z-a6e8f88a/spec-app-component-user-tag-selector-user-tag-selector.component.spec.js"},{"assertionResults":[{"ancestorTitles":["UserListComponent"],"fullName":"UserListComponent should create","status":"passed","title":"should create","duration":96.19729600000005,"failureMessages":[],"meta":{}}],"startTime":1761153639580,"endTime":1761153639676.1973,"status":"passed","message":"","name":"/home/runner/work/jasper-ui/jasper-ui/dist/test-out/20251022T171914093Z-a6e8f88a/spec-app-component-user-user-list-user-list.component.spec.js"},{"assertionResults":[{"ancestorTitles":["UserComponent"],"fullName":"UserComponent should create","status":"passed","title":"should create","duration":97.82748399999991,"failureMessages":[],"meta":{}}],"startTime":1761153639932,"endTime":1761153640029.8274,"status":"passed","message":"","name":"/home/runner/work/jasper-ui/jasper-ui/dist/test-out/20251022T171914093Z-a6e8f88a/spec-app-component-user-user.component.spec.js"},{"assertionResults":[{"ancestorTitles":["ViewerComponent"],"fullName":"ViewerComponent should create","status":"failed","title":"should create","duration":96.30039500000021,"failureMessages":["TypeError: Cannot read properties of undefined (reading 'ɵcmp')\n    at getComponentDef (/home/runner/work/jasper-ui/jasper-ui/dist/test-out/20251022T171914093Z-a6e8f88a/node_modules/@angular/core/fesm2022/testing.mjs:1605:18)\n    at isStandaloneComponent (/home/runner/work/jasper-ui/jasper-ui/dist/test-out/20251022T171914093Z-a6e8f88a/node_modules/@angular/core/fesm2022/testing.mjs:1601:17)\n    at /home/runner/work/jasper-ui/jasper-ui/dist/test-out/20251022T171914093Z-a6e8f88a/node_modules/@angular/core/fesm2022/testing.mjs:1338:29\n    at Array.forEach (<anonymous>)\n    at queueTypesFromModulesArrayRecur (/home/runner/work/jasper-ui/jasper-ui/dist/test-out/20251022T171914093Z-a6e8f88a/node_modules/@angular/core/fesm2022/testing.mjs:1333:34)\n    at /home/runner/work/jasper-ui/jasper-ui/dist/test-out/20251022T171914093Z-a6e8f88a/node_modules/@angular/core/fesm2022/testing.mjs:1339:29\n    at Array.forEach (<anonymous>)\n    at queueTypesFromModulesArrayRecur (/home/runner/work/jasper-ui/jasper-ui/dist/test-out/20251022T171914093Z-a6e8f88a/node_modules/@angular/core/fesm2022/testing.mjs:1333:34)\n    at TestBedCompiler.queueTypesFromModulesArray (/home/runner/work/jasper-ui/jasper-ui/dist/test-out/20251022T171914093Z-a6e8f88a/node_modules/@angular/core/fesm2022/testing.mjs:1348:9)\n    at TestBedCompiler.configureTestingModule (/home/runner/work/jasper-ui/jasper-ui/dist/test-out/20251022T171914093Z-a6e8f88a/node_modules/@angular/core/fesm2022/testing.mjs:856:18)"],"meta":{}}],"startTime":1761153625063,"endTime":1761153625159.3003,"status":"failed","message":"","name":"/home/runner/work/jasper-ui/jasper-ui/dist/test-out/20251022T171914093Z-a6e8f88a/spec-app-component-viewer-viewer.component.spec.js"},{"assertionResults":[{"ancestorTitles":["AutofocusDirective"],"fullName":"AutofocusDirective should create an instance","status":"passed","title":"should create an instance","duration":44.01541099999986,"failureMessages":[],"meta":{}}],"startTime":1761153684962,"endTime":1761153685006.0154,"status":"passed","message":"","name":"/home/runner/work/jasper-ui/jasper-ui/dist/test-out/20251022T171914093Z-a6e8f88a/spec-app-directive-autofocus.directive.spec.js"},{"assertionResults":[{"ancestorTitles":["FillWidthDirective"],"fullName":"FillWidthDirective should create an instance","status":"passed","title":"should create an instance","duration":2.810326000000032,"failureMessages":[],"meta":{}}],"startTime":1761153687787,"endTime":1761153687789.8103,"status":"passed","message":"","name":"/home/runner/work/jasper-ui/jasper-ui/dist/test-out/20251022T171914093Z-a6e8f88a/spec-app-directive-fill-width.directive.spec.js"},{"assertionResults":[{"ancestorTitles":["ImageDirective"],"fullName":"ImageDirective should create an instance","status":"passed","title":"should create an instance","duration":40.93078999999989,"failureMessages":[],"meta":{}}],"startTime":1761153687022,"endTime":1761153687062.931,"status":"passed","message":"","name":"/home/runner/work/jasper-ui/jasper-ui/dist/test-out/20251022T171914093Z-a6e8f88a/spec-app-directive-image.directive.spec.js"},{"assertionResults":[{"ancestorTitles":["InputDoneDirective"],"fullName":"InputDoneDirective should create an instance","status":"passed","title":"should create an instance","duration":2.0772360000000845,"failureMessages":[],"meta":{}}],"startTime":1761153665501,"endTime":1761153665503.0771,"status":"passed","message":"","name":"/home/runner/work/jasper-ui/jasper-ui/dist/test-out/20251022T171914093Z-a6e8f88a/spec-app-directive-input-done.directive.spec.js"},{"assertionResults":[{"ancestorTitles":["LimitWidthDirective"],"fullName":"LimitWidthDirective should create an instance","status":"passed","title":"should create an instance","duration":3.7562259999999696,"failureMessages":[],"meta":{}}],"startTime":1761153688056,"endTime":1761153688059.7563,"status":"passed","message":"","name":"/home/runner/work/jasper-ui/jasper-ui/dist/test-out/20251022T171914093Z-a6e8f88a/spec-app-directive-limit-width.directive.spec.js"},{"assertionResults":[{"ancestorTitles":["MdPostDirective"],"fullName":"MdPostDirective should create an instance","status":"passed","title":"should create an instance","duration":1.9058249999998225,"failureMessages":[],"meta":{}}],"startTime":1761153638219,"endTime":1761153638220.9058,"status":"passed","message":"","name":"/home/runner/work/jasper-ui/jasper-ui/dist/test-out/20251022T171914093Z-a6e8f88a/spec-app-directive-md-post.directive.spec.js"},{"assertionResults":[{"ancestorTitles":["ResizeHandleDirective"],"fullName":"ResizeHandleDirective should create an instance","status":"passed","title":"should create an instance","duration":2.9062759999999344,"failureMessages":[],"meta":{}}],"startTime":1761153688338,"endTime":1761153688340.9062,"status":"passed","message":"","name":"/home/runner/work/jasper-ui/jasper-ui/dist/test-out/20251022T171914093Z-a6e8f88a/spec-app-directive-resize-handle.directive.spec.js"},{"assertionResults":[{"ancestorTitles":["ResizeDirective"],"fullName":"ResizeDirective should create an instance","status":"passed","title":"should create an instance","duration":2.885968000000048,"failureMessages":[],"meta":{}}],"startTime":1761153689602,"endTime":1761153689604.886,"status":"passed","message":"","name":"/home/runner/work/jasper-ui/jasper-ui/dist/test-out/20251022T171914093Z-a6e8f88a/spec-app-directive-resize.directive.spec.js"},{"assertionResults":[{"ancestorTitles":["RouterActivateDirective"],"fullName":"RouterActivateDirective should create an instance","status":"passed","title":"should create an instance","duration":2.715048999999908,"failureMessages":[],"meta":{}}],"startTime":1761153646978,"endTime":1761153646980.715,"status":"passed","message":"","name":"/home/runner/work/jasper-ui/jasper-ui/dist/test-out/20251022T171914093Z-a6e8f88a/spec-app-directive-router-activate.directive.spec.js"},{"assertionResults":[{"ancestorTitles":["TitleDirective"],"fullName":"TitleDirective should create an instance","status":"passed","title":"should create an instance","duration":2.284012000000075,"failureMessages":[],"meta":{}}],"startTime":1761153683856,"endTime":1761153683858.284,"status":"passed","message":"","name":"/home/runner/work/jasper-ui/jasper-ui/dist/test-out/20251022T171914093Z-a6e8f88a/spec-app-directive-title.directive.spec.js"},{"assertionResults":[{"ancestorTitles":["CodeComponent"],"fullName":"CodeComponent should create","status":"failed","title":"should create","duration":171.48197199999981,"failureMessages":["ɵNotFound: NG0201: No provider found for `InjectionToken NGX_MONACO_EDITOR_CONFIG`. Source: Standalone[_CodeComponent]. Find more at https://v20.angular.dev/errors/NG0201\n    at createRuntimeError (/home/runner/work/jasper-ui/jasper-ui/dist/test-out/20251022T171914093Z-a6e8f88a/node_modules/@angular/core/fesm2022/root_effect_scheduler.mjs:921:19)\n    at NullInjector.get (/home/runner/work/jasper-ui/jasper-ui/dist/test-out/20251022T171914093Z-a6e8f88a/node_modules/@angular/core/fesm2022/root_effect_scheduler.mjs:1489:27)\n    at R3Injector.get (/home/runner/work/jasper-ui/jasper-ui/dist/test-out/20251022T171914093Z-a6e8f88a/node_modules/@angular/core/fesm2022/root_effect_scheduler.mjs:2045:33)\n    at R3Injector.get (/home/runner/work/jasper-ui/jasper-ui/dist/test-out/20251022T171914093Z-a6e8f88a/node_modules/@angular/core/fesm2022/root_effect_scheduler.mjs:2045:33)\n    at R3Injector.get (/home/runner/work/jasper-ui/jasper-ui/dist/test-out/20251022T171914093Z-a6e8f88a/node_modules/@angular/core/fesm2022/root_effect_scheduler.mjs:2045:33)\n    at ChainedInjector.get (/home/runner/work/jasper-ui/jasper-ui/dist/test-out/20251022T171914093Z-a6e8f88a/node_modules/@angular/core/fesm2022/debug_node.mjs:13404:36)\n    at lookupTokenUsingModuleInjector (/home/runner/work/jasper-ui/jasper-ui/dist/test-out/20251022T171914093Z-a6e8f88a/node_modules/@angular/core/fesm2022/debug_node.mjs:1718:39)\n    at getOrCreateInjectable (/home/runner/work/jasper-ui/jasper-ui/dist/test-out/20251022T171914093Z-a6e8f88a/node_modules/@angular/core/fesm2022/debug_node.mjs:1766:12)\n    at ɵɵdirectiveInject (/home/runner/work/jasper-ui/jasper-ui/dist/test-out/20251022T171914093Z-a6e8f88a/node_modules/@angular/core/fesm2022/debug_node.mjs:13455:19)\n    at NodeInjectorFactory.EditorComponent_Factory [as factory] (/home/runner/work/jasper-ui/jasper-ui/dist/test-out/20251022T171914093Z-a6e8f88a/node_modules/ngx-monaco-editor/fesm2015/ngx-monaco-editor.js:193:89)"],"meta":{}}],"startTime":1761153663693,"endTime":1761153663864.482,"status":"failed","message":"","name":"/home/runner/work/jasper-ui/jasper-ui/dist/test-out/20251022T171914093Z-a6e8f88a/spec-app-form-code-code.component.spec.js"},{"assertionResults":[{"ancestorTitles":["EditorComponent"],"fullName":"EditorComponent should create","status":"passed","title":"should create","duration":104.87614099999973,"failureMessages":[],"meta":{}},{"ancestorTitles":["EditorComponent"],"fullName":"EditorComponent should initialize with empty uploads array","status":"passed","title":"should initialize with empty uploads array","duration":25.88901999999962,"failureMessages":[],"meta":{}},{"ancestorTitles":["EditorComponent"],"fullName":"EditorComponent should have hasActiveUploads method that returns false when no uploads","status":"passed","title":"should have hasActiveUploads method that returns false when no uploads","duration":17.243986999999834,"failureMessages":[],"meta":{}},{"ancestorTitles":["EditorComponent"],"fullName":"EditorComponent should have hasActiveUploads method that returns true when active uploads exist","status":"passed","title":"should have hasActiveUploads method that returns true when active uploads exist","duration":37.00343399999974,"failureMessages":[],"meta":{}},{"ancestorTitles":["EditorComponent"],"fullName":"EditorComponent should cancel individual upload correctly","status":"passed","title":"should cancel individual upload correctly","duration":23.34803699999975,"failureMessages":[],"meta":{}},{"ancestorTitles":["EditorComponent"],"fullName":"EditorComponent should cancel all uploads correctly","status":"passed","title":"should cancel all uploads correctly","duration":16.722972000000027,"failureMessages":[],"meta":{}},{"ancestorTitles":["EditorComponent"],"fullName":"EditorComponent should append new uploads when there are active uploads","status":"passed","title":"should append new uploads when there are active uploads","duration":26.575216000000182,"failureMessages":[],"meta":{}},{"ancestorTitles":["EditorComponent"],"fullName":"EditorComponent should clear uploads when no active uploads exist","status":"passed","title":"should clear uploads when no active uploads exist","duration":20.329225999999835,"failureMessages":[],"meta":{}},{"ancestorTitles":["EditorComponent"],"fullName":"EditorComponent should attach all URLs at once when all uploads complete","status":"passed","title":"should attach all URLs at once when all uploads complete","duration":27.866959999999835,"failureMessages":[],"meta":{}},{"ancestorTitles":["EditorComponent"],"fullName":"EditorComponent should enable textarea when canceling the last upload","status":"passed","title":"should enable textarea when canceling the last upload","duration":19.069862999999714,"failureMessages":[],"meta":{}},{"ancestorTitles":["EditorComponent"],"fullName":"EditorComponent should not enable textarea when canceling one of multiple uploads","status":"passed","title":"should not enable textarea when canceling one of multiple uploads","duration":20.49875699999984,"failureMessages":[],"meta":{}}],"startTime":1761153604732,"endTime":1761153605071.4988,"status":"passed","message":"","name":"/home/runner/work/jasper-ui/jasper-ui/dist/test-out/20251022T171914093Z-a6e8f88a/spec-app-form-editor-editor.component.spec.js"},{"assertionResults":[{"ancestorTitles":["ExtFormComponent"],"fullName":"ExtFormComponent should create","status":"failed","title":"should create","duration":88.54559199999994,"failureMessages":["TypeError: Cannot read properties of undefined (reading 'ɵcmp')\n    at getComponentDef (/home/runner/work/jasper-ui/jasper-ui/dist/test-out/20251022T171914093Z-a6e8f88a/node_modules/@angular/core/fesm2022/testing.mjs:1605:18)\n    at isStandaloneComponent (/home/runner/work/jasper-ui/jasper-ui/dist/test-out/20251022T171914093Z-a6e8f88a/node_modules/@angular/core/fesm2022/testing.mjs:1601:17)\n    at /home/runner/work/jasper-ui/jasper-ui/dist/test-out/20251022T171914093Z-a6e8f88a/node_modules/@angular/core/fesm2022/testing.mjs:1338:29\n    at Array.forEach (<anonymous>)\n    at queueTypesFromModulesArrayRecur (/home/runner/work/jasper-ui/jasper-ui/dist/test-out/20251022T171914093Z-a6e8f88a/node_modules/@angular/core/fesm2022/testing.mjs:1333:34)\n    at /home/runner/work/jasper-ui/jasper-ui/dist/test-out/20251022T171914093Z-a6e8f88a/node_modules/@angular/core/fesm2022/testing.mjs:1339:29\n    at Array.forEach (<anonymous>)\n    at queueTypesFromModulesArrayRecur (/home/runner/work/jasper-ui/jasper-ui/dist/test-out/20251022T171914093Z-a6e8f88a/node_modules/@angular/core/fesm2022/testing.mjs:1333:34)\n    at TestBedCompiler.queueTypesFromModulesArray (/home/runner/work/jasper-ui/jasper-ui/dist/test-out/20251022T171914093Z-a6e8f88a/node_modules/@angular/core/fesm2022/testing.mjs:1348:9)\n    at TestBedCompiler.configureTestingModule (/home/runner/work/jasper-ui/jasper-ui/dist/test-out/20251022T171914093Z-a6e8f88a/node_modules/@angular/core/fesm2022/testing.mjs:856:18)"],"meta":{}}],"startTime":1761153619196,"endTime":1761153619284.5457,"status":"failed","message":"","name":"/home/runner/work/jasper-ui/jasper-ui/dist/test-out/20251022T171914093Z-a6e8f88a/spec-app-form-ext-ext.component.spec.js"},{"assertionResults":[{"ancestorTitles":["JsonComponent"],"fullName":"JsonComponent should create","status":"failed","title":"should create","duration":195.24983899999984,"failureMessages":["ɵNotFound: NG0201: No provider found for `InjectionToken NGX_MONACO_EDITOR_CONFIG`. Source: Standalone[_JsonComponent]. Find more at https://v20.angular.dev/errors/NG0201\n    at createRuntimeError (/home/runner/work/jasper-ui/jasper-ui/dist/test-out/20251022T171914093Z-a6e8f88a/node_modules/@angular/core/fesm2022/root_effect_scheduler.mjs:921:19)\n    at NullInjector.get (/home/runner/work/jasper-ui/jasper-ui/dist/test-out/20251022T171914093Z-a6e8f88a/node_modules/@angular/core/fesm2022/root_effect_scheduler.mjs:1489:27)\n    at R3Injector.get (/home/runner/work/jasper-ui/jasper-ui/dist/test-out/20251022T171914093Z-a6e8f88a/node_modules/@angular/core/fesm2022/root_effect_scheduler.mjs:2045:33)\n    at R3Injector.get (/home/runner/work/jasper-ui/jasper-ui/dist/test-out/20251022T171914093Z-a6e8f88a/node_modules/@angular/core/fesm2022/root_effect_scheduler.mjs:2045:33)\n    at R3Injector.get (/home/runner/work/jasper-ui/jasper-ui/dist/test-out/20251022T171914093Z-a6e8f88a/node_modules/@angular/core/fesm2022/root_effect_scheduler.mjs:2045:33)\n    at ChainedInjector.get (/home/runner/work/jasper-ui/jasper-ui/dist/test-out/20251022T171914093Z-a6e8f88a/node_modules/@angular/core/fesm2022/debug_node.mjs:13404:36)\n    at lookupTokenUsingModuleInjector (/home/runner/work/jasper-ui/jasper-ui/dist/test-out/20251022T171914093Z-a6e8f88a/node_modules/@angular/core/fesm2022/debug_node.mjs:1718:39)\n    at getOrCreateInjectable (/home/runner/work/jasper-ui/jasper-ui/dist/test-out/20251022T171914093Z-a6e8f88a/node_modules/@angular/core/fesm2022/debug_node.mjs:1766:12)\n    at ɵɵdirectiveInject (/home/runner/work/jasper-ui/jasper-ui/dist/test-out/20251022T171914093Z-a6e8f88a/node_modules/@angular/core/fesm2022/debug_node.mjs:13455:19)\n    at NodeInjectorFactory.EditorComponent_Factory [as factory] (/home/runner/work/jasper-ui/jasper-ui/dist/test-out/20251022T171914093Z-a6e8f88a/node_modules/ngx-monaco-editor/fesm2015/ngx-monaco-editor.js:193:89)"],"meta":{}}],"startTime":1761153666478,"endTime":1761153666673.2498,"status":"failed","message":"","name":"/home/runner/work/jasper-ui/jasper-ui/dist/test-out/20251022T171914093Z-a6e8f88a/spec-app-form-json-json.component.spec.js"},{"assertionResults":[{"ancestorTitles":["LinksFormComponent"],"fullName":"LinksFormComponent should create","status":"failed","title":"should create","duration":182.01329899999996,"failureMessages":["Error: NgxFormly: missing `forRoot()` call. use `forRoot()` when registering the `FormlyModule`.\n    at _FormlyFormBuilder.build (/home/runner/work/jasper-ui/jasper-ui/dist/test-out/20251022T171914093Z-a6e8f88a/node_modules/@ngx-formly/core/fesm2022/ngx-formly-core.mjs:2128:13)\n    at _LegacyFormlyForm.ngOnChanges (/home/runner/work/jasper-ui/jasper-ui/dist/test-out/20251022T171914093Z-a6e8f88a/node_modules/@ngx-formly/core/fesm2022/ngx-formly-core.mjs:2306:20)\n    at _LegacyFormlyForm.rememberChangeHistoryAndInvokeOnChangesHook (/home/runner/work/jasper-ui/jasper-ui/dist/test-out/20251022T171914093Z-a6e8f88a/node_modules/@angular/core/fesm2022/debug_node.mjs:594:14)\n    at callHookInternal (/home/runner/work/jasper-ui/jasper-ui/dist/test-out/20251022T171914093Z-a6e8f88a/node_modules/@angular/core/fesm2022/debug_node.mjs:860:14)\n    at callHook (/home/runner/work/jasper-ui/jasper-ui/dist/test-out/20251022T171914093Z-a6e8f88a/node_modules/@angular/core/fesm2022/debug_node.mjs:891:9)\n    at callHooks (/home/runner/work/jasper-ui/jasper-ui/dist/test-out/20251022T171914093Z-a6e8f88a/node_modules/@angular/core/fesm2022/debug_node.mjs:841:17)\n    at executeInitAndCheckHooks (/home/runner/work/jasper-ui/jasper-ui/dist/test-out/20251022T171914093Z-a6e8f88a/node_modules/@angular/core/fesm2022/debug_node.mjs:791:9)\n    at refreshView (/home/runner/work/jasper-ui/jasper-ui/dist/test-out/20251022T171914093Z-a6e8f88a/node_modules/@angular/core/fesm2022/debug_node.mjs:10091:21)\n    at detectChangesInView (/home/runner/work/jasper-ui/jasper-ui/dist/test-out/20251022T171914093Z-a6e8f88a/node_modules/@angular/core/fesm2022/debug_node.mjs:10296:9)\n    at detectChangesInViewIfAttached (/home/runner/work/jasper-ui/jasper-ui/dist/test-out/20251022T171914093Z-a6e8f88a/node_modules/@angular/core/fesm2022/debug_node.mjs:10256:5)"],"meta":{}}],"startTime":1761153669987,"endTime":1761153670169.0132,"status":"failed","message":"","name":"/home/runner/work/jasper-ui/jasper-ui/dist/test-out/20251022T171914093Z-a6e8f88a/spec-app-form-links-links.component.spec.js"},{"assertionResults":[{"ancestorTitles":["PluginFormComponent"],"fullName":"PluginFormComponent should create","status":"passed","title":"should create","duration":91.56734100000017,"failureMessages":[],"meta":{}}],"startTime":1761153662525,"endTime":1761153662616.5674,"status":"passed","message":"","name":"/home/runner/work/jasper-ui/jasper-ui/dist/test-out/20251022T171914093Z-a6e8f88a/spec-app-form-plugin-plugin.component.spec.js"},{"assertionResults":[{"ancestorTitles":["GenComponent"],"fullName":"GenComponent should create","status":"failed","title":"should create","duration":176.01591800000006,"failureMessages":["Error: NgxFormly: missing `forRoot()` call. use `forRoot()` when registering the `FormlyModule`.\n    at _FormlyFormBuilder.build (/home/runner/work/jasper-ui/jasper-ui/dist/test-out/20251022T171914093Z-a6e8f88a/node_modules/@ngx-formly/core/fesm2022/ngx-formly-core.mjs:2128:13)\n    at _LegacyFormlyForm.ngOnChanges (/home/runner/work/jasper-ui/jasper-ui/dist/test-out/20251022T171914093Z-a6e8f88a/node_modules/@ngx-formly/core/fesm2022/ngx-formly-core.mjs:2306:20)\n    at _LegacyFormlyForm.rememberChangeHistoryAndInvokeOnChangesHook (/home/runner/work/jasper-ui/jasper-ui/dist/test-out/20251022T171914093Z-a6e8f88a/node_modules/@angular/core/fesm2022/debug_node.mjs:594:14)\n    at callHookInternal (/home/runner/work/jasper-ui/jasper-ui/dist/test-out/20251022T171914093Z-a6e8f88a/node_modules/@angular/core/fesm2022/debug_node.mjs:860:14)\n    at callHook (/home/runner/work/jasper-ui/jasper-ui/dist/test-out/20251022T171914093Z-a6e8f88a/node_modules/@angular/core/fesm2022/debug_node.mjs:891:9)\n    at callHooks (/home/runner/work/jasper-ui/jasper-ui/dist/test-out/20251022T171914093Z-a6e8f88a/node_modules/@angular/core/fesm2022/debug_node.mjs:841:17)\n    at executeInitAndCheckHooks (/home/runner/work/jasper-ui/jasper-ui/dist/test-out/20251022T171914093Z-a6e8f88a/node_modules/@angular/core/fesm2022/debug_node.mjs:791:9)\n    at refreshView (/home/runner/work/jasper-ui/jasper-ui/dist/test-out/20251022T171914093Z-a6e8f88a/node_modules/@angular/core/fesm2022/debug_node.mjs:10091:21)\n    at detectChangesInView (/home/runner/work/jasper-ui/jasper-ui/dist/test-out/20251022T171914093Z-a6e8f88a/node_modules/@angular/core/fesm2022/debug_node.mjs:10296:9)\n    at detectChangesInViewIfAttached (/home/runner/work/jasper-ui/jasper-ui/dist/test-out/20251022T171914093Z-a6e8f88a/node_modules/@angular/core/fesm2022/debug_node.mjs:10256:5)"],"meta":{}}],"startTime":1761153643658,"endTime":1761153643834.0159,"status":"failed","message":"","name":"/home/runner/work/jasper-ui/jasper-ui/dist/test-out/20251022T171914093Z-a6e8f88a/spec-app-form-plugins-gen-gen.component.spec.js"},{"assertionResults":[{"ancestorTitles":["PluginsFormComponent"],"fullName":"PluginsFormComponent should create","status":"passed","title":"should create","duration":95.57093099999997,"failureMessages":[],"meta":{}}],"startTime":1761153645618,"endTime":1761153645713.571,"status":"passed","message":"","name":"/home/runner/work/jasper-ui/jasper-ui/dist/test-out/20251022T171914093Z-a6e8f88a/spec-app-form-plugins-plugins.component.spec.js"},{"assertionResults":[{"ancestorTitles":["RefFormComponent"],"fullName":"RefFormComponent should create","status":"failed","title":"should create","duration":277.740546,"failureMessages":["Error: NgxFormly: missing `forRoot()` call. use `forRoot()` when registering the `FormlyModule`.\n    at _FormlyFormBuilder.build (/home/runner/work/jasper-ui/jasper-ui/dist/test-out/20251022T171914093Z-a6e8f88a/node_modules/@ngx-formly/core/fesm2022/ngx-formly-core.mjs:2128:13)\n    at _LegacyFormlyForm.ngOnChanges (/home/runner/work/jasper-ui/jasper-ui/dist/test-out/20251022T171914093Z-a6e8f88a/node_modules/@ngx-formly/core/fesm2022/ngx-formly-core.mjs:2306:20)\n    at _LegacyFormlyForm.rememberChangeHistoryAndInvokeOnChangesHook (/home/runner/work/jasper-ui/jasper-ui/dist/test-out/20251022T171914093Z-a6e8f88a/node_modules/@angular/core/fesm2022/debug_node.mjs:594:14)\n    at callHookInternal (/home/runner/work/jasper-ui/jasper-ui/dist/test-out/20251022T171914093Z-a6e8f88a/node_modules/@angular/core/fesm2022/debug_node.mjs:860:14)\n    at callHook (/home/runner/work/jasper-ui/jasper-ui/dist/test-out/20251022T171914093Z-a6e8f88a/node_modules/@angular/core/fesm2022/debug_node.mjs:891:9)\n    at callHooks (/home/runner/work/jasper-ui/jasper-ui/dist/test-out/20251022T171914093Z-a6e8f88a/node_modules/@angular/core/fesm2022/debug_node.mjs:841:17)\n    at executeInitAndCheckHooks (/home/runner/work/jasper-ui/jasper-ui/dist/test-out/20251022T171914093Z-a6e8f88a/node_modules/@angular/core/fesm2022/debug_node.mjs:791:9)\n    at refreshView (/home/runner/work/jasper-ui/jasper-ui/dist/test-out/20251022T171914093Z-a6e8f88a/node_modules/@angular/core/fesm2022/debug_node.mjs:10091:21)\n    at detectChangesInView (/home/runner/work/jasper-ui/jasper-ui/dist/test-out/20251022T171914093Z-a6e8f88a/node_modules/@angular/core/fesm2022/debug_node.mjs:10296:9)\n    at detectChangesInViewIfAttached (/home/runner/work/jasper-ui/jasper-ui/dist/test-out/20251022T171914093Z-a6e8f88a/node_modules/@angular/core/fesm2022/debug_node.mjs:10256:5)"],"meta":{}}],"startTime":1761153615552,"endTime":1761153615829.7405,"status":"failed","message":"","name":"/home/runner/work/jasper-ui/jasper-ui/dist/test-out/20251022T171914093Z-a6e8f88a/spec-app-form-ref-ref.component.spec.js"},{"assertionResults":[{"ancestorTitles":["TagsFormComponent"],"fullName":"TagsFormComponent should create","status":"failed","title":"should create","duration":202.13969800000018,"failureMessages":["Error: NgxFormly: missing `forRoot()` call. use `forRoot()` when registering the `FormlyModule`.\n    at _FormlyFormBuilder.build (/home/runner/work/jasper-ui/jasper-ui/dist/test-out/20251022T171914093Z-a6e8f88a/node_modules/@ngx-formly/core/fesm2022/ngx-formly-core.mjs:2128:13)\n    at _LegacyFormlyForm.ngOnChanges (/home/runner/work/jasper-ui/jasper-ui/dist/test-out/20251022T171914093Z-a6e8f88a/node_modules/@ngx-formly/core/fesm2022/ngx-formly-core.mjs:2306:20)\n    at _LegacyFormlyForm.rememberChangeHistoryAndInvokeOnChangesHook (/home/runner/work/jasper-ui/jasper-ui/dist/test-out/20251022T171914093Z-a6e8f88a/node_modules/@angular/core/fesm2022/debug_node.mjs:594:14)\n    at callHookInternal (/home/runner/work/jasper-ui/jasper-ui/dist/test-out/20251022T171914093Z-a6e8f88a/node_modules/@angular/core/fesm2022/debug_node.mjs:860:14)\n    at callHook (/home/runner/work/jasper-ui/jasper-ui/dist/test-out/20251022T171914093Z-a6e8f88a/node_modules/@angular/core/fesm2022/debug_node.mjs:891:9)\n    at callHooks (/home/runner/work/jasper-ui/jasper-ui/dist/test-out/20251022T171914093Z-a6e8f88a/node_modules/@angular/core/fesm2022/debug_node.mjs:841:17)\n    at executeInitAndCheckHooks (/home/runner/work/jasper-ui/jasper-ui/dist/test-out/20251022T171914093Z-a6e8f88a/node_modules/@angular/core/fesm2022/debug_node.mjs:791:9)\n    at refreshView (/home/runner/work/jasper-ui/jasper-ui/dist/test-out/20251022T171914093Z-a6e8f88a/node_modules/@angular/core/fesm2022/debug_node.mjs:10091:21)\n    at detectChangesInView (/home/runner/work/jasper-ui/jasper-ui/dist/test-out/20251022T171914093Z-a6e8f88a/node_modules/@angular/core/fesm2022/debug_node.mjs:10296:9)\n    at detectChangesInViewIfAttached (/home/runner/work/jasper-ui/jasper-ui/dist/test-out/20251022T171914093Z-a6e8f88a/node_modules/@angular/core/fesm2022/debug_node.mjs:10256:5)"],"meta":{}}],"startTime":1761153658796,"endTime":1761153658998.1396,"status":"failed","message":"","name":"/home/runner/work/jasper-ui/jasper-ui/dist/test-out/20251022T171914093Z-a6e8f88a/spec-app-form-tags-tags.component.spec.js"},{"assertionResults":[{"ancestorTitles":["TemplateFormComponent"],"fullName":"TemplateFormComponent should create","status":"passed","title":"should create","duration":76.824161,"failureMessages":[],"meta":{}}],"startTime":1761153661586,"endTime":1761153661662.8242,"status":"passed","message":"","name":"/home/runner/work/jasper-ui/jasper-ui/dist/test-out/20251022T171914093Z-a6e8f88a/spec-app-form-template-template.component.spec.js"},{"assertionResults":[{"ancestorTitles":["ThemesFormComponent"],"fullName":"ThemesFormComponent should create","status":"passed","title":"should create","duration":74.4577220000001,"failureMessages":[],"meta":{}}],"startTime":1761153668561,"endTime":1761153668635.4578,"status":"passed","message":"","name":"/home/runner/work/jasper-ui/jasper-ui/dist/test-out/20251022T171914093Z-a6e8f88a/spec-app-form-themes-themes.component.spec.js"},{"assertionResults":[{"ancestorTitles":["UserFormComponent"],"fullName":"UserFormComponent should create","status":"failed","title":"should create","duration":199.69197599999984,"failureMessages":["ɵNotFound: NG0201: No provider found for `_HttpClient`. Source: Standalone[_UserFormComponent]. Path: _ConfigService -> _HttpClient. Find more at https://v20.angular.dev/errors/NG0201\n    at createRuntimeError (/home/runner/work/jasper-ui/jasper-ui/dist/test-out/20251022T171914093Z-a6e8f88a/node_modules/@angular/core/fesm2022/root_effect_scheduler.mjs:921:19)\n    at NullInjector.get (/home/runner/work/jasper-ui/jasper-ui/dist/test-out/20251022T171914093Z-a6e8f88a/node_modules/@angular/core/fesm2022/root_effect_scheduler.mjs:1489:27)\n    at R3Injector.get (/home/runner/work/jasper-ui/jasper-ui/dist/test-out/20251022T171914093Z-a6e8f88a/node_modules/@angular/core/fesm2022/root_effect_scheduler.mjs:2045:33)\n    at R3Injector.get (/home/runner/work/jasper-ui/jasper-ui/dist/test-out/20251022T171914093Z-a6e8f88a/node_modules/@angular/core/fesm2022/root_effect_scheduler.mjs:2045:33)\n    at R3Injector.retrieve (/home/runner/work/jasper-ui/jasper-ui/dist/test-out/20251022T171914093Z-a6e8f88a/node_modules/@angular/core/fesm2022/root_effect_scheduler.mjs:1929:25)\n    at injectInjectorOnly (/home/runner/work/jasper-ui/jasper-ui/dist/test-out/20251022T171914093Z-a6e8f88a/node_modules/@angular/core/fesm2022/root_effect_scheduler.mjs:1046:39)\n    at ɵɵinject (/home/runner/work/jasper-ui/jasper-ui/dist/test-out/20251022T171914093Z-a6e8f88a/node_modules/@angular/core/fesm2022/root_effect_scheduler.mjs:1058:42)\n    at Object.ConfigService_Factory [as factory] (/home/runner/work/jasper-ui/jasper-ui/dist/test-out/20251022T171914093Z-a6e8f88a/src/app/service/config.service.ts:15:27)\n    at /home/runner/work/jasper-ui/jasper-ui/dist/test-out/20251022T171914093Z-a6e8f88a/node_modules/@angular/core/fesm2022/root_effect_scheduler.mjs:2187:47\n    at runInInjectorProfilerContext (/home/runner/work/jasper-ui/jasper-ui/dist/test-out/20251022T171914093Z-a6e8f88a/node_modules/@angular/core/fesm2022/root_effect_scheduler.mjs:746:9)"],"meta":{}}],"startTime":1761153657219,"endTime":1761153657418.692,"status":"failed","message":"","name":"/home/runner/work/jasper-ui/jasper-ui/dist/test-out/20251022T171914093Z-a6e8f88a/spec-app-form-user-user.component.spec.js"},{"assertionResults":[{"ancestorTitles":["AudioUploadComponent"],"fullName":"AudioUploadComponent should create","status":"passed","title":"should create","duration":89.51060300000017,"failureMessages":[],"meta":{}}],"startTime":1761153659937,"endTime":1761153660026.5105,"status":"passed","message":"","name":"/home/runner/work/jasper-ui/jasper-ui/dist/test-out/20251022T171914093Z-a6e8f88a/spec-app-formly-audio-upload-audio-upload.component.spec.js"},{"assertionResults":[{"ancestorTitles":["ImageUploadComponent"],"fullName":"ImageUploadComponent should create","status":"passed","title":"should create","duration":66.82841299999995,"failureMessages":[],"meta":{}}],"startTime":1761153660378,"endTime":1761153660444.8284,"status":"passed","message":"","name":"/home/runner/work/jasper-ui/jasper-ui/dist/test-out/20251022T171914093Z-a6e8f88a/spec-app-formly-image-upload-image-upload.component.spec.js"},{"assertionResults":[{"ancestorTitles":["PdfUploadComponent"],"fullName":"PdfUploadComponent should create","status":"passed","title":"should create","duration":80.7799829999999,"failureMessages":[],"meta":{}}],"startTime":1761153659353,"endTime":1761153659433.78,"status":"passed","message":"","name":"/home/runner/work/jasper-ui/jasper-ui/dist/test-out/20251022T171914093Z-a6e8f88a/spec-app-formly-pdf-upload-pdf-upload.component.spec.js"},{"assertionResults":[{"ancestorTitles":["QrScannerComponent"],"fullName":"QrScannerComponent should create","status":"passed","title":"should create","duration":75.48756400000002,"failureMessages":[],"meta":{}}],"startTime":1761153679854,"endTime":1761153679929.4875,"status":"passed","message":"","name":"/home/runner/work/jasper-ui/jasper-ui/dist/test-out/20251022T171914093Z-a6e8f88a/spec-app-formly-qr-scanner-qr-scanner.component.spec.js"},{"assertionResults":[{"ancestorTitles":["VideoUploadComponent"],"fullName":"VideoUploadComponent should create","status":"passed","title":"should create","duration":90.2009700000001,"failureMessages":[],"meta":{}}],"startTime":1761153660867,"endTime":1761153660957.201,"status":"passed","message":"","name":"/home/runner/work/jasper-ui/jasper-ui/dist/test-out/20251022T171914093Z-a6e8f88a/spec-app-formly-video-upload-video-upload.component.spec.js"},{"assertionResults":[{"ancestorTitles":["conditionGuard"],"fullName":"conditionGuard should be created","status":"passed","title":"should be created","duration":3.13727700000004,"failureMessages":[],"meta":{}}],"startTime":1761153670612,"endTime":1761153670615.1372,"status":"passed","message":"","name":"/home/runner/work/jasper-ui/jasper-ui/dist/test-out/20251022T171914093Z-a6e8f88a/spec-app-guard-condition.guard.spec.js"},{"assertionResults":[{"ancestorTitles":["hasRoleGuard"],"fullName":"hasRoleGuard should be created","status":"passed","title":"should be created","duration":2.166721999999936,"failureMessages":[],"meta":{}}],"startTime":1761153671678,"endTime":1761153671680.1667,"status":"passed","message":"","name":"/home/runner/work/jasper-ui/jasper-ui/dist/test-out/20251022T171914093Z-a6e8f88a/spec-app-guard-has-role.guard.spec.js"},{"assertionResults":[{"ancestorTitles":["installedModGuard"],"fullName":"installedModGuard should be created","status":"passed","title":"should be created","duration":2.1483169999999063,"failureMessages":[],"meta":{}}],"startTime":1761153655665,"endTime":1761153655667.1484,"status":"passed","message":"","name":"/home/runner/work/jasper-ui/jasper-ui/dist/test-out/20251022T171914093Z-a6e8f88a/spec-app-guard-installed-mod.guard.spec.js"},{"assertionResults":[{"ancestorTitles":["lastSelectedGuard"],"fullName":"lastSelectedGuard should be created","status":"passed","title":"should be created","duration":3.394179000000122,"failureMessages":[],"meta":{}}],"startTime":1761153680727,"endTime":1761153680730.3943,"status":"passed","message":"","name":"/home/runner/work/jasper-ui/jasper-ui/dist/test-out/20251022T171914093Z-a6e8f88a/spec-app-guard-last-selected.guard.spec.js"},{"assertionResults":[{"ancestorTitles":["pendingChangesGuard"],"fullName":"pendingChangesGuard should be created","status":"passed","title":"should be created","duration":3.1320579999999154,"failureMessages":[],"meta":{}}],"startTime":1761153685563,"endTime":1761153685566.132,"status":"passed","message":"","name":"/home/runner/work/jasper-ui/jasper-ui/dist/test-out/20251022T171914093Z-a6e8f88a/spec-app-guard-pending-changes.guard.spec.js"},{"assertionResults":[{"ancestorTitles":["CsrfInterceptor"],"fullName":"CsrfInterceptor should be created","status":"passed","title":"should be created","duration":39.529225,"failureMessages":[],"meta":{}}],"startTime":1761153679269,"endTime":1761153679308.5293,"status":"passed","message":"","name":"/home/runner/work/jasper-ui/jasper-ui/dist/test-out/20251022T171914093Z-a6e8f88a/spec-app-http-auth.interceptor.spec.js"},{"assertionResults":[{"ancestorTitles":["CsrfInterceptor"],"fullName":"CsrfInterceptor should be created","status":"passed","title":"should be created","duration":56.557591,"failureMessages":[],"meta":{}}],"startTime":1761153638365,"endTime":1761153638421.5576,"status":"passed","message":"","name":"/home/runner/work/jasper-ui/jasper-ui/dist/test-out/20251022T171914093Z-a6e8f88a/spec-app-http-csrf.interceptor.spec.js"},{"assertionResults":[],"startTime":1761153573200,"endTime":1761153573200,"status":"failed","message":"zone-testing.js is needed for the fakeAsync() test helper but could not be found.\n        Please make sure that your environment includes zone.js/testing","name":"/home/runner/work/jasper-ui/jasper-ui/dist/test-out/20251022T171914093Z-a6e8f88a/spec-app-http-rate-limit.interceptor.spec.js"},{"assertionResults":[{"ancestorTitles":["MailboxPlugin"],"fullName":"MailboxPlugin isMailbox","status":"passed","title":"isMailbox","duration":3.255149999999958,"failureMessages":[],"meta":{}},{"ancestorTitles":["MailboxPlugin"],"fullName":"MailboxPlugin notifications","status":"passed","title":"notifications","duration":1.868836999999985,"failureMessages":[],"meta":{}},{"ancestorTitles":["MailboxPlugin"],"fullName":"MailboxPlugin getMailbox","status":"passed","title":"getMailbox","duration":1.6231769999999415,"failureMessages":[],"meta":{}},{"ancestorTitles":["MailboxPlugin"],"fullName":"MailboxPlugin getLocalMailbox","status":"passed","title":"getLocalMailbox","duration":1.040365999999949,"failureMessages":[],"meta":{}},{"ancestorTitles":["MailboxPlugin"],"fullName":"MailboxPlugin mailboxes","status":"passed","title":"mailboxes","duration":1.6066060000000562,"failureMessages":[],"meta":{}},{"ancestorTitles":["MailboxPlugin"],"fullName":"MailboxPlugin mailboxes multi-tenant","status":"passed","title":"mailboxes multi-tenant","duration":1.3683599999999387,"failureMessages":[],"meta":{}},{"ancestorTitles":["MailboxPlugin"],"fullName":"MailboxPlugin mailboxes multi-tenant with lookup","status":"passed","title":"mailboxes multi-tenant with lookup","duration":0.9309319999999843,"failureMessages":[],"meta":{}}],"startTime":1761153614065,"endTime":1761153614076.931,"status":"passed","message":"","name":"/home/runner/work/jasper-ui/jasper-ui/dist/test-out/20251022T171914093Z-a6e8f88a/spec-app-mods-mailbox.spec.js"},{"assertionResults":[{"ancestorTitles":["OriginPlugin"],"fullName":"OriginPlugin isReplicating","status":"passed","title":"isReplicating","duration":3.820756000000074,"failureMessages":[],"meta":{}}],"startTime":1761153682727,"endTime":1761153682730.8208,"status":"passed","message":"","name":"/home/runner/work/jasper-ui/jasper-ui/dist/test-out/20251022T171914093Z-a6e8f88a/spec-app-mods-origin.spec.js"},{"assertionResults":[{"ancestorTitles":["CreateExtPage"],"fullName":"CreateExtPage should create","status":"failed","title":"should create","duration":94.85244699999976,"failureMessages":["TypeError: Cannot read properties of undefined (reading 'ɵcmp')\n    at getComponentDef (/home/runner/work/jasper-ui/jasper-ui/dist/test-out/20251022T171914093Z-a6e8f88a/node_modules/@angular/core/fesm2022/testing.mjs:1605:18)\n    at isStandaloneComponent (/home/runner/work/jasper-ui/jasper-ui/dist/test-out/20251022T171914093Z-a6e8f88a/node_modules/@angular/core/fesm2022/testing.mjs:1601:17)\n    at /home/runner/work/jasper-ui/jasper-ui/dist/test-out/20251022T171914093Z-a6e8f88a/node_modules/@angular/core/fesm2022/testing.mjs:1338:29\n    at Array.forEach (<anonymous>)\n    at queueTypesFromModulesArrayRecur (/home/runner/work/jasper-ui/jasper-ui/dist/test-out/20251022T171914093Z-a6e8f88a/node_modules/@angular/core/fesm2022/testing.mjs:1333:34)\n    at /home/runner/work/jasper-ui/jasper-ui/dist/test-out/20251022T171914093Z-a6e8f88a/node_modules/@angular/core/fesm2022/testing.mjs:1339:29\n    at Array.forEach (<anonymous>)\n    at queueTypesFromModulesArrayRecur (/home/runner/work/jasper-ui/jasper-ui/dist/test-out/20251022T171914093Z-a6e8f88a/node_modules/@angular/core/fesm2022/testing.mjs:1333:34)\n    at /home/runner/work/jasper-ui/jasper-ui/dist/test-out/20251022T171914093Z-a6e8f88a/node_modules/@angular/core/fesm2022/testing.mjs:1339:29\n    at Array.forEach (<anonymous>)"],"meta":{}}],"startTime":1761153584583,"endTime":1761153584677.8525,"status":"failed","message":"","name":"/home/runner/work/jasper-ui/jasper-ui/dist/test-out/20251022T171914093Z-a6e8f88a/spec-app-page-ext-ext.component.spec.js"},{"assertionResults":[{"ancestorTitles":["HomePage"],"fullName":"HomePage should create","status":"failed","title":"should create","duration":94.76656299999968,"failureMessages":["TypeError: Cannot read properties of undefined (reading 'ɵcmp')\n    at getComponentDef (/home/runner/work/jasper-ui/jasper-ui/dist/test-out/20251022T171914093Z-a6e8f88a/node_modules/@angular/core/fesm2022/testing.mjs:1605:18)\n    at isStandaloneComponent (/home/runner/work/jasper-ui/jasper-ui/dist/test-out/20251022T171914093Z-a6e8f88a/node_modules/@angular/core/fesm2022/testing.mjs:1601:17)\n    at /home/runner/work/jasper-ui/jasper-ui/dist/test-out/20251022T171914093Z-a6e8f88a/node_modules/@angular/core/fesm2022/testing.mjs:1338:29\n    at Array.forEach (<anonymous>)\n    at queueTypesFromModulesArrayRecur (/home/runner/work/jasper-ui/jasper-ui/dist/test-out/20251022T171914093Z-a6e8f88a/node_modules/@angular/core/fesm2022/testing.mjs:1333:34)\n    at /home/runner/work/jasper-ui/jasper-ui/dist/test-out/20251022T171914093Z-a6e8f88a/node_modules/@angular/core/fesm2022/testing.mjs:1339:29\n    at Array.forEach (<anonymous>)\n    at queueTypesFromModulesArrayRecur (/home/runner/work/jasper-ui/jasper-ui/dist/test-out/20251022T171914093Z-a6e8f88a/node_modules/@angular/core/fesm2022/testing.mjs:1333:34)\n    at /home/runner/work/jasper-ui/jasper-ui/dist/test-out/20251022T171914093Z-a6e8f88a/node_modules/@angular/core/fesm2022/testing.mjs:1339:29\n    at Array.forEach (<anonymous>)"],"meta":{}}],"startTime":1761153588069,"endTime":1761153588163.7666,"status":"failed","message":"","name":"/home/runner/work/jasper-ui/jasper-ui/dist/test-out/20251022T171914093Z-a6e8f88a/spec-app-page-home-home.component.spec.js"},{"assertionResults":[{"ancestorTitles":["InboxAlarmsPage"],"fullName":"InboxAlarmsPage should create","status":"failed","title":"should create","duration":83.87274700000034,"failureMessages":["TypeError: Cannot read properties of undefined (reading 'ɵcmp')\n    at getComponentDef (/home/runner/work/jasper-ui/jasper-ui/dist/test-out/20251022T171914093Z-a6e8f88a/node_modules/@angular/core/fesm2022/testing.mjs:1605:18)\n    at isStandaloneComponent (/home/runner/work/jasper-ui/jasper-ui/dist/test-out/20251022T171914093Z-a6e8f88a/node_modules/@angular/core/fesm2022/testing.mjs:1601:17)\n    at /home/runner/work/jasper-ui/jasper-ui/dist/test-out/20251022T171914093Z-a6e8f88a/node_modules/@angular/core/fesm2022/testing.mjs:1338:29\n    at Array.forEach (<anonymous>)\n    at queueTypesFromModulesArrayRecur (/home/runner/work/jasper-ui/jasper-ui/dist/test-out/20251022T171914093Z-a6e8f88a/node_modules/@angular/core/fesm2022/testing.mjs:1333:34)\n    at /home/runner/work/jasper-ui/jasper-ui/dist/test-out/20251022T171914093Z-a6e8f88a/node_modules/@angular/core/fesm2022/testing.mjs:1339:29\n    at Array.forEach (<anonymous>)\n    at queueTypesFromModulesArrayRecur (/home/runner/work/jasper-ui/jasper-ui/dist/test-out/20251022T171914093Z-a6e8f88a/node_modules/@angular/core/fesm2022/testing.mjs:1333:34)\n    at /home/runner/work/jasper-ui/jasper-ui/dist/test-out/20251022T171914093Z-a6e8f88a/node_modules/@angular/core/fesm2022/testing.mjs:1339:29\n    at Array.forEach (<anonymous>)"],"meta":{}}],"startTime":1761153610085,"endTime":1761153610168.8728,"status":"failed","message":"","name":"/home/runner/work/jasper-ui/jasper-ui/dist/test-out/20251022T171914093Z-a6e8f88a/spec-app-page-inbox-alarms-alarms.component.spec.js"},{"assertionResults":[{"ancestorTitles":["InboxAllPage"],"fullName":"InboxAllPage should create","status":"failed","title":"should create","duration":84.51540900000009,"failureMessages":["TypeError: Cannot read properties of undefined (reading 'ɵcmp')\n    at getComponentDef (/home/runner/work/jasper-ui/jasper-ui/dist/test-out/20251022T171914093Z-a6e8f88a/node_modules/@angular/core/fesm2022/testing.mjs:1605:18)\n    at isStandaloneComponent (/home/runner/work/jasper-ui/jasper-ui/dist/test-out/20251022T171914093Z-a6e8f88a/node_modules/@angular/core/fesm2022/testing.mjs:1601:17)\n    at /home/runner/work/jasper-ui/jasper-ui/dist/test-out/20251022T171914093Z-a6e8f88a/node_modules/@angular/core/fesm2022/testing.mjs:1338:29\n    at Array.forEach (<anonymous>)\n    at queueTypesFromModulesArrayRecur (/home/runner/work/jasper-ui/jasper-ui/dist/test-out/20251022T171914093Z-a6e8f88a/node_modules/@angular/core/fesm2022/testing.mjs:1333:34)\n    at /home/runner/work/jasper-ui/jasper-ui/dist/test-out/20251022T171914093Z-a6e8f88a/node_modules/@angular/core/fesm2022/testing.mjs:1339:29\n    at Array.forEach (<anonymous>)\n    at queueTypesFromModulesArrayRecur (/home/runner/work/jasper-ui/jasper-ui/dist/test-out/20251022T171914093Z-a6e8f88a/node_modules/@angular/core/fesm2022/testing.mjs:1333:34)\n    at /home/runner/work/jasper-ui/jasper-ui/dist/test-out/20251022T171914093Z-a6e8f88a/node_modules/@angular/core/fesm2022/testing.mjs:1339:29\n    at Array.forEach (<anonymous>)"],"meta":{}}],"startTime":1761153607548,"endTime":1761153607632.5154,"status":"failed","message":"","name":"/home/runner/work/jasper-ui/jasper-ui/dist/test-out/20251022T171914093Z-a6e8f88a/spec-app-page-inbox-all-all.component.spec.js"},{"assertionResults":[{"ancestorTitles":["InboxDmsPage"],"fullName":"InboxDmsPage should create","status":"failed","title":"should create","duration":75.36808999999994,"failureMessages":["TypeError: Cannot read properties of undefined (reading 'ɵcmp')\n    at getComponentDef (/home/runner/work/jasper-ui/jasper-ui/dist/test-out/20251022T171914093Z-a6e8f88a/node_modules/@angular/core/fesm2022/testing.mjs:1605:18)\n    at isStandaloneComponent (/home/runner/work/jasper-ui/jasper-ui/dist/test-out/20251022T171914093Z-a6e8f88a/node_modules/@angular/core/fesm2022/testing.mjs:1601:17)\n    at /home/runner/work/jasper-ui/jasper-ui/dist/test-out/20251022T171914093Z-a6e8f88a/node_modules/@angular/core/fesm2022/testing.mjs:1338:29\n    at Array.forEach (<anonymous>)\n    at queueTypesFromModulesArrayRecur (/home/runner/work/jasper-ui/jasper-ui/dist/test-out/20251022T171914093Z-a6e8f88a/node_modules/@angular/core/fesm2022/testing.mjs:1333:34)\n    at /home/runner/work/jasper-ui/jasper-ui/dist/test-out/20251022T171914093Z-a6e8f88a/node_modules/@angular/core/fesm2022/testing.mjs:1339:29\n    at Array.forEach (<anonymous>)\n    at queueTypesFromModulesArrayRecur (/home/runner/work/jasper-ui/jasper-ui/dist/test-out/20251022T171914093Z-a6e8f88a/node_modules/@angular/core/fesm2022/testing.mjs:1333:34)\n    at /home/runner/work/jasper-ui/jasper-ui/dist/test-out/20251022T171914093Z-a6e8f88a/node_modules/@angular/core/fesm2022/testing.mjs:1339:29\n    at Array.forEach (<anonymous>)"],"meta":{}}],"startTime":1761153609413,"endTime":1761153609488.3682,"status":"failed","message":"","name":"/home/runner/work/jasper-ui/jasper-ui/dist/test-out/20251022T171914093Z-a6e8f88a/spec-app-page-inbox-dms-dms.component.spec.js"},{"assertionResults":[{"ancestorTitles":["InboxPage"],"fullName":"InboxPage should create","status":"failed","title":"should create","duration":85.86546099999987,"failureMessages":["TypeError: Cannot read properties of undefined (reading 'ɵcmp')\n    at getComponentDef (/home/runner/work/jasper-ui/jasper-ui/dist/test-out/20251022T171914093Z-a6e8f88a/node_modules/@angular/core/fesm2022/testing.mjs:1605:18)\n    at isStandaloneComponent (/home/runner/work/jasper-ui/jasper-ui/dist/test-out/20251022T171914093Z-a6e8f88a/node_modules/@angular/core/fesm2022/testing.mjs:1601:17)\n    at /home/runner/work/jasper-ui/jasper-ui/dist/test-out/20251022T171914093Z-a6e8f88a/node_modules/@angular/core/fesm2022/testing.mjs:1338:29\n    at Array.forEach (<anonymous>)\n    at queueTypesFromModulesArrayRecur (/home/runner/work/jasper-ui/jasper-ui/dist/test-out/20251022T171914093Z-a6e8f88a/node_modules/@angular/core/fesm2022/testing.mjs:1333:34)\n    at /home/runner/work/jasper-ui/jasper-ui/dist/test-out/20251022T171914093Z-a6e8f88a/node_modules/@angular/core/fesm2022/testing.mjs:1339:29\n    at Array.forEach (<anonymous>)\n    at queueTypesFromModulesArrayRecur (/home/runner/work/jasper-ui/jasper-ui/dist/test-out/20251022T171914093Z-a6e8f88a/node_modules/@angular/core/fesm2022/testing.mjs:1333:34)\n    at /home/runner/work/jasper-ui/jasper-ui/dist/test-out/20251022T171914093Z-a6e8f88a/node_modules/@angular/core/fesm2022/testing.mjs:1339:29\n    at Array.forEach (<anonymous>)"],"meta":{}}],"startTime":1761153591537,"endTime":1761153591622.8655,"status":"failed","message":"","name":"/home/runner/work/jasper-ui/jasper-ui/dist/test-out/20251022T171914093Z-a6e8f88a/spec-app-page-inbox-inbox.component.spec.js"},{"assertionResults":[{"ancestorTitles":["InboxModlistPage"],"fullName":"InboxModlistPage should create","status":"failed","title":"should create","duration":71.70429600000034,"failureMessages":["TypeError: Cannot read properties of undefined (reading 'ɵcmp')\n    at getComponentDef (/home/runner/work/jasper-ui/jasper-ui/dist/test-out/20251022T171914093Z-a6e8f88a/node_modules/@angular/core/fesm2022/testing.mjs:1605:18)\n    at isStandaloneComponent (/home/runner/work/jasper-ui/jasper-ui/dist/test-out/20251022T171914093Z-a6e8f88a/node_modules/@angular/core/fesm2022/testing.mjs:1601:17)\n    at /home/runner/work/jasper-ui/jasper-ui/dist/test-out/20251022T171914093Z-a6e8f88a/node_modules/@angular/core/fesm2022/testing.mjs:1338:29\n    at Array.forEach (<anonymous>)\n    at queueTypesFromModulesArrayRecur (/home/runner/work/jasper-ui/jasper-ui/dist/test-out/20251022T171914093Z-a6e8f88a/node_modules/@angular/core/fesm2022/testing.mjs:1333:34)\n    at /home/runner/work/jasper-ui/jasper-ui/dist/test-out/20251022T171914093Z-a6e8f88a/node_modules/@angular/core/fesm2022/testing.mjs:1339:29\n    at Array.forEach (<anonymous>)\n    at queueTypesFromModulesArrayRecur (/home/runner/work/jasper-ui/jasper-ui/dist/test-out/20251022T171914093Z-a6e8f88a/node_modules/@angular/core/fesm2022/testing.mjs:1333:34)\n    at /home/runner/work/jasper-ui/jasper-ui/dist/test-out/20251022T171914093Z-a6e8f88a/node_modules/@angular/core/fesm2022/testing.mjs:1339:29\n    at Array.forEach (<anonymous>)"],"meta":{}}],"startTime":1761153605173,"endTime":1761153605244.7043,"status":"failed","message":"","name":"/home/runner/work/jasper-ui/jasper-ui/dist/test-out/20251022T171914093Z-a6e8f88a/spec-app-page-inbox-modlist-modlist.component.spec.js"},{"assertionResults":[{"ancestorTitles":["InboxRefPage"],"fullName":"InboxRefPage should create","status":"failed","title":"should create","duration":70.08377900000005,"failureMessages":["TypeError: Cannot read properties of undefined (reading 'ɵcmp')\n    at getComponentDef (/home/runner/work/jasper-ui/jasper-ui/dist/test-out/20251022T171914093Z-a6e8f88a/node_modules/@angular/core/fesm2022/testing.mjs:1605:18)\n    at isStandaloneComponent (/home/runner/work/jasper-ui/jasper-ui/dist/test-out/20251022T171914093Z-a6e8f88a/node_modules/@angular/core/fesm2022/testing.mjs:1601:17)\n    at /home/runner/work/jasper-ui/jasper-ui/dist/test-out/20251022T171914093Z-a6e8f88a/node_modules/@angular/core/fesm2022/testing.mjs:1338:29\n    at Array.forEach (<anonymous>)\n    at queueTypesFromModulesArrayRecur (/home/runner/work/jasper-ui/jasper-ui/dist/test-out/20251022T171914093Z-a6e8f88a/node_modules/@angular/core/fesm2022/testing.mjs:1333:34)\n    at /home/runner/work/jasper-ui/jasper-ui/dist/test-out/20251022T171914093Z-a6e8f88a/node_modules/@angular/core/fesm2022/testing.mjs:1339:29\n    at Array.forEach (<anonymous>)\n    at queueTypesFromModulesArrayRecur (/home/runner/work/jasper-ui/jasper-ui/dist/test-out/20251022T171914093Z-a6e8f88a/node_modules/@angular/core/fesm2022/testing.mjs:1333:34)\n    at /home/runner/work/jasper-ui/jasper-ui/dist/test-out/20251022T171914093Z-a6e8f88a/node_modules/@angular/core/fesm2022/testing.mjs:1339:29\n    at Array.forEach (<anonymous>)"],"meta":{}}],"startTime":1761153600099,"endTime":1761153600169.0837,"status":"failed","message":"","name":"/home/runner/work/jasper-ui/jasper-ui/dist/test-out/20251022T171914093Z-a6e8f88a/spec-app-page-inbox-ref-ref.component.spec.js"},{"assertionResults":[{"ancestorTitles":["InboxReportsPage"],"fullName":"InboxReportsPage should create","status":"failed","title":"should create","duration":76.35086199999978,"failureMessages":["TypeError: Cannot read properties of undefined (reading 'ɵcmp')\n    at getComponentDef (/home/runner/work/jasper-ui/jasper-ui/dist/test-out/20251022T171914093Z-a6e8f88a/node_modules/@angular/core/fesm2022/testing.mjs:1605:18)\n    at isStandaloneComponent (/home/runner/work/jasper-ui/jasper-ui/dist/test-out/20251022T171914093Z-a6e8f88a/node_modules/@angular/core/fesm2022/testing.mjs:1601:17)\n    at /home/runner/work/jasper-ui/jasper-ui/dist/test-out/20251022T171914093Z-a6e8f88a/node_modules/@angular/core/fesm2022/testing.mjs:1338:29\n    at Array.forEach (<anonymous>)\n    at queueTypesFromModulesArrayRecur (/home/runner/work/jasper-ui/jasper-ui/dist/test-out/20251022T171914093Z-a6e8f88a/node_modules/@angular/core/fesm2022/testing.mjs:1333:34)\n    at /home/runner/work/jasper-ui/jasper-ui/dist/test-out/20251022T171914093Z-a6e8f88a/node_modules/@angular/core/fesm2022/testing.mjs:1339:29\n    at Array.forEach (<anonymous>)\n    at queueTypesFromModulesArrayRecur (/home/runner/work/jasper-ui/jasper-ui/dist/test-out/20251022T171914093Z-a6e8f88a/node_modules/@angular/core/fesm2022/testing.mjs:1333:34)\n    at /home/runner/work/jasper-ui/jasper-ui/dist/test-out/20251022T171914093Z-a6e8f88a/node_modules/@angular/core/fesm2022/testing.mjs:1339:29\n    at Array.forEach (<anonymous>)"],"meta":{}}],"startTime":1761153607206,"endTime":1761153607282.3508,"status":"failed","message":"","name":"/home/runner/work/jasper-ui/jasper-ui/dist/test-out/20251022T171914093Z-a6e8f88a/spec-app-page-inbox-reports-reports.component.spec.js"},{"assertionResults":[{"ancestorTitles":["InboxSentPage"],"fullName":"InboxSentPage should create","status":"failed","title":"should create","duration":94.54925200000025,"failureMessages":["TypeError: Cannot read properties of undefined (reading 'ɵcmp')\n    at getComponentDef (/home/runner/work/jasper-ui/jasper-ui/dist/test-out/20251022T171914093Z-a6e8f88a/node_modules/@angular/core/fesm2022/testing.mjs:1605:18)\n    at isStandaloneComponent (/home/runner/work/jasper-ui/jasper-ui/dist/test-out/20251022T171914093Z-a6e8f88a/node_modules/@angular/core/fesm2022/testing.mjs:1601:17)\n    at /home/runner/work/jasper-ui/jasper-ui/dist/test-out/20251022T171914093Z-a6e8f88a/node_modules/@angular/core/fesm2022/testing.mjs:1338:29\n    at Array.forEach (<anonymous>)\n    at queueTypesFromModulesArrayRecur (/home/runner/work/jasper-ui/jasper-ui/dist/test-out/20251022T171914093Z-a6e8f88a/node_modules/@angular/core/fesm2022/testing.mjs:1333:34)\n    at /home/runner/work/jasper-ui/jasper-ui/dist/test-out/20251022T171914093Z-a6e8f88a/node_modules/@angular/core/fesm2022/testing.mjs:1339:29\n    at Array.forEach (<anonymous>)\n    at queueTypesFromModulesArrayRecur (/home/runner/work/jasper-ui/jasper-ui/dist/test-out/20251022T171914093Z-a6e8f88a/node_modules/@angular/core/fesm2022/testing.mjs:1333:34)\n    at /home/runner/work/jasper-ui/jasper-ui/dist/test-out/20251022T171914093Z-a6e8f88a/node_modules/@angular/core/fesm2022/testing.mjs:1339:29\n    at Array.forEach (<anonymous>)"],"meta":{}}],"startTime":1761153609796,"endTime":1761153609890.5493,"status":"failed","message":"","name":"/home/runner/work/jasper-ui/jasper-ui/dist/test-out/20251022T171914093Z-a6e8f88a/spec-app-page-inbox-sent-sent.component.spec.js"},{"assertionResults":[{"ancestorTitles":["InboxUnreadPage"],"fullName":"InboxUnreadPage should create","status":"failed","title":"should create","duration":105.19626299999982,"failureMessages":["TypeError: Cannot read properties of undefined (reading 'ɵcmp')\n    at getComponentDef (/home/runner/work/jasper-ui/jasper-ui/dist/test-out/20251022T171914093Z-a6e8f88a/node_modules/@angular/core/fesm2022/testing.mjs:1605:18)\n    at isStandaloneComponent (/home/runner/work/jasper-ui/jasper-ui/dist/test-out/20251022T171914093Z-a6e8f88a/node_modules/@angular/core/fesm2022/testing.mjs:1601:17)\n    at /home/runner/work/jasper-ui/jasper-ui/dist/test-out/20251022T171914093Z-a6e8f88a/node_modules/@angular/core/fesm2022/testing.mjs:1338:29\n    at Array.forEach (<anonymous>)\n    at queueTypesFromModulesArrayRecur (/home/runner/work/jasper-ui/jasper-ui/dist/test-out/20251022T171914093Z-a6e8f88a/node_modules/@angular/core/fesm2022/testing.mjs:1333:34)\n    at /home/runner/work/jasper-ui/jasper-ui/dist/test-out/20251022T171914093Z-a6e8f88a/node_modules/@angular/core/fesm2022/testing.mjs:1339:29\n    at Array.forEach (<anonymous>)\n    at queueTypesFromModulesArrayRecur (/home/runner/work/jasper-ui/jasper-ui/dist/test-out/20251022T171914093Z-a6e8f88a/node_modules/@angular/core/fesm2022/testing.mjs:1333:34)\n    at /home/runner/work/jasper-ui/jasper-ui/dist/test-out/20251022T171914093Z-a6e8f88a/node_modules/@angular/core/fesm2022/testing.mjs:1339:29\n    at Array.forEach (<anonymous>)"],"meta":{}}],"startTime":1761153602382,"endTime":1761153602487.1963,"status":"failed","message":"","name":"/home/runner/work/jasper-ui/jasper-ui/dist/test-out/20251022T171914093Z-a6e8f88a/spec-app-page-inbox-unread-unread.component.spec.js"},{"assertionResults":[{"ancestorTitles":["LoginPage"],"fullName":"LoginPage should create","status":"passed","title":"should create","duration":71.98816600000009,"failureMessages":[],"meta":{}}],"startTime":1761153648430,"endTime":1761153648501.9883,"status":"passed","message":"","name":"/home/runner/work/jasper-ui/jasper-ui/dist/test-out/20251022T171914093Z-a6e8f88a/spec-app-page-login-login.component.spec.js"},{"assertionResults":[{"ancestorTitles":["AltsComponent"],"fullName":"AltsComponent should create","status":"failed","title":"should create","duration":82.23614700000007,"failureMessages":["TypeError: Cannot read properties of undefined (reading 'ɵcmp')\n    at getComponentDef (/home/runner/work/jasper-ui/jasper-ui/dist/test-out/20251022T171914093Z-a6e8f88a/node_modules/@angular/core/fesm2022/testing.mjs:1605:18)\n    at isStandaloneComponent (/home/runner/work/jasper-ui/jasper-ui/dist/test-out/20251022T171914093Z-a6e8f88a/node_modules/@angular/core/fesm2022/testing.mjs:1601:17)\n    at /home/runner/work/jasper-ui/jasper-ui/dist/test-out/20251022T171914093Z-a6e8f88a/node_modules/@angular/core/fesm2022/testing.mjs:1338:29\n    at Array.forEach (<anonymous>)\n    at queueTypesFromModulesArrayRecur (/home/runner/work/jasper-ui/jasper-ui/dist/test-out/20251022T171914093Z-a6e8f88a/node_modules/@angular/core/fesm2022/testing.mjs:1333:34)\n    at /home/runner/work/jasper-ui/jasper-ui/dist/test-out/20251022T171914093Z-a6e8f88a/node_modules/@angular/core/fesm2022/testing.mjs:1339:29\n    at Array.forEach (<anonymous>)\n    at queueTypesFromModulesArrayRecur (/home/runner/work/jasper-ui/jasper-ui/dist/test-out/20251022T171914093Z-a6e8f88a/node_modules/@angular/core/fesm2022/testing.mjs:1333:34)\n    at /home/runner/work/jasper-ui/jasper-ui/dist/test-out/20251022T171914093Z-a6e8f88a/node_modules/@angular/core/fesm2022/testing.mjs:1339:29\n    at Array.forEach (<anonymous>)"],"meta":{}}],"startTime":1761153600899,"endTime":1761153600981.236,"status":"failed","message":"","name":"/home/runner/work/jasper-ui/jasper-ui/dist/test-out/20251022T171914093Z-a6e8f88a/spec-app-page-ref-alts-alts.component.spec.js"},{"assertionResults":[{"ancestorTitles":["RefCommentsComponent"],"fullName":"RefCommentsComponent should create","status":"failed","title":"should create","duration":72.46771199999966,"failureMessages":["TypeError: Cannot read properties of undefined (reading 'ɵcmp')\n    at getComponentDef (/home/runner/work/jasper-ui/jasper-ui/dist/test-out/20251022T171914093Z-a6e8f88a/node_modules/@angular/core/fesm2022/testing.mjs:1605:18)\n    at isStandaloneComponent (/home/runner/work/jasper-ui/jasper-ui/dist/test-out/20251022T171914093Z-a6e8f88a/node_modules/@angular/core/fesm2022/testing.mjs:1601:17)\n    at /home/runner/work/jasper-ui/jasper-ui/dist/test-out/20251022T171914093Z-a6e8f88a/node_modules/@angular/core/fesm2022/testing.mjs:1338:29\n    at Array.forEach (<anonymous>)\n    at queueTypesFromModulesArrayRecur (/home/runner/work/jasper-ui/jasper-ui/dist/test-out/20251022T171914093Z-a6e8f88a/node_modules/@angular/core/fesm2022/testing.mjs:1333:34)\n    at /home/runner/work/jasper-ui/jasper-ui/dist/test-out/20251022T171914093Z-a6e8f88a/node_modules/@angular/core/fesm2022/testing.mjs:1339:29\n    at Array.forEach (<anonymous>)\n    at queueTypesFromModulesArrayRecur (/home/runner/work/jasper-ui/jasper-ui/dist/test-out/20251022T171914093Z-a6e8f88a/node_modules/@angular/core/fesm2022/testing.mjs:1333:34)\n    at TestBedCompiler.queueTypesFromModulesArray (/home/runner/work/jasper-ui/jasper-ui/dist/test-out/20251022T171914093Z-a6e8f88a/node_modules/@angular/core/fesm2022/testing.mjs:1348:9)\n    at TestBedCompiler.configureTestingModule (/home/runner/work/jasper-ui/jasper-ui/dist/test-out/20251022T171914093Z-a6e8f88a/node_modules/@angular/core/fesm2022/testing.mjs:856:18)"],"meta":{}}],"startTime":1761153595139,"endTime":1761153595211.4678,"status":"failed","message":"","name":"/home/runner/work/jasper-ui/jasper-ui/dist/test-out/20251022T171914093Z-a6e8f88a/spec-app-page-ref-comments-comments.component.spec.js"},{"assertionResults":[{"ancestorTitles":["RefErrorsComponent"],"fullName":"RefErrorsComponent should create","status":"failed","title":"should create","duration":68.45980399999962,"failureMessages":["TypeError: Cannot read properties of undefined (reading 'ɵcmp')\n    at getComponentDef (/home/runner/work/jasper-ui/jasper-ui/dist/test-out/20251022T171914093Z-a6e8f88a/node_modules/@angular/core/fesm2022/testing.mjs:1605:18)\n    at isStandaloneComponent (/home/runner/work/jasper-ui/jasper-ui/dist/test-out/20251022T171914093Z-a6e8f88a/node_modules/@angular/core/fesm2022/testing.mjs:1601:17)\n    at /home/runner/work/jasper-ui/jasper-ui/dist/test-out/20251022T171914093Z-a6e8f88a/node_modules/@angular/core/fesm2022/testing.mjs:1338:29\n    at Array.forEach (<anonymous>)\n    at queueTypesFromModulesArrayRecur (/home/runner/work/jasper-ui/jasper-ui/dist/test-out/20251022T171914093Z-a6e8f88a/node_modules/@angular/core/fesm2022/testing.mjs:1333:34)\n    at /home/runner/work/jasper-ui/jasper-ui/dist/test-out/20251022T171914093Z-a6e8f88a/node_modules/@angular/core/fesm2022/testing.mjs:1339:29\n    at Array.forEach (<anonymous>)\n    at queueTypesFromModulesArrayRecur (/home/runner/work/jasper-ui/jasper-ui/dist/test-out/20251022T171914093Z-a6e8f88a/node_modules/@angular/core/fesm2022/testing.mjs:1333:34)\n    at /home/runner/work/jasper-ui/jasper-ui/dist/test-out/20251022T171914093Z-a6e8f88a/node_modules/@angular/core/fesm2022/testing.mjs:1339:29\n    at Array.forEach (<anonymous>)"],"meta":{}}],"startTime":1761153598644,"endTime":1761153598712.4597,"status":"failed","message":"","name":"/home/runner/work/jasper-ui/jasper-ui/dist/test-out/20251022T171914093Z-a6e8f88a/spec-app-page-ref-errors-errors.component.spec.js"},{"assertionResults":[{"ancestorTitles":["RefPage"],"fullName":"RefPage should create","status":"failed","title":"should create","duration":91.50994499999979,"failureMessages":["TypeError: Cannot read properties of undefined (reading 'ɵcmp')\n    at getComponentDef (/home/runner/work/jasper-ui/jasper-ui/dist/test-out/20251022T171914093Z-a6e8f88a/node_modules/@angular/core/fesm2022/testing.mjs:1605:18)\n    at isStandaloneComponent (/home/runner/work/jasper-ui/jasper-ui/dist/test-out/20251022T171914093Z-a6e8f88a/node_modules/@angular/core/fesm2022/testing.mjs:1601:17)\n    at /home/runner/work/jasper-ui/jasper-ui/dist/test-out/20251022T171914093Z-a6e8f88a/node_modules/@angular/core/fesm2022/testing.mjs:1338:29\n    at Array.forEach (<anonymous>)\n    at queueTypesFromModulesArrayRecur (/home/runner/work/jasper-ui/jasper-ui/dist/test-out/20251022T171914093Z-a6e8f88a/node_modules/@angular/core/fesm2022/testing.mjs:1333:34)\n    at /home/runner/work/jasper-ui/jasper-ui/dist/test-out/20251022T171914093Z-a6e8f88a/node_modules/@angular/core/fesm2022/testing.mjs:1339:29\n    at Array.forEach (<anonymous>)\n    at queueTypesFromModulesArrayRecur (/home/runner/work/jasper-ui/jasper-ui/dist/test-out/20251022T171914093Z-a6e8f88a/node_modules/@angular/core/fesm2022/testing.mjs:1333:34)\n    at /home/runner/work/jasper-ui/jasper-ui/dist/test-out/20251022T171914093Z-a6e8f88a/node_modules/@angular/core/fesm2022/testing.mjs:1339:29\n    at Array.forEach (<anonymous>)"],"meta":{}}],"startTime":1761153579962,"endTime":1761153580053.51,"status":"failed","message":"","name":"/home/runner/work/jasper-ui/jasper-ui/dist/test-out/20251022T171914093Z-a6e8f88a/spec-app-page-ref-ref.component.spec.js"},{"assertionResults":[{"ancestorTitles":["RefResponsesComponent"],"fullName":"RefResponsesComponent should create","status":"failed","title":"should create","duration":88.85464000000002,"failureMessages":["TypeError: Cannot read properties of undefined (reading 'ɵcmp')\n    at getComponentDef (/home/runner/work/jasper-ui/jasper-ui/dist/test-out/20251022T171914093Z-a6e8f88a/node_modules/@angular/core/fesm2022/testing.mjs:1605:18)\n    at isStandaloneComponent (/home/runner/work/jasper-ui/jasper-ui/dist/test-out/20251022T171914093Z-a6e8f88a/node_modules/@angular/core/fesm2022/testing.mjs:1601:17)\n    at /home/runner/work/jasper-ui/jasper-ui/dist/test-out/20251022T171914093Z-a6e8f88a/node_modules/@angular/core/fesm2022/testing.mjs:1338:29\n    at Array.forEach (<anonymous>)\n    at queueTypesFromModulesArrayRecur (/home/runner/work/jasper-ui/jasper-ui/dist/test-out/20251022T171914093Z-a6e8f88a/node_modules/@angular/core/fesm2022/testing.mjs:1333:34)\n    at /home/runner/work/jasper-ui/jasper-ui/dist/test-out/20251022T171914093Z-a6e8f88a/node_modules/@angular/core/fesm2022/testing.mjs:1339:29\n    at Array.forEach (<anonymous>)\n    at queueTypesFromModulesArrayRecur (/home/runner/work/jasper-ui/jasper-ui/dist/test-out/20251022T171914093Z-a6e8f88a/node_modules/@angular/core/fesm2022/testing.mjs:1333:34)\n    at /home/runner/work/jasper-ui/jasper-ui/dist/test-out/20251022T171914093Z-a6e8f88a/node_modules/@angular/core/fesm2022/testing.mjs:1339:29\n    at Array.forEach (<anonymous>)"],"meta":{}}],"startTime":1761153604985,"endTime":1761153605073.8547,"status":"failed","message":"","name":"/home/runner/work/jasper-ui/jasper-ui/dist/test-out/20251022T171914093Z-a6e8f88a/spec-app-page-ref-responses-responses.component.spec.js"},{"assertionResults":[{"ancestorTitles":["RefSourcesComponent"],"fullName":"RefSourcesComponent should create","status":"failed","title":"should create","duration":118.98305699999992,"failureMessages":["TypeError: Cannot read properties of undefined (reading 'ɵcmp')\n    at getComponentDef (/home/runner/work/jasper-ui/jasper-ui/dist/test-out/20251022T171914093Z-a6e8f88a/node_modules/@angular/core/fesm2022/testing.mjs:1605:18)\n    at isStandaloneComponent (/home/runner/work/jasper-ui/jasper-ui/dist/test-out/20251022T171914093Z-a6e8f88a/node_modules/@angular/core/fesm2022/testing.mjs:1601:17)\n    at /home/runner/work/jasper-ui/jasper-ui/dist/test-out/20251022T171914093Z-a6e8f88a/node_modules/@angular/core/fesm2022/testing.mjs:1338:29\n    at Array.forEach (<anonymous>)\n    at queueTypesFromModulesArrayRecur (/home/runner/work/jasper-ui/jasper-ui/dist/test-out/20251022T171914093Z-a6e8f88a/node_modules/@angular/core/fesm2022/testing.mjs:1333:34)\n    at /home/runner/work/jasper-ui/jasper-ui/dist/test-out/20251022T171914093Z-a6e8f88a/node_modules/@angular/core/fesm2022/testing.mjs:1339:29\n    at Array.forEach (<anonymous>)\n    at queueTypesFromModulesArrayRecur (/home/runner/work/jasper-ui/jasper-ui/dist/test-out/20251022T171914093Z-a6e8f88a/node_modules/@angular/core/fesm2022/testing.mjs:1333:34)\n    at /home/runner/work/jasper-ui/jasper-ui/dist/test-out/20251022T171914093Z-a6e8f88a/node_modules/@angular/core/fesm2022/testing.mjs:1339:29\n    at Array.forEach (<anonymous>)"],"meta":{}}],"startTime":1761153601405,"endTime":1761153601523.9832,"status":"failed","message":"","name":"/home/runner/work/jasper-ui/jasper-ui/dist/test-out/20251022T171914093Z-a6e8f88a/spec-app-page-ref-sources-sources.component.spec.js"},{"assertionResults":[{"ancestorTitles":["RefSummaryComponent"],"fullName":"RefSummaryComponent should create","status":"failed","title":"should create","duration":88.45227400000022,"failureMessages":["TypeError: Cannot read properties of undefined (reading 'ɵcmp')\n    at getComponentDef (/home/runner/work/jasper-ui/jasper-ui/dist/test-out/20251022T171914093Z-a6e8f88a/node_modules/@angular/core/fesm2022/testing.mjs:1605:18)\n    at isStandaloneComponent (/home/runner/work/jasper-ui/jasper-ui/dist/test-out/20251022T171914093Z-a6e8f88a/node_modules/@angular/core/fesm2022/testing.mjs:1601:17)\n    at /home/runner/work/jasper-ui/jasper-ui/dist/test-out/20251022T171914093Z-a6e8f88a/node_modules/@angular/core/fesm2022/testing.mjs:1338:29\n    at Array.forEach (<anonymous>)\n    at queueTypesFromModulesArrayRecur (/home/runner/work/jasper-ui/jasper-ui/dist/test-out/20251022T171914093Z-a6e8f88a/node_modules/@angular/core/fesm2022/testing.mjs:1333:34)\n    at /home/runner/work/jasper-ui/jasper-ui/dist/test-out/20251022T171914093Z-a6e8f88a/node_modules/@angular/core/fesm2022/testing.mjs:1339:29\n    at Array.forEach (<anonymous>)\n    at queueTypesFromModulesArrayRecur (/home/runner/work/jasper-ui/jasper-ui/dist/test-out/20251022T171914093Z-a6e8f88a/node_modules/@angular/core/fesm2022/testing.mjs:1333:34)\n    at /home/runner/work/jasper-ui/jasper-ui/dist/test-out/20251022T171914093Z-a6e8f88a/node_modules/@angular/core/fesm2022/testing.mjs:1339:29\n    at Array.forEach (<anonymous>)"],"meta":{}}],"startTime":1761153589159,"endTime":1761153589247.4524,"status":"failed","message":"","name":"/home/runner/work/jasper-ui/jasper-ui/dist/test-out/20251022T171914093Z-a6e8f88a/spec-app-page-ref-summary-summary.component.spec.js"},{"assertionResults":[{"ancestorTitles":["RefThreadComponent"],"fullName":"RefThreadComponent should create","status":"failed","title":"should create","duration":89.73489400000017,"failureMessages":["TypeError: Cannot read properties of undefined (reading 'ɵcmp')\n    at getComponentDef (/home/runner/work/jasper-ui/jasper-ui/dist/test-out/20251022T171914093Z-a6e8f88a/node_modules/@angular/core/fesm2022/testing.mjs:1605:18)\n    at isStandaloneComponent (/home/runner/work/jasper-ui/jasper-ui/dist/test-out/20251022T171914093Z-a6e8f88a/node_modules/@angular/core/fesm2022/testing.mjs:1601:17)\n    at /home/runner/work/jasper-ui/jasper-ui/dist/test-out/20251022T171914093Z-a6e8f88a/node_modules/@angular/core/fesm2022/testing.mjs:1338:29\n    at Array.forEach (<anonymous>)\n    at queueTypesFromModulesArrayRecur (/home/runner/work/jasper-ui/jasper-ui/dist/test-out/20251022T171914093Z-a6e8f88a/node_modules/@angular/core/fesm2022/testing.mjs:1333:34)\n    at /home/runner/work/jasper-ui/jasper-ui/dist/test-out/20251022T171914093Z-a6e8f88a/node_modules/@angular/core/fesm2022/testing.mjs:1339:29\n    at Array.forEach (<anonymous>)\n    at queueTypesFromModulesArrayRecur (/home/runner/work/jasper-ui/jasper-ui/dist/test-out/20251022T171914093Z-a6e8f88a/node_modules/@angular/core/fesm2022/testing.mjs:1333:34)\n    at /home/runner/work/jasper-ui/jasper-ui/dist/test-out/20251022T171914093Z-a6e8f88a/node_modules/@angular/core/fesm2022/testing.mjs:1339:29\n    at Array.forEach (<anonymous>)"],"meta":{}}],"startTime":1761153593906,"endTime":1761153593995.7349,"status":"failed","message":"","name":"/home/runner/work/jasper-ui/jasper-ui/dist/test-out/20251022T171914093Z-a6e8f88a/spec-app-page-ref-thread-thread.component.spec.js"},{"assertionResults":[{"ancestorTitles":["RefVersionsComponent"],"fullName":"RefVersionsComponent should create","status":"failed","title":"should create","duration":76.77377999999999,"failureMessages":["TypeError: Cannot read properties of undefined (reading 'ɵcmp')\n    at getComponentDef (/home/runner/work/jasper-ui/jasper-ui/dist/test-out/20251022T171914093Z-a6e8f88a/node_modules/@angular/core/fesm2022/testing.mjs:1605:18)\n    at isStandaloneComponent (/home/runner/work/jasper-ui/jasper-ui/dist/test-out/20251022T171914093Z-a6e8f88a/node_modules/@angular/core/fesm2022/testing.mjs:1601:17)\n    at /home/runner/work/jasper-ui/jasper-ui/dist/test-out/20251022T171914093Z-a6e8f88a/node_modules/@angular/core/fesm2022/testing.mjs:1338:29\n    at Array.forEach (<anonymous>)\n    at queueTypesFromModulesArrayRecur (/home/runner/work/jasper-ui/jasper-ui/dist/test-out/20251022T171914093Z-a6e8f88a/node_modules/@angular/core/fesm2022/testing.mjs:1333:34)\n    at /home/runner/work/jasper-ui/jasper-ui/dist/test-out/20251022T171914093Z-a6e8f88a/node_modules/@angular/core/fesm2022/testing.mjs:1339:29\n    at Array.forEach (<anonymous>)\n    at queueTypesFromModulesArrayRecur (/home/runner/work/jasper-ui/jasper-ui/dist/test-out/20251022T171914093Z-a6e8f88a/node_modules/@angular/core/fesm2022/testing.mjs:1333:34)\n    at /home/runner/work/jasper-ui/jasper-ui/dist/test-out/20251022T171914093Z-a6e8f88a/node_modules/@angular/core/fesm2022/testing.mjs:1339:29\n    at Array.forEach (<anonymous>)"],"meta":{}}],"startTime":1761153607379,"endTime":1761153607455.7737,"status":"failed","message":"","name":"/home/runner/work/jasper-ui/jasper-ui/dist/test-out/20251022T171914093Z-a6e8f88a/spec-app-page-ref-versions-versions.component.spec.js"},{"assertionResults":[{"ancestorTitles":["SettingsBackupPage"],"fullName":"SettingsBackupPage should create","status":"failed","title":"should create","duration":208.026167,"failureMessages":["TypeError: Cannot read properties of undefined (reading 'supports')\n    at new _ModService (/home/runner/work/jasper-ui/jasper-ui/dist/test-out/20251022T171914093Z-a6e8f88a/src/app/service/mod.service.ts:19:17)\n    at Object.ModService_Factory [as factory] (/home/runner/work/jasper-ui/jasper-ui/dist/test-out/20251022T171914093Z-a6e8f88a/chunk-2AZAYSYR.js:529:14)\n    at /home/runner/work/jasper-ui/jasper-ui/dist/test-out/20251022T171914093Z-a6e8f88a/node_modules/@angular/core/fesm2022/root_effect_scheduler.mjs:2187:47\n    at runInInjectorProfilerContext (/home/runner/work/jasper-ui/jasper-ui/dist/test-out/20251022T171914093Z-a6e8f88a/node_modules/@angular/core/fesm2022/root_effect_scheduler.mjs:746:9)\n    at R3Injector.hydrate (/home/runner/work/jasper-ui/jasper-ui/dist/test-out/20251022T171914093Z-a6e8f88a/node_modules/@angular/core/fesm2022/root_effect_scheduler.mjs:2185:21)\n    at R3Injector.get (/home/runner/work/jasper-ui/jasper-ui/dist/test-out/20251022T171914093Z-a6e8f88a/node_modules/@angular/core/fesm2022/root_effect_scheduler.mjs:2033:33)\n    at R3Injector.get (/home/runner/work/jasper-ui/jasper-ui/dist/test-out/20251022T171914093Z-a6e8f88a/node_modules/@angular/core/fesm2022/root_effect_scheduler.mjs:2045:33)\n    at ChainedInjector.get (/home/runner/work/jasper-ui/jasper-ui/dist/test-out/20251022T171914093Z-a6e8f88a/node_modules/@angular/core/fesm2022/debug_node.mjs:13404:36)\n    at lookupTokenUsingModuleInjector (/home/runner/work/jasper-ui/jasper-ui/dist/test-out/20251022T171914093Z-a6e8f88a/node_modules/@angular/core/fesm2022/debug_node.mjs:1718:39)\n    at getOrCreateInjectable (/home/runner/work/jasper-ui/jasper-ui/dist/test-out/20251022T171914093Z-a6e8f88a/node_modules/@angular/core/fesm2022/debug_node.mjs:1766:12)"],"meta":{}}],"startTime":1761153582030,"endTime":1761153582238.0261,"status":"failed","message":"","name":"/home/runner/work/jasper-ui/jasper-ui/dist/test-out/20251022T171914093Z-a6e8f88a/spec-app-page-settings-backup-backup.component.spec.js"},{"assertionResults":[{"ancestorTitles":["SettingsMePage"],"fullName":"SettingsMePage should create","status":"failed","title":"should create","duration":112.7917910000001,"failureMessages":["TypeError: Cannot read properties of undefined (reading 'ɵcmp')\n    at getComponentDef (/home/runner/work/jasper-ui/jasper-ui/dist/test-out/20251022T171914093Z-a6e8f88a/node_modules/@angular/core/fesm2022/testing.mjs:1605:18)\n    at isStandaloneComponent (/home/runner/work/jasper-ui/jasper-ui/dist/test-out/20251022T171914093Z-a6e8f88a/node_modules/@angular/core/fesm2022/testing.mjs:1601:17)\n    at /home/runner/work/jasper-ui/jasper-ui/dist/test-out/20251022T171914093Z-a6e8f88a/node_modules/@angular/core/fesm2022/testing.mjs:1338:29\n    at Array.forEach (<anonymous>)\n    at queueTypesFromModulesArrayRecur (/home/runner/work/jasper-ui/jasper-ui/dist/test-out/20251022T171914093Z-a6e8f88a/node_modules/@angular/core/fesm2022/testing.mjs:1333:34)\n    at /home/runner/work/jasper-ui/jasper-ui/dist/test-out/20251022T171914093Z-a6e8f88a/node_modules/@angular/core/fesm2022/testing.mjs:1339:29\n    at Array.forEach (<anonymous>)\n    at queueTypesFromModulesArrayRecur (/home/runner/work/jasper-ui/jasper-ui/dist/test-out/20251022T171914093Z-a6e8f88a/node_modules/@angular/core/fesm2022/testing.mjs:1333:34)\n    at /home/runner/work/jasper-ui/jasper-ui/dist/test-out/20251022T171914093Z-a6e8f88a/node_modules/@angular/core/fesm2022/testing.mjs:1339:29\n    at Array.forEach (<anonymous>)"],"meta":{}}],"startTime":1761153596369,"endTime":1761153596481.7917,"status":"failed","message":"","name":"/home/runner/work/jasper-ui/jasper-ui/dist/test-out/20251022T171914093Z-a6e8f88a/spec-app-page-settings-me-me.component.spec.js"},{"assertionResults":[{"ancestorTitles":["SettingsPasswordPage"],"fullName":"SettingsPasswordPage should create","status":"passed","title":"should create","duration":102.33336800000006,"failureMessages":[],"meta":{}}],"startTime":1761153602656,"endTime":1761153602758.3333,"status":"passed","message":"","name":"/home/runner/work/jasper-ui/jasper-ui/dist/test-out/20251022T171914093Z-a6e8f88a/spec-app-page-settings-password-password.component.spec.js"},{"assertionResults":[{"ancestorTitles":["SettingsPluginPage"],"fullName":"SettingsPluginPage should create","status":"failed","title":"should create","duration":165.70326799999998,"failureMessages":["TypeError: Cannot read properties of undefined (reading 'supports')\n    at new _ModService (/home/runner/work/jasper-ui/jasper-ui/dist/test-out/20251022T171914093Z-a6e8f88a/src/app/service/mod.service.ts:19:17)\n    at Object.ModService_Factory [as factory] (/home/runner/work/jasper-ui/jasper-ui/dist/test-out/20251022T171914093Z-a6e8f88a/chunk-2AZAYSYR.js:529:14)\n    at /home/runner/work/jasper-ui/jasper-ui/dist/test-out/20251022T171914093Z-a6e8f88a/node_modules/@angular/core/fesm2022/root_effect_scheduler.mjs:2187:47\n    at runInInjectorProfilerContext (/home/runner/work/jasper-ui/jasper-ui/dist/test-out/20251022T171914093Z-a6e8f88a/node_modules/@angular/core/fesm2022/root_effect_scheduler.mjs:746:9)\n    at R3Injector.hydrate (/home/runner/work/jasper-ui/jasper-ui/dist/test-out/20251022T171914093Z-a6e8f88a/node_modules/@angular/core/fesm2022/root_effect_scheduler.mjs:2185:21)\n    at R3Injector.get (/home/runner/work/jasper-ui/jasper-ui/dist/test-out/20251022T171914093Z-a6e8f88a/node_modules/@angular/core/fesm2022/root_effect_scheduler.mjs:2033:33)\n    at R3Injector.get (/home/runner/work/jasper-ui/jasper-ui/dist/test-out/20251022T171914093Z-a6e8f88a/node_modules/@angular/core/fesm2022/root_effect_scheduler.mjs:2045:33)\n    at ChainedInjector.get (/home/runner/work/jasper-ui/jasper-ui/dist/test-out/20251022T171914093Z-a6e8f88a/node_modules/@angular/core/fesm2022/debug_node.mjs:13404:36)\n    at lookupTokenUsingModuleInjector (/home/runner/work/jasper-ui/jasper-ui/dist/test-out/20251022T171914093Z-a6e8f88a/node_modules/@angular/core/fesm2022/debug_node.mjs:1718:39)\n    at getOrCreateInjectable (/home/runner/work/jasper-ui/jasper-ui/dist/test-out/20251022T171914093Z-a6e8f88a/node_modules/@angular/core/fesm2022/debug_node.mjs:1766:12)"],"meta":{}}],"startTime":1761153597149,"endTime":1761153597314.7034,"status":"failed","message":"","name":"/home/runner/work/jasper-ui/jasper-ui/dist/test-out/20251022T171914093Z-a6e8f88a/spec-app-page-settings-plugin-plugin.component.spec.js"},{"assertionResults":[{"ancestorTitles":["SettingsRefPage"],"fullName":"SettingsRefPage should create","status":"failed","title":"should create","duration":66.6221230000001,"failureMessages":["TypeError: Cannot read properties of undefined (reading 'ɵcmp')\n    at getComponentDef (/home/runner/work/jasper-ui/jasper-ui/dist/test-out/20251022T171914093Z-a6e8f88a/node_modules/@angular/core/fesm2022/testing.mjs:1605:18)\n    at isStandaloneComponent (/home/runner/work/jasper-ui/jasper-ui/dist/test-out/20251022T171914093Z-a6e8f88a/node_modules/@angular/core/fesm2022/testing.mjs:1601:17)\n    at /home/runner/work/jasper-ui/jasper-ui/dist/test-out/20251022T171914093Z-a6e8f88a/node_modules/@angular/core/fesm2022/testing.mjs:1338:29\n    at Array.forEach (<anonymous>)\n    at queueTypesFromModulesArrayRecur (/home/runner/work/jasper-ui/jasper-ui/dist/test-out/20251022T171914093Z-a6e8f88a/node_modules/@angular/core/fesm2022/testing.mjs:1333:34)\n    at /home/runner/work/jasper-ui/jasper-ui/dist/test-out/20251022T171914093Z-a6e8f88a/node_modules/@angular/core/fesm2022/testing.mjs:1339:29\n    at Array.forEach (<anonymous>)\n    at queueTypesFromModulesArrayRecur (/home/runner/work/jasper-ui/jasper-ui/dist/test-out/20251022T171914093Z-a6e8f88a/node_modules/@angular/core/fesm2022/testing.mjs:1333:34)\n    at /home/runner/work/jasper-ui/jasper-ui/dist/test-out/20251022T171914093Z-a6e8f88a/node_modules/@angular/core/fesm2022/testing.mjs:1339:29\n    at Array.forEach (<anonymous>)"],"meta":{}}],"startTime":1761153594065,"endTime":1761153594131.622,"status":"failed","message":"","name":"/home/runner/work/jasper-ui/jasper-ui/dist/test-out/20251022T171914093Z-a6e8f88a/spec-app-page-settings-ref-ref.component.spec.js"},{"assertionResults":[{"ancestorTitles":["SettingsPage"],"fullName":"SettingsPage should create","status":"failed","title":"should create","duration":86.40382799999998,"failureMessages":["TypeError: Cannot read properties of undefined (reading 'ɵcmp')\n    at getComponentDef (/home/runner/work/jasper-ui/jasper-ui/dist/test-out/20251022T171914093Z-a6e8f88a/node_modules/@angular/core/fesm2022/testing.mjs:1605:18)\n    at isStandaloneComponent (/home/runner/work/jasper-ui/jasper-ui/dist/test-out/20251022T171914093Z-a6e8f88a/node_modules/@angular/core/fesm2022/testing.mjs:1601:17)\n    at /home/runner/work/jasper-ui/jasper-ui/dist/test-out/20251022T171914093Z-a6e8f88a/node_modules/@angular/core/fesm2022/testing.mjs:1338:29\n    at Array.forEach (<anonymous>)\n    at queueTypesFromModulesArrayRecur (/home/runner/work/jasper-ui/jasper-ui/dist/test-out/20251022T171914093Z-a6e8f88a/node_modules/@angular/core/fesm2022/testing.mjs:1333:34)\n    at /home/runner/work/jasper-ui/jasper-ui/dist/test-out/20251022T171914093Z-a6e8f88a/node_modules/@angular/core/fesm2022/testing.mjs:1339:29\n    at Array.forEach (<anonymous>)\n    at queueTypesFromModulesArrayRecur (/home/runner/work/jasper-ui/jasper-ui/dist/test-out/20251022T171914093Z-a6e8f88a/node_modules/@angular/core/fesm2022/testing.mjs:1333:34)\n    at /home/runner/work/jasper-ui/jasper-ui/dist/test-out/20251022T171914093Z-a6e8f88a/node_modules/@angular/core/fesm2022/testing.mjs:1339:29\n    at Array.forEach (<anonymous>)"],"meta":{}}],"startTime":1761153592735,"endTime":1761153592821.4038,"status":"failed","message":"","name":"/home/runner/work/jasper-ui/jasper-ui/dist/test-out/20251022T171914093Z-a6e8f88a/spec-app-page-settings-settings.component.spec.js"},{"assertionResults":[{"ancestorTitles":["SettingsSetupPage"],"fullName":"SettingsSetupPage should create","status":"failed","title":"should create","duration":138.630451,"failureMessages":["TypeError: Cannot read properties of undefined (reading 'supports')\n    at new _ModService (/home/runner/work/jasper-ui/jasper-ui/dist/test-out/20251022T171914093Z-a6e8f88a/src/app/service/mod.service.ts:19:17)\n    at Object.ModService_Factory [as factory] (/home/runner/work/jasper-ui/jasper-ui/dist/test-out/20251022T171914093Z-a6e8f88a/chunk-2AZAYSYR.js:529:14)\n    at /home/runner/work/jasper-ui/jasper-ui/dist/test-out/20251022T171914093Z-a6e8f88a/node_modules/@angular/core/fesm2022/root_effect_scheduler.mjs:2187:47\n    at runInInjectorProfilerContext (/home/runner/work/jasper-ui/jasper-ui/dist/test-out/20251022T171914093Z-a6e8f88a/node_modules/@angular/core/fesm2022/root_effect_scheduler.mjs:746:9)\n    at R3Injector.hydrate (/home/runner/work/jasper-ui/jasper-ui/dist/test-out/20251022T171914093Z-a6e8f88a/node_modules/@angular/core/fesm2022/root_effect_scheduler.mjs:2185:21)\n    at R3Injector.get (/home/runner/work/jasper-ui/jasper-ui/dist/test-out/20251022T171914093Z-a6e8f88a/node_modules/@angular/core/fesm2022/root_effect_scheduler.mjs:2033:33)\n    at R3Injector.get (/home/runner/work/jasper-ui/jasper-ui/dist/test-out/20251022T171914093Z-a6e8f88a/node_modules/@angular/core/fesm2022/root_effect_scheduler.mjs:2045:33)\n    at ChainedInjector.get (/home/runner/work/jasper-ui/jasper-ui/dist/test-out/20251022T171914093Z-a6e8f88a/node_modules/@angular/core/fesm2022/debug_node.mjs:13404:36)\n    at lookupTokenUsingModuleInjector (/home/runner/work/jasper-ui/jasper-ui/dist/test-out/20251022T171914093Z-a6e8f88a/node_modules/@angular/core/fesm2022/debug_node.mjs:1718:39)\n    at getOrCreateInjectable (/home/runner/work/jasper-ui/jasper-ui/dist/test-out/20251022T171914093Z-a6e8f88a/node_modules/@angular/core/fesm2022/debug_node.mjs:1766:12)"],"meta":{}}],"startTime":1761153584234,"endTime":1761153584372.6304,"status":"failed","message":"","name":"/home/runner/work/jasper-ui/jasper-ui/dist/test-out/20251022T171914093Z-a6e8f88a/spec-app-page-settings-setup-setup.component.spec.js"},{"assertionResults":[{"ancestorTitles":["SettingsTemplatePage"],"fullName":"SettingsTemplatePage should create","status":"failed","title":"should create","duration":153.76767599999994,"failureMessages":["TypeError: Cannot read properties of undefined (reading 'supports')\n    at new _ModService (/home/runner/work/jasper-ui/jasper-ui/dist/test-out/20251022T171914093Z-a6e8f88a/src/app/service/mod.service.ts:19:17)\n    at Object.ModService_Factory [as factory] (/home/runner/work/jasper-ui/jasper-ui/dist/test-out/20251022T171914093Z-a6e8f88a/chunk-2AZAYSYR.js:529:14)\n    at /home/runner/work/jasper-ui/jasper-ui/dist/test-out/20251022T171914093Z-a6e8f88a/node_modules/@angular/core/fesm2022/root_effect_scheduler.mjs:2187:47\n    at runInInjectorProfilerContext (/home/runner/work/jasper-ui/jasper-ui/dist/test-out/20251022T171914093Z-a6e8f88a/node_modules/@angular/core/fesm2022/root_effect_scheduler.mjs:746:9)\n    at R3Injector.hydrate (/home/runner/work/jasper-ui/jasper-ui/dist/test-out/20251022T171914093Z-a6e8f88a/node_modules/@angular/core/fesm2022/root_effect_scheduler.mjs:2185:21)\n    at R3Injector.get (/home/runner/work/jasper-ui/jasper-ui/dist/test-out/20251022T171914093Z-a6e8f88a/node_modules/@angular/core/fesm2022/root_effect_scheduler.mjs:2033:33)\n    at R3Injector.get (/home/runner/work/jasper-ui/jasper-ui/dist/test-out/20251022T171914093Z-a6e8f88a/node_modules/@angular/core/fesm2022/root_effect_scheduler.mjs:2045:33)\n    at ChainedInjector.get (/home/runner/work/jasper-ui/jasper-ui/dist/test-out/20251022T171914093Z-a6e8f88a/node_modules/@angular/core/fesm2022/debug_node.mjs:13404:36)\n    at lookupTokenUsingModuleInjector (/home/runner/work/jasper-ui/jasper-ui/dist/test-out/20251022T171914093Z-a6e8f88a/node_modules/@angular/core/fesm2022/debug_node.mjs:1718:39)\n    at getOrCreateInjectable (/home/runner/work/jasper-ui/jasper-ui/dist/test-out/20251022T171914093Z-a6e8f88a/node_modules/@angular/core/fesm2022/debug_node.mjs:1766:12)"],"meta":{}}],"startTime":1761153595861,"endTime":1761153596014.7676,"status":"failed","message":"","name":"/home/runner/work/jasper-ui/jasper-ui/dist/test-out/20251022T171914093Z-a6e8f88a/spec-app-page-settings-template-template.component.spec.js"},{"assertionResults":[{"ancestorTitles":["SettingsUserPage"],"fullName":"SettingsUserPage should create","status":"failed","title":"should create","duration":158.15328599999998,"failureMessages":["TypeError: Cannot read properties of undefined (reading 'supports')\n    at new _ModService (/home/runner/work/jasper-ui/jasper-ui/dist/test-out/20251022T171914093Z-a6e8f88a/src/app/service/mod.service.ts:19:17)\n    at Object.ModService_Factory [as factory] (/home/runner/work/jasper-ui/jasper-ui/dist/test-out/20251022T171914093Z-a6e8f88a/chunk-2AZAYSYR.js:529:14)\n    at /home/runner/work/jasper-ui/jasper-ui/dist/test-out/20251022T171914093Z-a6e8f88a/node_modules/@angular/core/fesm2022/root_effect_scheduler.mjs:2187:47\n    at runInInjectorProfilerContext (/home/runner/work/jasper-ui/jasper-ui/dist/test-out/20251022T171914093Z-a6e8f88a/node_modules/@angular/core/fesm2022/root_effect_scheduler.mjs:746:9)\n    at R3Injector.hydrate (/home/runner/work/jasper-ui/jasper-ui/dist/test-out/20251022T171914093Z-a6e8f88a/node_modules/@angular/core/fesm2022/root_effect_scheduler.mjs:2185:21)\n    at R3Injector.get (/home/runner/work/jasper-ui/jasper-ui/dist/test-out/20251022T171914093Z-a6e8f88a/node_modules/@angular/core/fesm2022/root_effect_scheduler.mjs:2033:33)\n    at R3Injector.get (/home/runner/work/jasper-ui/jasper-ui/dist/test-out/20251022T171914093Z-a6e8f88a/node_modules/@angular/core/fesm2022/root_effect_scheduler.mjs:2045:33)\n    at ChainedInjector.get (/home/runner/work/jasper-ui/jasper-ui/dist/test-out/20251022T171914093Z-a6e8f88a/node_modules/@angular/core/fesm2022/debug_node.mjs:13404:36)\n    at lookupTokenUsingModuleInjector (/home/runner/work/jasper-ui/jasper-ui/dist/test-out/20251022T171914093Z-a6e8f88a/node_modules/@angular/core/fesm2022/debug_node.mjs:1718:39)\n    at getOrCreateInjectable (/home/runner/work/jasper-ui/jasper-ui/dist/test-out/20251022T171914093Z-a6e8f88a/node_modules/@angular/core/fesm2022/debug_node.mjs:1766:12)"],"meta":{}}],"startTime":1761153598980,"endTime":1761153599138.1533,"status":"failed","message":"","name":"/home/runner/work/jasper-ui/jasper-ui/dist/test-out/20251022T171914093Z-a6e8f88a/spec-app-page-settings-user-user.component.spec.js"},{"assertionResults":[{"ancestorTitles":["SubmitDmPage"],"fullName":"SubmitDmPage should create","status":"failed","title":"should create","duration":183.55418700000018,"failureMessages":["TypeError: Cannot read properties of undefined (reading 'supports')\n    at new _ModService (/home/runner/work/jasper-ui/jasper-ui/dist/test-out/20251022T171914093Z-a6e8f88a/src/app/service/mod.service.ts:19:17)\n    at Object.ModService_Factory [as factory] (/home/runner/work/jasper-ui/jasper-ui/dist/test-out/20251022T171914093Z-a6e8f88a/chunk-2AZAYSYR.js:529:14)\n    at /home/runner/work/jasper-ui/jasper-ui/dist/test-out/20251022T171914093Z-a6e8f88a/node_modules/@angular/core/fesm2022/root_effect_scheduler.mjs:2187:47\n    at runInInjectorProfilerContext (/home/runner/work/jasper-ui/jasper-ui/dist/test-out/20251022T171914093Z-a6e8f88a/node_modules/@angular/core/fesm2022/root_effect_scheduler.mjs:746:9)\n    at R3Injector.hydrate (/home/runner/work/jasper-ui/jasper-ui/dist/test-out/20251022T171914093Z-a6e8f88a/node_modules/@angular/core/fesm2022/root_effect_scheduler.mjs:2185:21)\n    at R3Injector.get (/home/runner/work/jasper-ui/jasper-ui/dist/test-out/20251022T171914093Z-a6e8f88a/node_modules/@angular/core/fesm2022/root_effect_scheduler.mjs:2033:33)\n    at R3Injector.get (/home/runner/work/jasper-ui/jasper-ui/dist/test-out/20251022T171914093Z-a6e8f88a/node_modules/@angular/core/fesm2022/root_effect_scheduler.mjs:2045:33)\n    at ChainedInjector.get (/home/runner/work/jasper-ui/jasper-ui/dist/test-out/20251022T171914093Z-a6e8f88a/node_modules/@angular/core/fesm2022/debug_node.mjs:13404:36)\n    at lookupTokenUsingModuleInjector (/home/runner/work/jasper-ui/jasper-ui/dist/test-out/20251022T171914093Z-a6e8f88a/node_modules/@angular/core/fesm2022/debug_node.mjs:1718:39)\n    at getOrCreateInjectable (/home/runner/work/jasper-ui/jasper-ui/dist/test-out/20251022T171914093Z-a6e8f88a/node_modules/@angular/core/fesm2022/debug_node.mjs:1766:12)"],"meta":{}}],"startTime":1761153582434,"endTime":1761153582617.5542,"status":"failed","message":"","name":"/home/runner/work/jasper-ui/jasper-ui/dist/test-out/20251022T171914093Z-a6e8f88a/spec-app-page-submit-dm-dm.component.spec.js"},{"assertionResults":[{"ancestorTitles":["SubmitInvoicePage"],"fullName":"SubmitInvoicePage should create","status":"failed","title":"should create","duration":183.90770699999985,"failureMessages":["TypeError: Cannot read properties of undefined (reading 'supports')\n    at new _ModService (/home/runner/work/jasper-ui/jasper-ui/dist/test-out/20251022T171914093Z-a6e8f88a/src/app/service/mod.service.ts:19:17)\n    at Object.ModService_Factory [as factory] (/home/runner/work/jasper-ui/jasper-ui/dist/test-out/20251022T171914093Z-a6e8f88a/chunk-2AZAYSYR.js:529:14)\n    at /home/runner/work/jasper-ui/jasper-ui/dist/test-out/20251022T171914093Z-a6e8f88a/node_modules/@angular/core/fesm2022/root_effect_scheduler.mjs:2187:47\n    at runInInjectorProfilerContext (/home/runner/work/jasper-ui/jasper-ui/dist/test-out/20251022T171914093Z-a6e8f88a/node_modules/@angular/core/fesm2022/root_effect_scheduler.mjs:746:9)\n    at R3Injector.hydrate (/home/runner/work/jasper-ui/jasper-ui/dist/test-out/20251022T171914093Z-a6e8f88a/node_modules/@angular/core/fesm2022/root_effect_scheduler.mjs:2185:21)\n    at R3Injector.get (/home/runner/work/jasper-ui/jasper-ui/dist/test-out/20251022T171914093Z-a6e8f88a/node_modules/@angular/core/fesm2022/root_effect_scheduler.mjs:2033:33)\n    at R3Injector.get (/home/runner/work/jasper-ui/jasper-ui/dist/test-out/20251022T171914093Z-a6e8f88a/node_modules/@angular/core/fesm2022/root_effect_scheduler.mjs:2045:33)\n    at ChainedInjector.get (/home/runner/work/jasper-ui/jasper-ui/dist/test-out/20251022T171914093Z-a6e8f88a/node_modules/@angular/core/fesm2022/debug_node.mjs:13404:36)\n    at lookupTokenUsingModuleInjector (/home/runner/work/jasper-ui/jasper-ui/dist/test-out/20251022T171914093Z-a6e8f88a/node_modules/@angular/core/fesm2022/debug_node.mjs:1718:39)\n    at getOrCreateInjectable (/home/runner/work/jasper-ui/jasper-ui/dist/test-out/20251022T171914093Z-a6e8f88a/node_modules/@angular/core/fesm2022/debug_node.mjs:1766:12)"],"meta":{}}],"startTime":1761153589756,"endTime":1761153589939.9077,"status":"failed","message":"","name":"/home/runner/work/jasper-ui/jasper-ui/dist/test-out/20251022T171914093Z-a6e8f88a/spec-app-page-submit-invoice-invoice.component.spec.js"},{"assertionResults":[{"ancestorTitles":["SubmitPage"],"fullName":"SubmitPage should create","status":"failed","title":"should create","duration":96.91562799999974,"failureMessages":["TypeError: Cannot read properties of undefined (reading 'ɵcmp')\n    at getComponentDef (/home/runner/work/jasper-ui/jasper-ui/dist/test-out/20251022T171914093Z-a6e8f88a/node_modules/@angular/core/fesm2022/testing.mjs:1605:18)\n    at isStandaloneComponent (/home/runner/work/jasper-ui/jasper-ui/dist/test-out/20251022T171914093Z-a6e8f88a/node_modules/@angular/core/fesm2022/testing.mjs:1601:17)\n    at /home/runner/work/jasper-ui/jasper-ui/dist/test-out/20251022T171914093Z-a6e8f88a/node_modules/@angular/core/fesm2022/testing.mjs:1338:29\n    at Array.forEach (<anonymous>)\n    at queueTypesFromModulesArrayRecur (/home/runner/work/jasper-ui/jasper-ui/dist/test-out/20251022T171914093Z-a6e8f88a/node_modules/@angular/core/fesm2022/testing.mjs:1333:34)\n    at /home/runner/work/jasper-ui/jasper-ui/dist/test-out/20251022T171914093Z-a6e8f88a/node_modules/@angular/core/fesm2022/testing.mjs:1339:29\n    at Array.forEach (<anonymous>)\n    at queueTypesFromModulesArrayRecur (/home/runner/work/jasper-ui/jasper-ui/dist/test-out/20251022T171914093Z-a6e8f88a/node_modules/@angular/core/fesm2022/testing.mjs:1333:34)\n    at /home/runner/work/jasper-ui/jasper-ui/dist/test-out/20251022T171914093Z-a6e8f88a/node_modules/@angular/core/fesm2022/testing.mjs:1339:29\n    at Array.forEach (<anonymous>)"],"meta":{}}],"startTime":1761153580046,"endTime":1761153580142.9155,"status":"failed","message":"","name":"/home/runner/work/jasper-ui/jasper-ui/dist/test-out/20251022T171914093Z-a6e8f88a/spec-app-page-submit-submit.component.spec.js"},{"assertionResults":[{"ancestorTitles":["SubmitTextPage"],"fullName":"SubmitTextPage should create","status":"failed","title":"should create","duration":138.82744900000034,"failureMessages":["TypeError: Cannot read properties of undefined (reading 'supports')\n    at new _ModService (/home/runner/work/jasper-ui/jasper-ui/dist/test-out/20251022T171914093Z-a6e8f88a/src/app/service/mod.service.ts:19:17)\n    at Object.ModService_Factory [as factory] (/home/runner/work/jasper-ui/jasper-ui/dist/test-out/20251022T171914093Z-a6e8f88a/chunk-2AZAYSYR.js:529:14)\n    at /home/runner/work/jasper-ui/jasper-ui/dist/test-out/20251022T171914093Z-a6e8f88a/node_modules/@angular/core/fesm2022/root_effect_scheduler.mjs:2187:47\n    at runInInjectorProfilerContext (/home/runner/work/jasper-ui/jasper-ui/dist/test-out/20251022T171914093Z-a6e8f88a/node_modules/@angular/core/fesm2022/root_effect_scheduler.mjs:746:9)\n    at R3Injector.hydrate (/home/runner/work/jasper-ui/jasper-ui/dist/test-out/20251022T171914093Z-a6e8f88a/node_modules/@angular/core/fesm2022/root_effect_scheduler.mjs:2185:21)\n    at R3Injector.get (/home/runner/work/jasper-ui/jasper-ui/dist/test-out/20251022T171914093Z-a6e8f88a/node_modules/@angular/core/fesm2022/root_effect_scheduler.mjs:2033:33)\n    at R3Injector.get (/home/runner/work/jasper-ui/jasper-ui/dist/test-out/20251022T171914093Z-a6e8f88a/node_modules/@angular/core/fesm2022/root_effect_scheduler.mjs:2045:33)\n    at ChainedInjector.get (/home/runner/work/jasper-ui/jasper-ui/dist/test-out/20251022T171914093Z-a6e8f88a/node_modules/@angular/core/fesm2022/debug_node.mjs:13404:36)\n    at lookupTokenUsingModuleInjector (/home/runner/work/jasper-ui/jasper-ui/dist/test-out/20251022T171914093Z-a6e8f88a/node_modules/@angular/core/fesm2022/debug_node.mjs:1718:39)\n    at getOrCreateInjectable (/home/runner/work/jasper-ui/jasper-ui/dist/test-out/20251022T171914093Z-a6e8f88a/node_modules/@angular/core/fesm2022/debug_node.mjs:1766:12)"],"meta":{}}],"startTime":1761153582397,"endTime":1761153582535.8274,"status":"failed","message":"","name":"/home/runner/work/jasper-ui/jasper-ui/dist/test-out/20251022T171914093Z-a6e8f88a/spec-app-page-submit-text-text.component.spec.js"},{"assertionResults":[{"ancestorTitles":["UploadPage"],"fullName":"UploadPage should create","status":"failed","title":"should create","duration":105.49880899999971,"failureMessages":["TypeError: Cannot read properties of undefined (reading 'ɵcmp')\n    at getComponentDef (/home/runner/work/jasper-ui/jasper-ui/dist/test-out/20251022T171914093Z-a6e8f88a/node_modules/@angular/core/fesm2022/testing.mjs:1605:18)\n    at isStandaloneComponent (/home/runner/work/jasper-ui/jasper-ui/dist/test-out/20251022T171914093Z-a6e8f88a/node_modules/@angular/core/fesm2022/testing.mjs:1601:17)\n    at /home/runner/work/jasper-ui/jasper-ui/dist/test-out/20251022T171914093Z-a6e8f88a/node_modules/@angular/core/fesm2022/testing.mjs:1338:29\n    at Array.forEach (<anonymous>)\n    at queueTypesFromModulesArrayRecur (/home/runner/work/jasper-ui/jasper-ui/dist/test-out/20251022T171914093Z-a6e8f88a/node_modules/@angular/core/fesm2022/testing.mjs:1333:34)\n    at /home/runner/work/jasper-ui/jasper-ui/dist/test-out/20251022T171914093Z-a6e8f88a/node_modules/@angular/core/fesm2022/testing.mjs:1339:29\n    at Array.forEach (<anonymous>)\n    at queueTypesFromModulesArrayRecur (/home/runner/work/jasper-ui/jasper-ui/dist/test-out/20251022T171914093Z-a6e8f88a/node_modules/@angular/core/fesm2022/testing.mjs:1333:34)\n    at /home/runner/work/jasper-ui/jasper-ui/dist/test-out/20251022T171914093Z-a6e8f88a/node_modules/@angular/core/fesm2022/testing.mjs:1339:29\n    at Array.forEach (<anonymous>)"],"meta":{}}],"startTime":1761153580031,"endTime":1761153580136.4988,"status":"failed","message":"","name":"/home/runner/work/jasper-ui/jasper-ui/dist/test-out/20251022T171914093Z-a6e8f88a/spec-app-page-submit-upload-upload.component.spec.js"},{"assertionResults":[{"ancestorTitles":["SubmitWebPage"],"fullName":"SubmitWebPage should create","status":"failed","title":"should create","duration":162.26810999999998,"failureMessages":["TypeError: Cannot read properties of undefined (reading 'supports')\n    at new _ModService (/home/runner/work/jasper-ui/jasper-ui/dist/test-out/20251022T171914093Z-a6e8f88a/src/app/service/mod.service.ts:19:17)\n    at Object.ModService_Factory [as factory] (/home/runner/work/jasper-ui/jasper-ui/dist/test-out/20251022T171914093Z-a6e8f88a/chunk-2AZAYSYR.js:529:14)\n    at /home/runner/work/jasper-ui/jasper-ui/dist/test-out/20251022T171914093Z-a6e8f88a/node_modules/@angular/core/fesm2022/root_effect_scheduler.mjs:2187:47\n    at runInInjectorProfilerContext (/home/runner/work/jasper-ui/jasper-ui/dist/test-out/20251022T171914093Z-a6e8f88a/node_modules/@angular/core/fesm2022/root_effect_scheduler.mjs:746:9)\n    at R3Injector.hydrate (/home/runner/work/jasper-ui/jasper-ui/dist/test-out/20251022T171914093Z-a6e8f88a/node_modules/@angular/core/fesm2022/root_effect_scheduler.mjs:2185:21)\n    at R3Injector.get (/home/runner/work/jasper-ui/jasper-ui/dist/test-out/20251022T171914093Z-a6e8f88a/node_modules/@angular/core/fesm2022/root_effect_scheduler.mjs:2033:33)\n    at R3Injector.get (/home/runner/work/jasper-ui/jasper-ui/dist/test-out/20251022T171914093Z-a6e8f88a/node_modules/@angular/core/fesm2022/root_effect_scheduler.mjs:2045:33)\n    at ChainedInjector.get (/home/runner/work/jasper-ui/jasper-ui/dist/test-out/20251022T171914093Z-a6e8f88a/node_modules/@angular/core/fesm2022/debug_node.mjs:13404:36)\n    at lookupTokenUsingModuleInjector (/home/runner/work/jasper-ui/jasper-ui/dist/test-out/20251022T171914093Z-a6e8f88a/node_modules/@angular/core/fesm2022/debug_node.mjs:1718:39)\n    at getOrCreateInjectable (/home/runner/work/jasper-ui/jasper-ui/dist/test-out/20251022T171914093Z-a6e8f88a/node_modules/@angular/core/fesm2022/debug_node.mjs:1766:12)"],"meta":{}}],"startTime":1761153584913,"endTime":1761153585075.268,"status":"failed","message":"","name":"/home/runner/work/jasper-ui/jasper-ui/dist/test-out/20251022T171914093Z-a6e8f88a/spec-app-page-submit-web-web.component.spec.js"},{"assertionResults":[{"ancestorTitles":["TagPage"],"fullName":"TagPage should create","status":"failed","title":"should create","duration":96.77734499999997,"failureMessages":["TypeError: Cannot read properties of undefined (reading 'ɵcmp')\n    at getComponentDef (/home/runner/work/jasper-ui/jasper-ui/dist/test-out/20251022T171914093Z-a6e8f88a/node_modules/@angular/core/fesm2022/testing.mjs:1605:18)\n    at isStandaloneComponent (/home/runner/work/jasper-ui/jasper-ui/dist/test-out/20251022T171914093Z-a6e8f88a/node_modules/@angular/core/fesm2022/testing.mjs:1601:17)\n    at /home/runner/work/jasper-ui/jasper-ui/dist/test-out/20251022T171914093Z-a6e8f88a/node_modules/@angular/core/fesm2022/testing.mjs:1338:29\n    at Array.forEach (<anonymous>)\n    at queueTypesFromModulesArrayRecur (/home/runner/work/jasper-ui/jasper-ui/dist/test-out/20251022T171914093Z-a6e8f88a/node_modules/@angular/core/fesm2022/testing.mjs:1333:34)\n    at /home/runner/work/jasper-ui/jasper-ui/dist/test-out/20251022T171914093Z-a6e8f88a/node_modules/@angular/core/fesm2022/testing.mjs:1339:29\n    at Array.forEach (<anonymous>)\n    at queueTypesFromModulesArrayRecur (/home/runner/work/jasper-ui/jasper-ui/dist/test-out/20251022T171914093Z-a6e8f88a/node_modules/@angular/core/fesm2022/testing.mjs:1333:34)\n    at /home/runner/work/jasper-ui/jasper-ui/dist/test-out/20251022T171914093Z-a6e8f88a/node_modules/@angular/core/fesm2022/testing.mjs:1339:29\n    at Array.forEach (<anonymous>)"],"meta":{}}],"startTime":1761153587346,"endTime":1761153587442.7773,"status":"failed","message":"","name":"/home/runner/work/jasper-ui/jasper-ui/dist/test-out/20251022T171914093Z-a6e8f88a/spec-app-page-tag-tag.component.spec.js"},{"assertionResults":[{"ancestorTitles":["TagsComponent"],"fullName":"TagsComponent should create","status":"failed","title":"should create","duration":116.82100199999968,"failureMessages":["TypeError: Cannot read properties of undefined (reading 'ɵcmp')\n    at getComponentDef (/home/runner/work/jasper-ui/jasper-ui/dist/test-out/20251022T171914093Z-a6e8f88a/node_modules/@angular/core/fesm2022/testing.mjs:1605:18)\n    at isStandaloneComponent (/home/runner/work/jasper-ui/jasper-ui/dist/test-out/20251022T171914093Z-a6e8f88a/node_modules/@angular/core/fesm2022/testing.mjs:1601:17)\n    at /home/runner/work/jasper-ui/jasper-ui/dist/test-out/20251022T171914093Z-a6e8f88a/node_modules/@angular/core/fesm2022/testing.mjs:1338:29\n    at Array.forEach (<anonymous>)\n    at queueTypesFromModulesArrayRecur (/home/runner/work/jasper-ui/jasper-ui/dist/test-out/20251022T171914093Z-a6e8f88a/node_modules/@angular/core/fesm2022/testing.mjs:1333:34)\n    at /home/runner/work/jasper-ui/jasper-ui/dist/test-out/20251022T171914093Z-a6e8f88a/node_modules/@angular/core/fesm2022/testing.mjs:1339:29\n    at Array.forEach (<anonymous>)\n    at queueTypesFromModulesArrayRecur (/home/runner/work/jasper-ui/jasper-ui/dist/test-out/20251022T171914093Z-a6e8f88a/node_modules/@angular/core/fesm2022/testing.mjs:1333:34)\n    at /home/runner/work/jasper-ui/jasper-ui/dist/test-out/20251022T171914093Z-a6e8f88a/node_modules/@angular/core/fesm2022/testing.mjs:1339:29\n    at Array.forEach (<anonymous>)"],"meta":{}}],"startTime":1761153590393,"endTime":1761153590509.821,"status":"failed","message":"","name":"/home/runner/work/jasper-ui/jasper-ui/dist/test-out/20251022T171914093Z-a6e8f88a/spec-app-page-tags-tags.component.spec.js"},{"assertionResults":[{"ancestorTitles":["CreateUserPage"],"fullName":"CreateUserPage should create","status":"failed","title":"should create","duration":170.74082899999985,"failureMessages":["TypeError: Cannot read properties of undefined (reading 'supports')\n    at new _ModService (/home/runner/work/jasper-ui/jasper-ui/dist/test-out/20251022T171914093Z-a6e8f88a/src/app/service/mod.service.ts:19:17)\n    at Object.ModService_Factory [as factory] (/home/runner/work/jasper-ui/jasper-ui/dist/test-out/20251022T171914093Z-a6e8f88a/chunk-2AZAYSYR.js:529:14)\n    at /home/runner/work/jasper-ui/jasper-ui/dist/test-out/20251022T171914093Z-a6e8f88a/node_modules/@angular/core/fesm2022/root_effect_scheduler.mjs:2187:47\n    at runInInjectorProfilerContext (/home/runner/work/jasper-ui/jasper-ui/dist/test-out/20251022T171914093Z-a6e8f88a/node_modules/@angular/core/fesm2022/root_effect_scheduler.mjs:746:9)\n    at R3Injector.hydrate (/home/runner/work/jasper-ui/jasper-ui/dist/test-out/20251022T171914093Z-a6e8f88a/node_modules/@angular/core/fesm2022/root_effect_scheduler.mjs:2185:21)\n    at R3Injector.get (/home/runner/work/jasper-ui/jasper-ui/dist/test-out/20251022T171914093Z-a6e8f88a/node_modules/@angular/core/fesm2022/root_effect_scheduler.mjs:2033:33)\n    at R3Injector.get (/home/runner/work/jasper-ui/jasper-ui/dist/test-out/20251022T171914093Z-a6e8f88a/node_modules/@angular/core/fesm2022/root_effect_scheduler.mjs:2045:33)\n    at ChainedInjector.get (/home/runner/work/jasper-ui/jasper-ui/dist/test-out/20251022T171914093Z-a6e8f88a/node_modules/@angular/core/fesm2022/debug_node.mjs:13404:36)\n    at lookupTokenUsingModuleInjector (/home/runner/work/jasper-ui/jasper-ui/dist/test-out/20251022T171914093Z-a6e8f88a/node_modules/@angular/core/fesm2022/debug_node.mjs:1718:39)\n    at getOrCreateInjectable (/home/runner/work/jasper-ui/jasper-ui/dist/test-out/20251022T171914093Z-a6e8f88a/node_modules/@angular/core/fesm2022/debug_node.mjs:1766:12)"],"meta":{}}],"startTime":1761153586568,"endTime":1761153586738.7407,"status":"failed","message":"","name":"/home/runner/work/jasper-ui/jasper-ui/dist/test-out/20251022T171914093Z-a6e8f88a/spec-app-page-user-user.component.spec.js"},{"assertionResults":[{"ancestorTitles":["CssUrlPipe"],"fullName":"CssUrlPipe create an instance","status":"passed","title":"create an instance","duration":1.9234579999999823,"failureMessages":[],"meta":{}}],"startTime":1761153690326,"endTime":1761153690327.9233,"status":"passed","message":"","name":"/home/runner/work/jasper-ui/jasper-ui/dist/test-out/20251022T171914093Z-a6e8f88a/spec-app-pipe-css-url.pipe.spec.js"},{"assertionResults":[{"ancestorTitles":["SafePipe"],"fullName":"SafePipe create an instance","status":"passed","title":"create an instance","duration":2.5404210000001513,"failureMessages":[],"meta":{}}],"startTime":1761153689425,"endTime":1761153689427.5405,"status":"passed","message":"","name":"/home/runner/work/jasper-ui/jasper-ui/dist/test-out/20251022T171914093Z-a6e8f88a/spec-app-pipe-safe.pipe.spec.js"},{"assertionResults":[{"ancestorTitles":["TagPreviewPipe"],"fullName":"TagPreviewPipe create an instance","status":"passed","title":"create an instance","duration":2.8153850000001057,"failureMessages":[],"meta":{}}],"startTime":1761153673458,"endTime":1761153673460.8154,"status":"passed","message":"","name":"/home/runner/work/jasper-ui/jasper-ui/dist/test-out/20251022T171914093Z-a6e8f88a/spec-app-pipe-tag-preview.pipe.spec.js"},{"assertionResults":[{"ancestorTitles":["ThumbnailPipe"],"fullName":"ThumbnailPipe create an instance","status":"passed","title":"create an instance","duration":2.916332999999895,"failureMessages":[],"meta":{}}],"startTime":1761153676849,"endTime":1761153676851.9163,"status":"passed","message":"","name":"/home/runner/work/jasper-ui/jasper-ui/dist/test-out/20251022T171914093Z-a6e8f88a/spec-app-pipe-thumbnail.pipe.spec.js"},{"assertionResults":[{"ancestorTitles":["AccountService"],"fullName":"AccountService should be created","status":"passed","title":"should be created","duration":54.38350700000001,"failureMessages":[],"meta":{}}],"startTime":1761153667420,"endTime":1761153667474.3835,"status":"passed","message":"","name":"/home/runner/work/jasper-ui/jasper-ui/dist/test-out/20251022T171914093Z-a6e8f88a/spec-app-service-account.service.spec.js"},{"assertionResults":[{"ancestorTitles":["ActionService"],"fullName":"ActionService should be created","status":"passed","title":"should be created","duration":84.43657399999984,"failureMessages":[],"meta":{}}],"startTime":1761153669023,"endTime":1761153669107.4365,"status":"passed","message":"","name":"/home/runner/work/jasper-ui/jasper-ui/dist/test-out/20251022T171914093Z-a6e8f88a/spec-app-service-action.service.spec.js"},{"assertionResults":[{"ancestorTitles":["AdminService"],"fullName":"AdminService should be created","status":"passed","title":"should be created","duration":48.16526399999998,"failureMessages":[],"meta":{}}],"startTime":1761153668448,"endTime":1761153668496.1653,"status":"passed","message":"","name":"/home/runner/work/jasper-ui/jasper-ui/dist/test-out/20251022T171914093Z-a6e8f88a/spec-app-service-admin.service.spec.js"},{"assertionResults":[{"ancestorTitles":["BackupService"],"fullName":"BackupService should be created","status":"passed","title":"should be created","duration":51.92362099999991,"failureMessages":[],"meta":{}}],"startTime":1761153665609,"endTime":1761153665660.9236,"status":"passed","message":"","name":"/home/runner/work/jasper-ui/jasper-ui/dist/test-out/20251022T171914093Z-a6e8f88a/spec-app-service-api-backup.service.spec.js"},{"assertionResults":[{"ancestorTitles":["ExtService"],"fullName":"ExtService should be created","status":"passed","title":"should be created","duration":47.46798899999999,"failureMessages":[],"meta":{}}],"startTime":1761153670223,"endTime":1761153670270.468,"status":"passed","message":"","name":"/home/runner/work/jasper-ui/jasper-ui/dist/test-out/20251022T171914093Z-a6e8f88a/spec-app-service-api-ext.service.spec.js"},{"assertionResults":[{"ancestorTitles":["GraphService"],"fullName":"GraphService should be created","status":"passed","title":"should be created","duration":45.97569300000009,"failureMessages":[],"meta":{}}],"startTime":1761153674816,"endTime":1761153674861.9756,"status":"passed","message":"","name":"/home/runner/work/jasper-ui/jasper-ui/dist/test-out/20251022T171914093Z-a6e8f88a/spec-app-service-api-graph.service.spec.js"},{"assertionResults":[{"ancestorTitles":["OEmbedService"],"fullName":"OEmbedService should be created","status":"passed","title":"should be created","duration":49.76046300000007,"failureMessages":[],"meta":{}}],"startTime":1761153677780,"endTime":1761153677829.7605,"status":"passed","message":"","name":"/home/runner/work/jasper-ui/jasper-ui/dist/test-out/20251022T171914093Z-a6e8f88a/spec-app-service-api-oembed.service.spec.js"},{"assertionResults":[{"ancestorTitles":["OriginService"],"fullName":"OriginService should be created","status":"passed","title":"should be created","duration":37.49861899999996,"failureMessages":[],"meta":{}}],"startTime":1761153677854,"endTime":1761153677891.4985,"status":"passed","message":"","name":"/home/runner/work/jasper-ui/jasper-ui/dist/test-out/20251022T171914093Z-a6e8f88a/spec-app-service-api-origin.service.spec.js"},{"assertionResults":[{"ancestorTitles":["PluginService"],"fullName":"PluginService should be created","status":"passed","title":"should be created","duration":43.6892620000001,"failureMessages":[],"meta":{}}],"startTime":1761153673460,"endTime":1761153673503.6892,"status":"passed","message":"","name":"/home/runner/work/jasper-ui/jasper-ui/dist/test-out/20251022T171914093Z-a6e8f88a/spec-app-service-api-plugin.service.spec.js"},{"assertionResults":[{"ancestorTitles":["ProfileService"],"fullName":"ProfileService should be created","status":"passed","title":"should be created","duration":48.422072999999955,"failureMessages":[],"meta":{}}],"startTime":1761153676414,"endTime":1761153676462.422,"status":"passed","message":"","name":"/home/runner/work/jasper-ui/jasper-ui/dist/test-out/20251022T171914093Z-a6e8f88a/spec-app-service-api-profile.service.spec.js"},{"assertionResults":[{"ancestorTitles":["ProxyService"],"fullName":"ProxyService should be created","status":"passed","title":"should be created","duration":51.023509000000104,"failureMessages":[],"meta":{}}],"startTime":1761153671771,"endTime":1761153671822.0234,"status":"passed","message":"","name":"/home/runner/work/jasper-ui/jasper-ui/dist/test-out/20251022T171914093Z-a6e8f88a/spec-app-service-api-proxy.service.spec.js"},{"assertionResults":[{"ancestorTitles":["RefService"],"fullName":"RefService should be created","status":"passed","title":"should be created","duration":53.34035999999992,"failureMessages":[],"meta":{}}],"startTime":1761153675022,"endTime":1761153675075.3403,"status":"passed","message":"","name":"/home/runner/work/jasper-ui/jasper-ui/dist/test-out/20251022T171914093Z-a6e8f88a/spec-app-service-api-ref.service.spec.js"},{"assertionResults":[{"ancestorTitles":["ScrapeService"],"fullName":"ScrapeService should be created","status":"passed","title":"should be created","duration":49.6823710000001,"failureMessages":[],"meta":{}}],"startTime":1761153672000,"endTime":1761153672049.6824,"status":"passed","message":"","name":"/home/runner/work/jasper-ui/jasper-ui/dist/test-out/20251022T171914093Z-a6e8f88a/spec-app-service-api-scrape.service.spec.js"},{"assertionResults":[{"ancestorTitles":["StompService"],"fullName":"StompService should be created","status":"passed","title":"should be created","duration":54.88181499999996,"failureMessages":[],"meta":{}},{"ancestorTitles":["StompService"],"fullName":"StompService should construct hostUrl correctly without duplicating port","status":"passed","title":"should construct hostUrl correctly without duplicating port","duration":10.79604500000005,"failureMessages":[],"meta":{}},{"ancestorTitles":["StompService"],"fullName":"StompService should handle local API configuration correctly","status":"passed","title":"should handle local API configuration correctly","duration":14.78119300000003,"failureMessages":[],"meta":{}}],"startTime":1761153664094,"endTime":1761153664174.7812,"status":"passed","message":"","name":"/home/runner/work/jasper-ui/jasper-ui/dist/test-out/20251022T171914093Z-a6e8f88a/spec-app-service-api-stomp.service.spec.js"},{"assertionResults":[{"ancestorTitles":["TaggingService"],"fullName":"TaggingService should be created","status":"passed","title":"should be created","duration":35.23494599999981,"failureMessages":[],"meta":{}}],"startTime":1761153676324,"endTime":1761153676359.2349,"status":"passed","message":"","name":"/home/runner/work/jasper-ui/jasper-ui/dist/test-out/20251022T171914093Z-a6e8f88a/spec-app-service-api-tagging.service.spec.js"},{"assertionResults":[{"ancestorTitles":["TemplateService"],"fullName":"TemplateService should be created","status":"passed","title":"should be created","duration":40.33386799999994,"failureMessages":[],"meta":{}}],"startTime":1761153673346,"endTime":1761153673386.334,"status":"passed","message":"","name":"/home/runner/work/jasper-ui/jasper-ui/dist/test-out/20251022T171914093Z-a6e8f88a/spec-app-service-api-template.service.spec.js"},{"assertionResults":[{"ancestorTitles":["UserService"],"fullName":"UserService should be created","status":"passed","title":"should be created","duration":46.910602000000154,"failureMessages":[],"meta":{}}],"startTime":1761153674924,"endTime":1761153674970.9106,"status":"passed","message":"","name":"/home/runner/work/jasper-ui/jasper-ui/dist/test-out/20251022T171914093Z-a6e8f88a/spec-app-service-api-user.service.spec.js"},{"assertionResults":[{"ancestorTitles":["AuthzService"],"fullName":"AuthzService should be created","status":"passed","title":"should be created","duration":49.17530399999987,"failureMessages":[],"meta":{}},{"ancestorTitles":["AuthzService","tagWriteAccess"],"fullName":"AuthzService tagWriteAccess should return false when not signed in","status":"passed","title":"should return false when not signed in","duration":9.589150999999902,"failureMessages":[],"meta":{}},{"ancestorTitles":["AuthzService","tagWriteAccess"],"fullName":"AuthzService tagWriteAccess should return false for locked tag","status":"passed","title":"should return false for locked tag","duration":7.636426999999912,"failureMessages":[],"meta":{}},{"ancestorTitles":["AuthzService","tagWriteAccess"],"fullName":"AuthzService tagWriteAccess should return true for mod role","status":"passed","title":"should return true for mod role","duration":18.151890999999978,"failureMessages":[],"meta":{}},{"ancestorTitles":["AuthzService","tagWriteAccess"],"fullName":"AuthzService tagWriteAccess should return true for editor role with public tag","status":"passed","title":"should return true for editor role with public tag","duration":7.372474000000011,"failureMessages":[],"meta":{}},{"ancestorTitles":["AuthzService","tagWriteAccess"],"fullName":"AuthzService tagWriteAccess should return true for user's own tag","status":"passed","title":"should return true for user's own tag","duration":6.442103000000088,"failureMessages":[],"meta":{}},{"ancestorTitles":["AuthzService","tagWriteAccess"],"fullName":"AuthzService tagWriteAccess should return true when tag is in tagWriteAccess array","status":"passed","title":"should return true when tag is in tagWriteAccess array","duration":11.042580000000044,"failureMessages":[],"meta":{}},{"ancestorTitles":["AuthzService","tagWriteAccess"],"fullName":"AuthzService tagWriteAccess should return true when tag is in writeAccess array","status":"passed","title":"should return true when tag is in writeAccess array","duration":6.381619999999884,"failureMessages":[],"meta":{}},{"ancestorTitles":["AuthzService","tagWriteAccess"],"fullName":"AuthzService tagWriteAccess should return true when parent tag is in writeAccess array","status":"passed","title":"should return true when parent tag is in writeAccess array","duration":11.953633999999965,"failureMessages":[],"meta":{}},{"ancestorTitles":["AuthzService","tagWriteAccess"],"fullName":"AuthzService tagWriteAccess should return true when grandparent tag is in writeAccess array","status":"passed","title":"should return true when grandparent tag is in writeAccess array","duration":15.201119999999946,"failureMessages":[],"meta":{}},{"ancestorTitles":["AuthzService","tagWriteAccess"],"fullName":"AuthzService tagWriteAccess should return true when parent tag is in tagWriteAccess array","status":"passed","title":"should return true when parent tag is in tagWriteAccess array","duration":8.575234000000137,"failureMessages":[],"meta":{}},{"ancestorTitles":["AuthzService","tagWriteAccess"],"fullName":"AuthzService tagWriteAccess should return false when no access is granted","status":"passed","title":"should return false when no access is granted","duration":5.900859999999966,"failureMessages":[],"meta":{}},{"ancestorTitles":["AuthzService","tagWriteAccess"],"fullName":"AuthzService tagWriteAccess should return false when access is to a different branch","status":"passed","title":"should return false when access is to a different branch","duration":6.852269999999862,"failureMessages":[],"meta":{}}],"startTime":1761153615439,"endTime":1761153615604.8523,"status":"passed","message":"","name":"/home/runner/work/jasper-ui/jasper-ui/dist/test-out/20251022T171914093Z-a6e8f88a/spec-app-service-authz.service.spec.js"},{"assertionResults":[{"ancestorTitles":["BookmarkService"],"fullName":"BookmarkService should be created","status":"passed","title":"should be created","duration":45.76305100000013,"failureMessages":[],"meta":{}}],"startTime":1761153682131,"endTime":1761153682176.763,"status":"passed","message":"","name":"/home/runner/work/jasper-ui/jasper-ui/dist/test-out/20251022T171914093Z-a6e8f88a/spec-app-service-bookmark.service.spec.js"},{"assertionResults":[{"ancestorTitles":["ConfigService"],"fullName":"ConfigService should be created","status":"passed","title":"should be created","duration":55.18505400000004,"failureMessages":[],"meta":{}}],"startTime":1761153684196,"endTime":1761153684251.185,"status":"passed","message":"","name":"/home/runner/work/jasper-ui/jasper-ui/dist/test-out/20251022T171914093Z-a6e8f88a/spec-app-service-config.service.spec.js"},{"assertionResults":[{"ancestorTitles":["DebugService"],"fullName":"DebugService should be created","status":"passed","title":"should be created","duration":44.112483999999995,"failureMessages":[],"meta":{}}],"startTime":1761153633672,"endTime":1761153633716.1125,"status":"passed","message":"","name":"/home/runner/work/jasper-ui/jasper-ui/dist/test-out/20251022T171914093Z-a6e8f88a/spec-app-service-debug.service.spec.js"},{"assertionResults":[{"ancestorTitles":["EditorService"],"fullName":"EditorService should be created","status":"passed","title":"should be created","duration":49.741739999999936,"failureMessages":[],"meta":{}}],"startTime":1761153662205,"endTime":1761153662254.7417,"status":"passed","message":"","name":"/home/runner/work/jasper-ui/jasper-ui/dist/test-out/20251022T171914093Z-a6e8f88a/spec-app-service-editor.service.spec.js"},{"assertionResults":[{"ancestorTitles":["EmbedService"],"fullName":"EmbedService should be created","status":"passed","title":"should be created","duration":46.83348000000001,"failureMessages":[],"meta":{}}],"startTime":1761153657816,"endTime":1761153657862.8335,"status":"passed","message":"","name":"/home/runner/work/jasper-ui/jasper-ui/dist/test-out/20251022T171914093Z-a6e8f88a/spec-app-service-embed.service.spec.js"},{"assertionResults":[{"ancestorTitles":["ImageService"],"fullName":"ImageService should be created","status":"passed","title":"should be created","duration":32.69908499999997,"failureMessages":[],"meta":{}}],"startTime":1761153680717,"endTime":1761153680749.699,"status":"passed","message":"","name":"/home/runner/work/jasper-ui/jasper-ui/dist/test-out/20251022T171914093Z-a6e8f88a/spec-app-service-image.service.spec.js"},{"assertionResults":[{"ancestorTitles":["LoginService"],"fullName":"LoginService should be created","status":"passed","title":"should be created","duration":52.563858999999866,"failureMessages":[],"meta":{}}],"startTime":1761153678389,"endTime":1761153678441.564,"status":"passed","message":"","name":"/home/runner/work/jasper-ui/jasper-ui/dist/test-out/20251022T171914093Z-a6e8f88a/spec-app-service-login.service.spec.js"},{"assertionResults":[{"ancestorTitles":["ModService"],"fullName":"ModService should be created","status":"failed","title":"should be created","duration":161.22335399999997,"failureMessages":["TypeError: Cannot read properties of undefined (reading 'supports')\n    at new _ModService (/home/runner/work/jasper-ui/jasper-ui/dist/test-out/20251022T171914093Z-a6e8f88a/src/app/service/mod.service.ts:19:17)\n    at Object.ModService_Factory [as factory] (/home/runner/work/jasper-ui/jasper-ui/dist/test-out/20251022T171914093Z-a6e8f88a/chunk-2AZAYSYR.js:529:14)\n    at /home/runner/work/jasper-ui/jasper-ui/dist/test-out/20251022T171914093Z-a6e8f88a/node_modules/@angular/core/fesm2022/root_effect_scheduler.mjs:2187:47\n    at runInInjectorProfilerContext (/home/runner/work/jasper-ui/jasper-ui/dist/test-out/20251022T171914093Z-a6e8f88a/node_modules/@angular/core/fesm2022/root_effect_scheduler.mjs:746:9)\n    at R3Injector.hydrate (/home/runner/work/jasper-ui/jasper-ui/dist/test-out/20251022T171914093Z-a6e8f88a/node_modules/@angular/core/fesm2022/root_effect_scheduler.mjs:2185:21)\n    at R3Injector.get (/home/runner/work/jasper-ui/jasper-ui/dist/test-out/20251022T171914093Z-a6e8f88a/node_modules/@angular/core/fesm2022/root_effect_scheduler.mjs:2033:33)\n    at _TestBedImpl.inject (/home/runner/work/jasper-ui/jasper-ui/dist/test-out/20251022T171914093Z-a6e8f88a/node_modules/@angular/core/fesm2022/testing.mjs:2004:52)\n    at Function.inject (/home/runner/work/jasper-ui/jasper-ui/dist/test-out/20251022T171914093Z-a6e8f88a/node_modules/@angular/core/fesm2022/testing.mjs:1843:37)\n    at /home/runner/work/jasper-ui/jasper-ui/dist/test-out/20251022T171914093Z-a6e8f88a/src/app/service/mod.service.spec.ts:16:23\n    at file:///home/runner/work/jasper-ui/jasper-ui/node_modules/@vitest/runner/dist/chunk-hooks.js:155:11"],"meta":{}}],"startTime":1761153664862,"endTime":1761153665023.2234,"status":"failed","message":"","name":"/home/runner/work/jasper-ui/jasper-ui/dist/test-out/20251022T171914093Z-a6e8f88a/spec-app-service-mod.service.spec.js"},{"assertionResults":[{"ancestorTitles":["OriginMapService"],"fullName":"OriginMapService should be created","status":"passed","title":"should be created","duration":55.34392100000014,"failureMessages":[],"meta":{}},{"ancestorTitles":["OriginMapService"],"fullName":"OriginMapService reverseLookup on @other has named us @main","status":"passed","title":"reverseLookup on @other has named us @main","duration":12.559918000000152,"failureMessages":[],"meta":{}},{"ancestorTitles":["OriginMapService"],"fullName":"OriginMapService reverseLookup on @other does not have an entry for our API","status":"passed","title":"reverseLookup on @other does not have an entry for our API","duration":8.140870999999834,"failureMessages":[],"meta":{}},{"ancestorTitles":["OriginMapService"],"fullName":"OriginMapService reverseLookup on @other for tenant @mt has it named @main","status":"passed","title":"reverseLookup on @other for tenant @mt has it named @main","duration":7.6952870000000075,"failureMessages":[],"meta":{}},{"ancestorTitles":["OriginMapService"],"fullName":"OriginMapService reverseLookup on @other does not have an entry for tenant @mt","status":"passed","title":"reverseLookup on @other does not have an entry for tenant @mt","duration":6.644710999999916,"failureMessages":[],"meta":{}},{"ancestorTitles":["OriginMapService","OriginMapService origin mapping"],"fullName":"OriginMapService OriginMapService origin mapping should map origins correctly in multi-tenant setup","status":"passed","title":"should map origins correctly in multi-tenant setup","duration":4.872436000000107,"failureMessages":[],"meta":{}}],"startTime":1761153597687,"endTime":1761153597782.8723,"status":"passed","message":"","name":"/home/runner/work/jasper-ui/jasper-ui/dist/test-out/20251022T171914093Z-a6e8f88a/spec-app-service-origin-map.service.spec.js"},{"assertionResults":[{"ancestorTitles":["PwaService"],"fullName":"PwaService should be created","status":"passed","title":"should be created","duration":34.00101399999994,"failureMessages":[],"meta":{}}],"startTime":1761153585893,"endTime":1761153585927.001,"status":"passed","message":"","name":"/home/runner/work/jasper-ui/jasper-ui/dist/test-out/20251022T171914093Z-a6e8f88a/spec-app-service-pwa.service.spec.js"},{"assertionResults":[{"ancestorTitles":["VisibilityService"],"fullName":"VisibilityService should be created","status":"failed","title":"should be created","duration":166.19465300000002,"failureMessages":["ReferenceError: IntersectionObserver is not defined\n    at new _VisibilityService (/home/runner/work/jasper-ui/jasper-ui/dist/test-out/20251022T171914093Z-a6e8f88a/src/app/service/visibility.service.ts:11:25)\n    at Object.VisibilityService_Factory [as factory] (/home/runner/work/jasper-ui/jasper-ui/dist/test-out/20251022T171914093Z-a6e8f88a/chunk-GUI55U43.js:43:14)\n    at /home/runner/work/jasper-ui/jasper-ui/dist/test-out/20251022T171914093Z-a6e8f88a/node_modules/@angular/core/fesm2022/root_effect_scheduler.mjs:2187:47\n    at runInInjectorProfilerContext (/home/runner/work/jasper-ui/jasper-ui/dist/test-out/20251022T171914093Z-a6e8f88a/node_modules/@angular/core/fesm2022/root_effect_scheduler.mjs:746:9)\n    at R3Injector.hydrate (/home/runner/work/jasper-ui/jasper-ui/dist/test-out/20251022T171914093Z-a6e8f88a/node_modules/@angular/core/fesm2022/root_effect_scheduler.mjs:2185:21)\n    at R3Injector.get (/home/runner/work/jasper-ui/jasper-ui/dist/test-out/20251022T171914093Z-a6e8f88a/node_modules/@angular/core/fesm2022/root_effect_scheduler.mjs:2033:33)\n    at _TestBedImpl.inject (/home/runner/work/jasper-ui/jasper-ui/dist/test-out/20251022T171914093Z-a6e8f88a/node_modules/@angular/core/fesm2022/testing.mjs:2004:52)\n    at Function.inject (/home/runner/work/jasper-ui/jasper-ui/dist/test-out/20251022T171914093Z-a6e8f88a/node_modules/@angular/core/fesm2022/testing.mjs:1843:37)\n    at /home/runner/work/jasper-ui/jasper-ui/dist/test-out/20251022T171914093Z-a6e8f88a/src/app/service/visibility.service.spec.ts:10:23\n    at file:///home/runner/work/jasper-ui/jasper-ui/node_modules/@vitest/runner/dist/chunk-hooks.js:155:11"],"meta":{}}],"startTime":1761153689147,"endTime":1761153689313.1946,"status":"failed","message":"","name":"/home/runner/work/jasper-ui/jasper-ui/dist/test-out/20251022T171914093Z-a6e8f88a/spec-app-service-visibility.service.spec.js"},{"assertionResults":[{"ancestorTitles":["Diff Utils","formatRefForDiff"],"fullName":"Diff Utils formatRefForDiff should format a ref excluding modified and created fields","status":"passed","title":"should format a ref excluding modified and created fields","duration":21.659642000000076,"failureMessages":[],"meta":{}},{"ancestorTitles":["Diff Utils","formatRefForDiff"],"fullName":"Diff Utils formatRefForDiff should order fields consistently","status":"passed","title":"should order fields consistently","duration":0.6122709999999643,"failureMessages":[],"meta":{}},{"ancestorTitles":["Diff Utils","formatRefForDiff"],"fullName":"Diff Utils formatRefForDiff should sort plugin keys alphabetically","status":"passed","title":"should sort plugin keys alphabetically","duration":1.0135099999999966,"failureMessages":[],"meta":{}},{"ancestorTitles":["Diff Utils","tryMergeRefComment"],"fullName":"Diff Utils tryMergeRefComment should accept theirs if ours is unchanged","status":"passed","title":"should accept theirs if ours is unchanged","duration":0.9854369999998198,"failureMessages":[],"meta":{}},{"ancestorTitles":["Diff Utils","tryMergeRefComment"],"fullName":"Diff Utils tryMergeRefComment should accept ours if theirs is unchanged","status":"passed","title":"should accept ours if theirs is unchanged","duration":0.48220900000001166,"failureMessages":[],"meta":{}},{"ancestorTitles":["Diff Utils","tryMergeRefComment"],"fullName":"Diff Utils tryMergeRefComment should accept if both made the same change","status":"passed","title":"should accept if both made the same change","duration":0.4148929999998927,"failureMessages":[],"meta":{}},{"ancestorTitles":["Diff Utils","tryMergeRefComment"],"fullName":"Diff Utils tryMergeRefComment should return undefined mergedComment on conflict","status":"passed","title":"should return undefined mergedComment on conflict","duration":0.5334949999999026,"failureMessages":[],"meta":{}},{"ancestorTitles":["Diff Utils","tryMergeRefComment"],"fullName":"Diff Utils tryMergeRefComment should handle empty base","status":"passed","title":"should handle empty base","duration":0.462050999999974,"failureMessages":[],"meta":{}},{"ancestorTitles":["Diff Utils","tryMergeRefComment"],"fullName":"Diff Utils tryMergeRefComment should handle empty comments","status":"passed","title":"should handle empty comments","duration":0.38908600000013394,"failureMessages":[],"meta":{}},{"ancestorTitles":["Diff Utils","tryMergeRefComment"],"fullName":"Diff Utils tryMergeRefComment should merge non-conflicting multi-line changes","status":"passed","title":"should merge non-conflicting multi-line changes","duration":0.4891109999998662,"failureMessages":[],"meta":{}},{"ancestorTitles":["Diff Utils","tryMergeRefComment"],"fullName":"Diff Utils tryMergeRefComment should detect conflicting multi-line changes","status":"passed","title":"should detect conflicting multi-line changes","duration":0.5659049999999297,"failureMessages":[],"meta":{}},{"ancestorTitles":["Diff Utils","tryMergeRefComment"],"fullName":"Diff Utils tryMergeRefComment should merge additions at different positions","status":"passed","title":"should merge additions at different positions","duration":0.5168240000000424,"failureMessages":[],"meta":{}},{"ancestorTitles":["Diff Utils","tryMergeRefComment"],"fullName":"Diff Utils tryMergeRefComment should merge with space delimiter","status":"passed","title":"should merge with space delimiter","duration":0.3246149999999943,"failureMessages":[],"meta":{}},{"ancestorTitles":["Diff Utils","tryMergeRefComment"],"fullName":"Diff Utils tryMergeRefComment should merge with space delimiter when changes at different positions","status":"passed","title":"should merge with space delimiter when changes at different positions","duration":0.5634000000000015,"failureMessages":[],"meta":{}},{"ancestorTitles":["Diff Utils","tryMergeRefComment"],"fullName":"Diff Utils tryMergeRefComment should handle ninja triangle merges with space delimiter for non-conflicting additions","status":"passed","title":"should handle ninja triangle merges with space delimiter for non-conflicting additions","duration":0.33442299999978786,"failureMessages":[],"meta":{}}],"startTime":1761153613244,"endTime":1761153613274.5635,"status":"passed","message":"","name":"/home/runner/work/jasper-ui/jasper-ui/dist/test-out/20251022T171914093Z-a6e8f88a/spec-app-util-diff.spec.js"}]}
<testsuites name="vitest tests" tests="250" failures="79" errors="0" time="17.008397462">
    <testsuite name="dist/test-out/20251022T171914093Z-a6e8f88a/spec-app-app.component.spec.js" timestamp="2025-10-22T17:21:30.419Z" hostname="runnervmwhb2z" tests="1" failures="1" errors="0" skipped="0" time="0.184695386">
        <testcase classname="dist/test-out/20251022T171914093Z-a6e8f88a/spec-app-app.component.spec.js" name="AppComponent &gt; should create" time="0.183022566">
            <system-err>
TypeError: Cannot read properties of undefined (reading &apos;supports&apos;)
    at new _ModService [90m(/home/runner/work/jasper-ui/jasper-ui/[39mdist/test-out/20251022T171914093Z-a6e8f88a/src/app/service/mod.service.ts:19:17[90m)[39m
    at Object.ModService_Factory [as factory] [90m(/home/runner/work/jasper-ui/jasper-ui/[39mdist/test-out/20251022T171914093Z-a6e8f88a/chunk-2AZAYSYR.js:529:14[90m)[39m
    at [90m/home/runner/work/jasper-ui/jasper-ui/[39mdist/test-out/20251022T171914093Z-a6e8f88a/node_modules/[4m@angular[24m/core/fesm2022/root_effect_scheduler.mjs:2187:47
    at runInInjectorProfilerContext [90m(/home/runner/work/jasper-ui/jasper-ui/[39mdist/test-out/20251022T171914093Z-a6e8f88a/node_modules/[4m@angular[24m/core/fesm2022/root_effect_scheduler.mjs:746:9[90m)[39m
    at R3Injector.hydrate [90m(/home/runner/work/jasper-ui/jasper-ui/[39mdist/test-out/20251022T171914093Z-a6e8f88a/node_modules/[4m@angular[24m/core/fesm2022/root_effect_scheduler.mjs:2185:21[90m)[39m
    at R3Injector.get [90m(/home/runner/work/jasper-ui/jasper-ui/[39mdist/test-out/20251022T171914093Z-a6e8f88a/node_modules/[4m@angular[24m/core/fesm2022/root_effect_scheduler.mjs:2033:33[90m)[39m
    at R3Injector.get [90m(/home/runner/work/jasper-ui/jasper-ui/[39mdist/test-out/20251022T171914093Z-a6e8f88a/node_modules/[4m@angular[24m/core/fesm2022/root_effect_scheduler.mjs:2045:33[90m)[39m
    at ChainedInjector.get [90m(/home/runner/work/jasper-ui/jasper-ui/[39mdist/test-out/20251022T171914093Z-a6e8f88a/node_modules/[4m@angular[24m/core/fesm2022/debug_node.mjs:13404:36[90m)[39m
    at lookupTokenUsingModuleInjector [90m(/home/runner/work/jasper-ui/jasper-ui/[39mdist/test-out/20251022T171914093Z-a6e8f88a/node_modules/[4m@angular[24m/core/fesm2022/debug_node.mjs:1718:39[90m)[39m
    at getOrCreateInjectable [90m(/home/runner/work/jasper-ui/jasper-ui/[39mdist/test-out/20251022T171914093Z-a6e8f88a/node_modules/[4m@angular[24m/core/fesm2022/debug_node.mjs:1766:12[90m)[39m

            </system-err>
            <failure message="Cannot read properties of undefined (reading &apos;supports&apos;)" type="TypeError">
TypeError: Cannot read properties of undefined (reading &apos;supports&apos;)
 ❯ new _ModService src/app/service/mod.service.ts:19:17
 ❯ Object.ModService_Factory [as factory] chunk-2AZAYSYR.js:529:14
 ❯ node_modules/@angular/core/fesm2022/root_effect_scheduler.mjs:2187:47
 ❯ runInInjectorProfilerContext node_modules/@angular/core/fesm2022/root_effect_scheduler.mjs:746:9
 ❯ R3Injector.hydrate node_modules/@angular/core/fesm2022/root_effect_scheduler.mjs:2185:21
 ❯ R3Injector.get node_modules/@angular/core/fesm2022/root_effect_scheduler.mjs:2033:33
 ❯ R3Injector.get node_modules/@angular/core/fesm2022/root_effect_scheduler.mjs:2045:33
 ❯ ChainedInjector.get node_modules/@angular/core/fesm2022/debug_node.mjs:13404:36
 ❯ lookupTokenUsingModuleInjector node_modules/@angular/core/fesm2022/debug_node.mjs:1718:39
 ❯ getOrCreateInjectable node_modules/@angular/core/fesm2022/debug_node.mjs:1766:12
            </failure>
        </testcase>
    </testsuite>
    <testsuite name="dist/test-out/20251022T171914093Z-a6e8f88a/spec-app-component-action-action-list-action-list.component.spec.js" timestamp="2025-10-22T17:21:30.422Z" hostname="runnervmwhb2z" tests="1" failures="0" errors="0" skipped="0" time="0.122710204">
        <testcase classname="dist/test-out/20251022T171914093Z-a6e8f88a/spec-app-component-action-action-list-action-list.component.spec.js" name="ActionListComponent &gt; should create" time="0.12133905">
            <system-out>
📶️  Opening Web Socket...

            </system-out>
        </testcase>
    </testsuite>
    <testsuite name="dist/test-out/20251022T171914093Z-a6e8f88a/spec-app-component-action-confirm-action-confirm-action.component.spec.js" timestamp="2025-10-22T17:21:30.422Z" hostname="runnervmwhb2z" tests="1" failures="0" errors="0" skipped="0" time="0.053325536">
        <testcase classname="dist/test-out/20251022T171914093Z-a6e8f88a/spec-app-component-action-confirm-action-confirm-action.component.spec.js" name="ConfirmActionComponent &gt; should create" time="0.051627209">
        </testcase>
    </testsuite>
    <testsuite name="dist/test-out/20251022T171914093Z-a6e8f88a/spec-app-component-action-inline-button-inline-button.component.spec.js" timestamp="2025-10-22T17:21:30.423Z" hostname="runnervmwhb2z" tests="1" failures="0" errors="0" skipped="0" time="0.044391354">
        <testcase classname="dist/test-out/20251022T171914093Z-a6e8f88a/spec-app-component-action-inline-button-inline-button.component.spec.js" name="InlineButtonComponent &gt; should create" time="0.043052029">
        </testcase>
    </testsuite>
    <testsuite name="dist/test-out/20251022T171914093Z-a6e8f88a/spec-app-component-action-inline-password-inline-password.component.spec.js" timestamp="2025-10-22T17:21:30.423Z" hostname="runnervmwhb2z" tests="1" failures="0" errors="0" skipped="0" time="0.067879822">
        <testcase classname="dist/test-out/20251022T171914093Z-a6e8f88a/spec-app-component-action-inline-password-inline-password.component.spec.js" name="InlinePasswordComponent &gt; should create" time="0.066049238">
        </testcase>
    </testsuite>
    <testsuite name="dist/test-out/20251022T171914093Z-a6e8f88a/spec-app-component-action-inline-plugin-inline-plugin.component.spec.js" timestamp="2025-10-22T17:21:30.423Z" hostname="runnervmwhb2z" tests="1" failures="0" errors="0" skipped="0" time="0.097453905">
        <testcase classname="dist/test-out/20251022T171914093Z-a6e8f88a/spec-app-component-action-inline-plugin-inline-plugin.component.spec.js" name="InlinePluginComponent &gt; should create" time="0.09553688">
        </testcase>
    </testsuite>
    <testsuite name="dist/test-out/20251022T171914093Z-a6e8f88a/spec-app-component-action-inline-select-inline-select.component.spec.js" timestamp="2025-10-22T17:21:30.424Z" hostname="runnervmwhb2z" tests="1" failures="0" errors="0" skipped="0" time="0.066380845">
        <testcase classname="dist/test-out/20251022T171914093Z-a6e8f88a/spec-app-component-action-inline-select-inline-select.component.spec.js" name="InlineSelectComponent &gt; should create" time="0.064454382">
        </testcase>
    </testsuite>
    <testsuite name="dist/test-out/20251022T171914093Z-a6e8f88a/spec-app-component-action-inline-tag-inline-tag.component.spec.js" timestamp="2025-10-22T17:21:30.424Z" hostname="runnervmwhb2z" tests="1" failures="0" errors="0" skipped="0" time="0.09098571">
        <testcase classname="dist/test-out/20251022T171914093Z-a6e8f88a/spec-app-component-action-inline-tag-inline-tag.component.spec.js" name="InlineTagComponent &gt; should create" time="0.089115603">
        </testcase>
    </testsuite>
    <testsuite name="dist/test-out/20251022T171914093Z-a6e8f88a/spec-app-component-backgammon-backgammon.component.spec.js" timestamp="2025-10-22T17:21:30.424Z" hostname="runnervmwhb2z" tests="10" failures="0" errors="0" skipped="0" time="0.371325964">
        <testcase classname="dist/test-out/20251022T171914093Z-a6e8f88a/spec-app-component-backgammon-backgammon.component.spec.js" name="BackgammonComponent &gt; should create" time="0.117487291">
            <system-out>
📶️  Opening Web Socket...

            </system-out>
        </testcase>
        <testcase classname="dist/test-out/20251022T171914093Z-a6e8f88a/spec-app-component-backgammon-backgammon.component.spec.js" name="BackgammonComponent &gt; Illegal Moves &gt; should reject moving to a spot blocked by opponent" time="0.036715693">
            <system-out>
📶️  Opening Web Socket...

            </system-out>
        </testcase>
        <testcase classname="dist/test-out/20251022T171914093Z-a6e8f88a/spec-app-component-backgammon-backgammon.component.spec.js" name="BackgammonComponent &gt; Illegal Moves &gt; should reject moving opponent pieces" time="0.034871782">
            <system-out>
📶️  Opening Web Socket...

            </system-out>
        </testcase>
        <testcase classname="dist/test-out/20251022T171914093Z-a6e8f88a/spec-app-component-backgammon-backgammon.component.spec.js" name="BackgammonComponent &gt; Illegal Moves &gt; should reject moving when no dice are available" time="0.030725725">
            <system-out>
📶️  Opening Web Socket...

            </system-out>
        </testcase>
        <testcase classname="dist/test-out/20251022T171914093Z-a6e8f88a/spec-app-component-backgammon-backgammon.component.spec.js" name="BackgammonComponent &gt; Illegal Moves &gt; should reject moving from board when piece is on bar" time="0.021248959">
            <system-out>
📶️  Opening Web Socket...

            </system-out>
        </testcase>
        <testcase classname="dist/test-out/20251022T171914093Z-a6e8f88a/spec-app-component-backgammon-backgammon.component.spec.js" name="BackgammonComponent &gt; Illegal Moves &gt; should reject bearing off when not all pieces are in home board" time="0.019449622">
            <system-out>
📶️  Opening Web Socket...

            </system-out>
        </testcase>
        <testcase classname="dist/test-out/20251022T171914093Z-a6e8f88a/spec-app-component-backgammon-backgammon.component.spec.js" name="BackgammonComponent &gt; Illegal Moves &gt; should throw error when attempting illegal move via drop" time="0.042874224">
            <system-out>
📶️  Opening Web Socket...

            </system-out>
        </testcase>
        <testcase classname="dist/test-out/20251022T171914093Z-a6e8f88a/spec-app-component-backgammon-backgammon.component.spec.js" name="BackgammonComponent &gt; Combined Moves with Hits &gt; should allow combined move that hits opponent on intermediate spot" time="0.025775995">
            <system-out>
📶️  Opening Web Socket...

            </system-out>
        </testcase>
        <testcase classname="dist/test-out/20251022T171914093Z-a6e8f88a/spec-app-component-backgammon-backgammon.component.spec.js" name="BackgammonComponent &gt; Combined Moves with Hits &gt; should handle combined move hitting piece at final destination" time="0.021419735">
            <system-out>
📶️  Opening Web Socket...

            </system-out>
        </testcase>
        <testcase classname="dist/test-out/20251022T171914093Z-a6e8f88a/spec-app-component-backgammon-backgammon.component.spec.js" name="BackgammonComponent &gt; Combined Moves with Hits &gt; should correctly process combined move that hits multiple pieces" time="0.01877308">
            <system-out>
📶️  Opening Web Socket...

            </system-out>
        </testcase>
    </testsuite>
    <testsuite name="dist/test-out/20251022T171914093Z-a6e8f88a/spec-app-component-backup-backup-list-backup-list.component.spec.js" timestamp="2025-10-22T17:21:30.427Z" hostname="runnervmwhb2z" tests="1" failures="0" errors="0" skipped="0" time="0.080619226">
        <testcase classname="dist/test-out/20251022T171914093Z-a6e8f88a/spec-app-component-backup-backup-list-backup-list.component.spec.js" name="BackupListComponent &gt; should create" time="0.079046926">
        </testcase>
    </testsuite>
    <testsuite name="dist/test-out/20251022T171914093Z-a6e8f88a/spec-app-component-backup-backup.component.spec.js" timestamp="2025-10-22T17:21:30.427Z" hostname="runnervmwhb2z" tests="1" failures="0" errors="0" skipped="0" time="0.09879802">
        <testcase classname="dist/test-out/20251022T171914093Z-a6e8f88a/spec-app-component-backup-backup.component.spec.js" name="BackupComponent &gt; should create" time="0.097005045">
        </testcase>
    </testsuite>
    <testsuite name="dist/test-out/20251022T171914093Z-a6e8f88a/spec-app-component-blog-blog-entry-blog-entry.component.spec.js" timestamp="2025-10-22T17:21:30.427Z" hostname="runnervmwhb2z" tests="1" failures="1" errors="0" skipped="0" time="0.110088135">
        <testcase classname="dist/test-out/20251022T171914093Z-a6e8f88a/spec-app-component-blog-blog-entry-blog-entry.component.spec.js" name="BlogEntryComponent &gt; should create" time="0.108137176">
            <system-err>
TypeError: Cannot read properties of undefined (reading &apos;ɵcmp&apos;)
    at getComponentDef [90m(/home/runner/work/jasper-ui/jasper-ui/[39mdist/test-out/20251022T171914093Z-a6e8f88a/node_modules/[4m@angular[24m/core/fesm2022/testing.mjs:1605:18[90m)[39m
    at isStandaloneComponent [90m(/home/runner/work/jasper-ui/jasper-ui/[39mdist/test-out/20251022T171914093Z-a6e8f88a/node_modules/[4m@angular[24m/core/fesm2022/testing.mjs:1601:17[90m)[39m
    at [90m/home/runner/work/jasper-ui/jasper-ui/[39mdist/test-out/20251022T171914093Z-a6e8f88a/node_modules/[4m@angular[24m/core/fesm2022/testing.mjs:1338:29
    at Array.forEach (&lt;anonymous&gt;)
    at queueTypesFromModulesArrayRecur [90m(/home/runner/work/jasper-ui/jasper-ui/[39mdist/test-out/20251022T171914093Z-a6e8f88a/node_modules/[4m@angular[24m/core/fesm2022/testing.mjs:1333:34[90m)[39m
    at [90m/home/runner/work/jasper-ui/jasper-ui/[39mdist/test-out/20251022T171914093Z-a6e8f88a/node_modules/[4m@angular[24m/core/fesm2022/testing.mjs:1339:29
    at Array.forEach (&lt;anonymous&gt;)
    at queueTypesFromModulesArrayRecur [90m(/home/runner/work/jasper-ui/jasper-ui/[39mdist/test-out/20251022T171914093Z-a6e8f88a/node_modules/[4m@angular[24m/core/fesm2022/testing.mjs:1333:34[90m)[39m
    at [90m/home/runner/work/jasper-ui/jasper-ui/[39mdist/test-out/20251022T171914093Z-a6e8f88a/node_modules/[4m@angular[24m/core/fesm2022/testing.mjs:1339:29
    at Array.forEach (&lt;anonymous&gt;)

            </system-err>
            <failure message="Cannot read properties of undefined (reading &apos;ɵcmp&apos;)" type="TypeError">
TypeError: Cannot read properties of undefined (reading &apos;ɵcmp&apos;)
 ❯ getComponentDef node_modules/@angular/core/fesm2022/testing.mjs:1605:18
 ❯ isStandaloneComponent node_modules/@angular/core/fesm2022/testing.mjs:1601:17
 ❯ node_modules/@angular/core/fesm2022/testing.mjs:1338:29
 ❯ queueTypesFromModulesArrayRecur node_modules/@angular/core/fesm2022/testing.mjs:1333:34
 ❯ node_modules/@angular/core/fesm2022/testing.mjs:1339:29
 ❯ queueTypesFromModulesArrayRecur node_modules/@angular/core/fesm2022/testing.mjs:1333:34
 ❯ node_modules/@angular/core/fesm2022/testing.mjs:1339:29
            </failure>
        </testcase>
    </testsuite>
    <testsuite name="dist/test-out/20251022T171914093Z-a6e8f88a/spec-app-component-blog-blog.component.spec.js" timestamp="2025-10-22T17:21:30.428Z" hostname="runnervmwhb2z" tests="1" failures="1" errors="0" skipped="0" time="0.093220791">
        <testcase classname="dist/test-out/20251022T171914093Z-a6e8f88a/spec-app-component-blog-blog.component.spec.js" name="BlogComponent &gt; should create" time="0.091537342">
            <system-err>
TypeError: Cannot read properties of undefined (reading &apos;ɵcmp&apos;)
    at getComponentDef [90m(/home/runner/work/jasper-ui/jasper-ui/[39mdist/test-out/20251022T171914093Z-a6e8f88a/node_modules/[4m@angular[24m/core/fesm2022/testing.mjs:1605:18[90m)[39m
    at isStandaloneComponent [90m(/home/runner/work/jasper-ui/jasper-ui/[39mdist/test-out/20251022T171914093Z-a6e8f88a/node_modules/[4m@angular[24m/core/fesm2022/testing.mjs:1601:17[90m)[39m
    at [90m/home/runner/work/jasper-ui/jasper-ui/[39mdist/test-out/20251022T171914093Z-a6e8f88a/node_modules/[4m@angular[24m/core/fesm2022/testing.mjs:1338:29
    at Array.forEach (&lt;anonymous&gt;)
    at queueTypesFromModulesArrayRecur [90m(/home/runner/work/jasper-ui/jasper-ui/[39mdist/test-out/20251022T171914093Z-a6e8f88a/node_modules/[4m@angular[24m/core/fesm2022/testing.mjs:1333:34[90m)[39m
    at [90m/home/runner/work/jasper-ui/jasper-ui/[39mdist/test-out/20251022T171914093Z-a6e8f88a/node_modules/[4m@angular[24m/core/fesm2022/testing.mjs:1339:29
    at Array.forEach (&lt;anonymous&gt;)
    at queueTypesFromModulesArrayRecur [90m(/home/runner/work/jasper-ui/jasper-ui/[39mdist/test-out/20251022T171914093Z-a6e8f88a/node_modules/[4m@angular[24m/core/fesm2022/testing.mjs:1333:34[90m)[39m
    at [90m/home/runner/work/jasper-ui/jasper-ui/[39mdist/test-out/20251022T171914093Z-a6e8f88a/node_modules/[4m@angular[24m/core/fesm2022/testing.mjs:1339:29
    at Array.forEach (&lt;anonymous&gt;)

            </system-err>
            <failure message="Cannot read properties of undefined (reading &apos;ɵcmp&apos;)" type="TypeError">
TypeError: Cannot read properties of undefined (reading &apos;ɵcmp&apos;)
 ❯ getComponentDef node_modules/@angular/core/fesm2022/testing.mjs:1605:18
 ❯ isStandaloneComponent node_modules/@angular/core/fesm2022/testing.mjs:1601:17
 ❯ node_modules/@angular/core/fesm2022/testing.mjs:1338:29
 ❯ queueTypesFromModulesArrayRecur node_modules/@angular/core/fesm2022/testing.mjs:1333:34
 ❯ node_modules/@angular/core/fesm2022/testing.mjs:1339:29
 ❯ queueTypesFromModulesArrayRecur node_modules/@angular/core/fesm2022/testing.mjs:1333:34
 ❯ node_modules/@angular/core/fesm2022/testing.mjs:1339:29
            </failure>
        </testcase>
    </testsuite>
    <testsuite name="dist/test-out/20251022T171914093Z-a6e8f88a/spec-app-component-bulk-bulk.component.spec.js" timestamp="2025-10-22T17:21:30.429Z" hostname="runnervmwhb2z" tests="1" failures="0" errors="0" skipped="0" time="0.13198493">
        <testcase classname="dist/test-out/20251022T171914093Z-a6e8f88a/spec-app-component-bulk-bulk.component.spec.js" name="BulkComponent &gt; should create" time="0.130507616">
            <system-out>
📶️  Opening Web Socket...

            </system-out>
        </testcase>
    </testsuite>
    <testsuite name="dist/test-out/20251022T171914093Z-a6e8f88a/spec-app-component-chat-chat-entry-chat-entry.component.spec.js" timestamp="2025-10-22T17:21:30.429Z" hostname="runnervmwhb2z" tests="1" failures="1" errors="0" skipped="0" time="0.081093749">
        <testcase classname="dist/test-out/20251022T171914093Z-a6e8f88a/spec-app-component-chat-chat-entry-chat-entry.component.spec.js" name="ChatEntryComponent &gt; should create" time="0.079780743">
            <system-err>
TypeError: Cannot read properties of undefined (reading &apos;ɵcmp&apos;)
    at getComponentDef [90m(/home/runner/work/jasper-ui/jasper-ui/[39mdist/test-out/20251022T171914093Z-a6e8f88a/node_modules/[4m@angular[24m/core/fesm2022/testing.mjs:1605:18[90m)[39m
    at isStandaloneComponent [90m(/home/runner/work/jasper-ui/jasper-ui/[39mdist/test-out/20251022T171914093Z-a6e8f88a/node_modules/[4m@angular[24m/core/fesm2022/testing.mjs:1601:17[90m)[39m
    at [90m/home/runner/work/jasper-ui/jasper-ui/[39mdist/test-out/20251022T171914093Z-a6e8f88a/node_modules/[4m@angular[24m/core/fesm2022/testing.mjs:1338:29
    at Array.forEach (&lt;anonymous&gt;)
    at queueTypesFromModulesArrayRecur [90m(/home/runner/work/jasper-ui/jasper-ui/[39mdist/test-out/20251022T171914093Z-a6e8f88a/node_modules/[4m@angular[24m/core/fesm2022/testing.mjs:1333:34[90m)[39m
    at [90m/home/runner/work/jasper-ui/jasper-ui/[39mdist/test-out/20251022T171914093Z-a6e8f88a/node_modules/[4m@angular[24m/core/fesm2022/testing.mjs:1339:29
    at Array.forEach (&lt;anonymous&gt;)
    at queueTypesFromModulesArrayRecur [90m(/home/runner/work/jasper-ui/jasper-ui/[39mdist/test-out/20251022T171914093Z-a6e8f88a/node_modules/[4m@angular[24m/core/fesm2022/testing.mjs:1333:34[90m)[39m
    at [90m/home/runner/work/jasper-ui/jasper-ui/[39mdist/test-out/20251022T171914093Z-a6e8f88a/node_modules/[4m@angular[24m/core/fesm2022/testing.mjs:1339:29
    at Array.forEach (&lt;anonymous&gt;)

            </system-err>
            <failure message="Cannot read properties of undefined (reading &apos;ɵcmp&apos;)" type="TypeError">
TypeError: Cannot read properties of undefined (reading &apos;ɵcmp&apos;)
 ❯ getComponentDef node_modules/@angular/core/fesm2022/testing.mjs:1605:18
 ❯ isStandaloneComponent node_modules/@angular/core/fesm2022/testing.mjs:1601:17
 ❯ node_modules/@angular/core/fesm2022/testing.mjs:1338:29
 ❯ queueTypesFromModulesArrayRecur node_modules/@angular/core/fesm2022/testing.mjs:1333:34
 ❯ node_modules/@angular/core/fesm2022/testing.mjs:1339:29
 ❯ queueTypesFromModulesArrayRecur node_modules/@angular/core/fesm2022/testing.mjs:1333:34
 ❯ node_modules/@angular/core/fesm2022/testing.mjs:1339:29
            </failure>
        </testcase>
    </testsuite>
    <testsuite name="dist/test-out/20251022T171914093Z-a6e8f88a/spec-app-component-chat-chat.component.spec.js" timestamp="2025-10-22T17:21:30.430Z" hostname="runnervmwhb2z" tests="1" failures="1" errors="0" skipped="0" time="0.082974257">
        <testcase classname="dist/test-out/20251022T171914093Z-a6e8f88a/spec-app-component-chat-chat.component.spec.js" name="ChatComponent &gt; should create" time="0.081501081">
            <system-err>
TypeError: Cannot read properties of undefined (reading &apos;ɵcmp&apos;)
    at getComponentDef [90m(/home/runner/work/jasper-ui/jasper-ui/[39mdist/test-out/20251022T171914093Z-a6e8f88a/node_modules/[4m@angular[24m/core/fesm2022/testing.mjs:1605:18[90m)[39m
    at isStandaloneComponent [90m(/home/runner/work/jasper-ui/jasper-ui/[39mdist/test-out/20251022T171914093Z-a6e8f88a/node_modules/[4m@angular[24m/core/fesm2022/testing.mjs:1601:17[90m)[39m
    at [90m/home/runner/work/jasper-ui/jasper-ui/[39mdist/test-out/20251022T171914093Z-a6e8f88a/node_modules/[4m@angular[24m/core/fesm2022/testing.mjs:1338:29
    at Array.forEach (&lt;anonymous&gt;)
    at queueTypesFromModulesArrayRecur [90m(/home/runner/work/jasper-ui/jasper-ui/[39mdist/test-out/20251022T171914093Z-a6e8f88a/node_modules/[4m@angular[24m/core/fesm2022/testing.mjs:1333:34[90m)[39m
    at [90m/home/runner/work/jasper-ui/jasper-ui/[39mdist/test-out/20251022T171914093Z-a6e8f88a/node_modules/[4m@angular[24m/core/fesm2022/testing.mjs:1339:29
    at Array.forEach (&lt;anonymous&gt;)
    at queueTypesFromModulesArrayRecur [90m(/home/runner/work/jasper-ui/jasper-ui/[39mdist/test-out/20251022T171914093Z-a6e8f88a/node_modules/[4m@angular[24m/core/fesm2022/testing.mjs:1333:34[90m)[39m
    at [90m/home/runner/work/jasper-ui/jasper-ui/[39mdist/test-out/20251022T171914093Z-a6e8f88a/node_modules/[4m@angular[24m/core/fesm2022/testing.mjs:1339:29
    at Array.forEach (&lt;anonymous&gt;)

            </system-err>
            <failure message="Cannot read properties of undefined (reading &apos;ɵcmp&apos;)" type="TypeError">
TypeError: Cannot read properties of undefined (reading &apos;ɵcmp&apos;)
 ❯ getComponentDef node_modules/@angular/core/fesm2022/testing.mjs:1605:18
 ❯ isStandaloneComponent node_modules/@angular/core/fesm2022/testing.mjs:1601:17
 ❯ node_modules/@angular/core/fesm2022/testing.mjs:1338:29
 ❯ queueTypesFromModulesArrayRecur node_modules/@angular/core/fesm2022/testing.mjs:1333:34
 ❯ node_modules/@angular/core/fesm2022/testing.mjs:1339:29
 ❯ queueTypesFromModulesArrayRecur node_modules/@angular/core/fesm2022/testing.mjs:1333:34
 ❯ node_modules/@angular/core/fesm2022/testing.mjs:1339:29
            </failure>
        </testcase>
    </testsuite>
    <testsuite name="dist/test-out/20251022T171914093Z-a6e8f88a/spec-app-component-chess-chess.component.spec.js" timestamp="2025-10-22T17:21:30.431Z" hostname="runnervmwhb2z" tests="1" failures="0" errors="0" skipped="0" time="0.253614618">
        <testcase classname="dist/test-out/20251022T171914093Z-a6e8f88a/spec-app-component-chess-chess.component.spec.js" name="ChessComponent &gt; should create" time="0.251844047">
            <system-out>
📶️  Opening Web Socket...

            </system-out>
        </testcase>
    </testsuite>
    <testsuite name="dist/test-out/20251022T171914093Z-a6e8f88a/spec-app-component-comment-comment-edit-comment-edit.component.spec.js" timestamp="2025-10-22T17:21:30.431Z" hostname="runnervmwhb2z" tests="4" failures="0" errors="0" skipped="0" time="0.247237175">
        <testcase classname="dist/test-out/20251022T171914093Z-a6e8f88a/spec-app-component-comment-comment-edit-comment-edit.component.spec.js" name="CommentEditComponent &gt; should create" time="0.14106411">
            <system-err>

  It looks like you&apos;re using the disabled attribute with a reactive form directive. If you set disabled to true
  when you set up this control in your component class, the disabled attribute will actually be set in the DOM for
  you. We recommend using this approach to avoid &apos;changed after checked&apos; errors.

  Example:
  // Specify the `disabled` property at control creation time:
  form = new FormGroup({
    first: new FormControl({value: &apos;Nancy&apos;, disabled: true}, Validators.required),
    last: new FormControl(&apos;Drew&apos;, Validators.required)
  });

  // Controls can also be enabled/disabled after creation:
  form.get(&apos;first&apos;)?.enable();
  form.get(&apos;last&apos;)?.disable();


            </system-err>
        </testcase>
        <testcase classname="dist/test-out/20251022T171914093Z-a6e8f88a/spec-app-component-comment-comment-edit-comment-edit.component.spec.js" name="CommentEditComponent &gt; should preserve existing tags when editing only comment text" time="0.036531138">
            <system-err>

  It looks like you&apos;re using the disabled attribute with a reactive form directive. If you set disabled to true
  when you set up this control in your component class, the disabled attribute will actually be set in the DOM for
  you. We recommend using this approach to avoid &apos;changed after checked&apos; errors.

  Example:
  // Specify the `disabled` property at control creation time:
  form = new FormGroup({
    first: new FormControl({value: &apos;Nancy&apos;, disabled: true}, Validators.required),
    last: new FormControl(&apos;Drew&apos;, Validators.required)
  });

  // Controls can also be enabled/disabled after creation:
  form.get(&apos;first&apos;)?.enable();
  form.get(&apos;last&apos;)?.disable();


            </system-err>
        </testcase>
        <testcase classname="dist/test-out/20251022T171914093Z-a6e8f88a/spec-app-component-comment-comment-edit-comment-edit.component.spec.js" name="CommentEditComponent &gt; should add new tags when provided through editor" time="0.025884018">
            <system-err>

  It looks like you&apos;re using the disabled attribute with a reactive form directive. If you set disabled to true
  when you set up this control in your component class, the disabled attribute will actually be set in the DOM for
  you. We recommend using this approach to avoid &apos;changed after checked&apos; errors.

  Example:
  // Specify the `disabled` property at control creation time:
  form = new FormGroup({
    first: new FormControl({value: &apos;Nancy&apos;, disabled: true}, Validators.required),
    last: new FormControl(&apos;Drew&apos;, Validators.required)
  });

  // Controls can also be enabled/disabled after creation:
  form.get(&apos;first&apos;)?.enable();
  form.get(&apos;last&apos;)?.disable();


            </system-err>
        </testcase>
        <testcase classname="dist/test-out/20251022T171914093Z-a6e8f88a/spec-app-component-comment-comment-edit-comment-edit.component.spec.js" name="CommentEditComponent &gt; should remove tags when they are removed through editor" time="0.041810138">
            <system-err>

  It looks like you&apos;re using the disabled attribute with a reactive form directive. If you set disabled to true
  when you set up this control in your component class, the disabled attribute will actually be set in the DOM for
  you. We recommend using this approach to avoid &apos;changed after checked&apos; errors.

  Example:
  // Specify the `disabled` property at control creation time:
  form = new FormGroup({
    first: new FormControl({value: &apos;Nancy&apos;, disabled: true}, Validators.required),
    last: new FormControl(&apos;Drew&apos;, Validators.required)
  });

  // Controls can also be enabled/disabled after creation:
  form.get(&apos;first&apos;)?.enable();
  form.get(&apos;last&apos;)?.disable();


            </system-err>
        </testcase>
    </testsuite>
    <testsuite name="dist/test-out/20251022T171914093Z-a6e8f88a/spec-app-component-comment-comment-reply-comment-reply.component.spec.js" timestamp="2025-10-22T17:21:30.432Z" hostname="runnervmwhb2z" tests="1" failures="1" errors="0" skipped="0" time="0.329586723">
        <testcase classname="dist/test-out/20251022T171914093Z-a6e8f88a/spec-app-component-comment-comment-reply-comment-reply.component.spec.js" name="CommentReplyComponent &gt; should create" time="0.327930224">
            <system-err>
TypeError: this.admin.getEditorButtons is not a function
    at _EditorComponent.get editorButtons [90m(/home/runner/work/jasper-ui/jasper-ui/[39mdist/test-out/20251022T171914093Z-a6e8f88a/src/app/form/editor/editor.component.ts:332:33[90m)[39m
    at _EditorComponent.descriptor.get [90m(/home/runner/work/jasper-ui/jasper-ui/[39mdist/test-out/20251022T171914093Z-a6e8f88a/src/app/util/memo.ts:62:45[90m)[39m
    at _EditorComponent.get editorPushButtons [90m(/home/runner/work/jasper-ui/jasper-ui/[39mdist/test-out/20251022T171914093Z-a6e8f88a/src/app/form/editor/editor.component.ts:347:27[90m)[39m
    at _EditorComponent.descriptor.get [90m(/home/runner/work/jasper-ui/jasper-ui/[39mdist/test-out/20251022T171914093Z-a6e8f88a/src/app/util/memo.ts:62:45[90m)[39m
    at EditorComponent_Conditional_1_Template [90m(/home/runner/work/jasper-ui/jasper-ui/[39mdist/test-out/20251022T171914093Z-a6e8f88a/src/app/form/editor/editor.component.html:29:7[90m)[39m
    at executeTemplate [90m(/home/runner/work/jasper-ui/jasper-ui/[39mdist/test-out/20251022T171914093Z-a6e8f88a/node_modules/[4m@angular[24m/core/fesm2022/debug_node.mjs:9040:9[90m)[39m
    at refreshView [90m(/home/runner/work/jasper-ui/jasper-ui/[39mdist/test-out/20251022T171914093Z-a6e8f88a/node_modules/[4m@angular[24m/core/fesm2022/debug_node.mjs:10076:13[90m)[39m
    at detectChangesInView [90m(/home/runner/work/jasper-ui/jasper-ui/[39mdist/test-out/20251022T171914093Z-a6e8f88a/node_modules/[4m@angular[24m/core/fesm2022/debug_node.mjs:10296:9[90m)[39m
    at detectChangesInViewIfAttached [90m(/home/runner/work/jasper-ui/jasper-ui/[39mdist/test-out/20251022T171914093Z-a6e8f88a/node_modules/[4m@angular[24m/core/fesm2022/debug_node.mjs:10256:5[90m)[39m
    at detectChangesInEmbeddedViews [90m(/home/runner/work/jasper-ui/jasper-ui/[39mdist/test-out/20251022T171914093Z-a6e8f88a/node_modules/[4m@angular[24m/core/fesm2022/debug_node.mjs:10213:13[90m)[39m

            </system-err>
            <failure message="this.admin.getEditorButtons is not a function" type="TypeError">
TypeError: this.admin.getEditorButtons is not a function
 ❯ _EditorComponent.get editorButtons src/app/form/editor/editor.component.ts:332:33
 ❯ _EditorComponent.descriptor.get src/app/util/memo.ts:62:45
 ❯ _EditorComponent.get editorPushButtons src/app/form/editor/editor.component.ts:347:27
 ❯ _EditorComponent.descriptor.get src/app/util/memo.ts:62:45
 ❯ EditorComponent_Conditional_1_Template src/app/form/editor/editor.component.html:29:7
 ❯ executeTemplate node_modules/@angular/core/fesm2022/debug_node.mjs:9040:9
 ❯ refreshView node_modules/@angular/core/fesm2022/debug_node.mjs:10076:13
 ❯ detectChangesInView node_modules/@angular/core/fesm2022/debug_node.mjs:10296:9
 ❯ detectChangesInViewIfAttached node_modules/@angular/core/fesm2022/debug_node.mjs:10256:5
 ❯ detectChangesInEmbeddedViews node_modules/@angular/core/fesm2022/debug_node.mjs:10213:13
            </failure>
        </testcase>
    </testsuite>
    <testsuite name="dist/test-out/20251022T171914093Z-a6e8f88a/spec-app-component-comment-comment-thread-comment-thread.component.spec.js" timestamp="2025-10-22T17:21:30.433Z" hostname="runnervmwhb2z" tests="1" failures="1" errors="0" skipped="0" time="0.089367682">
        <testcase classname="dist/test-out/20251022T171914093Z-a6e8f88a/spec-app-component-comment-comment-thread-comment-thread.component.spec.js" name="CommentThreadComponent &gt; should create" time="0.087658354">
            <system-err>
TypeError: Cannot read properties of undefined (reading &apos;ɵcmp&apos;)
    at getComponentDef [90m(/home/runner/work/jasper-ui/jasper-ui/[39mdist/test-out/20251022T171914093Z-a6e8f88a/node_modules/[4m@angular[24m/core/fesm2022/testing.mjs:1605:18[90m)[39m
    at isStandaloneComponent [90m(/home/runner/work/jasper-ui/jasper-ui/[39mdist/test-out/20251022T171914093Z-a6e8f88a/node_modules/[4m@angular[24m/core/fesm2022/testing.mjs:1601:17[90m)[39m
    at [90m/home/runner/work/jasper-ui/jasper-ui/[39mdist/test-out/20251022T171914093Z-a6e8f88a/node_modules/[4m@angular[24m/core/fesm2022/testing.mjs:1338:29
    at Array.forEach (&lt;anonymous&gt;)
    at queueTypesFromModulesArrayRecur [90m(/home/runner/work/jasper-ui/jasper-ui/[39mdist/test-out/20251022T171914093Z-a6e8f88a/node_modules/[4m@angular[24m/core/fesm2022/testing.mjs:1333:34[90m)[39m
    at [90m/home/runner/work/jasper-ui/jasper-ui/[39mdist/test-out/20251022T171914093Z-a6e8f88a/node_modules/[4m@angular[24m/core/fesm2022/testing.mjs:1339:29
    at Array.forEach (&lt;anonymous&gt;)
    at queueTypesFromModulesArrayRecur [90m(/home/runner/work/jasper-ui/jasper-ui/[39mdist/test-out/20251022T171914093Z-a6e8f88a/node_modules/[4m@angular[24m/core/fesm2022/testing.mjs:1333:34[90m)[39m
    at [90m/home/runner/work/jasper-ui/jasper-ui/[39mdist/test-out/20251022T171914093Z-a6e8f88a/node_modules/[4m@angular[24m/core/fesm2022/testing.mjs:1339:29
    at Array.forEach (&lt;anonymous&gt;)

            </system-err>
            <failure message="Cannot read properties of undefined (reading &apos;ɵcmp&apos;)" type="TypeError">
TypeError: Cannot read properties of undefined (reading &apos;ɵcmp&apos;)
 ❯ getComponentDef node_modules/@angular/core/fesm2022/testing.mjs:1605:18
 ❯ isStandaloneComponent node_modules/@angular/core/fesm2022/testing.mjs:1601:17
 ❯ node_modules/@angular/core/fesm2022/testing.mjs:1338:29
 ❯ queueTypesFromModulesArrayRecur node_modules/@angular/core/fesm2022/testing.mjs:1333:34
 ❯ node_modules/@angular/core/fesm2022/testing.mjs:1339:29
 ❯ queueTypesFromModulesArrayRecur node_modules/@angular/core/fesm2022/testing.mjs:1333:34
 ❯ node_modules/@angular/core/fesm2022/testing.mjs:1339:29
            </failure>
        </testcase>
    </testsuite>
    <testsuite name="dist/test-out/20251022T171914093Z-a6e8f88a/spec-app-component-comment-comment.component.spec.js" timestamp="2025-10-22T17:21:30.433Z" hostname="runnervmwhb2z" tests="1" failures="1" errors="0" skipped="0" time="0.080424989">
        <testcase classname="dist/test-out/20251022T171914093Z-a6e8f88a/spec-app-component-comment-comment.component.spec.js" name="CommentComponent &gt; should create" time="0.078788759">
            <system-err>
TypeError: Cannot read properties of undefined (reading &apos;ɵcmp&apos;)
    at getComponentDef [90m(/home/runner/work/jasper-ui/jasper-ui/[39mdist/test-out/20251022T171914093Z-a6e8f88a/node_modules/[4m@angular[24m/core/fesm2022/testing.mjs:1605:18[90m)[39m
    at isStandaloneComponent [90m(/home/runner/work/jasper-ui/jasper-ui/[39mdist/test-out/20251022T171914093Z-a6e8f88a/node_modules/[4m@angular[24m/core/fesm2022/testing.mjs:1601:17[90m)[39m
    at [90m/home/runner/work/jasper-ui/jasper-ui/[39mdist/test-out/20251022T171914093Z-a6e8f88a/node_modules/[4m@angular[24m/core/fesm2022/testing.mjs:1338:29
    at Array.forEach (&lt;anonymous&gt;)
    at queueTypesFromModulesArrayRecur [90m(/home/runner/work/jasper-ui/jasper-ui/[39mdist/test-out/20251022T171914093Z-a6e8f88a/node_modules/[4m@angular[24m/core/fesm2022/testing.mjs:1333:34[90m)[39m
    at [90m/home/runner/work/jasper-ui/jasper-ui/[39mdist/test-out/20251022T171914093Z-a6e8f88a/node_modules/[4m@angular[24m/core/fesm2022/testing.mjs:1339:29
    at Array.forEach (&lt;anonymous&gt;)
    at queueTypesFromModulesArrayRecur [90m(/home/runner/work/jasper-ui/jasper-ui/[39mdist/test-out/20251022T171914093Z-a6e8f88a/node_modules/[4m@angular[24m/core/fesm2022/testing.mjs:1333:34[90m)[39m
    at TestBedCompiler.queueTypesFromModulesArray [90m(/home/runner/work/jasper-ui/jasper-ui/[39mdist/test-out/20251022T171914093Z-a6e8f88a/node_modules/[4m@angular[24m/core/fesm2022/testing.mjs:1348:9[90m)[39m
    at TestBedCompiler.configureTestingModule [90m(/home/runner/work/jasper-ui/jasper-ui/[39mdist/test-out/20251022T171914093Z-a6e8f88a/node_modules/[4m@angular[24m/core/fesm2022/testing.mjs:856:18[90m)[39m

            </system-err>
            <failure message="Cannot read properties of undefined (reading &apos;ɵcmp&apos;)" type="TypeError">
TypeError: Cannot read properties of undefined (reading &apos;ɵcmp&apos;)
 ❯ getComponentDef node_modules/@angular/core/fesm2022/testing.mjs:1605:18
 ❯ isStandaloneComponent node_modules/@angular/core/fesm2022/testing.mjs:1601:17
 ❯ node_modules/@angular/core/fesm2022/testing.mjs:1338:29
 ❯ queueTypesFromModulesArrayRecur node_modules/@angular/core/fesm2022/testing.mjs:1333:34
 ❯ node_modules/@angular/core/fesm2022/testing.mjs:1339:29
 ❯ queueTypesFromModulesArrayRecur node_modules/@angular/core/fesm2022/testing.mjs:1333:34
 ❯ TestBedCompiler.queueTypesFromModulesArray node_modules/@angular/core/fesm2022/testing.mjs:1348:9
 ❯ TestBedCompiler.configureTestingModule node_modules/@angular/core/fesm2022/testing.mjs:856:18
            </failure>
        </testcase>
    </testsuite>
    <testsuite name="dist/test-out/20251022T171914093Z-a6e8f88a/spec-app-component-comment-thread-summary-thread-summary.component.spec.js" timestamp="2025-10-22T17:21:30.434Z" hostname="runnervmwhb2z" tests="1" failures="1" errors="0" skipped="0" time="0.091762376">
        <testcase classname="dist/test-out/20251022T171914093Z-a6e8f88a/spec-app-component-comment-thread-summary-thread-summary.component.spec.js" name="ThreadSummaryComponent &gt; should create" time="0.090204922">
            <system-err>
TypeError: Cannot read properties of undefined (reading &apos;ɵcmp&apos;)
    at getComponentDef [90m(/home/runner/work/jasper-ui/jasper-ui/[39mdist/test-out/20251022T171914093Z-a6e8f88a/node_modules/[4m@angular[24m/core/fesm2022/testing.mjs:1605:18[90m)[39m
    at isStandaloneComponent [90m(/home/runner/work/jasper-ui/jasper-ui/[39mdist/test-out/20251022T171914093Z-a6e8f88a/node_modules/[4m@angular[24m/core/fesm2022/testing.mjs:1601:17[90m)[39m
    at [90m/home/runner/work/jasper-ui/jasper-ui/[39mdist/test-out/20251022T171914093Z-a6e8f88a/node_modules/[4m@angular[24m/core/fesm2022/testing.mjs:1338:29
    at Array.forEach (&lt;anonymous&gt;)
    at queueTypesFromModulesArrayRecur [90m(/home/runner/work/jasper-ui/jasper-ui/[39mdist/test-out/20251022T171914093Z-a6e8f88a/node_modules/[4m@angular[24m/core/fesm2022/testing.mjs:1333:34[90m)[39m
    at [90m/home/runner/work/jasper-ui/jasper-ui/[39mdist/test-out/20251022T171914093Z-a6e8f88a/node_modules/[4m@angular[24m/core/fesm2022/testing.mjs:1339:29
    at Array.forEach (&lt;anonymous&gt;)
    at queueTypesFromModulesArrayRecur [90m(/home/runner/work/jasper-ui/jasper-ui/[39mdist/test-out/20251022T171914093Z-a6e8f88a/node_modules/[4m@angular[24m/core/fesm2022/testing.mjs:1333:34[90m)[39m
    at [90m/home/runner/work/jasper-ui/jasper-ui/[39mdist/test-out/20251022T171914093Z-a6e8f88a/node_modules/[4m@angular[24m/core/fesm2022/testing.mjs:1339:29
    at Array.forEach (&lt;anonymous&gt;)

            </system-err>
            <failure message="Cannot read properties of undefined (reading &apos;ɵcmp&apos;)" type="TypeError">
TypeError: Cannot read properties of undefined (reading &apos;ɵcmp&apos;)
 ❯ getComponentDef node_modules/@angular/core/fesm2022/testing.mjs:1605:18
 ❯ isStandaloneComponent node_modules/@angular/core/fesm2022/testing.mjs:1601:17
 ❯ node_modules/@angular/core/fesm2022/testing.mjs:1338:29
 ❯ queueTypesFromModulesArrayRecur node_modules/@angular/core/fesm2022/testing.mjs:1333:34
 ❯ node_modules/@angular/core/fesm2022/testing.mjs:1339:29
 ❯ queueTypesFromModulesArrayRecur node_modules/@angular/core/fesm2022/testing.mjs:1333:34
 ❯ node_modules/@angular/core/fesm2022/testing.mjs:1339:29
            </failure>
        </testcase>
    </testsuite>
    <testsuite name="dist/test-out/20251022T171914093Z-a6e8f88a/spec-app-component-debug-debug.component.spec.js" timestamp="2025-10-22T17:21:30.436Z" hostname="runnervmwhb2z" tests="1" failures="0" errors="0" skipped="0" time="0.079956812">
        <testcase classname="dist/test-out/20251022T171914093Z-a6e8f88a/spec-app-component-debug-debug.component.spec.js" name="DebugComponent &gt; should create" time="0.078406522">
        </testcase>
    </testsuite>
    <testsuite name="dist/test-out/20251022T171914093Z-a6e8f88a/spec-app-component-ext-ext-list-ext-list.component.spec.js" timestamp="2025-10-22T17:21:30.437Z" hostname="runnervmwhb2z" tests="1" failures="1" errors="0" skipped="0" time="0.083177876">
        <testcase classname="dist/test-out/20251022T171914093Z-a6e8f88a/spec-app-component-ext-ext-list-ext-list.component.spec.js" name="ExtListComponent &gt; should create" time="0.081663432">
            <system-err>
TypeError: Cannot read properties of undefined (reading &apos;ɵcmp&apos;)
    at getComponentDef [90m(/home/runner/work/jasper-ui/jasper-ui/[39mdist/test-out/20251022T171914093Z-a6e8f88a/node_modules/[4m@angular[24m/core/fesm2022/testing.mjs:1605:18[90m)[39m
    at isStandaloneComponent [90m(/home/runner/work/jasper-ui/jasper-ui/[39mdist/test-out/20251022T171914093Z-a6e8f88a/node_modules/[4m@angular[24m/core/fesm2022/testing.mjs:1601:17[90m)[39m
    at [90m/home/runner/work/jasper-ui/jasper-ui/[39mdist/test-out/20251022T171914093Z-a6e8f88a/node_modules/[4m@angular[24m/core/fesm2022/testing.mjs:1338:29
    at Array.forEach (&lt;anonymous&gt;)
    at queueTypesFromModulesArrayRecur [90m(/home/runner/work/jasper-ui/jasper-ui/[39mdist/test-out/20251022T171914093Z-a6e8f88a/node_modules/[4m@angular[24m/core/fesm2022/testing.mjs:1333:34[90m)[39m
    at [90m/home/runner/work/jasper-ui/jasper-ui/[39mdist/test-out/20251022T171914093Z-a6e8f88a/node_modules/[4m@angular[24m/core/fesm2022/testing.mjs:1339:29
    at Array.forEach (&lt;anonymous&gt;)
    at queueTypesFromModulesArrayRecur [90m(/home/runner/work/jasper-ui/jasper-ui/[39mdist/test-out/20251022T171914093Z-a6e8f88a/node_modules/[4m@angular[24m/core/fesm2022/testing.mjs:1333:34[90m)[39m
    at [90m/home/runner/work/jasper-ui/jasper-ui/[39mdist/test-out/20251022T171914093Z-a6e8f88a/node_modules/[4m@angular[24m/core/fesm2022/testing.mjs:1339:29
    at Array.forEach (&lt;anonymous&gt;)

            </system-err>
            <failure message="Cannot read properties of undefined (reading &apos;ɵcmp&apos;)" type="TypeError">
TypeError: Cannot read properties of undefined (reading &apos;ɵcmp&apos;)
 ❯ getComponentDef node_modules/@angular/core/fesm2022/testing.mjs:1605:18
 ❯ isStandaloneComponent node_modules/@angular/core/fesm2022/testing.mjs:1601:17
 ❯ node_modules/@angular/core/fesm2022/testing.mjs:1338:29
 ❯ queueTypesFromModulesArrayRecur node_modules/@angular/core/fesm2022/testing.mjs:1333:34
 ❯ node_modules/@angular/core/fesm2022/testing.mjs:1339:29
 ❯ queueTypesFromModulesArrayRecur node_modules/@angular/core/fesm2022/testing.mjs:1333:34
 ❯ node_modules/@angular/core/fesm2022/testing.mjs:1339:29
            </failure>
        </testcase>
    </testsuite>
    <testsuite name="dist/test-out/20251022T171914093Z-a6e8f88a/spec-app-component-ext-ext.component.spec.js" timestamp="2025-10-22T17:21:30.437Z" hostname="runnervmwhb2z" tests="1" failures="1" errors="0" skipped="0" time="0.093135796">
        <testcase classname="dist/test-out/20251022T171914093Z-a6e8f88a/spec-app-component-ext-ext.component.spec.js" name="ExtComponent &gt; should create" time="0.091446736">
            <system-err>
TypeError: Cannot read properties of undefined (reading &apos;ɵcmp&apos;)
    at getComponentDef [90m(/home/runner/work/jasper-ui/jasper-ui/[39mdist/test-out/20251022T171914093Z-a6e8f88a/node_modules/[4m@angular[24m/core/fesm2022/testing.mjs:1605:18[90m)[39m
    at isStandaloneComponent [90m(/home/runner/work/jasper-ui/jasper-ui/[39mdist/test-out/20251022T171914093Z-a6e8f88a/node_modules/[4m@angular[24m/core/fesm2022/testing.mjs:1601:17[90m)[39m
    at [90m/home/runner/work/jasper-ui/jasper-ui/[39mdist/test-out/20251022T171914093Z-a6e8f88a/node_modules/[4m@angular[24m/core/fesm2022/testing.mjs:1338:29
    at Array.forEach (&lt;anonymous&gt;)
    at queueTypesFromModulesArrayRecur [90m(/home/runner/work/jasper-ui/jasper-ui/[39mdist/test-out/20251022T171914093Z-a6e8f88a/node_modules/[4m@angular[24m/core/fesm2022/testing.mjs:1333:34[90m)[39m
    at [90m/home/runner/work/jasper-ui/jasper-ui/[39mdist/test-out/20251022T171914093Z-a6e8f88a/node_modules/[4m@angular[24m/core/fesm2022/testing.mjs:1339:29
    at Array.forEach (&lt;anonymous&gt;)
    at queueTypesFromModulesArrayRecur [90m(/home/runner/work/jasper-ui/jasper-ui/[39mdist/test-out/20251022T171914093Z-a6e8f88a/node_modules/[4m@angular[24m/core/fesm2022/testing.mjs:1333:34[90m)[39m
    at [90m/home/runner/work/jasper-ui/jasper-ui/[39mdist/test-out/20251022T171914093Z-a6e8f88a/node_modules/[4m@angular[24m/core/fesm2022/testing.mjs:1339:29
    at Array.forEach (&lt;anonymous&gt;)

            </system-err>
            <failure message="Cannot read properties of undefined (reading &apos;ɵcmp&apos;)" type="TypeError">
TypeError: Cannot read properties of undefined (reading &apos;ɵcmp&apos;)
 ❯ getComponentDef node_modules/@angular/core/fesm2022/testing.mjs:1605:18
 ❯ isStandaloneComponent node_modules/@angular/core/fesm2022/testing.mjs:1601:17
 ❯ node_modules/@angular/core/fesm2022/testing.mjs:1338:29
 ❯ queueTypesFromModulesArrayRecur node_modules/@angular/core/fesm2022/testing.mjs:1333:34
 ❯ node_modules/@angular/core/fesm2022/testing.mjs:1339:29
 ❯ queueTypesFromModulesArrayRecur node_modules/@angular/core/fesm2022/testing.mjs:1333:34
 ❯ node_modules/@angular/core/fesm2022/testing.mjs:1339:29
            </failure>
        </testcase>
    </testsuite>
    <testsuite name="dist/test-out/20251022T171914093Z-a6e8f88a/spec-app-component-filter-filter.component.spec.js" timestamp="2025-10-22T17:21:30.438Z" hostname="runnervmwhb2z" tests="1" failures="1" errors="0" skipped="0" time="0.217556755">
        <testcase classname="dist/test-out/20251022T171914093Z-a6e8f88a/spec-app-component-filter-filter.component.spec.js" name="FilterComponent &gt; should create" time="0.215980146">
            <system-err>
Not implemented: HTMLCanvasElement&apos;s getContext() method: without installing the canvas npm package
TypeError: Cannot read properties of null (reading &apos;canvas&apos;)
    at emoji [90m(/home/runner/work/jasper-ui/jasper-ui/[39mdist/test-out/20251022T171914093Z-a6e8f88a/src/app/util/emoji.ts:5:5[90m)[39m
    at new _FilterComponent [90m(/home/runner/work/jasper-ui/jasper-ui/[39mdist/test-out/20251022T171914093Z-a6e8f88a/src/app/component/filter/filter.component.ts:63:11[90m)[39m
    at NodeInjectorFactory.FilterComponent_Factory [as factory] [90m(/home/runner/work/jasper-ui/jasper-ui/[39mdist/test-out/20251022T171914093Z-a6e8f88a/chunk-RF5WATME.js:582:14[90m)[39m
    at getNodeInjectable [90m(/home/runner/work/jasper-ui/jasper-ui/[39mdist/test-out/20251022T171914093Z-a6e8f88a/node_modules/[4m@angular[24m/core/fesm2022/debug_node.mjs:1989:44[90m)[39m
    at instantiateAllDirectives [90m(/home/runner/work/jasper-ui/jasper-ui/[39mdist/test-out/20251022T171914093Z-a6e8f88a/node_modules/[4m@angular[24m/core/fesm2022/debug_node.mjs:9281:27[90m)[39m
    at createDirectivesInstances [90m(/home/runner/work/jasper-ui/jasper-ui/[39mdist/test-out/20251022T171914093Z-a6e8f88a/node_modules/[4m@angular[24m/core/fesm2022/debug_node.mjs:9054:5[90m)[39m
    at ComponentFactory2.create [90m(/home/runner/work/jasper-ui/jasper-ui/[39mdist/test-out/20251022T171914093Z-a6e8f88a/node_modules/[4m@angular[24m/core/fesm2022/debug_node.mjs:14600:17[90m)[39m
    at initComponent [90m(/home/runner/work/jasper-ui/jasper-ui/[39mdist/test-out/20251022T171914093Z-a6e8f88a/node_modules/[4m@angular[24m/core/fesm2022/testing.mjs:2068:51[90m)[39m
    at _ZoneDelegate.invoke [90m(/home/runner/work/jasper-ui/jasper-ui/[39mdist/test-out/20251022T171914093Z-a6e8f88a/node_modules/[4mzone.js[24m/fesm2015/zone.js:398:28[90m)[39m
    at Object.onInvoke [90m(/home/runner/work/jasper-ui/jasper-ui/[39mdist/test-out/20251022T171914093Z-a6e8f88a/node_modules/[4m@angular[24m/core/fesm2022/debug_node.mjs:7850:33[90m)[39m

            </system-err>
            <failure message="Cannot read properties of null (reading &apos;canvas&apos;)" type="TypeError">
TypeError: Cannot read properties of null (reading &apos;canvas&apos;)
 ❯ emoji src/app/util/emoji.ts:5:5
 ❯ new _FilterComponent src/app/component/filter/filter.component.ts:63:11
 ❯ NodeInjectorFactory.FilterComponent_Factory [as factory] chunk-RF5WATME.js:582:14
 ❯ getNodeInjectable node_modules/@angular/core/fesm2022/debug_node.mjs:1989:44
 ❯ instantiateAllDirectives node_modules/@angular/core/fesm2022/debug_node.mjs:9281:27
 ❯ createDirectivesInstances node_modules/@angular/core/fesm2022/debug_node.mjs:9054:5
 ❯ ComponentFactory2.create node_modules/@angular/core/fesm2022/debug_node.mjs:14600:17
 ❯ initComponent node_modules/@angular/core/fesm2022/testing.mjs:2068:51
 ❯ _ZoneDelegate.invoke node_modules/zone.js/fesm2015/zone.js:398:28
 ❯ Object.onInvoke node_modules/@angular/core/fesm2022/debug_node.mjs:7850:33
            </failure>
        </testcase>
    </testsuite>
    <testsuite name="dist/test-out/20251022T171914093Z-a6e8f88a/spec-app-component-folder-file-file.component.spec.js" timestamp="2025-10-22T17:21:30.439Z" hostname="runnervmwhb2z" tests="1" failures="1" errors="0" skipped="0" time="0.091323986">
        <testcase classname="dist/test-out/20251022T171914093Z-a6e8f88a/spec-app-component-folder-file-file.component.spec.js" name="FileComponent &gt; should create" time="0.090030997">
            <system-err>
TypeError: Cannot read properties of undefined (reading &apos;ɵcmp&apos;)
    at getComponentDef [90m(/home/runner/work/jasper-ui/jasper-ui/[39mdist/test-out/20251022T171914093Z-a6e8f88a/node_modules/[4m@angular[24m/core/fesm2022/testing.mjs:1605:18[90m)[39m
    at isStandaloneComponent [90m(/home/runner/work/jasper-ui/jasper-ui/[39mdist/test-out/20251022T171914093Z-a6e8f88a/node_modules/[4m@angular[24m/core/fesm2022/testing.mjs:1601:17[90m)[39m
    at [90m/home/runner/work/jasper-ui/jasper-ui/[39mdist/test-out/20251022T171914093Z-a6e8f88a/node_modules/[4m@angular[24m/core/fesm2022/testing.mjs:1338:29
    at Array.forEach (&lt;anonymous&gt;)
    at queueTypesFromModulesArrayRecur [90m(/home/runner/work/jasper-ui/jasper-ui/[39mdist/test-out/20251022T171914093Z-a6e8f88a/node_modules/[4m@angular[24m/core/fesm2022/testing.mjs:1333:34[90m)[39m
    at [90m/home/runner/work/jasper-ui/jasper-ui/[39mdist/test-out/20251022T171914093Z-a6e8f88a/node_modules/[4m@angular[24m/core/fesm2022/testing.mjs:1339:29
    at Array.forEach (&lt;anonymous&gt;)
    at queueTypesFromModulesArrayRecur [90m(/home/runner/work/jasper-ui/jasper-ui/[39mdist/test-out/20251022T171914093Z-a6e8f88a/node_modules/[4m@angular[24m/core/fesm2022/testing.mjs:1333:34[90m)[39m
    at [90m/home/runner/work/jasper-ui/jasper-ui/[39mdist/test-out/20251022T171914093Z-a6e8f88a/node_modules/[4m@angular[24m/core/fesm2022/testing.mjs:1339:29
    at Array.forEach (&lt;anonymous&gt;)

            </system-err>
            <failure message="Cannot read properties of undefined (reading &apos;ɵcmp&apos;)" type="TypeError">
TypeError: Cannot read properties of undefined (reading &apos;ɵcmp&apos;)
 ❯ getComponentDef node_modules/@angular/core/fesm2022/testing.mjs:1605:18
 ❯ isStandaloneComponent node_modules/@angular/core/fesm2022/testing.mjs:1601:17
 ❯ node_modules/@angular/core/fesm2022/testing.mjs:1338:29
 ❯ queueTypesFromModulesArrayRecur node_modules/@angular/core/fesm2022/testing.mjs:1333:34
 ❯ node_modules/@angular/core/fesm2022/testing.mjs:1339:29
 ❯ queueTypesFromModulesArrayRecur node_modules/@angular/core/fesm2022/testing.mjs:1333:34
 ❯ node_modules/@angular/core/fesm2022/testing.mjs:1339:29
            </failure>
        </testcase>
    </testsuite>
    <testsuite name="dist/test-out/20251022T171914093Z-a6e8f88a/spec-app-component-folder-folder.component.spec.js" timestamp="2025-10-22T17:21:30.439Z" hostname="runnervmwhb2z" tests="1" failures="1" errors="0" skipped="0" time="0.088416864">
        <testcase classname="dist/test-out/20251022T171914093Z-a6e8f88a/spec-app-component-folder-folder.component.spec.js" name="FolderComponent &gt; should create" time="0.086806453">
            <system-err>
TypeError: Cannot read properties of undefined (reading &apos;ɵcmp&apos;)
    at getComponentDef [90m(/home/runner/work/jasper-ui/jasper-ui/[39mdist/test-out/20251022T171914093Z-a6e8f88a/node_modules/[4m@angular[24m/core/fesm2022/testing.mjs:1605:18[90m)[39m
    at isStandaloneComponent [90m(/home/runner/work/jasper-ui/jasper-ui/[39mdist/test-out/20251022T171914093Z-a6e8f88a/node_modules/[4m@angular[24m/core/fesm2022/testing.mjs:1601:17[90m)[39m
    at [90m/home/runner/work/jasper-ui/jasper-ui/[39mdist/test-out/20251022T171914093Z-a6e8f88a/node_modules/[4m@angular[24m/core/fesm2022/testing.mjs:1338:29
    at Array.forEach (&lt;anonymous&gt;)
    at queueTypesFromModulesArrayRecur [90m(/home/runner/work/jasper-ui/jasper-ui/[39mdist/test-out/20251022T171914093Z-a6e8f88a/node_modules/[4m@angular[24m/core/fesm2022/testing.mjs:1333:34[90m)[39m
    at [90m/home/runner/work/jasper-ui/jasper-ui/[39mdist/test-out/20251022T171914093Z-a6e8f88a/node_modules/[4m@angular[24m/core/fesm2022/testing.mjs:1339:29
    at Array.forEach (&lt;anonymous&gt;)
    at queueTypesFromModulesArrayRecur [90m(/home/runner/work/jasper-ui/jasper-ui/[39mdist/test-out/20251022T171914093Z-a6e8f88a/node_modules/[4m@angular[24m/core/fesm2022/testing.mjs:1333:34[90m)[39m
    at [90m/home/runner/work/jasper-ui/jasper-ui/[39mdist/test-out/20251022T171914093Z-a6e8f88a/node_modules/[4m@angular[24m/core/fesm2022/testing.mjs:1339:29
    at Array.forEach (&lt;anonymous&gt;)

            </system-err>
            <failure message="Cannot read properties of undefined (reading &apos;ɵcmp&apos;)" type="TypeError">
TypeError: Cannot read properties of undefined (reading &apos;ɵcmp&apos;)
 ❯ getComponentDef node_modules/@angular/core/fesm2022/testing.mjs:1605:18
 ❯ isStandaloneComponent node_modules/@angular/core/fesm2022/testing.mjs:1601:17
 ❯ node_modules/@angular/core/fesm2022/testing.mjs:1338:29
 ❯ queueTypesFromModulesArrayRecur node_modules/@angular/core/fesm2022/testing.mjs:1333:34
 ❯ node_modules/@angular/core/fesm2022/testing.mjs:1339:29
 ❯ queueTypesFromModulesArrayRecur node_modules/@angular/core/fesm2022/testing.mjs:1333:34
 ❯ node_modules/@angular/core/fesm2022/testing.mjs:1339:29
            </failure>
        </testcase>
    </testsuite>
    <testsuite name="dist/test-out/20251022T171914093Z-a6e8f88a/spec-app-component-folder-subfolder-subfolder.component.spec.js" timestamp="2025-10-22T17:21:30.440Z" hostname="runnervmwhb2z" tests="1" failures="0" errors="0" skipped="0" time="0.091472344">
        <testcase classname="dist/test-out/20251022T171914093Z-a6e8f88a/spec-app-component-folder-subfolder-subfolder.component.spec.js" name="SubfolderComponent &gt; should create" time="0.089669892">
        </testcase>
    </testsuite>
    <testsuite name="dist/test-out/20251022T171914093Z-a6e8f88a/spec-app-component-graph-force-directed-force-directed.component.spec.js" timestamp="2025-10-22T17:21:30.441Z" hostname="runnervmwhb2z" tests="1" failures="1" errors="0" skipped="0" time="0.103149321">
        <testcase classname="dist/test-out/20251022T171914093Z-a6e8f88a/spec-app-component-graph-force-directed-force-directed.component.spec.js" name="ForceDirectedComponent &gt; should create" time="0.101498352">
            <system-err>
TypeError: Cannot read properties of undefined (reading &apos;ɵcmp&apos;)
    at getComponentDef [90m(/home/runner/work/jasper-ui/jasper-ui/[39mdist/test-out/20251022T171914093Z-a6e8f88a/node_modules/[4m@angular[24m/core/fesm2022/testing.mjs:1605:18[90m)[39m
    at isStandaloneComponent [90m(/home/runner/work/jasper-ui/jasper-ui/[39mdist/test-out/20251022T171914093Z-a6e8f88a/node_modules/[4m@angular[24m/core/fesm2022/testing.mjs:1601:17[90m)[39m
    at [90m/home/runner/work/jasper-ui/jasper-ui/[39mdist/test-out/20251022T171914093Z-a6e8f88a/node_modules/[4m@angular[24m/core/fesm2022/testing.mjs:1338:29
    at Array.forEach (&lt;anonymous&gt;)
    at queueTypesFromModulesArrayRecur [90m(/home/runner/work/jasper-ui/jasper-ui/[39mdist/test-out/20251022T171914093Z-a6e8f88a/node_modules/[4m@angular[24m/core/fesm2022/testing.mjs:1333:34[90m)[39m
    at [90m/home/runner/work/jasper-ui/jasper-ui/[39mdist/test-out/20251022T171914093Z-a6e8f88a/node_modules/[4m@angular[24m/core/fesm2022/testing.mjs:1339:29
    at Array.forEach (&lt;anonymous&gt;)
    at queueTypesFromModulesArrayRecur [90m(/home/runner/work/jasper-ui/jasper-ui/[39mdist/test-out/20251022T171914093Z-a6e8f88a/node_modules/[4m@angular[24m/core/fesm2022/testing.mjs:1333:34[90m)[39m
    at [90m/home/runner/work/jasper-ui/jasper-ui/[39mdist/test-out/20251022T171914093Z-a6e8f88a/node_modules/[4m@angular[24m/core/fesm2022/testing.mjs:1339:29
    at Array.forEach (&lt;anonymous&gt;)

            </system-err>
            <failure message="Cannot read properties of undefined (reading &apos;ɵcmp&apos;)" type="TypeError">
TypeError: Cannot read properties of undefined (reading &apos;ɵcmp&apos;)
 ❯ getComponentDef node_modules/@angular/core/fesm2022/testing.mjs:1605:18
 ❯ isStandaloneComponent node_modules/@angular/core/fesm2022/testing.mjs:1601:17
 ❯ node_modules/@angular/core/fesm2022/testing.mjs:1338:29
 ❯ queueTypesFromModulesArrayRecur node_modules/@angular/core/fesm2022/testing.mjs:1333:34
 ❯ node_modules/@angular/core/fesm2022/testing.mjs:1339:29
 ❯ queueTypesFromModulesArrayRecur node_modules/@angular/core/fesm2022/testing.mjs:1333:34
 ❯ node_modules/@angular/core/fesm2022/testing.mjs:1339:29
            </failure>
        </testcase>
    </testsuite>
    <testsuite name="dist/test-out/20251022T171914093Z-a6e8f88a/spec-app-component-kanban-kanban-card-kanban-card.component.spec.js" timestamp="2025-10-22T17:21:30.442Z" hostname="runnervmwhb2z" tests="1" failures="0" errors="0" skipped="0" time="0.093606957">
        <testcase classname="dist/test-out/20251022T171914093Z-a6e8f88a/spec-app-component-kanban-kanban-card-kanban-card.component.spec.js" name="KanbanCardComponent &gt; should create" time="0.092153748">
        </testcase>
    </testsuite>
    <testsuite name="dist/test-out/20251022T171914093Z-a6e8f88a/spec-app-component-kanban-kanban-column-kanban-column.component.spec.js" timestamp="2025-10-22T17:21:30.442Z" hostname="runnervmwhb2z" tests="9" failures="2" errors="0" skipped="0" time="0.349790989">
        <testcase classname="dist/test-out/20251022T171914093Z-a6e8f88a/spec-app-component-kanban-kanban-column-kanban-column.component.spec.js" name="KanbanColumnComponent &gt; should create" time="0.121987893">
        </testcase>
        <testcase classname="dist/test-out/20251022T171914093Z-a6e8f88a/spec-app-component-kanban-kanban-column-kanban-column.component.spec.js" name="KanbanColumnComponent &gt; Recovery Features &gt; should track failed items" time="0.036661013">
        </testcase>
        <testcase classname="dist/test-out/20251022T171914093Z-a6e8f88a/spec-app-component-kanban-kanban-column-kanban-column.component.spec.js" name="KanbanColumnComponent &gt; Recovery Features &gt; should retry failed items" time="0.059509808">
            <failure message="expected &apos;&apos; to be &apos;Test item&apos; // Object.is equality" type="AssertionError">
AssertionError: expected &apos;&apos; to be &apos;Test item&apos; // Object.is equality

- Expected
+ Received

- Test item

 ❯ src/app/component/kanban/kanban-column/kanban-column.component.spec.ts:55:33
 ❯ new ZoneAwarePromise node_modules/zone.js/fesm2015/zone.js:2701:25
            </failure>
        </testcase>
        <testcase classname="dist/test-out/20251022T171914093Z-a6e8f88a/spec-app-component-kanban-kanban-column-kanban-column.component.spec.js" name="KanbanColumnComponent &gt; Recovery Features &gt; should dismiss failed items" time="0.023886895">
        </testcase>
        <testcase classname="dist/test-out/20251022T171914093Z-a6e8f88a/spec-app-component-kanban-kanban-column-kanban-column.component.spec.js" name="KanbanColumnComponent &gt; Recovery Features &gt; should handle multiple failed items" time="0.021503612">
            <failure message="expected &apos;&apos; to be &apos;Test item 2&apos; // Object.is equality" type="AssertionError">
AssertionError: expected &apos;&apos; to be &apos;Test item 2&apos; // Object.is equality

- Expected
+ Received

- Test item 2

 ❯ src/app/component/kanban/kanban-column/kanban-column.component.spec.ts:81:33
 ❯ new ZoneAwarePromise node_modules/zone.js/fesm2015/zone.js:2701:25
            </failure>
        </testcase>
        <testcase classname="dist/test-out/20251022T171914093Z-a6e8f88a/spec-app-component-kanban-kanban-column-kanban-column.component.spec.js" name="KanbanColumnComponent &gt; saveChanges navigation guard &gt; should allow navigation when no pending or failed items exist" time="0.017115169">
        </testcase>
        <testcase classname="dist/test-out/20251022T171914093Z-a6e8f88a/spec-app-component-kanban-kanban-column-kanban-column.component.spec.js" name="KanbanColumnComponent &gt; saveChanges navigation guard &gt; should prevent navigation when items are being added" time="0.016193338">
        </testcase>
        <testcase classname="dist/test-out/20251022T171914093Z-a6e8f88a/spec-app-component-kanban-kanban-column-kanban-column.component.spec.js" name="KanbanColumnComponent &gt; saveChanges navigation guard &gt; should prevent navigation when items have failed" time="0.017953112">
        </testcase>
        <testcase classname="dist/test-out/20251022T171914093Z-a6e8f88a/spec-app-component-kanban-kanban-column-kanban-column.component.spec.js" name="KanbanColumnComponent &gt; saveChanges navigation guard &gt; should prevent navigation when both adding and failed items exist" time="0.032571759">
        </testcase>
    </testsuite>
    <testsuite name="dist/test-out/20251022T171914093Z-a6e8f88a/spec-app-component-kanban-kanban.component.spec.js" timestamp="2025-10-22T17:21:30.444Z" hostname="runnervmwhb2z" tests="4" failures="0" errors="0" skipped="0" time="0.227504506">
        <testcase classname="dist/test-out/20251022T171914093Z-a6e8f88a/spec-app-component-kanban-kanban.component.spec.js" name="KanbanComponent &gt; should create" time="0.13286974">
        </testcase>
        <testcase classname="dist/test-out/20251022T171914093Z-a6e8f88a/spec-app-component-kanban-kanban.component.spec.js" name="KanbanComponent &gt; saveChanges navigation guard &gt; should allow navigation when no column components exist" time="0.030172541">
        </testcase>
        <testcase classname="dist/test-out/20251022T171914093Z-a6e8f88a/spec-app-component-kanban-kanban.component.spec.js" name="KanbanComponent &gt; saveChanges navigation guard &gt; should allow navigation when all columns allow navigation" time="0.026888197">
        </testcase>
        <testcase classname="dist/test-out/20251022T171914093Z-a6e8f88a/spec-app-component-kanban-kanban.component.spec.js" name="KanbanComponent &gt; saveChanges navigation guard &gt; should prevent navigation when any column prevents navigation" time="0.035389291">
        </testcase>
    </testsuite>
    <testsuite name="dist/test-out/20251022T171914093Z-a6e8f88a/spec-app-component-lens-lens.component.spec.js" timestamp="2025-10-22T17:21:30.445Z" hostname="runnervmwhb2z" tests="1" failures="1" errors="0" skipped="0" time="0.101666225">
        <testcase classname="dist/test-out/20251022T171914093Z-a6e8f88a/spec-app-component-lens-lens.component.spec.js" name="LensComponent &gt; should create" time="0.099652047">
            <system-err>
TypeError: Cannot read properties of undefined (reading &apos;ɵcmp&apos;)
    at getComponentDef [90m(/home/runner/work/jasper-ui/jasper-ui/[39mdist/test-out/20251022T171914093Z-a6e8f88a/node_modules/[4m@angular[24m/core/fesm2022/testing.mjs:1605:18[90m)[39m
    at isStandaloneComponent [90m(/home/runner/work/jasper-ui/jasper-ui/[39mdist/test-out/20251022T171914093Z-a6e8f88a/node_modules/[4m@angular[24m/core/fesm2022/testing.mjs:1601:17[90m)[39m
    at [90m/home/runner/work/jasper-ui/jasper-ui/[39mdist/test-out/20251022T171914093Z-a6e8f88a/node_modules/[4m@angular[24m/core/fesm2022/testing.mjs:1338:29
    at Array.forEach (&lt;anonymous&gt;)
    at queueTypesFromModulesArrayRecur [90m(/home/runner/work/jasper-ui/jasper-ui/[39mdist/test-out/20251022T171914093Z-a6e8f88a/node_modules/[4m@angular[24m/core/fesm2022/testing.mjs:1333:34[90m)[39m
    at [90m/home/runner/work/jasper-ui/jasper-ui/[39mdist/test-out/20251022T171914093Z-a6e8f88a/node_modules/[4m@angular[24m/core/fesm2022/testing.mjs:1339:29
    at Array.forEach (&lt;anonymous&gt;)
    at queueTypesFromModulesArrayRecur [90m(/home/runner/work/jasper-ui/jasper-ui/[39mdist/test-out/20251022T171914093Z-a6e8f88a/node_modules/[4m@angular[24m/core/fesm2022/testing.mjs:1333:34[90m)[39m
    at [90m/home/runner/work/jasper-ui/jasper-ui/[39mdist/test-out/20251022T171914093Z-a6e8f88a/node_modules/[4m@angular[24m/core/fesm2022/testing.mjs:1339:29
    at Array.forEach (&lt;anonymous&gt;)

            </system-err>
            <failure message="Cannot read properties of undefined (reading &apos;ɵcmp&apos;)" type="TypeError">
TypeError: Cannot read properties of undefined (reading &apos;ɵcmp&apos;)
 ❯ getComponentDef node_modules/@angular/core/fesm2022/testing.mjs:1605:18
 ❯ isStandaloneComponent node_modules/@angular/core/fesm2022/testing.mjs:1601:17
 ❯ node_modules/@angular/core/fesm2022/testing.mjs:1338:29
 ❯ queueTypesFromModulesArrayRecur node_modules/@angular/core/fesm2022/testing.mjs:1333:34
 ❯ node_modules/@angular/core/fesm2022/testing.mjs:1339:29
 ❯ queueTypesFromModulesArrayRecur node_modules/@angular/core/fesm2022/testing.mjs:1333:34
 ❯ node_modules/@angular/core/fesm2022/testing.mjs:1339:29
            </failure>
        </testcase>
    </testsuite>
    <testsuite name="dist/test-out/20251022T171914093Z-a6e8f88a/spec-app-component-list-editor-list-editor.component.spec.js" timestamp="2025-10-22T17:21:30.446Z" hostname="runnervmwhb2z" tests="1" failures="0" errors="0" skipped="0" time="0.062229205">
        <testcase classname="dist/test-out/20251022T171914093Z-a6e8f88a/spec-app-component-list-editor-list-editor.component.spec.js" name="ListEditorComponent &gt; should create" time="0.060460528">
        </testcase>
    </testsuite>
    <testsuite name="dist/test-out/20251022T171914093Z-a6e8f88a/spec-app-component-loading-loading.component.spec.js" timestamp="2025-10-22T17:21:30.446Z" hostname="runnervmwhb2z" tests="1" failures="0" errors="0" skipped="0" time="0.075842006">
        <testcase classname="dist/test-out/20251022T171914093Z-a6e8f88a/spec-app-component-loading-loading.component.spec.js" name="LoadingComponent &gt; should create" time="0.074376695">
        </testcase>
    </testsuite>
    <testsuite name="dist/test-out/20251022T171914093Z-a6e8f88a/spec-app-component-login-popup-login-popup.component.spec.js" timestamp="2025-10-22T17:21:30.447Z" hostname="runnervmwhb2z" tests="1" failures="0" errors="0" skipped="0" time="0.064428534">
        <testcase classname="dist/test-out/20251022T171914093Z-a6e8f88a/spec-app-component-login-popup-login-popup.component.spec.js" name="LoginPopupComponent &gt; should create" time="0.063050265">
        </testcase>
    </testsuite>
    <testsuite name="dist/test-out/20251022T171914093Z-a6e8f88a/spec-app-component-md-md.component.spec.js" timestamp="2025-10-22T17:21:30.447Z" hostname="runnervmwhb2z" tests="1" failures="1" errors="0" skipped="0" time="0.167372368">
        <testcase classname="dist/test-out/20251022T171914093Z-a6e8f88a/spec-app-component-md-md.component.spec.js" name="MdComponent &gt; should create" time="0.165719155">
            <system-err>
ɵNotFound: NG0201: No provider found for `_MarkdownService`. Source: DynamicTestModule. Find more at https://v20.angular.dev/errors/NG0201
    at createRuntimeError [90m(/home/runner/work/jasper-ui/jasper-ui/[39mdist/test-out/20251022T171914093Z-a6e8f88a/node_modules/[4m@angular[24m/core/fesm2022/root_effect_scheduler.mjs:921:19[90m)[39m
    at NullInjector.get [90m(/home/runner/work/jasper-ui/jasper-ui/[39mdist/test-out/20251022T171914093Z-a6e8f88a/node_modules/[4m@angular[24m/core/fesm2022/root_effect_scheduler.mjs:1489:27[90m)[39m
    at R3Injector.get [90m(/home/runner/work/jasper-ui/jasper-ui/[39mdist/test-out/20251022T171914093Z-a6e8f88a/node_modules/[4m@angular[24m/core/fesm2022/root_effect_scheduler.mjs:2045:33[90m)[39m
    at R3Injector.get [90m(/home/runner/work/jasper-ui/jasper-ui/[39mdist/test-out/20251022T171914093Z-a6e8f88a/node_modules/[4m@angular[24m/core/fesm2022/root_effect_scheduler.mjs:2045:33[90m)[39m
    at ChainedInjector.get [90m(/home/runner/work/jasper-ui/jasper-ui/[39mdist/test-out/20251022T171914093Z-a6e8f88a/node_modules/[4m@angular[24m/core/fesm2022/debug_node.mjs:13404:36[90m)[39m
    at lookupTokenUsingModuleInjector [90m(/home/runner/work/jasper-ui/jasper-ui/[39mdist/test-out/20251022T171914093Z-a6e8f88a/node_modules/[4m@angular[24m/core/fesm2022/debug_node.mjs:1718:39[90m)[39m
    at getOrCreateInjectable [90m(/home/runner/work/jasper-ui/jasper-ui/[39mdist/test-out/20251022T171914093Z-a6e8f88a/node_modules/[4m@angular[24m/core/fesm2022/debug_node.mjs:1766:12[90m)[39m
    at ɵɵdirectiveInject [90m(/home/runner/work/jasper-ui/jasper-ui/[39mdist/test-out/20251022T171914093Z-a6e8f88a/node_modules/[4m@angular[24m/core/fesm2022/debug_node.mjs:13455:19[90m)[39m
    at NodeInjectorFactory.MarkdownComponent_Factory [as factory] [90m(/home/runner/work/jasper-ui/jasper-ui/[39mdist/test-out/20251022T171914093Z-a6e8f88a/node_modules/[4mngx-markdown[24m/fesm2022/ngx-markdown.mjs:778:99[90m)[39m
    at getNodeInjectable [90m(/home/runner/work/jasper-ui/jasper-ui/[39mdist/test-out/20251022T171914093Z-a6e8f88a/node_modules/[4m@angular[24m/core/fesm2022/debug_node.mjs:1989:44[90m)[39m {
  code: [33m-201[39m,
  ngErrorCode: [33m-201[39m,
  ngErrorMessage: [32m&apos;No provider found for `_MarkdownService`.&apos;[39m,
  ngTokenPath: [ [32m&apos;_MarkdownService&apos;[39m ]
}

            </system-err>
            <failure message="NG0201: No provider found for `_MarkdownService`. Source: DynamicTestModule. Find more at https://v20.angular.dev/errors/NG0201" type="ɵNotFound">
ɵNotFound: NG0201: No provider found for `_MarkdownService`. Source: DynamicTestModule. Find more at https://v20.angular.dev/errors/NG0201
 ❯ createRuntimeError node_modules/@angular/core/fesm2022/root_effect_scheduler.mjs:921:19
 ❯ NullInjector.get node_modules/@angular/core/fesm2022/root_effect_scheduler.mjs:1489:27
 ❯ R3Injector.get node_modules/@angular/core/fesm2022/root_effect_scheduler.mjs:2045:33
 ❯ R3Injector.get node_modules/@angular/core/fesm2022/root_effect_scheduler.mjs:2045:33
 ❯ ChainedInjector.get node_modules/@angular/core/fesm2022/debug_node.mjs:13404:36
 ❯ lookupTokenUsingModuleInjector node_modules/@angular/core/fesm2022/debug_node.mjs:1718:39
 ❯ getOrCreateInjectable node_modules/@angular/core/fesm2022/debug_node.mjs:1766:12
 ❯ ɵɵdirectiveInject node_modules/@angular/core/fesm2022/debug_node.mjs:13455:19
 ❯ NodeInjectorFactory.MarkdownComponent_Factory [as factory] node_modules/ngx-markdown/fesm2022/ngx-markdown.mjs:778:99
 ❯ getNodeInjectable node_modules/@angular/core/fesm2022/debug_node.mjs:1989:44

⎯⎯⎯⎯⎯⎯⎯⎯⎯⎯⎯⎯⎯⎯⎯⎯⎯⎯⎯⎯⎯⎯⎯⎯⎯⎯⎯⎯⎯⎯
Serialized Error: { code: -201, ngErrorCode: -201, ngErrorMessage: &apos;No provider found for `_MarkdownService`.&apos;, ngTokenPath: [ &apos;_MarkdownService&apos; ] }
            </failure>
        </testcase>
    </testsuite>
    <testsuite name="dist/test-out/20251022T171914093Z-a6e8f88a/spec-app-component-mod-mod.component.spec.js" timestamp="2025-10-22T17:21:30.449Z" hostname="runnervmwhb2z" tests="1" failures="1" errors="0" skipped="0" time="0.088848415">
        <testcase classname="dist/test-out/20251022T171914093Z-a6e8f88a/spec-app-component-mod-mod.component.spec.js" name="ModComponent &gt; should create" time="0.087419702">
            <system-err>
TypeError: Cannot read properties of undefined (reading &apos;ɵcmp&apos;)
    at getComponentDef [90m(/home/runner/work/jasper-ui/jasper-ui/[39mdist/test-out/20251022T171914093Z-a6e8f88a/node_modules/[4m@angular[24m/core/fesm2022/testing.mjs:1605:18[90m)[39m
    at isStandaloneComponent [90m(/home/runner/work/jasper-ui/jasper-ui/[39mdist/test-out/20251022T171914093Z-a6e8f88a/node_modules/[4m@angular[24m/core/fesm2022/testing.mjs:1601:17[90m)[39m
    at [90m/home/runner/work/jasper-ui/jasper-ui/[39mdist/test-out/20251022T171914093Z-a6e8f88a/node_modules/[4m@angular[24m/core/fesm2022/testing.mjs:1338:29
    at Array.forEach (&lt;anonymous&gt;)
    at queueTypesFromModulesArrayRecur [90m(/home/runner/work/jasper-ui/jasper-ui/[39mdist/test-out/20251022T171914093Z-a6e8f88a/node_modules/[4m@angular[24m/core/fesm2022/testing.mjs:1333:34[90m)[39m
    at [90m/home/runner/work/jasper-ui/jasper-ui/[39mdist/test-out/20251022T171914093Z-a6e8f88a/node_modules/[4m@angular[24m/core/fesm2022/testing.mjs:1339:29
    at Array.forEach (&lt;anonymous&gt;)
    at queueTypesFromModulesArrayRecur [90m(/home/runner/work/jasper-ui/jasper-ui/[39mdist/test-out/20251022T171914093Z-a6e8f88a/node_modules/[4m@angular[24m/core/fesm2022/testing.mjs:1333:34[90m)[39m
    at [90m/home/runner/work/jasper-ui/jasper-ui/[39mdist/test-out/20251022T171914093Z-a6e8f88a/node_modules/[4m@angular[24m/core/fesm2022/testing.mjs:1339:29
    at Array.forEach (&lt;anonymous&gt;)

            </system-err>
            <failure message="Cannot read properties of undefined (reading &apos;ɵcmp&apos;)" type="TypeError">
TypeError: Cannot read properties of undefined (reading &apos;ɵcmp&apos;)
 ❯ getComponentDef node_modules/@angular/core/fesm2022/testing.mjs:1605:18
 ❯ isStandaloneComponent node_modules/@angular/core/fesm2022/testing.mjs:1601:17
 ❯ node_modules/@angular/core/fesm2022/testing.mjs:1338:29
 ❯ queueTypesFromModulesArrayRecur node_modules/@angular/core/fesm2022/testing.mjs:1333:34
 ❯ node_modules/@angular/core/fesm2022/testing.mjs:1339:29
 ❯ queueTypesFromModulesArrayRecur node_modules/@angular/core/fesm2022/testing.mjs:1333:34
 ❯ node_modules/@angular/core/fesm2022/testing.mjs:1339:29
            </failure>
        </testcase>
    </testsuite>
    <testsuite name="dist/test-out/20251022T171914093Z-a6e8f88a/spec-app-component-nav-nav.component.spec.js" timestamp="2025-10-22T17:21:30.450Z" hostname="runnervmwhb2z" tests="1" failures="1" errors="0" skipped="0" time="0.177163133">
        <testcase classname="dist/test-out/20251022T171914093Z-a6e8f88a/spec-app-component-nav-nav.component.spec.js" name="NavComponent &gt; should create" time="0.175533364">
            <system-err>
ReferenceError: IntersectionObserver is not defined
    at new _VisibilityService [90m(/home/runner/work/jasper-ui/jasper-ui/[39mdist/test-out/20251022T171914093Z-a6e8f88a/src/app/service/visibility.service.ts:11:25[90m)[39m
    at Object.VisibilityService_Factory [as factory] [90m(/home/runner/work/jasper-ui/jasper-ui/[39mdist/test-out/20251022T171914093Z-a6e8f88a/chunk-GUI55U43.js:43:14[90m)[39m
    at [90m/home/runner/work/jasper-ui/jasper-ui/[39mdist/test-out/20251022T171914093Z-a6e8f88a/node_modules/[4m@angular[24m/core/fesm2022/root_effect_scheduler.mjs:2187:47
    at runInInjectorProfilerContext [90m(/home/runner/work/jasper-ui/jasper-ui/[39mdist/test-out/20251022T171914093Z-a6e8f88a/node_modules/[4m@angular[24m/core/fesm2022/root_effect_scheduler.mjs:746:9[90m)[39m
    at R3Injector.hydrate [90m(/home/runner/work/jasper-ui/jasper-ui/[39mdist/test-out/20251022T171914093Z-a6e8f88a/node_modules/[4m@angular[24m/core/fesm2022/root_effect_scheduler.mjs:2185:21[90m)[39m
    at R3Injector.get [90m(/home/runner/work/jasper-ui/jasper-ui/[39mdist/test-out/20251022T171914093Z-a6e8f88a/node_modules/[4m@angular[24m/core/fesm2022/root_effect_scheduler.mjs:2033:33[90m)[39m
    at ChainedInjector.get [90m(/home/runner/work/jasper-ui/jasper-ui/[39mdist/test-out/20251022T171914093Z-a6e8f88a/node_modules/[4m@angular[24m/core/fesm2022/debug_node.mjs:13404:36[90m)[39m
    at lookupTokenUsingModuleInjector [90m(/home/runner/work/jasper-ui/jasper-ui/[39mdist/test-out/20251022T171914093Z-a6e8f88a/node_modules/[4m@angular[24m/core/fesm2022/debug_node.mjs:1718:39[90m)[39m
    at getOrCreateInjectable [90m(/home/runner/work/jasper-ui/jasper-ui/[39mdist/test-out/20251022T171914093Z-a6e8f88a/node_modules/[4m@angular[24m/core/fesm2022/debug_node.mjs:1766:12[90m)[39m
    at ɵɵdirectiveInject [90m(/home/runner/work/jasper-ui/jasper-ui/[39mdist/test-out/20251022T171914093Z-a6e8f88a/node_modules/[4m@angular[24m/core/fesm2022/debug_node.mjs:13455:19[90m)[39m

            </system-err>
            <failure message="IntersectionObserver is not defined" type="ReferenceError">
ReferenceError: IntersectionObserver is not defined
 ❯ new _VisibilityService src/app/service/visibility.service.ts:11:25
 ❯ Object.VisibilityService_Factory [as factory] chunk-GUI55U43.js:43:14
 ❯ node_modules/@angular/core/fesm2022/root_effect_scheduler.mjs:2187:47
 ❯ runInInjectorProfilerContext node_modules/@angular/core/fesm2022/root_effect_scheduler.mjs:746:9
 ❯ R3Injector.hydrate node_modules/@angular/core/fesm2022/root_effect_scheduler.mjs:2185:21
 ❯ R3Injector.get node_modules/@angular/core/fesm2022/root_effect_scheduler.mjs:2033:33
 ❯ ChainedInjector.get node_modules/@angular/core/fesm2022/debug_node.mjs:13404:36
 ❯ lookupTokenUsingModuleInjector node_modules/@angular/core/fesm2022/debug_node.mjs:1718:39
 ❯ getOrCreateInjectable node_modules/@angular/core/fesm2022/debug_node.mjs:1766:12
 ❯ ɵɵdirectiveInject node_modules/@angular/core/fesm2022/debug_node.mjs:13455:19
            </failure>
        </testcase>
    </testsuite>
    <testsuite name="dist/test-out/20251022T171914093Z-a6e8f88a/spec-app-component-notebook-note-note.component.spec.js" timestamp="2025-10-22T17:21:30.451Z" hostname="runnervmwhb2z" tests="1" failures="0" errors="0" skipped="0" time="0.088317214">
        <testcase classname="dist/test-out/20251022T171914093Z-a6e8f88a/spec-app-component-notebook-note-note.component.spec.js" name="NoteComponent &gt; should create" time="0.087039301">
        </testcase>
    </testsuite>
    <testsuite name="dist/test-out/20251022T171914093Z-a6e8f88a/spec-app-component-notebook-notebook.component.spec.js" timestamp="2025-10-22T17:21:30.452Z" hostname="runnervmwhb2z" tests="1" failures="1" errors="0" skipped="0" time="0.091825102">
        <testcase classname="dist/test-out/20251022T171914093Z-a6e8f88a/spec-app-component-notebook-notebook.component.spec.js" name="NotebookComponent &gt; should create" time="0.090194813">
            <system-err>
TypeError: Cannot read properties of undefined (reading &apos;ɵcmp&apos;)
    at getComponentDef [90m(/home/runner/work/jasper-ui/jasper-ui/[39mdist/test-out/20251022T171914093Z-a6e8f88a/node_modules/[4m@angular[24m/core/fesm2022/testing.mjs:1605:18[90m)[39m
    at isStandaloneComponent [90m(/home/runner/work/jasper-ui/jasper-ui/[39mdist/test-out/20251022T171914093Z-a6e8f88a/node_modules/[4m@angular[24m/core/fesm2022/testing.mjs:1601:17[90m)[39m
    at [90m/home/runner/work/jasper-ui/jasper-ui/[39mdist/test-out/20251022T171914093Z-a6e8f88a/node_modules/[4m@angular[24m/core/fesm2022/testing.mjs:1338:29
    at Array.forEach (&lt;anonymous&gt;)
    at queueTypesFromModulesArrayRecur [90m(/home/runner/work/jasper-ui/jasper-ui/[39mdist/test-out/20251022T171914093Z-a6e8f88a/node_modules/[4m@angular[24m/core/fesm2022/testing.mjs:1333:34[90m)[39m
    at [90m/home/runner/work/jasper-ui/jasper-ui/[39mdist/test-out/20251022T171914093Z-a6e8f88a/node_modules/[4m@angular[24m/core/fesm2022/testing.mjs:1339:29
    at Array.forEach (&lt;anonymous&gt;)
    at queueTypesFromModulesArrayRecur [90m(/home/runner/work/jasper-ui/jasper-ui/[39mdist/test-out/20251022T171914093Z-a6e8f88a/node_modules/[4m@angular[24m/core/fesm2022/testing.mjs:1333:34[90m)[39m
    at [90m/home/runner/work/jasper-ui/jasper-ui/[39mdist/test-out/20251022T171914093Z-a6e8f88a/node_modules/[4m@angular[24m/core/fesm2022/testing.mjs:1339:29
    at Array.forEach (&lt;anonymous&gt;)

            </system-err>
            <failure message="Cannot read properties of undefined (reading &apos;ɵcmp&apos;)" type="TypeError">
TypeError: Cannot read properties of undefined (reading &apos;ɵcmp&apos;)
 ❯ getComponentDef node_modules/@angular/core/fesm2022/testing.mjs:1605:18
 ❯ isStandaloneComponent node_modules/@angular/core/fesm2022/testing.mjs:1601:17
 ❯ node_modules/@angular/core/fesm2022/testing.mjs:1338:29
 ❯ queueTypesFromModulesArrayRecur node_modules/@angular/core/fesm2022/testing.mjs:1333:34
 ❯ node_modules/@angular/core/fesm2022/testing.mjs:1339:29
 ❯ queueTypesFromModulesArrayRecur node_modules/@angular/core/fesm2022/testing.mjs:1333:34
 ❯ node_modules/@angular/core/fesm2022/testing.mjs:1339:29
            </failure>
        </testcase>
    </testsuite>
    <testsuite name="dist/test-out/20251022T171914093Z-a6e8f88a/spec-app-component-page-controls-page-controls.component.spec.js" timestamp="2025-10-22T17:21:30.453Z" hostname="runnervmwhb2z" tests="1" failures="0" errors="0" skipped="0" time="0.122887772">
        <testcase classname="dist/test-out/20251022T171914093Z-a6e8f88a/spec-app-component-page-controls-page-controls.component.spec.js" name="PageControlsComponent &gt; should create" time="0.12137438">
        </testcase>
    </testsuite>
    <testsuite name="dist/test-out/20251022T171914093Z-a6e8f88a/spec-app-component-playlist-playlist.component.spec.js" timestamp="2025-10-22T17:21:30.453Z" hostname="runnervmwhb2z" tests="1" failures="1" errors="0" skipped="0" time="0.085034747">
        <testcase classname="dist/test-out/20251022T171914093Z-a6e8f88a/spec-app-component-playlist-playlist.component.spec.js" name="PlaylistComponent &gt; should create" time="0.083383848">
            <system-err>
TypeError: Cannot read properties of undefined (reading &apos;ɵcmp&apos;)
    at getComponentDef [90m(/home/runner/work/jasper-ui/jasper-ui/[39mdist/test-out/20251022T171914093Z-a6e8f88a/node_modules/[4m@angular[24m/core/fesm2022/testing.mjs:1605:18[90m)[39m
    at isStandaloneComponent [90m(/home/runner/work/jasper-ui/jasper-ui/[39mdist/test-out/20251022T171914093Z-a6e8f88a/node_modules/[4m@angular[24m/core/fesm2022/testing.mjs:1601:17[90m)[39m
    at [90m/home/runner/work/jasper-ui/jasper-ui/[39mdist/test-out/20251022T171914093Z-a6e8f88a/node_modules/[4m@angular[24m/core/fesm2022/testing.mjs:1338:29
    at Array.forEach (&lt;anonymous&gt;)
    at queueTypesFromModulesArrayRecur [90m(/home/runner/work/jasper-ui/jasper-ui/[39mdist/test-out/20251022T171914093Z-a6e8f88a/node_modules/[4m@angular[24m/core/fesm2022/testing.mjs:1333:34[90m)[39m
    at [90m/home/runner/work/jasper-ui/jasper-ui/[39mdist/test-out/20251022T171914093Z-a6e8f88a/node_modules/[4m@angular[24m/core/fesm2022/testing.mjs:1339:29
    at Array.forEach (&lt;anonymous&gt;)
    at queueTypesFromModulesArrayRecur [90m(/home/runner/work/jasper-ui/jasper-ui/[39mdist/test-out/20251022T171914093Z-a6e8f88a/node_modules/[4m@angular[24m/core/fesm2022/testing.mjs:1333:34[90m)[39m
    at [90m/home/runner/work/jasper-ui/jasper-ui/[39mdist/test-out/20251022T171914093Z-a6e8f88a/node_modules/[4m@angular[24m/core/fesm2022/testing.mjs:1339:29
    at Array.forEach (&lt;anonymous&gt;)

            </system-err>
            <failure message="Cannot read properties of undefined (reading &apos;ɵcmp&apos;)" type="TypeError">
TypeError: Cannot read properties of undefined (reading &apos;ɵcmp&apos;)
 ❯ getComponentDef node_modules/@angular/core/fesm2022/testing.mjs:1605:18
 ❯ isStandaloneComponent node_modules/@angular/core/fesm2022/testing.mjs:1601:17
 ❯ node_modules/@angular/core/fesm2022/testing.mjs:1338:29
 ❯ queueTypesFromModulesArrayRecur node_modules/@angular/core/fesm2022/testing.mjs:1333:34
 ❯ node_modules/@angular/core/fesm2022/testing.mjs:1339:29
 ❯ queueTypesFromModulesArrayRecur node_modules/@angular/core/fesm2022/testing.mjs:1333:34
 ❯ node_modules/@angular/core/fesm2022/testing.mjs:1339:29
            </failure>
        </testcase>
    </testsuite>
    <testsuite name="dist/test-out/20251022T171914093Z-a6e8f88a/spec-app-component-plugin-plugin-list-plugin-list.component.spec.js" timestamp="2025-10-22T17:21:30.454Z" hostname="runnervmwhb2z" tests="1" failures="0" errors="0" skipped="0" time="0.081523631">
        <testcase classname="dist/test-out/20251022T171914093Z-a6e8f88a/spec-app-component-plugin-plugin-list-plugin-list.component.spec.js" name="PluginListComponent &gt; should create" time="0.079866491">
        </testcase>
    </testsuite>
    <testsuite name="dist/test-out/20251022T171914093Z-a6e8f88a/spec-app-component-plugin-plugin.component.spec.js" timestamp="2025-10-22T17:21:30.454Z" hostname="runnervmwhb2z" tests="1" failures="1" errors="0" skipped="0" time="0.163773145">
        <testcase classname="dist/test-out/20251022T171914093Z-a6e8f88a/spec-app-component-plugin-plugin.component.spec.js" name="PluginComponent &gt; should create" time="0.162293197">
            <system-err>
TypeError: Cannot read properties of undefined (reading &apos;supports&apos;)
    at new _ModService [90m(/home/runner/work/jasper-ui/jasper-ui/[39mdist/test-out/20251022T171914093Z-a6e8f88a/src/app/service/mod.service.ts:19:17[90m)[39m
    at Object.ModService_Factory [as factory] [90m(/home/runner/work/jasper-ui/jasper-ui/[39mdist/test-out/20251022T171914093Z-a6e8f88a/chunk-2AZAYSYR.js:529:14[90m)[39m
    at [90m/home/runner/work/jasper-ui/jasper-ui/[39mdist/test-out/20251022T171914093Z-a6e8f88a/node_modules/[4m@angular[24m/core/fesm2022/root_effect_scheduler.mjs:2187:47
    at runInInjectorProfilerContext [90m(/home/runner/work/jasper-ui/jasper-ui/[39mdist/test-out/20251022T171914093Z-a6e8f88a/node_modules/[4m@angular[24m/core/fesm2022/root_effect_scheduler.mjs:746:9[90m)[39m
    at R3Injector.hydrate [90m(/home/runner/work/jasper-ui/jasper-ui/[39mdist/test-out/20251022T171914093Z-a6e8f88a/node_modules/[4m@angular[24m/core/fesm2022/root_effect_scheduler.mjs:2185:21[90m)[39m
    at R3Injector.get [90m(/home/runner/work/jasper-ui/jasper-ui/[39mdist/test-out/20251022T171914093Z-a6e8f88a/node_modules/[4m@angular[24m/core/fesm2022/root_effect_scheduler.mjs:2033:33[90m)[39m
    at R3Injector.get [90m(/home/runner/work/jasper-ui/jasper-ui/[39mdist/test-out/20251022T171914093Z-a6e8f88a/node_modules/[4m@angular[24m/core/fesm2022/root_effect_scheduler.mjs:2045:33[90m)[39m
    at ChainedInjector.get [90m(/home/runner/work/jasper-ui/jasper-ui/[39mdist/test-out/20251022T171914093Z-a6e8f88a/node_modules/[4m@angular[24m/core/fesm2022/debug_node.mjs:13404:36[90m)[39m
    at lookupTokenUsingModuleInjector [90m(/home/runner/work/jasper-ui/jasper-ui/[39mdist/test-out/20251022T171914093Z-a6e8f88a/node_modules/[4m@angular[24m/core/fesm2022/debug_node.mjs:1718:39[90m)[39m
    at getOrCreateInjectable [90m(/home/runner/work/jasper-ui/jasper-ui/[39mdist/test-out/20251022T171914093Z-a6e8f88a/node_modules/[4m@angular[24m/core/fesm2022/debug_node.mjs:1766:12[90m)[39m

            </system-err>
            <failure message="Cannot read properties of undefined (reading &apos;supports&apos;)" type="TypeError">
TypeError: Cannot read properties of undefined (reading &apos;supports&apos;)
 ❯ new _ModService src/app/service/mod.service.ts:19:17
 ❯ Object.ModService_Factory [as factory] chunk-2AZAYSYR.js:529:14
 ❯ node_modules/@angular/core/fesm2022/root_effect_scheduler.mjs:2187:47
 ❯ runInInjectorProfilerContext node_modules/@angular/core/fesm2022/root_effect_scheduler.mjs:746:9
 ❯ R3Injector.hydrate node_modules/@angular/core/fesm2022/root_effect_scheduler.mjs:2185:21
 ❯ R3Injector.get node_modules/@angular/core/fesm2022/root_effect_scheduler.mjs:2033:33
 ❯ R3Injector.get node_modules/@angular/core/fesm2022/root_effect_scheduler.mjs:2045:33
 ❯ ChainedInjector.get node_modules/@angular/core/fesm2022/debug_node.mjs:13404:36
 ❯ lookupTokenUsingModuleInjector node_modules/@angular/core/fesm2022/debug_node.mjs:1718:39
 ❯ getOrCreateInjectable node_modules/@angular/core/fesm2022/debug_node.mjs:1766:12
            </failure>
        </testcase>
    </testsuite>
    <testsuite name="dist/test-out/20251022T171914093Z-a6e8f88a/spec-app-component-qr-qr.component.spec.js" timestamp="2025-10-22T17:21:30.455Z" hostname="runnervmwhb2z" tests="1" failures="0" errors="0" skipped="0" time="0.07504398">
        <testcase classname="dist/test-out/20251022T171914093Z-a6e8f88a/spec-app-component-qr-qr.component.spec.js" name="QrComponent &gt; should create" time="0.073313333">
        </testcase>
    </testsuite>
    <testsuite name="dist/test-out/20251022T171914093Z-a6e8f88a/spec-app-component-query-query.component.spec.js" timestamp="2025-10-22T17:21:30.456Z" hostname="runnervmwhb2z" tests="2" failures="1" errors="0" skipped="0" time="0.262304337">
        <testcase classname="dist/test-out/20251022T171914093Z-a6e8f88a/spec-app-component-query-query.component.spec.js" name="QueryComponent &gt; should create" time="0.100925279">
        </testcase>
        <testcase classname="dist/test-out/20251022T171914093Z-a6e8f88a/spec-app-component-query-query.component.spec.js" name="QueryComponent &gt; should clean and format query string correctly" time="0.159174865">
            <failure message="expected { …(2) } to be &apos;test+query!+withspecial@characters&apos; // Object.is equality" type="AssertionError">
AssertionError: expected { …(2) } to be &apos;test+query!+withspecial@characters&apos; // Object.is equality

- Expected: 
&quot;test+query!+withspecial@characters&quot;

+ Received: 
{
  &quot;queryParams&quot;: {
    &quot;pageNumber&quot;: null,
  },
  &quot;queryParamsHandling&quot;: &quot;merge&quot;,
}

 ❯ src/app/component/query/query.component.spec.ts:42:29
 ❯ new ZoneAwarePromise node_modules/zone.js/fesm2015/zone.js:2701:25
            </failure>
        </testcase>
    </testsuite>
    <testsuite name="dist/test-out/20251022T171914093Z-a6e8f88a/spec-app-component-ref-ref-list-ref-list.component.spec.js" timestamp="2025-10-22T17:21:30.456Z" hostname="runnervmwhb2z" tests="1" failures="1" errors="0" skipped="0" time="0.09129979">
        <testcase classname="dist/test-out/20251022T171914093Z-a6e8f88a/spec-app-component-ref-ref-list-ref-list.component.spec.js" name="RefListComponent &gt; should create" time="0.089868702">
            <system-err>
TypeError: Cannot read properties of undefined (reading &apos;ɵcmp&apos;)
    at getComponentDef [90m(/home/runner/work/jasper-ui/jasper-ui/[39mdist/test-out/20251022T171914093Z-a6e8f88a/node_modules/[4m@angular[24m/core/fesm2022/testing.mjs:1605:18[90m)[39m
    at isStandaloneComponent [90m(/home/runner/work/jasper-ui/jasper-ui/[39mdist/test-out/20251022T171914093Z-a6e8f88a/node_modules/[4m@angular[24m/core/fesm2022/testing.mjs:1601:17[90m)[39m
    at [90m/home/runner/work/jasper-ui/jasper-ui/[39mdist/test-out/20251022T171914093Z-a6e8f88a/node_modules/[4m@angular[24m/core/fesm2022/testing.mjs:1338:29
    at Array.forEach (&lt;anonymous&gt;)
    at queueTypesFromModulesArrayRecur [90m(/home/runner/work/jasper-ui/jasper-ui/[39mdist/test-out/20251022T171914093Z-a6e8f88a/node_modules/[4m@angular[24m/core/fesm2022/testing.mjs:1333:34[90m)[39m
    at [90m/home/runner/work/jasper-ui/jasper-ui/[39mdist/test-out/20251022T171914093Z-a6e8f88a/node_modules/[4m@angular[24m/core/fesm2022/testing.mjs:1339:29
    at Array.forEach (&lt;anonymous&gt;)
    at queueTypesFromModulesArrayRecur [90m(/home/runner/work/jasper-ui/jasper-ui/[39mdist/test-out/20251022T171914093Z-a6e8f88a/node_modules/[4m@angular[24m/core/fesm2022/testing.mjs:1333:34[90m)[39m
    at [90m/home/runner/work/jasper-ui/jasper-ui/[39mdist/test-out/20251022T171914093Z-a6e8f88a/node_modules/[4m@angular[24m/core/fesm2022/testing.mjs:1339:29
    at Array.forEach (&lt;anonymous&gt;)

            </system-err>
            <failure message="Cannot read properties of undefined (reading &apos;ɵcmp&apos;)" type="TypeError">
TypeError: Cannot read properties of undefined (reading &apos;ɵcmp&apos;)
 ❯ getComponentDef node_modules/@angular/core/fesm2022/testing.mjs:1605:18
 ❯ isStandaloneComponent node_modules/@angular/core/fesm2022/testing.mjs:1601:17
 ❯ node_modules/@angular/core/fesm2022/testing.mjs:1338:29
 ❯ queueTypesFromModulesArrayRecur node_modules/@angular/core/fesm2022/testing.mjs:1333:34
 ❯ node_modules/@angular/core/fesm2022/testing.mjs:1339:29
 ❯ queueTypesFromModulesArrayRecur node_modules/@angular/core/fesm2022/testing.mjs:1333:34
 ❯ node_modules/@angular/core/fesm2022/testing.mjs:1339:29
            </failure>
        </testcase>
    </testsuite>
    <testsuite name="dist/test-out/20251022T171914093Z-a6e8f88a/spec-app-component-ref-ref.component.spec.js" timestamp="2025-10-22T17:21:30.457Z" hostname="runnervmwhb2z" tests="1" failures="1" errors="0" skipped="0" time="0.099774985">
        <testcase classname="dist/test-out/20251022T171914093Z-a6e8f88a/spec-app-component-ref-ref.component.spec.js" name="RefComponent &gt; should create" time="0.098241737">
            <system-err>
TypeError: Cannot read properties of undefined (reading &apos;ɵcmp&apos;)
    at getComponentDef [90m(/home/runner/work/jasper-ui/jasper-ui/[39mdist/test-out/20251022T171914093Z-a6e8f88a/node_modules/[4m@angular[24m/core/fesm2022/testing.mjs:1605:18[90m)[39m
    at isStandaloneComponent [90m(/home/runner/work/jasper-ui/jasper-ui/[39mdist/test-out/20251022T171914093Z-a6e8f88a/node_modules/[4m@angular[24m/core/fesm2022/testing.mjs:1601:17[90m)[39m
    at [90m/home/runner/work/jasper-ui/jasper-ui/[39mdist/test-out/20251022T171914093Z-a6e8f88a/node_modules/[4m@angular[24m/core/fesm2022/testing.mjs:1338:29
    at Array.forEach (&lt;anonymous&gt;)
    at queueTypesFromModulesArrayRecur [90m(/home/runner/work/jasper-ui/jasper-ui/[39mdist/test-out/20251022T171914093Z-a6e8f88a/node_modules/[4m@angular[24m/core/fesm2022/testing.mjs:1333:34[90m)[39m
    at [90m/home/runner/work/jasper-ui/jasper-ui/[39mdist/test-out/20251022T171914093Z-a6e8f88a/node_modules/[4m@angular[24m/core/fesm2022/testing.mjs:1339:29
    at Array.forEach (&lt;anonymous&gt;)
    at queueTypesFromModulesArrayRecur [90m(/home/runner/work/jasper-ui/jasper-ui/[39mdist/test-out/20251022T171914093Z-a6e8f88a/node_modules/[4m@angular[24m/core/fesm2022/testing.mjs:1333:34[90m)[39m
    at TestBedCompiler.queueTypesFromModulesArray [90m(/home/runner/work/jasper-ui/jasper-ui/[39mdist/test-out/20251022T171914093Z-a6e8f88a/node_modules/[4m@angular[24m/core/fesm2022/testing.mjs:1348:9[90m)[39m
    at TestBedCompiler.configureTestingModule [90m(/home/runner/work/jasper-ui/jasper-ui/[39mdist/test-out/20251022T171914093Z-a6e8f88a/node_modules/[4m@angular[24m/core/fesm2022/testing.mjs:856:18[90m)[39m

            </system-err>
            <failure message="Cannot read properties of undefined (reading &apos;ɵcmp&apos;)" type="TypeError">
TypeError: Cannot read properties of undefined (reading &apos;ɵcmp&apos;)
 ❯ getComponentDef node_modules/@angular/core/fesm2022/testing.mjs:1605:18
 ❯ isStandaloneComponent node_modules/@angular/core/fesm2022/testing.mjs:1601:17
 ❯ node_modules/@angular/core/fesm2022/testing.mjs:1338:29
 ❯ queueTypesFromModulesArrayRecur node_modules/@angular/core/fesm2022/testing.mjs:1333:34
 ❯ node_modules/@angular/core/fesm2022/testing.mjs:1339:29
 ❯ queueTypesFromModulesArrayRecur node_modules/@angular/core/fesm2022/testing.mjs:1333:34
 ❯ TestBedCompiler.queueTypesFromModulesArray node_modules/@angular/core/fesm2022/testing.mjs:1348:9
 ❯ TestBedCompiler.configureTestingModule node_modules/@angular/core/fesm2022/testing.mjs:856:18
            </failure>
        </testcase>
    </testsuite>
    <testsuite name="dist/test-out/20251022T171914093Z-a6e8f88a/spec-app-component-search-search.component.spec.js" timestamp="2025-10-22T17:21:30.458Z" hostname="runnervmwhb2z" tests="1" failures="0" errors="0" skipped="0" time="0.108465016">
        <testcase classname="dist/test-out/20251022T171914093Z-a6e8f88a/spec-app-component-search-search.component.spec.js" name="SearchComponent &gt; should create" time="0.106778563">
        </testcase>
    </testsuite>
    <testsuite name="dist/test-out/20251022T171914093Z-a6e8f88a/spec-app-component-select-plugin-select-plugin.component.spec.js" timestamp="2025-10-22T17:21:30.459Z" hostname="runnervmwhb2z" tests="1" failures="0" errors="0" skipped="0" time="0.068749087">
        <testcase classname="dist/test-out/20251022T171914093Z-a6e8f88a/spec-app-component-select-plugin-select-plugin.component.spec.js" name="SelectPluginComponent &gt; should create" time="0.067118617">
        </testcase>
    </testsuite>
    <testsuite name="dist/test-out/20251022T171914093Z-a6e8f88a/spec-app-component-select-template-select-template.component.spec.js" timestamp="2025-10-22T17:21:30.459Z" hostname="runnervmwhb2z" tests="1" failures="0" errors="0" skipped="0" time="0.065329009">
        <testcase classname="dist/test-out/20251022T171914093Z-a6e8f88a/spec-app-component-select-template-select-template.component.spec.js" name="SelectTemplateComponent &gt; should create" time="0.063767087">
        </testcase>
    </testsuite>
    <testsuite name="dist/test-out/20251022T171914093Z-a6e8f88a/spec-app-component-settings-settings.component.spec.js" timestamp="2025-10-22T17:21:30.459Z" hostname="runnervmwhb2z" tests="1" failures="0" errors="0" skipped="0" time="0.09179886">
        <testcase classname="dist/test-out/20251022T171914093Z-a6e8f88a/spec-app-component-settings-settings.component.spec.js" name="SettingsComponent &gt; should create" time="0.090155056">
        </testcase>
    </testsuite>
    <testsuite name="dist/test-out/20251022T171914093Z-a6e8f88a/spec-app-component-sidebar-sidebar.component.spec.js" timestamp="2025-10-22T17:21:30.460Z" hostname="runnervmwhb2z" tests="1" failures="1" errors="0" skipped="0" time="0.095447702">
        <testcase classname="dist/test-out/20251022T171914093Z-a6e8f88a/spec-app-component-sidebar-sidebar.component.spec.js" name="SidebarComponent &gt; should create" time="0.093748954">
            <system-err>
TypeError: Cannot read properties of undefined (reading &apos;ɵcmp&apos;)
    at getComponentDef [90m(/home/runner/work/jasper-ui/jasper-ui/[39mdist/test-out/20251022T171914093Z-a6e8f88a/node_modules/[4m@angular[24m/core/fesm2022/testing.mjs:1605:18[90m)[39m
    at isStandaloneComponent [90m(/home/runner/work/jasper-ui/jasper-ui/[39mdist/test-out/20251022T171914093Z-a6e8f88a/node_modules/[4m@angular[24m/core/fesm2022/testing.mjs:1601:17[90m)[39m
    at [90m/home/runner/work/jasper-ui/jasper-ui/[39mdist/test-out/20251022T171914093Z-a6e8f88a/node_modules/[4m@angular[24m/core/fesm2022/testing.mjs:1338:29
    at Array.forEach (&lt;anonymous&gt;)
    at queueTypesFromModulesArrayRecur [90m(/home/runner/work/jasper-ui/jasper-ui/[39mdist/test-out/20251022T171914093Z-a6e8f88a/node_modules/[4m@angular[24m/core/fesm2022/testing.mjs:1333:34[90m)[39m
    at [90m/home/runner/work/jasper-ui/jasper-ui/[39mdist/test-out/20251022T171914093Z-a6e8f88a/node_modules/[4m@angular[24m/core/fesm2022/testing.mjs:1339:29
    at Array.forEach (&lt;anonymous&gt;)
    at queueTypesFromModulesArrayRecur [90m(/home/runner/work/jasper-ui/jasper-ui/[39mdist/test-out/20251022T171914093Z-a6e8f88a/node_modules/[4m@angular[24m/core/fesm2022/testing.mjs:1333:34[90m)[39m
    at [90m/home/runner/work/jasper-ui/jasper-ui/[39mdist/test-out/20251022T171914093Z-a6e8f88a/node_modules/[4m@angular[24m/core/fesm2022/testing.mjs:1339:29
    at Array.forEach (&lt;anonymous&gt;)

            </system-err>
            <failure message="Cannot read properties of undefined (reading &apos;ɵcmp&apos;)" type="TypeError">
TypeError: Cannot read properties of undefined (reading &apos;ɵcmp&apos;)
 ❯ getComponentDef node_modules/@angular/core/fesm2022/testing.mjs:1605:18
 ❯ isStandaloneComponent node_modules/@angular/core/fesm2022/testing.mjs:1601:17
 ❯ node_modules/@angular/core/fesm2022/testing.mjs:1338:29
 ❯ queueTypesFromModulesArrayRecur node_modules/@angular/core/fesm2022/testing.mjs:1333:34
 ❯ node_modules/@angular/core/fesm2022/testing.mjs:1339:29
 ❯ queueTypesFromModulesArrayRecur node_modules/@angular/core/fesm2022/testing.mjs:1333:34
 ❯ node_modules/@angular/core/fesm2022/testing.mjs:1339:29
            </failure>
        </testcase>
    </testsuite>
    <testsuite name="dist/test-out/20251022T171914093Z-a6e8f88a/spec-app-component-sort-sort.component.spec.js" timestamp="2025-10-22T17:21:30.461Z" hostname="runnervmwhb2z" tests="1" failures="0" errors="0" skipped="0" time="0.128926107">
        <testcase classname="dist/test-out/20251022T171914093Z-a6e8f88a/spec-app-component-sort-sort.component.spec.js" name="SortComponent &gt; should create" time="0.127049758">
        </testcase>
    </testsuite>
    <testsuite name="dist/test-out/20251022T171914093Z-a6e8f88a/spec-app-component-subscription-bar-subscription-bar.component.spec.js" timestamp="2025-10-22T17:21:30.461Z" hostname="runnervmwhb2z" tests="1" failures="1" errors="0" skipped="0" time="0.155660626">
        <testcase classname="dist/test-out/20251022T171914093Z-a6e8f88a/spec-app-component-subscription-bar-subscription-bar.component.spec.js" name="SubscriptionBarComponent &gt; should create" time="0.153917445">
            <system-err>
TypeError: Cannot read properties of undefined (reading &apos;supports&apos;)
    at new _ModService [90m(/home/runner/work/jasper-ui/jasper-ui/[39mdist/test-out/20251022T171914093Z-a6e8f88a/src/app/service/mod.service.ts:19:17[90m)[39m
    at Object.ModService_Factory [as factory] [90m(/home/runner/work/jasper-ui/jasper-ui/[39mdist/test-out/20251022T171914093Z-a6e8f88a/chunk-2AZAYSYR.js:529:14[90m)[39m
    at [90m/home/runner/work/jasper-ui/jasper-ui/[39mdist/test-out/20251022T171914093Z-a6e8f88a/node_modules/[4m@angular[24m/core/fesm2022/root_effect_scheduler.mjs:2187:47
    at runInInjectorProfilerContext [90m(/home/runner/work/jasper-ui/jasper-ui/[39mdist/test-out/20251022T171914093Z-a6e8f88a/node_modules/[4m@angular[24m/core/fesm2022/root_effect_scheduler.mjs:746:9[90m)[39m
    at R3Injector.hydrate [90m(/home/runner/work/jasper-ui/jasper-ui/[39mdist/test-out/20251022T171914093Z-a6e8f88a/node_modules/[4m@angular[24m/core/fesm2022/root_effect_scheduler.mjs:2185:21[90m)[39m
    at R3Injector.get [90m(/home/runner/work/jasper-ui/jasper-ui/[39mdist/test-out/20251022T171914093Z-a6e8f88a/node_modules/[4m@angular[24m/core/fesm2022/root_effect_scheduler.mjs:2033:33[90m)[39m
    at R3Injector.get [90m(/home/runner/work/jasper-ui/jasper-ui/[39mdist/test-out/20251022T171914093Z-a6e8f88a/node_modules/[4m@angular[24m/core/fesm2022/root_effect_scheduler.mjs:2045:33[90m)[39m
    at ChainedInjector.get [90m(/home/runner/work/jasper-ui/jasper-ui/[39mdist/test-out/20251022T171914093Z-a6e8f88a/node_modules/[4m@angular[24m/core/fesm2022/debug_node.mjs:13404:36[90m)[39m
    at lookupTokenUsingModuleInjector [90m(/home/runner/work/jasper-ui/jasper-ui/[39mdist/test-out/20251022T171914093Z-a6e8f88a/node_modules/[4m@angular[24m/core/fesm2022/debug_node.mjs:1718:39[90m)[39m
    at getOrCreateInjectable [90m(/home/runner/work/jasper-ui/jasper-ui/[39mdist/test-out/20251022T171914093Z-a6e8f88a/node_modules/[4m@angular[24m/core/fesm2022/debug_node.mjs:1766:12[90m)[39m

            </system-err>
            <failure message="Cannot read properties of undefined (reading &apos;supports&apos;)" type="TypeError">
TypeError: Cannot read properties of undefined (reading &apos;supports&apos;)
 ❯ new _ModService src/app/service/mod.service.ts:19:17
 ❯ Object.ModService_Factory [as factory] chunk-2AZAYSYR.js:529:14
 ❯ node_modules/@angular/core/fesm2022/root_effect_scheduler.mjs:2187:47
 ❯ runInInjectorProfilerContext node_modules/@angular/core/fesm2022/root_effect_scheduler.mjs:746:9
 ❯ R3Injector.hydrate node_modules/@angular/core/fesm2022/root_effect_scheduler.mjs:2185:21
 ❯ R3Injector.get node_modules/@angular/core/fesm2022/root_effect_scheduler.mjs:2033:33
 ❯ R3Injector.get node_modules/@angular/core/fesm2022/root_effect_scheduler.mjs:2045:33
 ❯ ChainedInjector.get node_modules/@angular/core/fesm2022/debug_node.mjs:13404:36
 ❯ lookupTokenUsingModuleInjector node_modules/@angular/core/fesm2022/debug_node.mjs:1718:39
 ❯ getOrCreateInjectable node_modules/@angular/core/fesm2022/debug_node.mjs:1766:12
            </failure>
        </testcase>
    </testsuite>
    <testsuite name="dist/test-out/20251022T171914093Z-a6e8f88a/spec-app-component-tabs-tabs.component.spec.js" timestamp="2025-10-22T17:21:30.462Z" hostname="runnervmwhb2z" tests="1" failures="1" errors="0" skipped="0" time="0.149907091">
        <testcase classname="dist/test-out/20251022T171914093Z-a6e8f88a/spec-app-component-tabs-tabs.component.spec.js" name="TabsComponent &gt; should create" time="0.148463141">
            <system-err>
ɵNotFound: NG0201: No provider found for `ActivatedRoute`. Source: Standalone[_TabsComponent]. Path: _AdminService -&gt; _AuthzService -&gt; _Store -&gt; _RouterStore -&gt; ActivatedRoute. Find more at https://v20.angular.dev/errors/NG0201
    at createRuntimeError [90m(/home/runner/work/jasper-ui/jasper-ui/[39mdist/test-out/20251022T171914093Z-a6e8f88a/node_modules/[4m@angular[24m/core/fesm2022/root_effect_scheduler.mjs:921:19[90m)[39m
    at NullInjector.get [90m(/home/runner/work/jasper-ui/jasper-ui/[39mdist/test-out/20251022T171914093Z-a6e8f88a/node_modules/[4m@angular[24m/core/fesm2022/root_effect_scheduler.mjs:1489:27[90m)[39m
    at R3Injector.get [90m(/home/runner/work/jasper-ui/jasper-ui/[39mdist/test-out/20251022T171914093Z-a6e8f88a/node_modules/[4m@angular[24m/core/fesm2022/root_effect_scheduler.mjs:2045:33[90m)[39m
    at R3Injector.get [90m(/home/runner/work/jasper-ui/jasper-ui/[39mdist/test-out/20251022T171914093Z-a6e8f88a/node_modules/[4m@angular[24m/core/fesm2022/root_effect_scheduler.mjs:2045:33[90m)[39m
    at R3Injector.retrieve [90m(/home/runner/work/jasper-ui/jasper-ui/[39mdist/test-out/20251022T171914093Z-a6e8f88a/node_modules/[4m@angular[24m/core/fesm2022/root_effect_scheduler.mjs:1929:25[90m)[39m
    at injectInjectorOnly [90m(/home/runner/work/jasper-ui/jasper-ui/[39mdist/test-out/20251022T171914093Z-a6e8f88a/node_modules/[4m@angular[24m/core/fesm2022/root_effect_scheduler.mjs:1046:39[90m)[39m
    at ɵɵinject [90m(/home/runner/work/jasper-ui/jasper-ui/[39mdist/test-out/20251022T171914093Z-a6e8f88a/node_modules/[4m@angular[24m/core/fesm2022/root_effect_scheduler.mjs:1058:42[90m)[39m
    at Object.RouterStore_Factory [as factory] [90m(/home/runner/work/jasper-ui/jasper-ui/[39mdist/test-out/20251022T171914093Z-a6e8f88a/node_modules/[4mmobx-angular[24m/fesm2022/mobx-angular.mjs:145:80[90m)[39m
    at [90m/home/runner/work/jasper-ui/jasper-ui/[39mdist/test-out/20251022T171914093Z-a6e8f88a/node_modules/[4m@angular[24m/core/fesm2022/root_effect_scheduler.mjs:2187:47
    at runInInjectorProfilerContext [90m(/home/runner/work/jasper-ui/jasper-ui/[39mdist/test-out/20251022T171914093Z-a6e8f88a/node_modules/[4m@angular[24m/core/fesm2022/root_effect_scheduler.mjs:746:9[90m)[39m {
  code: [33m-201[39m,
  ngErrorCode: [33m-201[39m,
  ngErrorMessage: [32m&apos;No provider found for `ActivatedRoute`.&apos;[39m,
  ngTokenPath: [
    [32m&apos;_AdminService&apos;[39m,
    [32m&apos;_AuthzService&apos;[39m,
    [32m&apos;_Store&apos;[39m,
    [32m&apos;_RouterStore&apos;[39m,
    [32m&apos;ActivatedRoute&apos;[39m
  ]
}

            </system-err>
            <failure message="NG0201: No provider found for `ActivatedRoute`. Source: Standalone[_TabsComponent]. Path: _AdminService -&gt; _AuthzService -&gt; _Store -&gt; _RouterStore -&gt; ActivatedRoute. Find more at https://v20.angular.dev/errors/NG0201" type="ɵNotFound">
ɵNotFound: NG0201: No provider found for `ActivatedRoute`. Source: Standalone[_TabsComponent]. Path: _AdminService -&gt; _AuthzService -&gt; _Store -&gt; _RouterStore -&gt; ActivatedRoute. Find more at https://v20.angular.dev/errors/NG0201
 ❯ createRuntimeError node_modules/@angular/core/fesm2022/root_effect_scheduler.mjs:921:19
 ❯ NullInjector.get node_modules/@angular/core/fesm2022/root_effect_scheduler.mjs:1489:27
 ❯ R3Injector.get node_modules/@angular/core/fesm2022/root_effect_scheduler.mjs:2045:33
 ❯ R3Injector.get node_modules/@angular/core/fesm2022/root_effect_scheduler.mjs:2045:33
 ❯ R3Injector.retrieve node_modules/@angular/core/fesm2022/root_effect_scheduler.mjs:1929:25
 ❯ injectInjectorOnly node_modules/@angular/core/fesm2022/root_effect_scheduler.mjs:1046:39
 ❯ ɵɵinject node_modules/@angular/core/fesm2022/root_effect_scheduler.mjs:1058:42
 ❯ Object.RouterStore_Factory [as factory] node_modules/mobx-angular/fesm2022/mobx-angular.mjs:145:80
 ❯ node_modules/@angular/core/fesm2022/root_effect_scheduler.mjs:2187:47
 ❯ runInInjectorProfilerContext node_modules/@angular/core/fesm2022/root_effect_scheduler.mjs:746:9

⎯⎯⎯⎯⎯⎯⎯⎯⎯⎯⎯⎯⎯⎯⎯⎯⎯⎯⎯⎯⎯⎯⎯⎯⎯⎯⎯⎯⎯⎯
Serialized Error: { code: -201, ngErrorCode: -201, ngErrorMessage: &apos;No provider found for `ActivatedRoute`.&apos;, ngTokenPath: [ &apos;_AdminService&apos;, &apos;_AuthzService&apos;, &apos;_Store&apos;, &apos;_RouterStore&apos;, &apos;ActivatedRoute&apos; ] }
            </failure>
        </testcase>
    </testsuite>
    <testsuite name="dist/test-out/20251022T171914093Z-a6e8f88a/spec-app-component-template-template-list-template-list.component.spec.js" timestamp="2025-10-22T17:21:30.465Z" hostname="runnervmwhb2z" tests="1" failures="0" errors="0" skipped="0" time="0.080576759">
        <testcase classname="dist/test-out/20251022T171914093Z-a6e8f88a/spec-app-component-template-template-list-template-list.component.spec.js" name="TemplateListComponent &gt; should create" time="0.078955667">
        </testcase>
    </testsuite>
    <testsuite name="dist/test-out/20251022T171914093Z-a6e8f88a/spec-app-component-template-template.component.spec.js" timestamp="2025-10-22T17:21:30.465Z" hostname="runnervmwhb2z" tests="1" failures="0" errors="0" skipped="0" time="0.118648871">
        <testcase classname="dist/test-out/20251022T171914093Z-a6e8f88a/spec-app-component-template-template.component.spec.js" name="TemplateComponent &gt; should create" time="0.116955934">
        </testcase>
    </testsuite>
    <testsuite name="dist/test-out/20251022T171914093Z-a6e8f88a/spec-app-component-todo-item-item.component.spec.js" timestamp="2025-10-22T17:21:30.466Z" hostname="runnervmwhb2z" tests="1" failures="0" errors="0" skipped="0" time="0.094512302">
        <testcase classname="dist/test-out/20251022T171914093Z-a6e8f88a/spec-app-component-todo-item-item.component.spec.js" name="ItemComponent &gt; should create" time="0.09293966">
        </testcase>
    </testsuite>
    <testsuite name="dist/test-out/20251022T171914093Z-a6e8f88a/spec-app-component-todo-todo.component.spec.js" timestamp="2025-10-22T17:21:30.466Z" hostname="runnervmwhb2z" tests="1" failures="0" errors="0" skipped="0" time="0.110336444">
        <testcase classname="dist/test-out/20251022T171914093Z-a6e8f88a/spec-app-component-todo-todo.component.spec.js" name="TodoComponent &gt; should create" time="0.108990366">
            <system-out>
📶️  Opening Web Socket...

            </system-out>
        </testcase>
    </testsuite>
    <testsuite name="dist/test-out/20251022T171914093Z-a6e8f88a/spec-app-component-user-tag-selector-user-tag-selector.component.spec.js" timestamp="2025-10-22T17:21:30.466Z" hostname="runnervmwhb2z" tests="1" failures="0" errors="0" skipped="0" time="0.074724345">
        <testcase classname="dist/test-out/20251022T171914093Z-a6e8f88a/spec-app-component-user-tag-selector-user-tag-selector.component.spec.js" name="UserTagSelectorComponent &gt; should create" time="0.073485067">
        </testcase>
    </testsuite>
    <testsuite name="dist/test-out/20251022T171914093Z-a6e8f88a/spec-app-component-user-user-list-user-list.component.spec.js" timestamp="2025-10-22T17:21:30.466Z" hostname="runnervmwhb2z" tests="1" failures="0" errors="0" skipped="0" time="0.097781479">
        <testcase classname="dist/test-out/20251022T171914093Z-a6e8f88a/spec-app-component-user-user-list-user-list.component.spec.js" name="UserListComponent &gt; should create" time="0.096197296">
        </testcase>
    </testsuite>
    <testsuite name="dist/test-out/20251022T171914093Z-a6e8f88a/spec-app-component-user-user.component.spec.js" timestamp="2025-10-22T17:21:30.467Z" hostname="runnervmwhb2z" tests="1" failures="0" errors="0" skipped="0" time="0.099416516">
        <testcase classname="dist/test-out/20251022T171914093Z-a6e8f88a/spec-app-component-user-user.component.spec.js" name="UserComponent &gt; should create" time="0.097827484">
        </testcase>
    </testsuite>
    <testsuite name="dist/test-out/20251022T171914093Z-a6e8f88a/spec-app-component-viewer-viewer.component.spec.js" timestamp="2025-10-22T17:21:30.467Z" hostname="runnervmwhb2z" tests="1" failures="1" errors="0" skipped="0" time="0.097993323">
        <testcase classname="dist/test-out/20251022T171914093Z-a6e8f88a/spec-app-component-viewer-viewer.component.spec.js" name="ViewerComponent &gt; should create" time="0.096300395">
            <system-err>
TypeError: Cannot read properties of undefined (reading &apos;ɵcmp&apos;)
    at getComponentDef [90m(/home/runner/work/jasper-ui/jasper-ui/[39mdist/test-out/20251022T171914093Z-a6e8f88a/node_modules/[4m@angular[24m/core/fesm2022/testing.mjs:1605:18[90m)[39m
    at isStandaloneComponent [90m(/home/runner/work/jasper-ui/jasper-ui/[39mdist/test-out/20251022T171914093Z-a6e8f88a/node_modules/[4m@angular[24m/core/fesm2022/testing.mjs:1601:17[90m)[39m
    at [90m/home/runner/work/jasper-ui/jasper-ui/[39mdist/test-out/20251022T171914093Z-a6e8f88a/node_modules/[4m@angular[24m/core/fesm2022/testing.mjs:1338:29
    at Array.forEach (&lt;anonymous&gt;)
    at queueTypesFromModulesArrayRecur [90m(/home/runner/work/jasper-ui/jasper-ui/[39mdist/test-out/20251022T171914093Z-a6e8f88a/node_modules/[4m@angular[24m/core/fesm2022/testing.mjs:1333:34[90m)[39m
    at [90m/home/runner/work/jasper-ui/jasper-ui/[39mdist/test-out/20251022T171914093Z-a6e8f88a/node_modules/[4m@angular[24m/core/fesm2022/testing.mjs:1339:29
    at Array.forEach (&lt;anonymous&gt;)
    at queueTypesFromModulesArrayRecur [90m(/home/runner/work/jasper-ui/jasper-ui/[39mdist/test-out/20251022T171914093Z-a6e8f88a/node_modules/[4m@angular[24m/core/fesm2022/testing.mjs:1333:34[90m)[39m
    at TestBedCompiler.queueTypesFromModulesArray [90m(/home/runner/work/jasper-ui/jasper-ui/[39mdist/test-out/20251022T171914093Z-a6e8f88a/node_modules/[4m@angular[24m/core/fesm2022/testing.mjs:1348:9[90m)[39m
    at TestBedCompiler.configureTestingModule [90m(/home/runner/work/jasper-ui/jasper-ui/[39mdist/test-out/20251022T171914093Z-a6e8f88a/node_modules/[4m@angular[24m/core/fesm2022/testing.mjs:856:18[90m)[39m

            </system-err>
            <failure message="Cannot read properties of undefined (reading &apos;ɵcmp&apos;)" type="TypeError">
TypeError: Cannot read properties of undefined (reading &apos;ɵcmp&apos;)
 ❯ getComponentDef node_modules/@angular/core/fesm2022/testing.mjs:1605:18
 ❯ isStandaloneComponent node_modules/@angular/core/fesm2022/testing.mjs:1601:17
 ❯ node_modules/@angular/core/fesm2022/testing.mjs:1338:29
 ❯ queueTypesFromModulesArrayRecur node_modules/@angular/core/fesm2022/testing.mjs:1333:34
 ❯ node_modules/@angular/core/fesm2022/testing.mjs:1339:29
 ❯ queueTypesFromModulesArrayRecur node_modules/@angular/core/fesm2022/testing.mjs:1333:34
 ❯ TestBedCompiler.queueTypesFromModulesArray node_modules/@angular/core/fesm2022/testing.mjs:1348:9
 ❯ TestBedCompiler.configureTestingModule node_modules/@angular/core/fesm2022/testing.mjs:856:18
            </failure>
        </testcase>
    </testsuite>
    <testsuite name="dist/test-out/20251022T171914093Z-a6e8f88a/spec-app-directive-autofocus.directive.spec.js" timestamp="2025-10-22T17:21:30.468Z" hostname="runnervmwhb2z" tests="1" failures="0" errors="0" skipped="0" time="0.045823564">
        <testcase classname="dist/test-out/20251022T171914093Z-a6e8f88a/spec-app-directive-autofocus.directive.spec.js" name="AutofocusDirective &gt; should create an instance" time="0.044015411">
        </testcase>
    </testsuite>
    <testsuite name="dist/test-out/20251022T171914093Z-a6e8f88a/spec-app-directive-fill-width.directive.spec.js" timestamp="2025-10-22T17:21:30.468Z" hostname="runnervmwhb2z" tests="1" failures="0" errors="0" skipped="0" time="0.004120857">
        <testcase classname="dist/test-out/20251022T171914093Z-a6e8f88a/spec-app-directive-fill-width.directive.spec.js" name="FillWidthDirective &gt; should create an instance" time="0.002810326">
        </testcase>
    </testsuite>
    <testsuite name="dist/test-out/20251022T171914093Z-a6e8f88a/spec-app-directive-image.directive.spec.js" timestamp="2025-10-22T17:21:30.469Z" hostname="runnervmwhb2z" tests="1" failures="0" errors="0" skipped="0" time="0.042698515">
        <testcase classname="dist/test-out/20251022T171914093Z-a6e8f88a/spec-app-directive-image.directive.spec.js" name="ImageDirective &gt; should create an instance" time="0.04093079">
            <system-err>
[mobx] Encountered an uncaught exception that was thrown by a reaction or observer component, in: &apos;Reaction[Autorun@1]&apos; TypeError: Cannot read properties of undefined (reading &apos;event&apos;)
    at [90m/home/runner/work/jasper-ui/jasper-ui/[39mdist/test-out/20251022T171914093Z-a6e8f88a/src/app/directive/image.directive.ts:35:31
    at reactionRunner [90m(/home/runner/work/jasper-ui/jasper-ui/[39mdist/test-out/20251022T171914093Z-a6e8f88a/node_modules/[4mmobx[24m/dist/mobx.esm.js:2834:5[90m)[39m
    at trackDerivedFunction [90m(/home/runner/work/jasper-ui/jasper-ui/[39mdist/test-out/20251022T171914093Z-a6e8f88a/node_modules/[4mmobx[24m/dist/mobx.esm.js:1904:18[90m)[39m
    at Reaction2.track [90m(/home/runner/work/jasper-ui/jasper-ui/[39mdist/test-out/20251022T171914093Z-a6e8f88a/node_modules/[4mmobx[24m/dist/mobx.esm.js:2495:18[90m)[39m
    at Reaction2.onInvalidate_ [90m(/home/runner/work/jasper-ui/jasper-ui/[39mdist/test-out/20251022T171914093Z-a6e8f88a/node_modules/[4mmobx[24m/dist/mobx.esm.js:2815:12[90m)[39m
    at Reaction2.runReaction_ [90m(/home/runner/work/jasper-ui/jasper-ui/[39mdist/test-out/20251022T171914093Z-a6e8f88a/node_modules/[4mmobx[24m/dist/mobx.esm.js:2461:16[90m)[39m
    at runReactionsHelper [90m(/home/runner/work/jasper-ui/jasper-ui/[39mdist/test-out/20251022T171914093Z-a6e8f88a/node_modules/[4mmobx[24m/dist/mobx.esm.js:2660:29[90m)[39m
    at reactionScheduler2 [90m(/home/runner/work/jasper-ui/jasper-ui/[39mdist/test-out/20251022T171914093Z-a6e8f88a/node_modules/[4mmobx[24m/dist/mobx.esm.js:2637:10[90m)[39m
    at runReactions [90m(/home/runner/work/jasper-ui/jasper-ui/[39mdist/test-out/20251022T171914093Z-a6e8f88a/node_modules/[4mmobx[24m/dist/mobx.esm.js:2644:3[90m)[39m
    at Reaction2.schedule_ [90m(/home/runner/work/jasper-ui/jasper-ui/[39mdist/test-out/20251022T171914093Z-a6e8f88a/node_modules/[4mmobx[24m/dist/mobx.esm.js:2446:7[90m)[39m

            </system-err>
        </testcase>
    </testsuite>
    <testsuite name="dist/test-out/20251022T171914093Z-a6e8f88a/spec-app-directive-input-done.directive.spec.js" timestamp="2025-10-22T17:21:30.469Z" hostname="runnervmwhb2z" tests="1" failures="0" errors="0" skipped="0" time="0.003572703">
        <testcase classname="dist/test-out/20251022T171914093Z-a6e8f88a/spec-app-directive-input-done.directive.spec.js" name="InputDoneDirective &gt; should create an instance" time="0.002077236">
        </testcase>
    </testsuite>
    <testsuite name="dist/test-out/20251022T171914093Z-a6e8f88a/spec-app-directive-limit-width.directive.spec.js" timestamp="2025-10-22T17:21:30.469Z" hostname="runnervmwhb2z" tests="1" failures="0" errors="0" skipped="0" time="0.005621585">
        <testcase classname="dist/test-out/20251022T171914093Z-a6e8f88a/spec-app-directive-limit-width.directive.spec.js" name="LimitWidthDirective &gt; should create an instance" time="0.003756226">
        </testcase>
    </testsuite>
    <testsuite name="dist/test-out/20251022T171914093Z-a6e8f88a/spec-app-directive-md-post.directive.spec.js" timestamp="2025-10-22T17:21:30.469Z" hostname="runnervmwhb2z" tests="1" failures="0" errors="0" skipped="0" time="0.00322884">
        <testcase classname="dist/test-out/20251022T171914093Z-a6e8f88a/spec-app-directive-md-post.directive.spec.js" name="MdPostDirective &gt; should create an instance" time="0.001905825">
        </testcase>
    </testsuite>
    <testsuite name="dist/test-out/20251022T171914093Z-a6e8f88a/spec-app-directive-resize-handle.directive.spec.js" timestamp="2025-10-22T17:21:30.469Z" hostname="runnervmwhb2z" tests="1" failures="0" errors="0" skipped="0" time="0.005510988">
        <testcase classname="dist/test-out/20251022T171914093Z-a6e8f88a/spec-app-directive-resize-handle.directive.spec.js" name="ResizeHandleDirective &gt; should create an instance" time="0.002906276">
        </testcase>
    </testsuite>
    <testsuite name="dist/test-out/20251022T171914093Z-a6e8f88a/spec-app-directive-resize.directive.spec.js" timestamp="2025-10-22T17:21:30.470Z" hostname="runnervmwhb2z" tests="1" failures="0" errors="0" skipped="0" time="0.004469761">
        <testcase classname="dist/test-out/20251022T171914093Z-a6e8f88a/spec-app-directive-resize.directive.spec.js" name="ResizeDirective &gt; should create an instance" time="0.002885968">
        </testcase>
    </testsuite>
    <testsuite name="dist/test-out/20251022T171914093Z-a6e8f88a/spec-app-directive-router-activate.directive.spec.js" timestamp="2025-10-22T17:21:30.470Z" hostname="runnervmwhb2z" tests="1" failures="0" errors="0" skipped="0" time="0.004383991">
        <testcase classname="dist/test-out/20251022T171914093Z-a6e8f88a/spec-app-directive-router-activate.directive.spec.js" name="RouterActivateDirective &gt; should create an instance" time="0.002715049">
        </testcase>
    </testsuite>
    <testsuite name="dist/test-out/20251022T171914093Z-a6e8f88a/spec-app-directive-title.directive.spec.js" timestamp="2025-10-22T17:21:30.470Z" hostname="runnervmwhb2z" tests="1" failures="0" errors="0" skipped="0" time="0.003533609">
        <testcase classname="dist/test-out/20251022T171914093Z-a6e8f88a/spec-app-directive-title.directive.spec.js" name="TitleDirective &gt; should create an instance" time="0.002284012">
        </testcase>
    </testsuite>
    <testsuite name="dist/test-out/20251022T171914093Z-a6e8f88a/spec-app-form-code-code.component.spec.js" timestamp="2025-10-22T17:21:30.470Z" hostname="runnervmwhb2z" tests="1" failures="1" errors="0" skipped="0" time="0.173409789">
        <testcase classname="dist/test-out/20251022T171914093Z-a6e8f88a/spec-app-form-code-code.component.spec.js" name="CodeComponent &gt; should create" time="0.171481972">
            <system-err>
ɵNotFound: NG0201: No provider found for `InjectionToken NGX_MONACO_EDITOR_CONFIG`. Source: Standalone[_CodeComponent]. Find more at https://v20.angular.dev/errors/NG0201
    at createRuntimeError [90m(/home/runner/work/jasper-ui/jasper-ui/[39mdist/test-out/20251022T171914093Z-a6e8f88a/node_modules/[4m@angular[24m/core/fesm2022/root_effect_scheduler.mjs:921:19[90m)[39m
    at NullInjector.get [90m(/home/runner/work/jasper-ui/jasper-ui/[39mdist/test-out/20251022T171914093Z-a6e8f88a/node_modules/[4m@angular[24m/core/fesm2022/root_effect_scheduler.mjs:1489:27[90m)[39m
    at R3Injector.get [90m(/home/runner/work/jasper-ui/jasper-ui/[39mdist/test-out/20251022T171914093Z-a6e8f88a/node_modules/[4m@angular[24m/core/fesm2022/root_effect_scheduler.mjs:2045:33[90m)[39m
    at R3Injector.get [90m(/home/runner/work/jasper-ui/jasper-ui/[39mdist/test-out/20251022T171914093Z-a6e8f88a/node_modules/[4m@angular[24m/core/fesm2022/root_effect_scheduler.mjs:2045:33[90m)[39m
    at R3Injector.get [90m(/home/runner/work/jasper-ui/jasper-ui/[39mdist/test-out/20251022T171914093Z-a6e8f88a/node_modules/[4m@angular[24m/core/fesm2022/root_effect_scheduler.mjs:2045:33[90m)[39m
    at ChainedInjector.get [90m(/home/runner/work/jasper-ui/jasper-ui/[39mdist/test-out/20251022T171914093Z-a6e8f88a/node_modules/[4m@angular[24m/core/fesm2022/debug_node.mjs:13404:36[90m)[39m
    at lookupTokenUsingModuleInjector [90m(/home/runner/work/jasper-ui/jasper-ui/[39mdist/test-out/20251022T171914093Z-a6e8f88a/node_modules/[4m@angular[24m/core/fesm2022/debug_node.mjs:1718:39[90m)[39m
    at getOrCreateInjectable [90m(/home/runner/work/jasper-ui/jasper-ui/[39mdist/test-out/20251022T171914093Z-a6e8f88a/node_modules/[4m@angular[24m/core/fesm2022/debug_node.mjs:1766:12[90m)[39m
    at ɵɵdirectiveInject [90m(/home/runner/work/jasper-ui/jasper-ui/[39mdist/test-out/20251022T171914093Z-a6e8f88a/node_modules/[4m@angular[24m/core/fesm2022/debug_node.mjs:13455:19[90m)[39m
    at NodeInjectorFactory.EditorComponent_Factory [as factory] [90m(/home/runner/work/jasper-ui/jasper-ui/[39mdist/test-out/20251022T171914093Z-a6e8f88a/node_modules/[4mngx-monaco-editor[24m/fesm2015/ngx-monaco-editor.js:193:89[90m)[39m {
  code: [33m-201[39m,
  ngErrorCode: [33m-201[39m,
  ngErrorMessage: [32m&apos;No provider found for `InjectionToken NGX_MONACO_EDITOR_CONFIG`.&apos;[39m,
  ngTokenPath: [ [32m&apos;InjectionToken NGX_MONACO_EDITOR_CONFIG&apos;[39m ]
}

            </system-err>
            <failure message="NG0201: No provider found for `InjectionToken NGX_MONACO_EDITOR_CONFIG`. Source: Standalone[_CodeComponent]. Find more at https://v20.angular.dev/errors/NG0201" type="ɵNotFound">
ɵNotFound: NG0201: No provider found for `InjectionToken NGX_MONACO_EDITOR_CONFIG`. Source: Standalone[_CodeComponent]. Find more at https://v20.angular.dev/errors/NG0201
 ❯ createRuntimeError node_modules/@angular/core/fesm2022/root_effect_scheduler.mjs:921:19
 ❯ NullInjector.get node_modules/@angular/core/fesm2022/root_effect_scheduler.mjs:1489:27
 ❯ R3Injector.get node_modules/@angular/core/fesm2022/root_effect_scheduler.mjs:2045:33
 ❯ R3Injector.get node_modules/@angular/core/fesm2022/root_effect_scheduler.mjs:2045:33
 ❯ R3Injector.get node_modules/@angular/core/fesm2022/root_effect_scheduler.mjs:2045:33
 ❯ ChainedInjector.get node_modules/@angular/core/fesm2022/debug_node.mjs:13404:36
 ❯ lookupTokenUsingModuleInjector node_modules/@angular/core/fesm2022/debug_node.mjs:1718:39
 ❯ getOrCreateInjectable node_modules/@angular/core/fesm2022/debug_node.mjs:1766:12
 ❯ ɵɵdirectiveInject node_modules/@angular/core/fesm2022/debug_node.mjs:13455:19
 ❯ NodeInjectorFactory.EditorComponent_Factory [as factory] node_modules/ngx-monaco-editor/fesm2015/ngx-monaco-editor.js:193:89

⎯⎯⎯⎯⎯⎯⎯⎯⎯⎯⎯⎯⎯⎯⎯⎯⎯⎯⎯⎯⎯⎯⎯⎯⎯⎯⎯⎯⎯⎯
Serialized Error: { code: -201, ngErrorCode: -201, ngErrorMessage: &apos;No provider found for `InjectionToken NGX_MONACO_EDITOR_CONFIG`.&apos;, ngTokenPath: [ &apos;InjectionToken NGX_MONACO_EDITOR_CONFIG&apos; ] }
            </failure>
        </testcase>
    </testsuite>
    <testsuite name="dist/test-out/20251022T171914093Z-a6e8f88a/spec-app-form-editor-editor.component.spec.js" timestamp="2025-10-22T17:21:30.471Z" hostname="runnervmwhb2z" tests="11" failures="0" errors="0" skipped="0" time="0.341570968">
        <testcase classname="dist/test-out/20251022T171914093Z-a6e8f88a/spec-app-form-editor-editor.component.spec.js" name="EditorComponent &gt; should create" time="0.104876141">
            <system-err>

  It looks like you&apos;re using the disabled attribute with a reactive form directive. If you set disabled to true
  when you set up this control in your component class, the disabled attribute will actually be set in the DOM for
  you. We recommend using this approach to avoid &apos;changed after checked&apos; errors.

  Example:
  // Specify the `disabled` property at control creation time:
  form = new FormGroup({
    first: new FormControl({value: &apos;Nancy&apos;, disabled: true}, Validators.required),
    last: new FormControl(&apos;Drew&apos;, Validators.required)
  });

  // Controls can also be enabled/disabled after creation:
  form.get(&apos;first&apos;)?.enable();
  form.get(&apos;last&apos;)?.disable();


            </system-err>
        </testcase>
        <testcase classname="dist/test-out/20251022T171914093Z-a6e8f88a/spec-app-form-editor-editor.component.spec.js" name="EditorComponent &gt; should initialize with empty uploads array" time="0.02588902">
            <system-err>

  It looks like you&apos;re using the disabled attribute with a reactive form directive. If you set disabled to true
  when you set up this control in your component class, the disabled attribute will actually be set in the DOM for
  you. We recommend using this approach to avoid &apos;changed after checked&apos; errors.

  Example:
  // Specify the `disabled` property at control creation time:
  form = new FormGroup({
    first: new FormControl({value: &apos;Nancy&apos;, disabled: true}, Validators.required),
    last: new FormControl(&apos;Drew&apos;, Validators.required)
  });

  // Controls can also be enabled/disabled after creation:
  form.get(&apos;first&apos;)?.enable();
  form.get(&apos;last&apos;)?.disable();


            </system-err>
        </testcase>
        <testcase classname="dist/test-out/20251022T171914093Z-a6e8f88a/spec-app-form-editor-editor.component.spec.js" name="EditorComponent &gt; should have hasActiveUploads method that returns false when no uploads" time="0.017243987">
            <system-err>

  It looks like you&apos;re using the disabled attribute with a reactive form directive. If you set disabled to true
  when you set up this control in your component class, the disabled attribute will actually be set in the DOM for
  you. We recommend using this approach to avoid &apos;changed after checked&apos; errors.

  Example:
  // Specify the `disabled` property at control creation time:
  form = new FormGroup({
    first: new FormControl({value: &apos;Nancy&apos;, disabled: true}, Validators.required),
    last: new FormControl(&apos;Drew&apos;, Validators.required)
  });

  // Controls can also be enabled/disabled after creation:
  form.get(&apos;first&apos;)?.enable();
  form.get(&apos;last&apos;)?.disable();


            </system-err>
        </testcase>
        <testcase classname="dist/test-out/20251022T171914093Z-a6e8f88a/spec-app-form-editor-editor.component.spec.js" name="EditorComponent &gt; should have hasActiveUploads method that returns true when active uploads exist" time="0.037003434">
            <system-err>

  It looks like you&apos;re using the disabled attribute with a reactive form directive. If you set disabled to true
  when you set up this control in your component class, the disabled attribute will actually be set in the DOM for
  you. We recommend using this approach to avoid &apos;changed after checked&apos; errors.

  Example:
  // Specify the `disabled` property at control creation time:
  form = new FormGroup({
    first: new FormControl({value: &apos;Nancy&apos;, disabled: true}, Validators.required),
    last: new FormControl(&apos;Drew&apos;, Validators.required)
  });

  // Controls can also be enabled/disabled after creation:
  form.get(&apos;first&apos;)?.enable();
  form.get(&apos;last&apos;)?.disable();


            </system-err>
        </testcase>
        <testcase classname="dist/test-out/20251022T171914093Z-a6e8f88a/spec-app-form-editor-editor.component.spec.js" name="EditorComponent &gt; should cancel individual upload correctly" time="0.023348037">
            <system-err>

  It looks like you&apos;re using the disabled attribute with a reactive form directive. If you set disabled to true
  when you set up this control in your component class, the disabled attribute will actually be set in the DOM for
  you. We recommend using this approach to avoid &apos;changed after checked&apos; errors.

  Example:
  // Specify the `disabled` property at control creation time:
  form = new FormGroup({
    first: new FormControl({value: &apos;Nancy&apos;, disabled: true}, Validators.required),
    last: new FormControl(&apos;Drew&apos;, Validators.required)
  });

  // Controls can also be enabled/disabled after creation:
  form.get(&apos;first&apos;)?.enable();
  form.get(&apos;last&apos;)?.disable();


            </system-err>
        </testcase>
        <testcase classname="dist/test-out/20251022T171914093Z-a6e8f88a/spec-app-form-editor-editor.component.spec.js" name="EditorComponent &gt; should cancel all uploads correctly" time="0.016722972">
            <system-err>

  It looks like you&apos;re using the disabled attribute with a reactive form directive. If you set disabled to true
  when you set up this control in your component class, the disabled attribute will actually be set in the DOM for
  you. We recommend using this approach to avoid &apos;changed after checked&apos; errors.

  Example:
  // Specify the `disabled` property at control creation time:
  form = new FormGroup({
    first: new FormControl({value: &apos;Nancy&apos;, disabled: true}, Validators.required),
    last: new FormControl(&apos;Drew&apos;, Validators.required)
  });

  // Controls can also be enabled/disabled after creation:
  form.get(&apos;first&apos;)?.enable();
  form.get(&apos;last&apos;)?.disable();


            </system-err>
        </testcase>
        <testcase classname="dist/test-out/20251022T171914093Z-a6e8f88a/spec-app-form-editor-editor.component.spec.js" name="EditorComponent &gt; should append new uploads when there are active uploads" time="0.026575216">
            <system-err>

  It looks like you&apos;re using the disabled attribute with a reactive form directive. If you set disabled to true
  when you set up this control in your component class, the disabled attribute will actually be set in the DOM for
  you. We recommend using this approach to avoid &apos;changed after checked&apos; errors.

  Example:
  // Specify the `disabled` property at control creation time:
  form = new FormGroup({
    first: new FormControl({value: &apos;Nancy&apos;, disabled: true}, Validators.required),
    last: new FormControl(&apos;Drew&apos;, Validators.required)
  });

  // Controls can also be enabled/disabled after creation:
  form.get(&apos;first&apos;)?.enable();
  form.get(&apos;last&apos;)?.disable();


            </system-err>
        </testcase>
        <testcase classname="dist/test-out/20251022T171914093Z-a6e8f88a/spec-app-form-editor-editor.component.spec.js" name="EditorComponent &gt; should clear uploads when no active uploads exist" time="0.020329226">
            <system-err>

  It looks like you&apos;re using the disabled attribute with a reactive form directive. If you set disabled to true
  when you set up this control in your component class, the disabled attribute will actually be set in the DOM for
  you. We recommend using this approach to avoid &apos;changed after checked&apos; errors.

  Example:
  // Specify the `disabled` property at control creation time:
  form = new FormGroup({
    first: new FormControl({value: &apos;Nancy&apos;, disabled: true}, Validators.required),
    last: new FormControl(&apos;Drew&apos;, Validators.required)
  });

  // Controls can also be enabled/disabled after creation:
  form.get(&apos;first&apos;)?.enable();
  form.get(&apos;last&apos;)?.disable();


            </system-err>
        </testcase>
        <testcase classname="dist/test-out/20251022T171914093Z-a6e8f88a/spec-app-form-editor-editor.component.spec.js" name="EditorComponent &gt; should attach all URLs at once when all uploads complete" time="0.02786696">
            <system-err>

  It looks like you&apos;re using the disabled attribute with a reactive form directive. If you set disabled to true
  when you set up this control in your component class, the disabled attribute will actually be set in the DOM for
  you. We recommend using this approach to avoid &apos;changed after checked&apos; errors.

  Example:
  // Specify the `disabled` property at control creation time:
  form = new FormGroup({
    first: new FormControl({value: &apos;Nancy&apos;, disabled: true}, Validators.required),
    last: new FormControl(&apos;Drew&apos;, Validators.required)
  });

  // Controls can also be enabled/disabled after creation:
  form.get(&apos;first&apos;)?.enable();
  form.get(&apos;last&apos;)?.disable();


            </system-err>
        </testcase>
        <testcase classname="dist/test-out/20251022T171914093Z-a6e8f88a/spec-app-form-editor-editor.component.spec.js" name="EditorComponent &gt; should enable textarea when canceling the last upload" time="0.019069863">
            <system-err>

  It looks like you&apos;re using the disabled attribute with a reactive form directive. If you set disabled to true
  when you set up this control in your component class, the disabled attribute will actually be set in the DOM for
  you. We recommend using this approach to avoid &apos;changed after checked&apos; errors.

  Example:
  // Specify the `disabled` property at control creation time:
  form = new FormGroup({
    first: new FormControl({value: &apos;Nancy&apos;, disabled: true}, Validators.required),
    last: new FormControl(&apos;Drew&apos;, Validators.required)
  });

  // Controls can also be enabled/disabled after creation:
  form.get(&apos;first&apos;)?.enable();
  form.get(&apos;last&apos;)?.disable();


            </system-err>
        </testcase>
        <testcase classname="dist/test-out/20251022T171914093Z-a6e8f88a/spec-app-form-editor-editor.component.spec.js" name="EditorComponent &gt; should not enable textarea when canceling one of multiple uploads" time="0.020498757">
            <system-err>

  It looks like you&apos;re using the disabled attribute with a reactive form directive. If you set disabled to true
  when you set up this control in your component class, the disabled attribute will actually be set in the DOM for
  you. We recommend using this approach to avoid &apos;changed after checked&apos; errors.

  Example:
  // Specify the `disabled` property at control creation time:
  form = new FormGroup({
    first: new FormControl({value: &apos;Nancy&apos;, disabled: true}, Validators.required),
    last: new FormControl(&apos;Drew&apos;, Validators.required)
  });

  // Controls can also be enabled/disabled after creation:
  form.get(&apos;first&apos;)?.enable();
  form.get(&apos;last&apos;)?.disable();


            </system-err>
        </testcase>
    </testsuite>
    <testsuite name="dist/test-out/20251022T171914093Z-a6e8f88a/spec-app-form-ext-ext.component.spec.js" timestamp="2025-10-22T17:21:30.475Z" hostname="runnervmwhb2z" tests="1" failures="1" errors="0" skipped="0" time="0.090178477">
        <testcase classname="dist/test-out/20251022T171914093Z-a6e8f88a/spec-app-form-ext-ext.component.spec.js" name="ExtFormComponent &gt; should create" time="0.088545592">
            <system-err>
TypeError: Cannot read properties of undefined (reading &apos;ɵcmp&apos;)
    at getComponentDef [90m(/home/runner/work/jasper-ui/jasper-ui/[39mdist/test-out/20251022T171914093Z-a6e8f88a/node_modules/[4m@angular[24m/core/fesm2022/testing.mjs:1605:18[90m)[39m
    at isStandaloneComponent [90m(/home/runner/work/jasper-ui/jasper-ui/[39mdist/test-out/20251022T171914093Z-a6e8f88a/node_modules/[4m@angular[24m/core/fesm2022/testing.mjs:1601:17[90m)[39m
    at [90m/home/runner/work/jasper-ui/jasper-ui/[39mdist/test-out/20251022T171914093Z-a6e8f88a/node_modules/[4m@angular[24m/core/fesm2022/testing.mjs:1338:29
    at Array.forEach (&lt;anonymous&gt;)
    at queueTypesFromModulesArrayRecur [90m(/home/runner/work/jasper-ui/jasper-ui/[39mdist/test-out/20251022T171914093Z-a6e8f88a/node_modules/[4m@angular[24m/core/fesm2022/testing.mjs:1333:34[90m)[39m
    at [90m/home/runner/work/jasper-ui/jasper-ui/[39mdist/test-out/20251022T171914093Z-a6e8f88a/node_modules/[4m@angular[24m/core/fesm2022/testing.mjs:1339:29
    at Array.forEach (&lt;anonymous&gt;)
    at queueTypesFromModulesArrayRecur [90m(/home/runner/work/jasper-ui/jasper-ui/[39mdist/test-out/20251022T171914093Z-a6e8f88a/node_modules/[4m@angular[24m/core/fesm2022/testing.mjs:1333:34[90m)[39m
    at TestBedCompiler.queueTypesFromModulesArray [90m(/home/runner/work/jasper-ui/jasper-ui/[39mdist/test-out/20251022T171914093Z-a6e8f88a/node_modules/[4m@angular[24m/core/fesm2022/testing.mjs:1348:9[90m)[39m
    at TestBedCompiler.configureTestingModule [90m(/home/runner/work/jasper-ui/jasper-ui/[39mdist/test-out/20251022T171914093Z-a6e8f88a/node_modules/[4m@angular[24m/core/fesm2022/testing.mjs:856:18[90m)[39m

            </system-err>
            <failure message="Cannot read properties of undefined (reading &apos;ɵcmp&apos;)" type="TypeError">
TypeError: Cannot read properties of undefined (reading &apos;ɵcmp&apos;)
 ❯ getComponentDef node_modules/@angular/core/fesm2022/testing.mjs:1605:18
 ❯ isStandaloneComponent node_modules/@angular/core/fesm2022/testing.mjs:1601:17
 ❯ node_modules/@angular/core/fesm2022/testing.mjs:1338:29
 ❯ queueTypesFromModulesArrayRecur node_modules/@angular/core/fesm2022/testing.mjs:1333:34
 ❯ node_modules/@angular/core/fesm2022/testing.mjs:1339:29
 ❯ queueTypesFromModulesArrayRecur node_modules/@angular/core/fesm2022/testing.mjs:1333:34
 ❯ TestBedCompiler.queueTypesFromModulesArray node_modules/@angular/core/fesm2022/testing.mjs:1348:9
 ❯ TestBedCompiler.configureTestingModule node_modules/@angular/core/fesm2022/testing.mjs:856:18
            </failure>
        </testcase>
    </testsuite>
    <testsuite name="dist/test-out/20251022T171914093Z-a6e8f88a/spec-app-form-json-json.component.spec.js" timestamp="2025-10-22T17:21:30.476Z" hostname="runnervmwhb2z" tests="1" failures="1" errors="0" skipped="0" time="0.196581491">
        <testcase classname="dist/test-out/20251022T171914093Z-a6e8f88a/spec-app-form-json-json.component.spec.js" name="JsonComponent &gt; should create" time="0.195249839">
            <system-err>
ɵNotFound: NG0201: No provider found for `InjectionToken NGX_MONACO_EDITOR_CONFIG`. Source: Standalone[_JsonComponent]. Find more at https://v20.angular.dev/errors/NG0201
    at createRuntimeError [90m(/home/runner/work/jasper-ui/jasper-ui/[39mdist/test-out/20251022T171914093Z-a6e8f88a/node_modules/[4m@angular[24m/core/fesm2022/root_effect_scheduler.mjs:921:19[90m)[39m
    at NullInjector.get [90m(/home/runner/work/jasper-ui/jasper-ui/[39mdist/test-out/20251022T171914093Z-a6e8f88a/node_modules/[4m@angular[24m/core/fesm2022/root_effect_scheduler.mjs:1489:27[90m)[39m
    at R3Injector.get [90m(/home/runner/work/jasper-ui/jasper-ui/[39mdist/test-out/20251022T171914093Z-a6e8f88a/node_modules/[4m@angular[24m/core/fesm2022/root_effect_scheduler.mjs:2045:33[90m)[39m
    at R3Injector.get [90m(/home/runner/work/jasper-ui/jasper-ui/[39mdist/test-out/20251022T171914093Z-a6e8f88a/node_modules/[4m@angular[24m/core/fesm2022/root_effect_scheduler.mjs:2045:33[90m)[39m
    at R3Injector.get [90m(/home/runner/work/jasper-ui/jasper-ui/[39mdist/test-out/20251022T171914093Z-a6e8f88a/node_modules/[4m@angular[24m/core/fesm2022/root_effect_scheduler.mjs:2045:33[90m)[39m
    at ChainedInjector.get [90m(/home/runner/work/jasper-ui/jasper-ui/[39mdist/test-out/20251022T171914093Z-a6e8f88a/node_modules/[4m@angular[24m/core/fesm2022/debug_node.mjs:13404:36[90m)[39m
    at lookupTokenUsingModuleInjector [90m(/home/runner/work/jasper-ui/jasper-ui/[39mdist/test-out/20251022T171914093Z-a6e8f88a/node_modules/[4m@angular[24m/core/fesm2022/debug_node.mjs:1718:39[90m)[39m
    at getOrCreateInjectable [90m(/home/runner/work/jasper-ui/jasper-ui/[39mdist/test-out/20251022T171914093Z-a6e8f88a/node_modules/[4m@angular[24m/core/fesm2022/debug_node.mjs:1766:12[90m)[39m
    at ɵɵdirectiveInject [90m(/home/runner/work/jasper-ui/jasper-ui/[39mdist/test-out/20251022T171914093Z-a6e8f88a/node_modules/[4m@angular[24m/core/fesm2022/debug_node.mjs:13455:19[90m)[39m
    at NodeInjectorFactory.EditorComponent_Factory [as factory] [90m(/home/runner/work/jasper-ui/jasper-ui/[39mdist/test-out/20251022T171914093Z-a6e8f88a/node_modules/[4mngx-monaco-editor[24m/fesm2015/ngx-monaco-editor.js:193:89[90m)[39m {
  code: [33m-201[39m,
  ngErrorCode: [33m-201[39m,
  ngErrorMessage: [32m&apos;No provider found for `InjectionToken NGX_MONACO_EDITOR_CONFIG`.&apos;[39m,
  ngTokenPath: [ [32m&apos;InjectionToken NGX_MONACO_EDITOR_CONFIG&apos;[39m ]
}

            </system-err>
            <failure message="NG0201: No provider found for `InjectionToken NGX_MONACO_EDITOR_CONFIG`. Source: Standalone[_JsonComponent]. Find more at https://v20.angular.dev/errors/NG0201" type="ɵNotFound">
ɵNotFound: NG0201: No provider found for `InjectionToken NGX_MONACO_EDITOR_CONFIG`. Source: Standalone[_JsonComponent]. Find more at https://v20.angular.dev/errors/NG0201
 ❯ createRuntimeError node_modules/@angular/core/fesm2022/root_effect_scheduler.mjs:921:19
 ❯ NullInjector.get node_modules/@angular/core/fesm2022/root_effect_scheduler.mjs:1489:27
 ❯ R3Injector.get node_modules/@angular/core/fesm2022/root_effect_scheduler.mjs:2045:33
 ❯ R3Injector.get node_modules/@angular/core/fesm2022/root_effect_scheduler.mjs:2045:33
 ❯ R3Injector.get node_modules/@angular/core/fesm2022/root_effect_scheduler.mjs:2045:33
 ❯ ChainedInjector.get node_modules/@angular/core/fesm2022/debug_node.mjs:13404:36
 ❯ lookupTokenUsingModuleInjector node_modules/@angular/core/fesm2022/debug_node.mjs:1718:39
 ❯ getOrCreateInjectable node_modules/@angular/core/fesm2022/debug_node.mjs:1766:12
 ❯ ɵɵdirectiveInject node_modules/@angular/core/fesm2022/debug_node.mjs:13455:19
 ❯ NodeInjectorFactory.EditorComponent_Factory [as factory] node_modules/ngx-monaco-editor/fesm2015/ngx-monaco-editor.js:193:89

⎯⎯⎯⎯⎯⎯⎯⎯⎯⎯⎯⎯⎯⎯⎯⎯⎯⎯⎯⎯⎯⎯⎯⎯⎯⎯⎯⎯⎯⎯
Serialized Error: { code: -201, ngErrorCode: -201, ngErrorMessage: &apos;No provider found for `InjectionToken NGX_MONACO_EDITOR_CONFIG`.&apos;, ngTokenPath: [ &apos;InjectionToken NGX_MONACO_EDITOR_CONFIG&apos; ] }
            </failure>
        </testcase>
    </testsuite>
    <testsuite name="dist/test-out/20251022T171914093Z-a6e8f88a/spec-app-form-links-links.component.spec.js" timestamp="2025-10-22T17:21:30.477Z" hostname="runnervmwhb2z" tests="1" failures="1" errors="0" skipped="0" time="0.183773691">
        <testcase classname="dist/test-out/20251022T171914093Z-a6e8f88a/spec-app-form-links-links.component.spec.js" name="LinksFormComponent &gt; should create" time="0.182013299">
            <system-err>
Error: NgxFormly: missing `forRoot()` call. use `forRoot()` when registering the `FormlyModule`.
    at _FormlyFormBuilder.build [90m(/home/runner/work/jasper-ui/jasper-ui/[39mdist/test-out/20251022T171914093Z-a6e8f88a/node_modules/[4m@ngx-formly[24m/core/fesm2022/ngx-formly-core.mjs:2128:13[90m)[39m
    at _LegacyFormlyForm.ngOnChanges [90m(/home/runner/work/jasper-ui/jasper-ui/[39mdist/test-out/20251022T171914093Z-a6e8f88a/node_modules/[4m@ngx-formly[24m/core/fesm2022/ngx-formly-core.mjs:2306:20[90m)[39m
    at _LegacyFormlyForm.rememberChangeHistoryAndInvokeOnChangesHook [90m(/home/runner/work/jasper-ui/jasper-ui/[39mdist/test-out/20251022T171914093Z-a6e8f88a/node_modules/[4m@angular[24m/core/fesm2022/debug_node.mjs:594:14[90m)[39m
    at callHookInternal [90m(/home/runner/work/jasper-ui/jasper-ui/[39mdist/test-out/20251022T171914093Z-a6e8f88a/node_modules/[4m@angular[24m/core/fesm2022/debug_node.mjs:860:14[90m)[39m
    at callHook [90m(/home/runner/work/jasper-ui/jasper-ui/[39mdist/test-out/20251022T171914093Z-a6e8f88a/node_modules/[4m@angular[24m/core/fesm2022/debug_node.mjs:891:9[90m)[39m
    at callHooks [90m(/home/runner/work/jasper-ui/jasper-ui/[39mdist/test-out/20251022T171914093Z-a6e8f88a/node_modules/[4m@angular[24m/core/fesm2022/debug_node.mjs:841:17[90m)[39m
    at executeInitAndCheckHooks [90m(/home/runner/work/jasper-ui/jasper-ui/[39mdist/test-out/20251022T171914093Z-a6e8f88a/node_modules/[4m@angular[24m/core/fesm2022/debug_node.mjs:791:9[90m)[39m
    at refreshView [90m(/home/runner/work/jasper-ui/jasper-ui/[39mdist/test-out/20251022T171914093Z-a6e8f88a/node_modules/[4m@angular[24m/core/fesm2022/debug_node.mjs:10091:21[90m)[39m
    at detectChangesInView [90m(/home/runner/work/jasper-ui/jasper-ui/[39mdist/test-out/20251022T171914093Z-a6e8f88a/node_modules/[4m@angular[24m/core/fesm2022/debug_node.mjs:10296:9[90m)[39m
    at detectChangesInViewIfAttached [90m(/home/runner/work/jasper-ui/jasper-ui/[39mdist/test-out/20251022T171914093Z-a6e8f88a/node_modules/[4m@angular[24m/core/fesm2022/debug_node.mjs:10256:5[90m)[39m

            </system-err>
            <failure message="NgxFormly: missing `forRoot()` call. use `forRoot()` when registering the `FormlyModule`." type="Error">
Error: NgxFormly: missing `forRoot()` call. use `forRoot()` when registering the `FormlyModule`.
 ❯ _FormlyFormBuilder.build node_modules/@ngx-formly/core/fesm2022/ngx-formly-core.mjs:2128:13
 ❯ _LegacyFormlyForm.ngOnChanges node_modules/@ngx-formly/core/fesm2022/ngx-formly-core.mjs:2306:20
 ❯ _LegacyFormlyForm.rememberChangeHistoryAndInvokeOnChangesHook node_modules/@angular/core/fesm2022/debug_node.mjs:594:14
 ❯ callHookInternal node_modules/@angular/core/fesm2022/debug_node.mjs:860:14
 ❯ callHook node_modules/@angular/core/fesm2022/debug_node.mjs:891:9
 ❯ callHooks node_modules/@angular/core/fesm2022/debug_node.mjs:841:17
 ❯ executeInitAndCheckHooks node_modules/@angular/core/fesm2022/debug_node.mjs:791:9
 ❯ refreshView node_modules/@angular/core/fesm2022/debug_node.mjs:10091:21
 ❯ detectChangesInView node_modules/@angular/core/fesm2022/debug_node.mjs:10296:9
 ❯ detectChangesInViewIfAttached node_modules/@angular/core/fesm2022/debug_node.mjs:10256:5
            </failure>
        </testcase>
    </testsuite>
    <testsuite name="dist/test-out/20251022T171914093Z-a6e8f88a/spec-app-form-plugin-plugin.component.spec.js" timestamp="2025-10-22T17:21:30.478Z" hostname="runnervmwhb2z" tests="1" failures="0" errors="0" skipped="0" time="0.093180249">
        <testcase classname="dist/test-out/20251022T171914093Z-a6e8f88a/spec-app-form-plugin-plugin.component.spec.js" name="PluginFormComponent &gt; should create" time="0.091567341">
        </testcase>
    </testsuite>
    <testsuite name="dist/test-out/20251022T171914093Z-a6e8f88a/spec-app-form-plugins-gen-gen.component.spec.js" timestamp="2025-10-22T17:21:30.478Z" hostname="runnervmwhb2z" tests="1" failures="1" errors="0" skipped="0" time="0.177803001">
        <testcase classname="dist/test-out/20251022T171914093Z-a6e8f88a/spec-app-form-plugins-gen-gen.component.spec.js" name="GenComponent &gt; should create" time="0.176015918">
            <system-err>
Error: NgxFormly: missing `forRoot()` call. use `forRoot()` when registering the `FormlyModule`.
    at _FormlyFormBuilder.build [90m(/home/runner/work/jasper-ui/jasper-ui/[39mdist/test-out/20251022T171914093Z-a6e8f88a/node_modules/[4m@ngx-formly[24m/core/fesm2022/ngx-formly-core.mjs:2128:13[90m)[39m
    at _LegacyFormlyForm.ngOnChanges [90m(/home/runner/work/jasper-ui/jasper-ui/[39mdist/test-out/20251022T171914093Z-a6e8f88a/node_modules/[4m@ngx-formly[24m/core/fesm2022/ngx-formly-core.mjs:2306:20[90m)[39m
    at _LegacyFormlyForm.rememberChangeHistoryAndInvokeOnChangesHook [90m(/home/runner/work/jasper-ui/jasper-ui/[39mdist/test-out/20251022T171914093Z-a6e8f88a/node_modules/[4m@angular[24m/core/fesm2022/debug_node.mjs:594:14[90m)[39m
    at callHookInternal [90m(/home/runner/work/jasper-ui/jasper-ui/[39mdist/test-out/20251022T171914093Z-a6e8f88a/node_modules/[4m@angular[24m/core/fesm2022/debug_node.mjs:860:14[90m)[39m
    at callHook [90m(/home/runner/work/jasper-ui/jasper-ui/[39mdist/test-out/20251022T171914093Z-a6e8f88a/node_modules/[4m@angular[24m/core/fesm2022/debug_node.mjs:891:9[90m)[39m
    at callHooks [90m(/home/runner/work/jasper-ui/jasper-ui/[39mdist/test-out/20251022T171914093Z-a6e8f88a/node_modules/[4m@angular[24m/core/fesm2022/debug_node.mjs:841:17[90m)[39m
    at executeInitAndCheckHooks [90m(/home/runner/work/jasper-ui/jasper-ui/[39mdist/test-out/20251022T171914093Z-a6e8f88a/node_modules/[4m@angular[24m/core/fesm2022/debug_node.mjs:791:9[90m)[39m
    at refreshView [90m(/home/runner/work/jasper-ui/jasper-ui/[39mdist/test-out/20251022T171914093Z-a6e8f88a/node_modules/[4m@angular[24m/core/fesm2022/debug_node.mjs:10091:21[90m)[39m
    at detectChangesInView [90m(/home/runner/work/jasper-ui/jasper-ui/[39mdist/test-out/20251022T171914093Z-a6e8f88a/node_modules/[4m@angular[24m/core/fesm2022/debug_node.mjs:10296:9[90m)[39m
    at detectChangesInViewIfAttached [90m(/home/runner/work/jasper-ui/jasper-ui/[39mdist/test-out/20251022T171914093Z-a6e8f88a/node_modules/[4m@angular[24m/core/fesm2022/debug_node.mjs:10256:5[90m)[39m

            </system-err>
            <failure message="NgxFormly: missing `forRoot()` call. use `forRoot()` when registering the `FormlyModule`." type="Error">
Error: NgxFormly: missing `forRoot()` call. use `forRoot()` when registering the `FormlyModule`.
 ❯ _FormlyFormBuilder.build node_modules/@ngx-formly/core/fesm2022/ngx-formly-core.mjs:2128:13
 ❯ _LegacyFormlyForm.ngOnChanges node_modules/@ngx-formly/core/fesm2022/ngx-formly-core.mjs:2306:20
 ❯ _LegacyFormlyForm.rememberChangeHistoryAndInvokeOnChangesHook node_modules/@angular/core/fesm2022/debug_node.mjs:594:14
 ❯ callHookInternal node_modules/@angular/core/fesm2022/debug_node.mjs:860:14
 ❯ callHook node_modules/@angular/core/fesm2022/debug_node.mjs:891:9
 ❯ callHooks node_modules/@angular/core/fesm2022/debug_node.mjs:841:17
 ❯ executeInitAndCheckHooks node_modules/@angular/core/fesm2022/debug_node.mjs:791:9
 ❯ refreshView node_modules/@angular/core/fesm2022/debug_node.mjs:10091:21
 ❯ detectChangesInView node_modules/@angular/core/fesm2022/debug_node.mjs:10296:9
 ❯ detectChangesInViewIfAttached node_modules/@angular/core/fesm2022/debug_node.mjs:10256:5
            </failure>
        </testcase>
    </testsuite>
    <testsuite name="dist/test-out/20251022T171914093Z-a6e8f88a/spec-app-form-plugins-plugins.component.spec.js" timestamp="2025-10-22T17:21:30.480Z" hostname="runnervmwhb2z" tests="1" failures="0" errors="0" skipped="0" time="0.097264469">
        <testcase classname="dist/test-out/20251022T171914093Z-a6e8f88a/spec-app-form-plugins-plugins.component.spec.js" name="PluginsFormComponent &gt; should create" time="0.095570931">
        </testcase>
    </testsuite>
    <testsuite name="dist/test-out/20251022T171914093Z-a6e8f88a/spec-app-form-ref-ref.component.spec.js" timestamp="2025-10-22T17:21:30.480Z" hostname="runnervmwhb2z" tests="1" failures="1" errors="0" skipped="0" time="0.279621946">
        <testcase classname="dist/test-out/20251022T171914093Z-a6e8f88a/spec-app-form-ref-ref.component.spec.js" name="RefFormComponent &gt; should create" time="0.277740546">
            <system-err>
Error: NgxFormly: missing `forRoot()` call. use `forRoot()` when registering the `FormlyModule`.
    at _FormlyFormBuilder.build [90m(/home/runner/work/jasper-ui/jasper-ui/[39mdist/test-out/20251022T171914093Z-a6e8f88a/node_modules/[4m@ngx-formly[24m/core/fesm2022/ngx-formly-core.mjs:2128:13[90m)[39m
    at _LegacyFormlyForm.ngOnChanges [90m(/home/runner/work/jasper-ui/jasper-ui/[39mdist/test-out/20251022T171914093Z-a6e8f88a/node_modules/[4m@ngx-formly[24m/core/fesm2022/ngx-formly-core.mjs:2306:20[90m)[39m
    at _LegacyFormlyForm.rememberChangeHistoryAndInvokeOnChangesHook [90m(/home/runner/work/jasper-ui/jasper-ui/[39mdist/test-out/20251022T171914093Z-a6e8f88a/node_modules/[4m@angular[24m/core/fesm2022/debug_node.mjs:594:14[90m)[39m
    at callHookInternal [90m(/home/runner/work/jasper-ui/jasper-ui/[39mdist/test-out/20251022T171914093Z-a6e8f88a/node_modules/[4m@angular[24m/core/fesm2022/debug_node.mjs:860:14[90m)[39m
    at callHook [90m(/home/runner/work/jasper-ui/jasper-ui/[39mdist/test-out/20251022T171914093Z-a6e8f88a/node_modules/[4m@angular[24m/core/fesm2022/debug_node.mjs:891:9[90m)[39m
    at callHooks [90m(/home/runner/work/jasper-ui/jasper-ui/[39mdist/test-out/20251022T171914093Z-a6e8f88a/node_modules/[4m@angular[24m/core/fesm2022/debug_node.mjs:841:17[90m)[39m
    at executeInitAndCheckHooks [90m(/home/runner/work/jasper-ui/jasper-ui/[39mdist/test-out/20251022T171914093Z-a6e8f88a/node_modules/[4m@angular[24m/core/fesm2022/debug_node.mjs:791:9[90m)[39m
    at refreshView [90m(/home/runner/work/jasper-ui/jasper-ui/[39mdist/test-out/20251022T171914093Z-a6e8f88a/node_modules/[4m@angular[24m/core/fesm2022/debug_node.mjs:10091:21[90m)[39m
    at detectChangesInView [90m(/home/runner/work/jasper-ui/jasper-ui/[39mdist/test-out/20251022T171914093Z-a6e8f88a/node_modules/[4m@angular[24m/core/fesm2022/debug_node.mjs:10296:9[90m)[39m
    at detectChangesInViewIfAttached [90m(/home/runner/work/jasper-ui/jasper-ui/[39mdist/test-out/20251022T171914093Z-a6e8f88a/node_modules/[4m@angular[24m/core/fesm2022/debug_node.mjs:10256:5[90m)[39m

            </system-err>
            <failure message="NgxFormly: missing `forRoot()` call. use `forRoot()` when registering the `FormlyModule`." type="Error">
Error: NgxFormly: missing `forRoot()` call. use `forRoot()` when registering the `FormlyModule`.
 ❯ _FormlyFormBuilder.build node_modules/@ngx-formly/core/fesm2022/ngx-formly-core.mjs:2128:13
 ❯ _LegacyFormlyForm.ngOnChanges node_modules/@ngx-formly/core/fesm2022/ngx-formly-core.mjs:2306:20
 ❯ _LegacyFormlyForm.rememberChangeHistoryAndInvokeOnChangesHook node_modules/@angular/core/fesm2022/debug_node.mjs:594:14
 ❯ callHookInternal node_modules/@angular/core/fesm2022/debug_node.mjs:860:14
 ❯ callHook node_modules/@angular/core/fesm2022/debug_node.mjs:891:9
 ❯ callHooks node_modules/@angular/core/fesm2022/debug_node.mjs:841:17
 ❯ executeInitAndCheckHooks node_modules/@angular/core/fesm2022/debug_node.mjs:791:9
 ❯ refreshView node_modules/@angular/core/fesm2022/debug_node.mjs:10091:21
 ❯ detectChangesInView node_modules/@angular/core/fesm2022/debug_node.mjs:10296:9
 ❯ detectChangesInViewIfAttached node_modules/@angular/core/fesm2022/debug_node.mjs:10256:5
            </failure>
        </testcase>
    </testsuite>
    <testsuite name="dist/test-out/20251022T171914093Z-a6e8f88a/spec-app-form-tags-tags.component.spec.js" timestamp="2025-10-22T17:21:30.481Z" hostname="runnervmwhb2z" tests="1" failures="1" errors="0" skipped="0" time="0.203847031">
        <testcase classname="dist/test-out/20251022T171914093Z-a6e8f88a/spec-app-form-tags-tags.component.spec.js" name="TagsFormComponent &gt; should create" time="0.202139698">
            <system-err>
Error: NgxFormly: missing `forRoot()` call. use `forRoot()` when registering the `FormlyModule`.
    at _FormlyFormBuilder.build [90m(/home/runner/work/jasper-ui/jasper-ui/[39mdist/test-out/20251022T171914093Z-a6e8f88a/node_modules/[4m@ngx-formly[24m/core/fesm2022/ngx-formly-core.mjs:2128:13[90m)[39m
    at _LegacyFormlyForm.ngOnChanges [90m(/home/runner/work/jasper-ui/jasper-ui/[39mdist/test-out/20251022T171914093Z-a6e8f88a/node_modules/[4m@ngx-formly[24m/core/fesm2022/ngx-formly-core.mjs:2306:20[90m)[39m
    at _LegacyFormlyForm.rememberChangeHistoryAndInvokeOnChangesHook [90m(/home/runner/work/jasper-ui/jasper-ui/[39mdist/test-out/20251022T171914093Z-a6e8f88a/node_modules/[4m@angular[24m/core/fesm2022/debug_node.mjs:594:14[90m)[39m
    at callHookInternal [90m(/home/runner/work/jasper-ui/jasper-ui/[39mdist/test-out/20251022T171914093Z-a6e8f88a/node_modules/[4m@angular[24m/core/fesm2022/debug_node.mjs:860:14[90m)[39m
    at callHook [90m(/home/runner/work/jasper-ui/jasper-ui/[39mdist/test-out/20251022T171914093Z-a6e8f88a/node_modules/[4m@angular[24m/core/fesm2022/debug_node.mjs:891:9[90m)[39m
    at callHooks [90m(/home/runner/work/jasper-ui/jasper-ui/[39mdist/test-out/20251022T171914093Z-a6e8f88a/node_modules/[4m@angular[24m/core/fesm2022/debug_node.mjs:841:17[90m)[39m
    at executeInitAndCheckHooks [90m(/home/runner/work/jasper-ui/jasper-ui/[39mdist/test-out/20251022T171914093Z-a6e8f88a/node_modules/[4m@angular[24m/core/fesm2022/debug_node.mjs:791:9[90m)[39m
    at refreshView [90m(/home/runner/work/jasper-ui/jasper-ui/[39mdist/test-out/20251022T171914093Z-a6e8f88a/node_modules/[4m@angular[24m/core/fesm2022/debug_node.mjs:10091:21[90m)[39m
    at detectChangesInView [90m(/home/runner/work/jasper-ui/jasper-ui/[39mdist/test-out/20251022T171914093Z-a6e8f88a/node_modules/[4m@angular[24m/core/fesm2022/debug_node.mjs:10296:9[90m)[39m
    at detectChangesInViewIfAttached [90m(/home/runner/work/jasper-ui/jasper-ui/[39mdist/test-out/20251022T171914093Z-a6e8f88a/node_modules/[4m@angular[24m/core/fesm2022/debug_node.mjs:10256:5[90m)[39m

            </system-err>
            <failure message="NgxFormly: missing `forRoot()` call. use `forRoot()` when registering the `FormlyModule`." type="Error">
Error: NgxFormly: missing `forRoot()` call. use `forRoot()` when registering the `FormlyModule`.
 ❯ _FormlyFormBuilder.build node_modules/@ngx-formly/core/fesm2022/ngx-formly-core.mjs:2128:13
 ❯ _LegacyFormlyForm.ngOnChanges node_modules/@ngx-formly/core/fesm2022/ngx-formly-core.mjs:2306:20
 ❯ _LegacyFormlyForm.rememberChangeHistoryAndInvokeOnChangesHook node_modules/@angular/core/fesm2022/debug_node.mjs:594:14
 ❯ callHookInternal node_modules/@angular/core/fesm2022/debug_node.mjs:860:14
 ❯ callHook node_modules/@angular/core/fesm2022/debug_node.mjs:891:9
 ❯ callHooks node_modules/@angular/core/fesm2022/debug_node.mjs:841:17
 ❯ executeInitAndCheckHooks node_modules/@angular/core/fesm2022/debug_node.mjs:791:9
 ❯ refreshView node_modules/@angular/core/fesm2022/debug_node.mjs:10091:21
 ❯ detectChangesInView node_modules/@angular/core/fesm2022/debug_node.mjs:10296:9
 ❯ detectChangesInViewIfAttached node_modules/@angular/core/fesm2022/debug_node.mjs:10256:5
            </failure>
        </testcase>
    </testsuite>
    <testsuite name="dist/test-out/20251022T171914093Z-a6e8f88a/spec-app-form-template-template.component.spec.js" timestamp="2025-10-22T17:21:30.483Z" hostname="runnervmwhb2z" tests="1" failures="0" errors="0" skipped="0" time="0.07914926">
        <testcase classname="dist/test-out/20251022T171914093Z-a6e8f88a/spec-app-form-template-template.component.spec.js" name="TemplateFormComponent &gt; should create" time="0.076824161">
        </testcase>
    </testsuite>
    <testsuite name="dist/test-out/20251022T171914093Z-a6e8f88a/spec-app-form-themes-themes.component.spec.js" timestamp="2025-10-22T17:21:30.483Z" hostname="runnervmwhb2z" tests="1" failures="0" errors="0" skipped="0" time="0.075852922">
        <testcase classname="dist/test-out/20251022T171914093Z-a6e8f88a/spec-app-form-themes-themes.component.spec.js" name="ThemesFormComponent &gt; should create" time="0.074457722">
        </testcase>
    </testsuite>
    <testsuite name="dist/test-out/20251022T171914093Z-a6e8f88a/spec-app-form-user-user.component.spec.js" timestamp="2025-10-22T17:21:30.483Z" hostname="runnervmwhb2z" tests="1" failures="1" errors="0" skipped="0" time="0.201187484">
        <testcase classname="dist/test-out/20251022T171914093Z-a6e8f88a/spec-app-form-user-user.component.spec.js" name="UserFormComponent &gt; should create" time="0.199691976">
            <system-err>
ɵNotFound: NG0201: No provider found for `_HttpClient`. Source: Standalone[_UserFormComponent]. Path: _ConfigService -&gt; _HttpClient. Find more at https://v20.angular.dev/errors/NG0201
    at createRuntimeError [90m(/home/runner/work/jasper-ui/jasper-ui/[39mdist/test-out/20251022T171914093Z-a6e8f88a/node_modules/[4m@angular[24m/core/fesm2022/root_effect_scheduler.mjs:921:19[90m)[39m
    at NullInjector.get [90m(/home/runner/work/jasper-ui/jasper-ui/[39mdist/test-out/20251022T171914093Z-a6e8f88a/node_modules/[4m@angular[24m/core/fesm2022/root_effect_scheduler.mjs:1489:27[90m)[39m
    at R3Injector.get [90m(/home/runner/work/jasper-ui/jasper-ui/[39mdist/test-out/20251022T171914093Z-a6e8f88a/node_modules/[4m@angular[24m/core/fesm2022/root_effect_scheduler.mjs:2045:33[90m)[39m
    at R3Injector.get [90m(/home/runner/work/jasper-ui/jasper-ui/[39mdist/test-out/20251022T171914093Z-a6e8f88a/node_modules/[4m@angular[24m/core/fesm2022/root_effect_scheduler.mjs:2045:33[90m)[39m
    at R3Injector.retrieve [90m(/home/runner/work/jasper-ui/jasper-ui/[39mdist/test-out/20251022T171914093Z-a6e8f88a/node_modules/[4m@angular[24m/core/fesm2022/root_effect_scheduler.mjs:1929:25[90m)[39m
    at injectInjectorOnly [90m(/home/runner/work/jasper-ui/jasper-ui/[39mdist/test-out/20251022T171914093Z-a6e8f88a/node_modules/[4m@angular[24m/core/fesm2022/root_effect_scheduler.mjs:1046:39[90m)[39m
    at ɵɵinject [90m(/home/runner/work/jasper-ui/jasper-ui/[39mdist/test-out/20251022T171914093Z-a6e8f88a/node_modules/[4m@angular[24m/core/fesm2022/root_effect_scheduler.mjs:1058:42[90m)[39m
    at Object.ConfigService_Factory [as factory] [90m(/home/runner/work/jasper-ui/jasper-ui/[39mdist/test-out/20251022T171914093Z-a6e8f88a/src/app/service/config.service.ts:15:27[90m)[39m
    at [90m/home/runner/work/jasper-ui/jasper-ui/[39mdist/test-out/20251022T171914093Z-a6e8f88a/node_modules/[4m@angular[24m/core/fesm2022/root_effect_scheduler.mjs:2187:47
    at runInInjectorProfilerContext [90m(/home/runner/work/jasper-ui/jasper-ui/[39mdist/test-out/20251022T171914093Z-a6e8f88a/node_modules/[4m@angular[24m/core/fesm2022/root_effect_scheduler.mjs:746:9[90m)[39m {
  code: [33m-201[39m,
  ngErrorCode: [33m-201[39m,
  ngErrorMessage: [32m&apos;No provider found for `_HttpClient`.&apos;[39m,
  ngTokenPath: [ [32m&apos;_ConfigService&apos;[39m, [32m&apos;_HttpClient&apos;[39m ]
}

            </system-err>
            <failure message="NG0201: No provider found for `_HttpClient`. Source: Standalone[_UserFormComponent]. Path: _ConfigService -&gt; _HttpClient. Find more at https://v20.angular.dev/errors/NG0201" type="ɵNotFound">
ɵNotFound: NG0201: No provider found for `_HttpClient`. Source: Standalone[_UserFormComponent]. Path: _ConfigService -&gt; _HttpClient. Find more at https://v20.angular.dev/errors/NG0201
 ❯ createRuntimeError node_modules/@angular/core/fesm2022/root_effect_scheduler.mjs:921:19
 ❯ NullInjector.get node_modules/@angular/core/fesm2022/root_effect_scheduler.mjs:1489:27
 ❯ R3Injector.get node_modules/@angular/core/fesm2022/root_effect_scheduler.mjs:2045:33
 ❯ R3Injector.get node_modules/@angular/core/fesm2022/root_effect_scheduler.mjs:2045:33
 ❯ R3Injector.retrieve node_modules/@angular/core/fesm2022/root_effect_scheduler.mjs:1929:25
 ❯ injectInjectorOnly node_modules/@angular/core/fesm2022/root_effect_scheduler.mjs:1046:39
 ❯ ɵɵinject node_modules/@angular/core/fesm2022/root_effect_scheduler.mjs:1058:42
 ❯ Object.ConfigService_Factory [as factory] src/app/service/config.service.ts:15:27
 ❯ node_modules/@angular/core/fesm2022/root_effect_scheduler.mjs:2187:47
 ❯ runInInjectorProfilerContext node_modules/@angular/core/fesm2022/root_effect_scheduler.mjs:746:9

⎯⎯⎯⎯⎯⎯⎯⎯⎯⎯⎯⎯⎯⎯⎯⎯⎯⎯⎯⎯⎯⎯⎯⎯⎯⎯⎯⎯⎯⎯
Serialized Error: { code: -201, ngErrorCode: -201, ngErrorMessage: &apos;No provider found for `_HttpClient`.&apos;, ngTokenPath: [ &apos;_ConfigService&apos;, &apos;_HttpClient&apos; ] }
            </failure>
        </testcase>
    </testsuite>
    <testsuite name="dist/test-out/20251022T171914093Z-a6e8f88a/spec-app-formly-audio-upload-audio-upload.component.spec.js" timestamp="2025-10-22T17:21:30.484Z" hostname="runnervmwhb2z" tests="1" failures="0" errors="0" skipped="0" time="0.090907105">
        <testcase classname="dist/test-out/20251022T171914093Z-a6e8f88a/spec-app-formly-audio-upload-audio-upload.component.spec.js" name="AudioUploadComponent &gt; should create" time="0.089510603">
        </testcase>
    </testsuite>
    <testsuite name="dist/test-out/20251022T171914093Z-a6e8f88a/spec-app-formly-image-upload-image-upload.component.spec.js" timestamp="2025-10-22T17:21:30.485Z" hostname="runnervmwhb2z" tests="1" failures="0" errors="0" skipped="0" time="0.068266263">
        <testcase classname="dist/test-out/20251022T171914093Z-a6e8f88a/spec-app-formly-image-upload-image-upload.component.spec.js" name="ImageUploadComponent &gt; should create" time="0.066828413">
        </testcase>
    </testsuite>
    <testsuite name="dist/test-out/20251022T171914093Z-a6e8f88a/spec-app-formly-pdf-upload-pdf-upload.component.spec.js" timestamp="2025-10-22T17:21:30.485Z" hostname="runnervmwhb2z" tests="1" failures="0" errors="0" skipped="0" time="0.082158342">
        <testcase classname="dist/test-out/20251022T171914093Z-a6e8f88a/spec-app-formly-pdf-upload-pdf-upload.component.spec.js" name="PdfUploadComponent &gt; should create" time="0.080779983">
        </testcase>
    </testsuite>
    <testsuite name="dist/test-out/20251022T171914093Z-a6e8f88a/spec-app-formly-qr-scanner-qr-scanner.component.spec.js" timestamp="2025-10-22T17:21:30.485Z" hostname="runnervmwhb2z" tests="1" failures="0" errors="0" skipped="0" time="0.077162825">
        <testcase classname="dist/test-out/20251022T171914093Z-a6e8f88a/spec-app-formly-qr-scanner-qr-scanner.component.spec.js" name="QrScannerComponent &gt; should create" time="0.075487564">
        </testcase>
    </testsuite>
    <testsuite name="dist/test-out/20251022T171914093Z-a6e8f88a/spec-app-formly-video-upload-video-upload.component.spec.js" timestamp="2025-10-22T17:21:30.485Z" hostname="runnervmwhb2z" tests="1" failures="0" errors="0" skipped="0" time="0.091874842">
        <testcase classname="dist/test-out/20251022T171914093Z-a6e8f88a/spec-app-formly-video-upload-video-upload.component.spec.js" name="VideoUploadComponent &gt; should create" time="0.09020097">
        </testcase>
    </testsuite>
    <testsuite name="dist/test-out/20251022T171914093Z-a6e8f88a/spec-app-guard-condition.guard.spec.js" timestamp="2025-10-22T17:21:30.486Z" hostname="runnervmwhb2z" tests="1" failures="0" errors="0" skipped="0" time="0.004852825">
        <testcase classname="dist/test-out/20251022T171914093Z-a6e8f88a/spec-app-guard-condition.guard.spec.js" name="conditionGuard &gt; should be created" time="0.003137277">
        </testcase>
    </testsuite>
    <testsuite name="dist/test-out/20251022T171914093Z-a6e8f88a/spec-app-guard-has-role.guard.spec.js" timestamp="2025-10-22T17:21:30.486Z" hostname="runnervmwhb2z" tests="1" failures="0" errors="0" skipped="0" time="0.003549667">
        <testcase classname="dist/test-out/20251022T171914093Z-a6e8f88a/spec-app-guard-has-role.guard.spec.js" name="hasRoleGuard &gt; should be created" time="0.002166722">
        </testcase>
    </testsuite>
    <testsuite name="dist/test-out/20251022T171914093Z-a6e8f88a/spec-app-guard-installed-mod.guard.spec.js" timestamp="2025-10-22T17:21:30.487Z" hostname="runnervmwhb2z" tests="1" failures="0" errors="0" skipped="0" time="0.003400308">
        <testcase classname="dist/test-out/20251022T171914093Z-a6e8f88a/spec-app-guard-installed-mod.guard.spec.js" name="installedModGuard &gt; should be created" time="0.002148317">
        </testcase>
    </testsuite>
    <testsuite name="dist/test-out/20251022T171914093Z-a6e8f88a/spec-app-guard-last-selected.guard.spec.js" timestamp="2025-10-22T17:21:30.487Z" hostname="runnervmwhb2z" tests="1" failures="0" errors="0" skipped="0" time="0.005115078">
        <testcase classname="dist/test-out/20251022T171914093Z-a6e8f88a/spec-app-guard-last-selected.guard.spec.js" name="lastSelectedGuard &gt; should be created" time="0.003394179">
        </testcase>
    </testsuite>
    <testsuite name="dist/test-out/20251022T171914093Z-a6e8f88a/spec-app-guard-pending-changes.guard.spec.js" timestamp="2025-10-22T17:21:30.487Z" hostname="runnervmwhb2z" tests="1" failures="0" errors="0" skipped="0" time="0.0049714">
        <testcase classname="dist/test-out/20251022T171914093Z-a6e8f88a/spec-app-guard-pending-changes.guard.spec.js" name="pendingChangesGuard &gt; should be created" time="0.003132058">
        </testcase>
    </testsuite>
    <testsuite name="dist/test-out/20251022T171914093Z-a6e8f88a/spec-app-http-auth.interceptor.spec.js" timestamp="2025-10-22T17:21:30.487Z" hostname="runnervmwhb2z" tests="1" failures="0" errors="0" skipped="0" time="0.04116306">
        <testcase classname="dist/test-out/20251022T171914093Z-a6e8f88a/spec-app-http-auth.interceptor.spec.js" name="CsrfInterceptor &gt; should be created" time="0.039529225">
        </testcase>
    </testsuite>
    <testsuite name="dist/test-out/20251022T171914093Z-a6e8f88a/spec-app-http-csrf.interceptor.spec.js" timestamp="2025-10-22T17:21:30.487Z" hostname="runnervmwhb2z" tests="1" failures="0" errors="0" skipped="0" time="0.058292496">
        <testcase classname="dist/test-out/20251022T171914093Z-a6e8f88a/spec-app-http-csrf.interceptor.spec.js" name="CsrfInterceptor &gt; should be created" time="0.056557591">
        </testcase>
    </testsuite>
    <testsuite name="dist/test-out/20251022T171914093Z-a6e8f88a/spec-app-http-rate-limit.interceptor.spec.js" timestamp="2025-10-22T17:21:30.488Z" hostname="runnervmwhb2z" tests="1" failures="1" errors="0" skipped="0" time="0">
        <testcase classname="dist/test-out/20251022T171914093Z-a6e8f88a/spec-app-http-rate-limit.interceptor.spec.js" name="spec-app-http-rate-limit.interceptor.spec.js" time="0">
            <failure message="zone-testing.js is needed for the fakeAsync() test helper but could not be found.
        Please make sure that your environment includes zone.js/testing" type="Error">
Error: zone-testing.js is needed for the fakeAsync() test helper but could not be found.
        Please make sure that your environment includes zone.js/testing
 ❯ withFakeAsyncTestModule node_modules/@angular/core/fesm2022/testing.mjs:419:15
 ❯ fakeAsync node_modules/@angular/core/fesm2022/testing.mjs:463:12
 ❯ src/app/http/rate-limit.interceptor.spec.ts:50:72
            </failure>
        </testcase>
    </testsuite>
    <testsuite name="dist/test-out/20251022T171914093Z-a6e8f88a/spec-app-mods-mailbox.spec.js" timestamp="2025-10-22T17:21:30.488Z" hostname="runnervmwhb2z" tests="7" failures="0" errors="0" skipped="0" time="0.014061408">
        <testcase classname="dist/test-out/20251022T171914093Z-a6e8f88a/spec-app-mods-mailbox.spec.js" name="MailboxPlugin &gt; isMailbox" time="0.00325515">
        </testcase>
        <testcase classname="dist/test-out/20251022T171914093Z-a6e8f88a/spec-app-mods-mailbox.spec.js" name="MailboxPlugin &gt; notifications" time="0.001868837">
        </testcase>
        <testcase classname="dist/test-out/20251022T171914093Z-a6e8f88a/spec-app-mods-mailbox.spec.js" name="MailboxPlugin &gt; getMailbox" time="0.001623177">
        </testcase>
        <testcase classname="dist/test-out/20251022T171914093Z-a6e8f88a/spec-app-mods-mailbox.spec.js" name="MailboxPlugin &gt; getLocalMailbox" time="0.001040366">
        </testcase>
        <testcase classname="dist/test-out/20251022T171914093Z-a6e8f88a/spec-app-mods-mailbox.spec.js" name="MailboxPlugin &gt; mailboxes" time="0.001606606">
        </testcase>
        <testcase classname="dist/test-out/20251022T171914093Z-a6e8f88a/spec-app-mods-mailbox.spec.js" name="MailboxPlugin &gt; mailboxes multi-tenant" time="0.00136836">
        </testcase>
        <testcase classname="dist/test-out/20251022T171914093Z-a6e8f88a/spec-app-mods-mailbox.spec.js" name="MailboxPlugin &gt; mailboxes multi-tenant with lookup" time="0.000930932">
        </testcase>
    </testsuite>
    <testsuite name="dist/test-out/20251022T171914093Z-a6e8f88a/spec-app-mods-origin.spec.js" timestamp="2025-10-22T17:21:30.489Z" hostname="runnervmwhb2z" tests="1" failures="0" errors="0" skipped="0" time="0.005678723">
        <testcase classname="dist/test-out/20251022T171914093Z-a6e8f88a/spec-app-mods-origin.spec.js" name="OriginPlugin &gt; isReplicating" time="0.003820756">
        </testcase>
    </testsuite>
    <testsuite name="dist/test-out/20251022T171914093Z-a6e8f88a/spec-app-page-ext-ext.component.spec.js" timestamp="2025-10-22T17:21:30.489Z" hostname="runnervmwhb2z" tests="1" failures="1" errors="0" skipped="0" time="0.09651078">
        <testcase classname="dist/test-out/20251022T171914093Z-a6e8f88a/spec-app-page-ext-ext.component.spec.js" name="CreateExtPage &gt; should create" time="0.094852447">
            <system-err>
TypeError: Cannot read properties of undefined (reading &apos;ɵcmp&apos;)
    at getComponentDef [90m(/home/runner/work/jasper-ui/jasper-ui/[39mdist/test-out/20251022T171914093Z-a6e8f88a/node_modules/[4m@angular[24m/core/fesm2022/testing.mjs:1605:18[90m)[39m
    at isStandaloneComponent [90m(/home/runner/work/jasper-ui/jasper-ui/[39mdist/test-out/20251022T171914093Z-a6e8f88a/node_modules/[4m@angular[24m/core/fesm2022/testing.mjs:1601:17[90m)[39m
    at [90m/home/runner/work/jasper-ui/jasper-ui/[39mdist/test-out/20251022T171914093Z-a6e8f88a/node_modules/[4m@angular[24m/core/fesm2022/testing.mjs:1338:29
    at Array.forEach (&lt;anonymous&gt;)
    at queueTypesFromModulesArrayRecur [90m(/home/runner/work/jasper-ui/jasper-ui/[39mdist/test-out/20251022T171914093Z-a6e8f88a/node_modules/[4m@angular[24m/core/fesm2022/testing.mjs:1333:34[90m)[39m
    at [90m/home/runner/work/jasper-ui/jasper-ui/[39mdist/test-out/20251022T171914093Z-a6e8f88a/node_modules/[4m@angular[24m/core/fesm2022/testing.mjs:1339:29
    at Array.forEach (&lt;anonymous&gt;)
    at queueTypesFromModulesArrayRecur [90m(/home/runner/work/jasper-ui/jasper-ui/[39mdist/test-out/20251022T171914093Z-a6e8f88a/node_modules/[4m@angular[24m/core/fesm2022/testing.mjs:1333:34[90m)[39m
    at [90m/home/runner/work/jasper-ui/jasper-ui/[39mdist/test-out/20251022T171914093Z-a6e8f88a/node_modules/[4m@angular[24m/core/fesm2022/testing.mjs:1339:29
    at Array.forEach (&lt;anonymous&gt;)

            </system-err>
            <failure message="Cannot read properties of undefined (reading &apos;ɵcmp&apos;)" type="TypeError">
TypeError: Cannot read properties of undefined (reading &apos;ɵcmp&apos;)
 ❯ getComponentDef node_modules/@angular/core/fesm2022/testing.mjs:1605:18
 ❯ isStandaloneComponent node_modules/@angular/core/fesm2022/testing.mjs:1601:17
 ❯ node_modules/@angular/core/fesm2022/testing.mjs:1338:29
 ❯ queueTypesFromModulesArrayRecur node_modules/@angular/core/fesm2022/testing.mjs:1333:34
 ❯ node_modules/@angular/core/fesm2022/testing.mjs:1339:29
 ❯ queueTypesFromModulesArrayRecur node_modules/@angular/core/fesm2022/testing.mjs:1333:34
 ❯ node_modules/@angular/core/fesm2022/testing.mjs:1339:29
            </failure>
        </testcase>
    </testsuite>
    <testsuite name="dist/test-out/20251022T171914093Z-a6e8f88a/spec-app-page-home-home.component.spec.js" timestamp="2025-10-22T17:21:30.489Z" hostname="runnervmwhb2z" tests="1" failures="1" errors="0" skipped="0" time="0.096201759">
        <testcase classname="dist/test-out/20251022T171914093Z-a6e8f88a/spec-app-page-home-home.component.spec.js" name="HomePage &gt; should create" time="0.094766563">
            <system-err>
TypeError: Cannot read properties of undefined (reading &apos;ɵcmp&apos;)
    at getComponentDef [90m(/home/runner/work/jasper-ui/jasper-ui/[39mdist/test-out/20251022T171914093Z-a6e8f88a/node_modules/[4m@angular[24m/core/fesm2022/testing.mjs:1605:18[90m)[39m
    at isStandaloneComponent [90m(/home/runner/work/jasper-ui/jasper-ui/[39mdist/test-out/20251022T171914093Z-a6e8f88a/node_modules/[4m@angular[24m/core/fesm2022/testing.mjs:1601:17[90m)[39m
    at [90m/home/runner/work/jasper-ui/jasper-ui/[39mdist/test-out/20251022T171914093Z-a6e8f88a/node_modules/[4m@angular[24m/core/fesm2022/testing.mjs:1338:29
    at Array.forEach (&lt;anonymous&gt;)
    at queueTypesFromModulesArrayRecur [90m(/home/runner/work/jasper-ui/jasper-ui/[39mdist/test-out/20251022T171914093Z-a6e8f88a/node_modules/[4m@angular[24m/core/fesm2022/testing.mjs:1333:34[90m)[39m
    at [90m/home/runner/work/jasper-ui/jasper-ui/[39mdist/test-out/20251022T171914093Z-a6e8f88a/node_modules/[4m@angular[24m/core/fesm2022/testing.mjs:1339:29
    at Array.forEach (&lt;anonymous&gt;)
    at queueTypesFromModulesArrayRecur [90m(/home/runner/work/jasper-ui/jasper-ui/[39mdist/test-out/20251022T171914093Z-a6e8f88a/node_modules/[4m@angular[24m/core/fesm2022/testing.mjs:1333:34[90m)[39m
    at [90m/home/runner/work/jasper-ui/jasper-ui/[39mdist/test-out/20251022T171914093Z-a6e8f88a/node_modules/[4m@angular[24m/core/fesm2022/testing.mjs:1339:29
    at Array.forEach (&lt;anonymous&gt;)

            </system-err>
            <failure message="Cannot read properties of undefined (reading &apos;ɵcmp&apos;)" type="TypeError">
TypeError: Cannot read properties of undefined (reading &apos;ɵcmp&apos;)
 ❯ getComponentDef node_modules/@angular/core/fesm2022/testing.mjs:1605:18
 ❯ isStandaloneComponent node_modules/@angular/core/fesm2022/testing.mjs:1601:17
 ❯ node_modules/@angular/core/fesm2022/testing.mjs:1338:29
 ❯ queueTypesFromModulesArrayRecur node_modules/@angular/core/fesm2022/testing.mjs:1333:34
 ❯ node_modules/@angular/core/fesm2022/testing.mjs:1339:29
 ❯ queueTypesFromModulesArrayRecur node_modules/@angular/core/fesm2022/testing.mjs:1333:34
 ❯ node_modules/@angular/core/fesm2022/testing.mjs:1339:29
            </failure>
        </testcase>
    </testsuite>
    <testsuite name="dist/test-out/20251022T171914093Z-a6e8f88a/spec-app-page-inbox-alarms-alarms.component.spec.js" timestamp="2025-10-22T17:21:30.490Z" hostname="runnervmwhb2z" tests="1" failures="1" errors="0" skipped="0" time="0.085608614">
        <testcase classname="dist/test-out/20251022T171914093Z-a6e8f88a/spec-app-page-inbox-alarms-alarms.component.spec.js" name="InboxAlarmsPage &gt; should create" time="0.083872747">
            <system-err>
TypeError: Cannot read properties of undefined (reading &apos;ɵcmp&apos;)
    at getComponentDef [90m(/home/runner/work/jasper-ui/jasper-ui/[39mdist/test-out/20251022T171914093Z-a6e8f88a/node_modules/[4m@angular[24m/core/fesm2022/testing.mjs:1605:18[90m)[39m
    at isStandaloneComponent [90m(/home/runner/work/jasper-ui/jasper-ui/[39mdist/test-out/20251022T171914093Z-a6e8f88a/node_modules/[4m@angular[24m/core/fesm2022/testing.mjs:1601:17[90m)[39m
    at [90m/home/runner/work/jasper-ui/jasper-ui/[39mdist/test-out/20251022T171914093Z-a6e8f88a/node_modules/[4m@angular[24m/core/fesm2022/testing.mjs:1338:29
    at Array.forEach (&lt;anonymous&gt;)
    at queueTypesFromModulesArrayRecur [90m(/home/runner/work/jasper-ui/jasper-ui/[39mdist/test-out/20251022T171914093Z-a6e8f88a/node_modules/[4m@angular[24m/core/fesm2022/testing.mjs:1333:34[90m)[39m
    at [90m/home/runner/work/jasper-ui/jasper-ui/[39mdist/test-out/20251022T171914093Z-a6e8f88a/node_modules/[4m@angular[24m/core/fesm2022/testing.mjs:1339:29
    at Array.forEach (&lt;anonymous&gt;)
    at queueTypesFromModulesArrayRecur [90m(/home/runner/work/jasper-ui/jasper-ui/[39mdist/test-out/20251022T171914093Z-a6e8f88a/node_modules/[4m@angular[24m/core/fesm2022/testing.mjs:1333:34[90m)[39m
    at [90m/home/runner/work/jasper-ui/jasper-ui/[39mdist/test-out/20251022T171914093Z-a6e8f88a/node_modules/[4m@angular[24m/core/fesm2022/testing.mjs:1339:29
    at Array.forEach (&lt;anonymous&gt;)

            </system-err>
            <failure message="Cannot read properties of undefined (reading &apos;ɵcmp&apos;)" type="TypeError">
TypeError: Cannot read properties of undefined (reading &apos;ɵcmp&apos;)
 ❯ getComponentDef node_modules/@angular/core/fesm2022/testing.mjs:1605:18
 ❯ isStandaloneComponent node_modules/@angular/core/fesm2022/testing.mjs:1601:17
 ❯ node_modules/@angular/core/fesm2022/testing.mjs:1338:29
 ❯ queueTypesFromModulesArrayRecur node_modules/@angular/core/fesm2022/testing.mjs:1333:34
 ❯ node_modules/@angular/core/fesm2022/testing.mjs:1339:29
 ❯ queueTypesFromModulesArrayRecur node_modules/@angular/core/fesm2022/testing.mjs:1333:34
 ❯ node_modules/@angular/core/fesm2022/testing.mjs:1339:29
            </failure>
        </testcase>
    </testsuite>
    <testsuite name="dist/test-out/20251022T171914093Z-a6e8f88a/spec-app-page-inbox-all-all.component.spec.js" timestamp="2025-10-22T17:21:30.491Z" hostname="runnervmwhb2z" tests="1" failures="1" errors="0" skipped="0" time="0.086351684">
        <testcase classname="dist/test-out/20251022T171914093Z-a6e8f88a/spec-app-page-inbox-all-all.component.spec.js" name="InboxAllPage &gt; should create" time="0.084515409">
            <system-err>
TypeError: Cannot read properties of undefined (reading &apos;ɵcmp&apos;)
    at getComponentDef [90m(/home/runner/work/jasper-ui/jasper-ui/[39mdist/test-out/20251022T171914093Z-a6e8f88a/node_modules/[4m@angular[24m/core/fesm2022/testing.mjs:1605:18[90m)[39m
    at isStandaloneComponent [90m(/home/runner/work/jasper-ui/jasper-ui/[39mdist/test-out/20251022T171914093Z-a6e8f88a/node_modules/[4m@angular[24m/core/fesm2022/testing.mjs:1601:17[90m)[39m
    at [90m/home/runner/work/jasper-ui/jasper-ui/[39mdist/test-out/20251022T171914093Z-a6e8f88a/node_modules/[4m@angular[24m/core/fesm2022/testing.mjs:1338:29
    at Array.forEach (&lt;anonymous&gt;)
    at queueTypesFromModulesArrayRecur [90m(/home/runner/work/jasper-ui/jasper-ui/[39mdist/test-out/20251022T171914093Z-a6e8f88a/node_modules/[4m@angular[24m/core/fesm2022/testing.mjs:1333:34[90m)[39m
    at [90m/home/runner/work/jasper-ui/jasper-ui/[39mdist/test-out/20251022T171914093Z-a6e8f88a/node_modules/[4m@angular[24m/core/fesm2022/testing.mjs:1339:29
    at Array.forEach (&lt;anonymous&gt;)
    at queueTypesFromModulesArrayRecur [90m(/home/runner/work/jasper-ui/jasper-ui/[39mdist/test-out/20251022T171914093Z-a6e8f88a/node_modules/[4m@angular[24m/core/fesm2022/testing.mjs:1333:34[90m)[39m
    at [90m/home/runner/work/jasper-ui/jasper-ui/[39mdist/test-out/20251022T171914093Z-a6e8f88a/node_modules/[4m@angular[24m/core/fesm2022/testing.mjs:1339:29
    at Array.forEach (&lt;anonymous&gt;)

            </system-err>
            <failure message="Cannot read properties of undefined (reading &apos;ɵcmp&apos;)" type="TypeError">
TypeError: Cannot read properties of undefined (reading &apos;ɵcmp&apos;)
 ❯ getComponentDef node_modules/@angular/core/fesm2022/testing.mjs:1605:18
 ❯ isStandaloneComponent node_modules/@angular/core/fesm2022/testing.mjs:1601:17
 ❯ node_modules/@angular/core/fesm2022/testing.mjs:1338:29
 ❯ queueTypesFromModulesArrayRecur node_modules/@angular/core/fesm2022/testing.mjs:1333:34
 ❯ node_modules/@angular/core/fesm2022/testing.mjs:1339:29
 ❯ queueTypesFromModulesArrayRecur node_modules/@angular/core/fesm2022/testing.mjs:1333:34
 ❯ node_modules/@angular/core/fesm2022/testing.mjs:1339:29
            </failure>
        </testcase>
    </testsuite>
    <testsuite name="dist/test-out/20251022T171914093Z-a6e8f88a/spec-app-page-inbox-dms-dms.component.spec.js" timestamp="2025-10-22T17:21:30.491Z" hostname="runnervmwhb2z" tests="1" failures="1" errors="0" skipped="0" time="0.076657091">
        <testcase classname="dist/test-out/20251022T171914093Z-a6e8f88a/spec-app-page-inbox-dms-dms.component.spec.js" name="InboxDmsPage &gt; should create" time="0.07536809">
            <system-err>
TypeError: Cannot read properties of undefined (reading &apos;ɵcmp&apos;)
    at getComponentDef [90m(/home/runner/work/jasper-ui/jasper-ui/[39mdist/test-out/20251022T171914093Z-a6e8f88a/node_modules/[4m@angular[24m/core/fesm2022/testing.mjs:1605:18[90m)[39m
    at isStandaloneComponent [90m(/home/runner/work/jasper-ui/jasper-ui/[39mdist/test-out/20251022T171914093Z-a6e8f88a/node_modules/[4m@angular[24m/core/fesm2022/testing.mjs:1601:17[90m)[39m
    at [90m/home/runner/work/jasper-ui/jasper-ui/[39mdist/test-out/20251022T171914093Z-a6e8f88a/node_modules/[4m@angular[24m/core/fesm2022/testing.mjs:1338:29
    at Array.forEach (&lt;anonymous&gt;)
    at queueTypesFromModulesArrayRecur [90m(/home/runner/work/jasper-ui/jasper-ui/[39mdist/test-out/20251022T171914093Z-a6e8f88a/node_modules/[4m@angular[24m/core/fesm2022/testing.mjs:1333:34[90m)[39m
    at [90m/home/runner/work/jasper-ui/jasper-ui/[39mdist/test-out/20251022T171914093Z-a6e8f88a/node_modules/[4m@angular[24m/core/fesm2022/testing.mjs:1339:29
    at Array.forEach (&lt;anonymous&gt;)
    at queueTypesFromModulesArrayRecur [90m(/home/runner/work/jasper-ui/jasper-ui/[39mdist/test-out/20251022T171914093Z-a6e8f88a/node_modules/[4m@angular[24m/core/fesm2022/testing.mjs:1333:34[90m)[39m
    at [90m/home/runner/work/jasper-ui/jasper-ui/[39mdist/test-out/20251022T171914093Z-a6e8f88a/node_modules/[4m@angular[24m/core/fesm2022/testing.mjs:1339:29
    at Array.forEach (&lt;anonymous&gt;)

            </system-err>
            <failure message="Cannot read properties of undefined (reading &apos;ɵcmp&apos;)" type="TypeError">
TypeError: Cannot read properties of undefined (reading &apos;ɵcmp&apos;)
 ❯ getComponentDef node_modules/@angular/core/fesm2022/testing.mjs:1605:18
 ❯ isStandaloneComponent node_modules/@angular/core/fesm2022/testing.mjs:1601:17
 ❯ node_modules/@angular/core/fesm2022/testing.mjs:1338:29
 ❯ queueTypesFromModulesArrayRecur node_modules/@angular/core/fesm2022/testing.mjs:1333:34
 ❯ node_modules/@angular/core/fesm2022/testing.mjs:1339:29
 ❯ queueTypesFromModulesArrayRecur node_modules/@angular/core/fesm2022/testing.mjs:1333:34
 ❯ node_modules/@angular/core/fesm2022/testing.mjs:1339:29
            </failure>
        </testcase>
    </testsuite>
    <testsuite name="dist/test-out/20251022T171914093Z-a6e8f88a/spec-app-page-inbox-inbox.component.spec.js" timestamp="2025-10-22T17:21:30.492Z" hostname="runnervmwhb2z" tests="1" failures="1" errors="0" skipped="0" time="0.08766034">
        <testcase classname="dist/test-out/20251022T171914093Z-a6e8f88a/spec-app-page-inbox-inbox.component.spec.js" name="InboxPage &gt; should create" time="0.085865461">
            <system-err>
TypeError: Cannot read properties of undefined (reading &apos;ɵcmp&apos;)
    at getComponentDef [90m(/home/runner/work/jasper-ui/jasper-ui/[39mdist/test-out/20251022T171914093Z-a6e8f88a/node_modules/[4m@angular[24m/core/fesm2022/testing.mjs:1605:18[90m)[39m
    at isStandaloneComponent [90m(/home/runner/work/jasper-ui/jasper-ui/[39mdist/test-out/20251022T171914093Z-a6e8f88a/node_modules/[4m@angular[24m/core/fesm2022/testing.mjs:1601:17[90m)[39m
    at [90m/home/runner/work/jasper-ui/jasper-ui/[39mdist/test-out/20251022T171914093Z-a6e8f88a/node_modules/[4m@angular[24m/core/fesm2022/testing.mjs:1338:29
    at Array.forEach (&lt;anonymous&gt;)
    at queueTypesFromModulesArrayRecur [90m(/home/runner/work/jasper-ui/jasper-ui/[39mdist/test-out/20251022T171914093Z-a6e8f88a/node_modules/[4m@angular[24m/core/fesm2022/testing.mjs:1333:34[90m)[39m
    at [90m/home/runner/work/jasper-ui/jasper-ui/[39mdist/test-out/20251022T171914093Z-a6e8f88a/node_modules/[4m@angular[24m/core/fesm2022/testing.mjs:1339:29
    at Array.forEach (&lt;anonymous&gt;)
    at queueTypesFromModulesArrayRecur [90m(/home/runner/work/jasper-ui/jasper-ui/[39mdist/test-out/20251022T171914093Z-a6e8f88a/node_modules/[4m@angular[24m/core/fesm2022/testing.mjs:1333:34[90m)[39m
    at [90m/home/runner/work/jasper-ui/jasper-ui/[39mdist/test-out/20251022T171914093Z-a6e8f88a/node_modules/[4m@angular[24m/core/fesm2022/testing.mjs:1339:29
    at Array.forEach (&lt;anonymous&gt;)

            </system-err>
            <failure message="Cannot read properties of undefined (reading &apos;ɵcmp&apos;)" type="TypeError">
TypeError: Cannot read properties of undefined (reading &apos;ɵcmp&apos;)
 ❯ getComponentDef node_modules/@angular/core/fesm2022/testing.mjs:1605:18
 ❯ isStandaloneComponent node_modules/@angular/core/fesm2022/testing.mjs:1601:17
 ❯ node_modules/@angular/core/fesm2022/testing.mjs:1338:29
 ❯ queueTypesFromModulesArrayRecur node_modules/@angular/core/fesm2022/testing.mjs:1333:34
 ❯ node_modules/@angular/core/fesm2022/testing.mjs:1339:29
 ❯ queueTypesFromModulesArrayRecur node_modules/@angular/core/fesm2022/testing.mjs:1333:34
 ❯ node_modules/@angular/core/fesm2022/testing.mjs:1339:29
            </failure>
        </testcase>
    </testsuite>
    <testsuite name="dist/test-out/20251022T171914093Z-a6e8f88a/spec-app-page-inbox-modlist-modlist.component.spec.js" timestamp="2025-10-22T17:21:30.492Z" hostname="runnervmwhb2z" tests="1" failures="1" errors="0" skipped="0" time="0.073045195">
        <testcase classname="dist/test-out/20251022T171914093Z-a6e8f88a/spec-app-page-inbox-modlist-modlist.component.spec.js" name="InboxModlistPage &gt; should create" time="0.071704296">
            <system-err>
TypeError: Cannot read properties of undefined (reading &apos;ɵcmp&apos;)
    at getComponentDef [90m(/home/runner/work/jasper-ui/jasper-ui/[39mdist/test-out/20251022T171914093Z-a6e8f88a/node_modules/[4m@angular[24m/core/fesm2022/testing.mjs:1605:18[90m)[39m
    at isStandaloneComponent [90m(/home/runner/work/jasper-ui/jasper-ui/[39mdist/test-out/20251022T171914093Z-a6e8f88a/node_modules/[4m@angular[24m/core/fesm2022/testing.mjs:1601:17[90m)[39m
    at [90m/home/runner/work/jasper-ui/jasper-ui/[39mdist/test-out/20251022T171914093Z-a6e8f88a/node_modules/[4m@angular[24m/core/fesm2022/testing.mjs:1338:29
    at Array.forEach (&lt;anonymous&gt;)
    at queueTypesFromModulesArrayRecur [90m(/home/runner/work/jasper-ui/jasper-ui/[39mdist/test-out/20251022T171914093Z-a6e8f88a/node_modules/[4m@angular[24m/core/fesm2022/testing.mjs:1333:34[90m)[39m
    at [90m/home/runner/work/jasper-ui/jasper-ui/[39mdist/test-out/20251022T171914093Z-a6e8f88a/node_modules/[4m@angular[24m/core/fesm2022/testing.mjs:1339:29
    at Array.forEach (&lt;anonymous&gt;)
    at queueTypesFromModulesArrayRecur [90m(/home/runner/work/jasper-ui/jasper-ui/[39mdist/test-out/20251022T171914093Z-a6e8f88a/node_modules/[4m@angular[24m/core/fesm2022/testing.mjs:1333:34[90m)[39m
    at [90m/home/runner/work/jasper-ui/jasper-ui/[39mdist/test-out/20251022T171914093Z-a6e8f88a/node_modules/[4m@angular[24m/core/fesm2022/testing.mjs:1339:29
    at Array.forEach (&lt;anonymous&gt;)

            </system-err>
            <failure message="Cannot read properties of undefined (reading &apos;ɵcmp&apos;)" type="TypeError">
TypeError: Cannot read properties of undefined (reading &apos;ɵcmp&apos;)
 ❯ getComponentDef node_modules/@angular/core/fesm2022/testing.mjs:1605:18
 ❯ isStandaloneComponent node_modules/@angular/core/fesm2022/testing.mjs:1601:17
 ❯ node_modules/@angular/core/fesm2022/testing.mjs:1338:29
 ❯ queueTypesFromModulesArrayRecur node_modules/@angular/core/fesm2022/testing.mjs:1333:34
 ❯ node_modules/@angular/core/fesm2022/testing.mjs:1339:29
 ❯ queueTypesFromModulesArrayRecur node_modules/@angular/core/fesm2022/testing.mjs:1333:34
 ❯ node_modules/@angular/core/fesm2022/testing.mjs:1339:29
            </failure>
        </testcase>
    </testsuite>
    <testsuite name="dist/test-out/20251022T171914093Z-a6e8f88a/spec-app-page-inbox-ref-ref.component.spec.js" timestamp="2025-10-22T17:21:30.494Z" hostname="runnervmwhb2z" tests="1" failures="1" errors="0" skipped="0" time="0.071407947">
        <testcase classname="dist/test-out/20251022T171914093Z-a6e8f88a/spec-app-page-inbox-ref-ref.component.spec.js" name="InboxRefPage &gt; should create" time="0.070083779">
            <system-err>
TypeError: Cannot read properties of undefined (reading &apos;ɵcmp&apos;)
    at getComponentDef [90m(/home/runner/work/jasper-ui/jasper-ui/[39mdist/test-out/20251022T171914093Z-a6e8f88a/node_modules/[4m@angular[24m/core/fesm2022/testing.mjs:1605:18[90m)[39m
    at isStandaloneComponent [90m(/home/runner/work/jasper-ui/jasper-ui/[39mdist/test-out/20251022T171914093Z-a6e8f88a/node_modules/[4m@angular[24m/core/fesm2022/testing.mjs:1601:17[90m)[39m
    at [90m/home/runner/work/jasper-ui/jasper-ui/[39mdist/test-out/20251022T171914093Z-a6e8f88a/node_modules/[4m@angular[24m/core/fesm2022/testing.mjs:1338:29
    at Array.forEach (&lt;anonymous&gt;)
    at queueTypesFromModulesArrayRecur [90m(/home/runner/work/jasper-ui/jasper-ui/[39mdist/test-out/20251022T171914093Z-a6e8f88a/node_modules/[4m@angular[24m/core/fesm2022/testing.mjs:1333:34[90m)[39m
    at [90m/home/runner/work/jasper-ui/jasper-ui/[39mdist/test-out/20251022T171914093Z-a6e8f88a/node_modules/[4m@angular[24m/core/fesm2022/testing.mjs:1339:29
    at Array.forEach (&lt;anonymous&gt;)
    at queueTypesFromModulesArrayRecur [90m(/home/runner/work/jasper-ui/jasper-ui/[39mdist/test-out/20251022T171914093Z-a6e8f88a/node_modules/[4m@angular[24m/core/fesm2022/testing.mjs:1333:34[90m)[39m
    at [90m/home/runner/work/jasper-ui/jasper-ui/[39mdist/test-out/20251022T171914093Z-a6e8f88a/node_modules/[4m@angular[24m/core/fesm2022/testing.mjs:1339:29
    at Array.forEach (&lt;anonymous&gt;)

            </system-err>
            <failure message="Cannot read properties of undefined (reading &apos;ɵcmp&apos;)" type="TypeError">
TypeError: Cannot read properties of undefined (reading &apos;ɵcmp&apos;)
 ❯ getComponentDef node_modules/@angular/core/fesm2022/testing.mjs:1605:18
 ❯ isStandaloneComponent node_modules/@angular/core/fesm2022/testing.mjs:1601:17
 ❯ node_modules/@angular/core/fesm2022/testing.mjs:1338:29
 ❯ queueTypesFromModulesArrayRecur node_modules/@angular/core/fesm2022/testing.mjs:1333:34
 ❯ node_modules/@angular/core/fesm2022/testing.mjs:1339:29
 ❯ queueTypesFromModulesArrayRecur node_modules/@angular/core/fesm2022/testing.mjs:1333:34
 ❯ node_modules/@angular/core/fesm2022/testing.mjs:1339:29
            </failure>
        </testcase>
    </testsuite>
    <testsuite name="dist/test-out/20251022T171914093Z-a6e8f88a/spec-app-page-inbox-reports-reports.component.spec.js" timestamp="2025-10-22T17:21:30.495Z" hostname="runnervmwhb2z" tests="1" failures="1" errors="0" skipped="0" time="0.077878589">
        <testcase classname="dist/test-out/20251022T171914093Z-a6e8f88a/spec-app-page-inbox-reports-reports.component.spec.js" name="InboxReportsPage &gt; should create" time="0.076350862">
            <system-err>
TypeError: Cannot read properties of undefined (reading &apos;ɵcmp&apos;)
    at getComponentDef [90m(/home/runner/work/jasper-ui/jasper-ui/[39mdist/test-out/20251022T171914093Z-a6e8f88a/node_modules/[4m@angular[24m/core/fesm2022/testing.mjs:1605:18[90m)[39m
    at isStandaloneComponent [90m(/home/runner/work/jasper-ui/jasper-ui/[39mdist/test-out/20251022T171914093Z-a6e8f88a/node_modules/[4m@angular[24m/core/fesm2022/testing.mjs:1601:17[90m)[39m
    at [90m/home/runner/work/jasper-ui/jasper-ui/[39mdist/test-out/20251022T171914093Z-a6e8f88a/node_modules/[4m@angular[24m/core/fesm2022/testing.mjs:1338:29
    at Array.forEach (&lt;anonymous&gt;)
    at queueTypesFromModulesArrayRecur [90m(/home/runner/work/jasper-ui/jasper-ui/[39mdist/test-out/20251022T171914093Z-a6e8f88a/node_modules/[4m@angular[24m/core/fesm2022/testing.mjs:1333:34[90m)[39m
    at [90m/home/runner/work/jasper-ui/jasper-ui/[39mdist/test-out/20251022T171914093Z-a6e8f88a/node_modules/[4m@angular[24m/core/fesm2022/testing.mjs:1339:29
    at Array.forEach (&lt;anonymous&gt;)
    at queueTypesFromModulesArrayRecur [90m(/home/runner/work/jasper-ui/jasper-ui/[39mdist/test-out/20251022T171914093Z-a6e8f88a/node_modules/[4m@angular[24m/core/fesm2022/testing.mjs:1333:34[90m)[39m
    at [90m/home/runner/work/jasper-ui/jasper-ui/[39mdist/test-out/20251022T171914093Z-a6e8f88a/node_modules/[4m@angular[24m/core/fesm2022/testing.mjs:1339:29
    at Array.forEach (&lt;anonymous&gt;)

            </system-err>
            <failure message="Cannot read properties of undefined (reading &apos;ɵcmp&apos;)" type="TypeError">
TypeError: Cannot read properties of undefined (reading &apos;ɵcmp&apos;)
 ❯ getComponentDef node_modules/@angular/core/fesm2022/testing.mjs:1605:18
 ❯ isStandaloneComponent node_modules/@angular/core/fesm2022/testing.mjs:1601:17
 ❯ node_modules/@angular/core/fesm2022/testing.mjs:1338:29
 ❯ queueTypesFromModulesArrayRecur node_modules/@angular/core/fesm2022/testing.mjs:1333:34
 ❯ node_modules/@angular/core/fesm2022/testing.mjs:1339:29
 ❯ queueTypesFromModulesArrayRecur node_modules/@angular/core/fesm2022/testing.mjs:1333:34
 ❯ node_modules/@angular/core/fesm2022/testing.mjs:1339:29
            </failure>
        </testcase>
    </testsuite>
    <testsuite name="dist/test-out/20251022T171914093Z-a6e8f88a/spec-app-page-inbox-sent-sent.component.spec.js" timestamp="2025-10-22T17:21:30.495Z" hostname="runnervmwhb2z" tests="1" failures="1" errors="0" skipped="0" time="0.096227482">
        <testcase classname="dist/test-out/20251022T171914093Z-a6e8f88a/spec-app-page-inbox-sent-sent.component.spec.js" name="InboxSentPage &gt; should create" time="0.094549252">
            <system-err>
TypeError: Cannot read properties of undefined (reading &apos;ɵcmp&apos;)
    at getComponentDef [90m(/home/runner/work/jasper-ui/jasper-ui/[39mdist/test-out/20251022T171914093Z-a6e8f88a/node_modules/[4m@angular[24m/core/fesm2022/testing.mjs:1605:18[90m)[39m
    at isStandaloneComponent [90m(/home/runner/work/jasper-ui/jasper-ui/[39mdist/test-out/20251022T171914093Z-a6e8f88a/node_modules/[4m@angular[24m/core/fesm2022/testing.mjs:1601:17[90m)[39m
    at [90m/home/runner/work/jasper-ui/jasper-ui/[39mdist/test-out/20251022T171914093Z-a6e8f88a/node_modules/[4m@angular[24m/core/fesm2022/testing.mjs:1338:29
    at Array.forEach (&lt;anonymous&gt;)
    at queueTypesFromModulesArrayRecur [90m(/home/runner/work/jasper-ui/jasper-ui/[39mdist/test-out/20251022T171914093Z-a6e8f88a/node_modules/[4m@angular[24m/core/fesm2022/testing.mjs:1333:34[90m)[39m
    at [90m/home/runner/work/jasper-ui/jasper-ui/[39mdist/test-out/20251022T171914093Z-a6e8f88a/node_modules/[4m@angular[24m/core/fesm2022/testing.mjs:1339:29
    at Array.forEach (&lt;anonymous&gt;)
    at queueTypesFromModulesArrayRecur [90m(/home/runner/work/jasper-ui/jasper-ui/[39mdist/test-out/20251022T171914093Z-a6e8f88a/node_modules/[4m@angular[24m/core/fesm2022/testing.mjs:1333:34[90m)[39m
    at [90m/home/runner/work/jasper-ui/jasper-ui/[39mdist/test-out/20251022T171914093Z-a6e8f88a/node_modules/[4m@angular[24m/core/fesm2022/testing.mjs:1339:29
    at Array.forEach (&lt;anonymous&gt;)

            </system-err>
            <failure message="Cannot read properties of undefined (reading &apos;ɵcmp&apos;)" type="TypeError">
TypeError: Cannot read properties of undefined (reading &apos;ɵcmp&apos;)
 ❯ getComponentDef node_modules/@angular/core/fesm2022/testing.mjs:1605:18
 ❯ isStandaloneComponent node_modules/@angular/core/fesm2022/testing.mjs:1601:17
 ❯ node_modules/@angular/core/fesm2022/testing.mjs:1338:29
 ❯ queueTypesFromModulesArrayRecur node_modules/@angular/core/fesm2022/testing.mjs:1333:34
 ❯ node_modules/@angular/core/fesm2022/testing.mjs:1339:29
 ❯ queueTypesFromModulesArrayRecur node_modules/@angular/core/fesm2022/testing.mjs:1333:34
 ❯ node_modules/@angular/core/fesm2022/testing.mjs:1339:29
            </failure>
        </testcase>
    </testsuite>
    <testsuite name="dist/test-out/20251022T171914093Z-a6e8f88a/spec-app-page-inbox-unread-unread.component.spec.js" timestamp="2025-10-22T17:21:30.496Z" hostname="runnervmwhb2z" tests="1" failures="1" errors="0" skipped="0" time="0.106717289">
        <testcase classname="dist/test-out/20251022T171914093Z-a6e8f88a/spec-app-page-inbox-unread-unread.component.spec.js" name="InboxUnreadPage &gt; should create" time="0.105196263">
            <system-err>
TypeError: Cannot read properties of undefined (reading &apos;ɵcmp&apos;)
    at getComponentDef [90m(/home/runner/work/jasper-ui/jasper-ui/[39mdist/test-out/20251022T171914093Z-a6e8f88a/node_modules/[4m@angular[24m/core/fesm2022/testing.mjs:1605:18[90m)[39m
    at isStandaloneComponent [90m(/home/runner/work/jasper-ui/jasper-ui/[39mdist/test-out/20251022T171914093Z-a6e8f88a/node_modules/[4m@angular[24m/core/fesm2022/testing.mjs:1601:17[90m)[39m
    at [90m/home/runner/work/jasper-ui/jasper-ui/[39mdist/test-out/20251022T171914093Z-a6e8f88a/node_modules/[4m@angular[24m/core/fesm2022/testing.mjs:1338:29
    at Array.forEach (&lt;anonymous&gt;)
    at queueTypesFromModulesArrayRecur [90m(/home/runner/work/jasper-ui/jasper-ui/[39mdist/test-out/20251022T171914093Z-a6e8f88a/node_modules/[4m@angular[24m/core/fesm2022/testing.mjs:1333:34[90m)[39m
    at [90m/home/runner/work/jasper-ui/jasper-ui/[39mdist/test-out/20251022T171914093Z-a6e8f88a/node_modules/[4m@angular[24m/core/fesm2022/testing.mjs:1339:29
    at Array.forEach (&lt;anonymous&gt;)
    at queueTypesFromModulesArrayRecur [90m(/home/runner/work/jasper-ui/jasper-ui/[39mdist/test-out/20251022T171914093Z-a6e8f88a/node_modules/[4m@angular[24m/core/fesm2022/testing.mjs:1333:34[90m)[39m
    at [90m/home/runner/work/jasper-ui/jasper-ui/[39mdist/test-out/20251022T171914093Z-a6e8f88a/node_modules/[4m@angular[24m/core/fesm2022/testing.mjs:1339:29
    at Array.forEach (&lt;anonymous&gt;)

            </system-err>
            <failure message="Cannot read properties of undefined (reading &apos;ɵcmp&apos;)" type="TypeError">
TypeError: Cannot read properties of undefined (reading &apos;ɵcmp&apos;)
 ❯ getComponentDef node_modules/@angular/core/fesm2022/testing.mjs:1605:18
 ❯ isStandaloneComponent node_modules/@angular/core/fesm2022/testing.mjs:1601:17
 ❯ node_modules/@angular/core/fesm2022/testing.mjs:1338:29
 ❯ queueTypesFromModulesArrayRecur node_modules/@angular/core/fesm2022/testing.mjs:1333:34
 ❯ node_modules/@angular/core/fesm2022/testing.mjs:1339:29
 ❯ queueTypesFromModulesArrayRecur node_modules/@angular/core/fesm2022/testing.mjs:1333:34
 ❯ node_modules/@angular/core/fesm2022/testing.mjs:1339:29
            </failure>
        </testcase>
    </testsuite>
    <testsuite name="dist/test-out/20251022T171914093Z-a6e8f88a/spec-app-page-login-login.component.spec.js" timestamp="2025-10-22T17:21:30.497Z" hostname="runnervmwhb2z" tests="1" failures="0" errors="0" skipped="0" time="0.073656166">
        <testcase classname="dist/test-out/20251022T171914093Z-a6e8f88a/spec-app-page-login-login.component.spec.js" name="LoginPage &gt; should create" time="0.071988166">
        </testcase>
    </testsuite>
    <testsuite name="dist/test-out/20251022T171914093Z-a6e8f88a/spec-app-page-ref-alts-alts.component.spec.js" timestamp="2025-10-22T17:21:30.497Z" hostname="runnervmwhb2z" tests="1" failures="1" errors="0" skipped="0" time="0.083820521">
        <testcase classname="dist/test-out/20251022T171914093Z-a6e8f88a/spec-app-page-ref-alts-alts.component.spec.js" name="AltsComponent &gt; should create" time="0.082236147">
            <system-err>
TypeError: Cannot read properties of undefined (reading &apos;ɵcmp&apos;)
    at getComponentDef [90m(/home/runner/work/jasper-ui/jasper-ui/[39mdist/test-out/20251022T171914093Z-a6e8f88a/node_modules/[4m@angular[24m/core/fesm2022/testing.mjs:1605:18[90m)[39m
    at isStandaloneComponent [90m(/home/runner/work/jasper-ui/jasper-ui/[39mdist/test-out/20251022T171914093Z-a6e8f88a/node_modules/[4m@angular[24m/core/fesm2022/testing.mjs:1601:17[90m)[39m
    at [90m/home/runner/work/jasper-ui/jasper-ui/[39mdist/test-out/20251022T171914093Z-a6e8f88a/node_modules/[4m@angular[24m/core/fesm2022/testing.mjs:1338:29
    at Array.forEach (&lt;anonymous&gt;)
    at queueTypesFromModulesArrayRecur [90m(/home/runner/work/jasper-ui/jasper-ui/[39mdist/test-out/20251022T171914093Z-a6e8f88a/node_modules/[4m@angular[24m/core/fesm2022/testing.mjs:1333:34[90m)[39m
    at [90m/home/runner/work/jasper-ui/jasper-ui/[39mdist/test-out/20251022T171914093Z-a6e8f88a/node_modules/[4m@angular[24m/core/fesm2022/testing.mjs:1339:29
    at Array.forEach (&lt;anonymous&gt;)
    at queueTypesFromModulesArrayRecur [90m(/home/runner/work/jasper-ui/jasper-ui/[39mdist/test-out/20251022T171914093Z-a6e8f88a/node_modules/[4m@angular[24m/core/fesm2022/testing.mjs:1333:34[90m)[39m
    at [90m/home/runner/work/jasper-ui/jasper-ui/[39mdist/test-out/20251022T171914093Z-a6e8f88a/node_modules/[4m@angular[24m/core/fesm2022/testing.mjs:1339:29
    at Array.forEach (&lt;anonymous&gt;)

            </system-err>
            <failure message="Cannot read properties of undefined (reading &apos;ɵcmp&apos;)" type="TypeError">
TypeError: Cannot read properties of undefined (reading &apos;ɵcmp&apos;)
 ❯ getComponentDef node_modules/@angular/core/fesm2022/testing.mjs:1605:18
 ❯ isStandaloneComponent node_modules/@angular/core/fesm2022/testing.mjs:1601:17
 ❯ node_modules/@angular/core/fesm2022/testing.mjs:1338:29
 ❯ queueTypesFromModulesArrayRecur node_modules/@angular/core/fesm2022/testing.mjs:1333:34
 ❯ node_modules/@angular/core/fesm2022/testing.mjs:1339:29
 ❯ queueTypesFromModulesArrayRecur node_modules/@angular/core/fesm2022/testing.mjs:1333:34
 ❯ node_modules/@angular/core/fesm2022/testing.mjs:1339:29
            </failure>
        </testcase>
    </testsuite>
    <testsuite name="dist/test-out/20251022T171914093Z-a6e8f88a/spec-app-page-ref-comments-comments.component.spec.js" timestamp="2025-10-22T17:21:30.497Z" hostname="runnervmwhb2z" tests="1" failures="1" errors="0" skipped="0" time="0.073874644">
        <testcase classname="dist/test-out/20251022T171914093Z-a6e8f88a/spec-app-page-ref-comments-comments.component.spec.js" name="RefCommentsComponent &gt; should create" time="0.072467712">
            <system-err>
TypeError: Cannot read properties of undefined (reading &apos;ɵcmp&apos;)
    at getComponentDef [90m(/home/runner/work/jasper-ui/jasper-ui/[39mdist/test-out/20251022T171914093Z-a6e8f88a/node_modules/[4m@angular[24m/core/fesm2022/testing.mjs:1605:18[90m)[39m
    at isStandaloneComponent [90m(/home/runner/work/jasper-ui/jasper-ui/[39mdist/test-out/20251022T171914093Z-a6e8f88a/node_modules/[4m@angular[24m/core/fesm2022/testing.mjs:1601:17[90m)[39m
    at [90m/home/runner/work/jasper-ui/jasper-ui/[39mdist/test-out/20251022T171914093Z-a6e8f88a/node_modules/[4m@angular[24m/core/fesm2022/testing.mjs:1338:29
    at Array.forEach (&lt;anonymous&gt;)
    at queueTypesFromModulesArrayRecur [90m(/home/runner/work/jasper-ui/jasper-ui/[39mdist/test-out/20251022T171914093Z-a6e8f88a/node_modules/[4m@angular[24m/core/fesm2022/testing.mjs:1333:34[90m)[39m
    at [90m/home/runner/work/jasper-ui/jasper-ui/[39mdist/test-out/20251022T171914093Z-a6e8f88a/node_modules/[4m@angular[24m/core/fesm2022/testing.mjs:1339:29
    at Array.forEach (&lt;anonymous&gt;)
    at queueTypesFromModulesArrayRecur [90m(/home/runner/work/jasper-ui/jasper-ui/[39mdist/test-out/20251022T171914093Z-a6e8f88a/node_modules/[4m@angular[24m/core/fesm2022/testing.mjs:1333:34[90m)[39m
    at TestBedCompiler.queueTypesFromModulesArray [90m(/home/runner/work/jasper-ui/jasper-ui/[39mdist/test-out/20251022T171914093Z-a6e8f88a/node_modules/[4m@angular[24m/core/fesm2022/testing.mjs:1348:9[90m)[39m
    at TestBedCompiler.configureTestingModule [90m(/home/runner/work/jasper-ui/jasper-ui/[39mdist/test-out/20251022T171914093Z-a6e8f88a/node_modules/[4m@angular[24m/core/fesm2022/testing.mjs:856:18[90m)[39m

            </system-err>
            <failure message="Cannot read properties of undefined (reading &apos;ɵcmp&apos;)" type="TypeError">
TypeError: Cannot read properties of undefined (reading &apos;ɵcmp&apos;)
 ❯ getComponentDef node_modules/@angular/core/fesm2022/testing.mjs:1605:18
 ❯ isStandaloneComponent node_modules/@angular/core/fesm2022/testing.mjs:1601:17
 ❯ node_modules/@angular/core/fesm2022/testing.mjs:1338:29
 ❯ queueTypesFromModulesArrayRecur node_modules/@angular/core/fesm2022/testing.mjs:1333:34
 ❯ node_modules/@angular/core/fesm2022/testing.mjs:1339:29
 ❯ queueTypesFromModulesArrayRecur node_modules/@angular/core/fesm2022/testing.mjs:1333:34
 ❯ TestBedCompiler.queueTypesFromModulesArray node_modules/@angular/core/fesm2022/testing.mjs:1348:9
 ❯ TestBedCompiler.configureTestingModule node_modules/@angular/core/fesm2022/testing.mjs:856:18
            </failure>
        </testcase>
    </testsuite>
    <testsuite name="dist/test-out/20251022T171914093Z-a6e8f88a/spec-app-page-ref-errors-errors.component.spec.js" timestamp="2025-10-22T17:21:30.498Z" hostname="runnervmwhb2z" tests="1" failures="1" errors="0" skipped="0" time="0.06973981">
        <testcase classname="dist/test-out/20251022T171914093Z-a6e8f88a/spec-app-page-ref-errors-errors.component.spec.js" name="RefErrorsComponent &gt; should create" time="0.068459804">
            <system-err>
TypeError: Cannot read properties of undefined (reading &apos;ɵcmp&apos;)
    at getComponentDef [90m(/home/runner/work/jasper-ui/jasper-ui/[39mdist/test-out/20251022T171914093Z-a6e8f88a/node_modules/[4m@angular[24m/core/fesm2022/testing.mjs:1605:18[90m)[39m
    at isStandaloneComponent [90m(/home/runner/work/jasper-ui/jasper-ui/[39mdist/test-out/20251022T171914093Z-a6e8f88a/node_modules/[4m@angular[24m/core/fesm2022/testing.mjs:1601:17[90m)[39m
    at [90m/home/runner/work/jasper-ui/jasper-ui/[39mdist/test-out/20251022T171914093Z-a6e8f88a/node_modules/[4m@angular[24m/core/fesm2022/testing.mjs:1338:29
    at Array.forEach (&lt;anonymous&gt;)
    at queueTypesFromModulesArrayRecur [90m(/home/runner/work/jasper-ui/jasper-ui/[39mdist/test-out/20251022T171914093Z-a6e8f88a/node_modules/[4m@angular[24m/core/fesm2022/testing.mjs:1333:34[90m)[39m
    at [90m/home/runner/work/jasper-ui/jasper-ui/[39mdist/test-out/20251022T171914093Z-a6e8f88a/node_modules/[4m@angular[24m/core/fesm2022/testing.mjs:1339:29
    at Array.forEach (&lt;anonymous&gt;)
    at queueTypesFromModulesArrayRecur [90m(/home/runner/work/jasper-ui/jasper-ui/[39mdist/test-out/20251022T171914093Z-a6e8f88a/node_modules/[4m@angular[24m/core/fesm2022/testing.mjs:1333:34[90m)[39m
    at [90m/home/runner/work/jasper-ui/jasper-ui/[39mdist/test-out/20251022T171914093Z-a6e8f88a/node_modules/[4m@angular[24m/core/fesm2022/testing.mjs:1339:29
    at Array.forEach (&lt;anonymous&gt;)

            </system-err>
            <failure message="Cannot read properties of undefined (reading &apos;ɵcmp&apos;)" type="TypeError">
TypeError: Cannot read properties of undefined (reading &apos;ɵcmp&apos;)
 ❯ getComponentDef node_modules/@angular/core/fesm2022/testing.mjs:1605:18
 ❯ isStandaloneComponent node_modules/@angular/core/fesm2022/testing.mjs:1601:17
 ❯ node_modules/@angular/core/fesm2022/testing.mjs:1338:29
 ❯ queueTypesFromModulesArrayRecur node_modules/@angular/core/fesm2022/testing.mjs:1333:34
 ❯ node_modules/@angular/core/fesm2022/testing.mjs:1339:29
 ❯ queueTypesFromModulesArrayRecur node_modules/@angular/core/fesm2022/testing.mjs:1333:34
 ❯ node_modules/@angular/core/fesm2022/testing.mjs:1339:29
            </failure>
        </testcase>
    </testsuite>
    <testsuite name="dist/test-out/20251022T171914093Z-a6e8f88a/spec-app-page-ref-ref.component.spec.js" timestamp="2025-10-22T17:21:30.499Z" hostname="runnervmwhb2z" tests="1" failures="1" errors="0" skipped="0" time="0.093022457">
        <testcase classname="dist/test-out/20251022T171914093Z-a6e8f88a/spec-app-page-ref-ref.component.spec.js" name="RefPage &gt; should create" time="0.091509945">
            <system-err>
TypeError: Cannot read properties of undefined (reading &apos;ɵcmp&apos;)
    at getComponentDef [90m(/home/runner/work/jasper-ui/jasper-ui/[39mdist/test-out/20251022T171914093Z-a6e8f88a/node_modules/[4m@angular[24m/core/fesm2022/testing.mjs:1605:18[90m)[39m
    at isStandaloneComponent [90m(/home/runner/work/jasper-ui/jasper-ui/[39mdist/test-out/20251022T171914093Z-a6e8f88a/node_modules/[4m@angular[24m/core/fesm2022/testing.mjs:1601:17[90m)[39m
    at [90m/home/runner/work/jasper-ui/jasper-ui/[39mdist/test-out/20251022T171914093Z-a6e8f88a/node_modules/[4m@angular[24m/core/fesm2022/testing.mjs:1338:29
    at Array.forEach (&lt;anonymous&gt;)
    at queueTypesFromModulesArrayRecur [90m(/home/runner/work/jasper-ui/jasper-ui/[39mdist/test-out/20251022T171914093Z-a6e8f88a/node_modules/[4m@angular[24m/core/fesm2022/testing.mjs:1333:34[90m)[39m
    at [90m/home/runner/work/jasper-ui/jasper-ui/[39mdist/test-out/20251022T171914093Z-a6e8f88a/node_modules/[4m@angular[24m/core/fesm2022/testing.mjs:1339:29
    at Array.forEach (&lt;anonymous&gt;)
    at queueTypesFromModulesArrayRecur [90m(/home/runner/work/jasper-ui/jasper-ui/[39mdist/test-out/20251022T171914093Z-a6e8f88a/node_modules/[4m@angular[24m/core/fesm2022/testing.mjs:1333:34[90m)[39m
    at [90m/home/runner/work/jasper-ui/jasper-ui/[39mdist/test-out/20251022T171914093Z-a6e8f88a/node_modules/[4m@angular[24m/core/fesm2022/testing.mjs:1339:29
    at Array.forEach (&lt;anonymous&gt;)

            </system-err>
            <failure message="Cannot read properties of undefined (reading &apos;ɵcmp&apos;)" type="TypeError">
TypeError: Cannot read properties of undefined (reading &apos;ɵcmp&apos;)
 ❯ getComponentDef node_modules/@angular/core/fesm2022/testing.mjs:1605:18
 ❯ isStandaloneComponent node_modules/@angular/core/fesm2022/testing.mjs:1601:17
 ❯ node_modules/@angular/core/fesm2022/testing.mjs:1338:29
 ❯ queueTypesFromModulesArrayRecur node_modules/@angular/core/fesm2022/testing.mjs:1333:34
 ❯ node_modules/@angular/core/fesm2022/testing.mjs:1339:29
 ❯ queueTypesFromModulesArrayRecur node_modules/@angular/core/fesm2022/testing.mjs:1333:34
 ❯ node_modules/@angular/core/fesm2022/testing.mjs:1339:29
            </failure>
        </testcase>
    </testsuite>
    <testsuite name="dist/test-out/20251022T171914093Z-a6e8f88a/spec-app-page-ref-responses-responses.component.spec.js" timestamp="2025-10-22T17:21:30.499Z" hostname="runnervmwhb2z" tests="1" failures="1" errors="0" skipped="0" time="0.09026632">
        <testcase classname="dist/test-out/20251022T171914093Z-a6e8f88a/spec-app-page-ref-responses-responses.component.spec.js" name="RefResponsesComponent &gt; should create" time="0.08885464">
            <system-err>
TypeError: Cannot read properties of undefined (reading &apos;ɵcmp&apos;)
    at getComponentDef [90m(/home/runner/work/jasper-ui/jasper-ui/[39mdist/test-out/20251022T171914093Z-a6e8f88a/node_modules/[4m@angular[24m/core/fesm2022/testing.mjs:1605:18[90m)[39m
    at isStandaloneComponent [90m(/home/runner/work/jasper-ui/jasper-ui/[39mdist/test-out/20251022T171914093Z-a6e8f88a/node_modules/[4m@angular[24m/core/fesm2022/testing.mjs:1601:17[90m)[39m
    at [90m/home/runner/work/jasper-ui/jasper-ui/[39mdist/test-out/20251022T171914093Z-a6e8f88a/node_modules/[4m@angular[24m/core/fesm2022/testing.mjs:1338:29
    at Array.forEach (&lt;anonymous&gt;)
    at queueTypesFromModulesArrayRecur [90m(/home/runner/work/jasper-ui/jasper-ui/[39mdist/test-out/20251022T171914093Z-a6e8f88a/node_modules/[4m@angular[24m/core/fesm2022/testing.mjs:1333:34[90m)[39m
    at [90m/home/runner/work/jasper-ui/jasper-ui/[39mdist/test-out/20251022T171914093Z-a6e8f88a/node_modules/[4m@angular[24m/core/fesm2022/testing.mjs:1339:29
    at Array.forEach (&lt;anonymous&gt;)
    at queueTypesFromModulesArrayRecur [90m(/home/runner/work/jasper-ui/jasper-ui/[39mdist/test-out/20251022T171914093Z-a6e8f88a/node_modules/[4m@angular[24m/core/fesm2022/testing.mjs:1333:34[90m)[39m
    at [90m/home/runner/work/jasper-ui/jasper-ui/[39mdist/test-out/20251022T171914093Z-a6e8f88a/node_modules/[4m@angular[24m/core/fesm2022/testing.mjs:1339:29
    at Array.forEach (&lt;anonymous&gt;)

            </system-err>
            <failure message="Cannot read properties of undefined (reading &apos;ɵcmp&apos;)" type="TypeError">
TypeError: Cannot read properties of undefined (reading &apos;ɵcmp&apos;)
 ❯ getComponentDef node_modules/@angular/core/fesm2022/testing.mjs:1605:18
 ❯ isStandaloneComponent node_modules/@angular/core/fesm2022/testing.mjs:1601:17
 ❯ node_modules/@angular/core/fesm2022/testing.mjs:1338:29
 ❯ queueTypesFromModulesArrayRecur node_modules/@angular/core/fesm2022/testing.mjs:1333:34
 ❯ node_modules/@angular/core/fesm2022/testing.mjs:1339:29
 ❯ queueTypesFromModulesArrayRecur node_modules/@angular/core/fesm2022/testing.mjs:1333:34
 ❯ node_modules/@angular/core/fesm2022/testing.mjs:1339:29
            </failure>
        </testcase>
    </testsuite>
    <testsuite name="dist/test-out/20251022T171914093Z-a6e8f88a/spec-app-page-ref-sources-sources.component.spec.js" timestamp="2025-10-22T17:21:30.500Z" hostname="runnervmwhb2z" tests="1" failures="1" errors="0" skipped="0" time="0.12087136">
        <testcase classname="dist/test-out/20251022T171914093Z-a6e8f88a/spec-app-page-ref-sources-sources.component.spec.js" name="RefSourcesComponent &gt; should create" time="0.118983057">
            <system-err>
TypeError: Cannot read properties of undefined (reading &apos;ɵcmp&apos;)
    at getComponentDef [90m(/home/runner/work/jasper-ui/jasper-ui/[39mdist/test-out/20251022T171914093Z-a6e8f88a/node_modules/[4m@angular[24m/core/fesm2022/testing.mjs:1605:18[90m)[39m
    at isStandaloneComponent [90m(/home/runner/work/jasper-ui/jasper-ui/[39mdist/test-out/20251022T171914093Z-a6e8f88a/node_modules/[4m@angular[24m/core/fesm2022/testing.mjs:1601:17[90m)[39m
    at [90m/home/runner/work/jasper-ui/jasper-ui/[39mdist/test-out/20251022T171914093Z-a6e8f88a/node_modules/[4m@angular[24m/core/fesm2022/testing.mjs:1338:29
    at Array.forEach (&lt;anonymous&gt;)
    at queueTypesFromModulesArrayRecur [90m(/home/runner/work/jasper-ui/jasper-ui/[39mdist/test-out/20251022T171914093Z-a6e8f88a/node_modules/[4m@angular[24m/core/fesm2022/testing.mjs:1333:34[90m)[39m
    at [90m/home/runner/work/jasper-ui/jasper-ui/[39mdist/test-out/20251022T171914093Z-a6e8f88a/node_modules/[4m@angular[24m/core/fesm2022/testing.mjs:1339:29
    at Array.forEach (&lt;anonymous&gt;)
    at queueTypesFromModulesArrayRecur [90m(/home/runner/work/jasper-ui/jasper-ui/[39mdist/test-out/20251022T171914093Z-a6e8f88a/node_modules/[4m@angular[24m/core/fesm2022/testing.mjs:1333:34[90m)[39m
    at [90m/home/runner/work/jasper-ui/jasper-ui/[39mdist/test-out/20251022T171914093Z-a6e8f88a/node_modules/[4m@angular[24m/core/fesm2022/testing.mjs:1339:29
    at Array.forEach (&lt;anonymous&gt;)

            </system-err>
            <failure message="Cannot read properties of undefined (reading &apos;ɵcmp&apos;)" type="TypeError">
TypeError: Cannot read properties of undefined (reading &apos;ɵcmp&apos;)
 ❯ getComponentDef node_modules/@angular/core/fesm2022/testing.mjs:1605:18
 ❯ isStandaloneComponent node_modules/@angular/core/fesm2022/testing.mjs:1601:17
 ❯ node_modules/@angular/core/fesm2022/testing.mjs:1338:29
 ❯ queueTypesFromModulesArrayRecur node_modules/@angular/core/fesm2022/testing.mjs:1333:34
 ❯ node_modules/@angular/core/fesm2022/testing.mjs:1339:29
 ❯ queueTypesFromModulesArrayRecur node_modules/@angular/core/fesm2022/testing.mjs:1333:34
 ❯ node_modules/@angular/core/fesm2022/testing.mjs:1339:29
            </failure>
        </testcase>
    </testsuite>
    <testsuite name="dist/test-out/20251022T171914093Z-a6e8f88a/spec-app-page-ref-summary-summary.component.spec.js" timestamp="2025-10-22T17:21:30.500Z" hostname="runnervmwhb2z" tests="1" failures="1" errors="0" skipped="0" time="0.090137338">
        <testcase classname="dist/test-out/20251022T171914093Z-a6e8f88a/spec-app-page-ref-summary-summary.component.spec.js" name="RefSummaryComponent &gt; should create" time="0.088452274">
            <system-err>
TypeError: Cannot read properties of undefined (reading &apos;ɵcmp&apos;)
    at getComponentDef [90m(/home/runner/work/jasper-ui/jasper-ui/[39mdist/test-out/20251022T171914093Z-a6e8f88a/node_modules/[4m@angular[24m/core/fesm2022/testing.mjs:1605:18[90m)[39m
    at isStandaloneComponent [90m(/home/runner/work/jasper-ui/jasper-ui/[39mdist/test-out/20251022T171914093Z-a6e8f88a/node_modules/[4m@angular[24m/core/fesm2022/testing.mjs:1601:17[90m)[39m
    at [90m/home/runner/work/jasper-ui/jasper-ui/[39mdist/test-out/20251022T171914093Z-a6e8f88a/node_modules/[4m@angular[24m/core/fesm2022/testing.mjs:1338:29
    at Array.forEach (&lt;anonymous&gt;)
    at queueTypesFromModulesArrayRecur [90m(/home/runner/work/jasper-ui/jasper-ui/[39mdist/test-out/20251022T171914093Z-a6e8f88a/node_modules/[4m@angular[24m/core/fesm2022/testing.mjs:1333:34[90m)[39m
    at [90m/home/runner/work/jasper-ui/jasper-ui/[39mdist/test-out/20251022T171914093Z-a6e8f88a/node_modules/[4m@angular[24m/core/fesm2022/testing.mjs:1339:29
    at Array.forEach (&lt;anonymous&gt;)
    at queueTypesFromModulesArrayRecur [90m(/home/runner/work/jasper-ui/jasper-ui/[39mdist/test-out/20251022T171914093Z-a6e8f88a/node_modules/[4m@angular[24m/core/fesm2022/testing.mjs:1333:34[90m)[39m
    at [90m/home/runner/work/jasper-ui/jasper-ui/[39mdist/test-out/20251022T171914093Z-a6e8f88a/node_modules/[4m@angular[24m/core/fesm2022/testing.mjs:1339:29
    at Array.forEach (&lt;anonymous&gt;)

            </system-err>
            <failure message="Cannot read properties of undefined (reading &apos;ɵcmp&apos;)" type="TypeError">
TypeError: Cannot read properties of undefined (reading &apos;ɵcmp&apos;)
 ❯ getComponentDef node_modules/@angular/core/fesm2022/testing.mjs:1605:18
 ❯ isStandaloneComponent node_modules/@angular/core/fesm2022/testing.mjs:1601:17
 ❯ node_modules/@angular/core/fesm2022/testing.mjs:1338:29
 ❯ queueTypesFromModulesArrayRecur node_modules/@angular/core/fesm2022/testing.mjs:1333:34
 ❯ node_modules/@angular/core/fesm2022/testing.mjs:1339:29
 ❯ queueTypesFromModulesArrayRecur node_modules/@angular/core/fesm2022/testing.mjs:1333:34
 ❯ node_modules/@angular/core/fesm2022/testing.mjs:1339:29
            </failure>
        </testcase>
    </testsuite>
    <testsuite name="dist/test-out/20251022T171914093Z-a6e8f88a/spec-app-page-ref-thread-thread.component.spec.js" timestamp="2025-10-22T17:21:30.501Z" hostname="runnervmwhb2z" tests="1" failures="1" errors="0" skipped="0" time="0.091323488">
        <testcase classname="dist/test-out/20251022T171914093Z-a6e8f88a/spec-app-page-ref-thread-thread.component.spec.js" name="RefThreadComponent &gt; should create" time="0.089734894">
            <system-err>
TypeError: Cannot read properties of undefined (reading &apos;ɵcmp&apos;)
    at getComponentDef [90m(/home/runner/work/jasper-ui/jasper-ui/[39mdist/test-out/20251022T171914093Z-a6e8f88a/node_modules/[4m@angular[24m/core/fesm2022/testing.mjs:1605:18[90m)[39m
    at isStandaloneComponent [90m(/home/runner/work/jasper-ui/jasper-ui/[39mdist/test-out/20251022T171914093Z-a6e8f88a/node_modules/[4m@angular[24m/core/fesm2022/testing.mjs:1601:17[90m)[39m
    at [90m/home/runner/work/jasper-ui/jasper-ui/[39mdist/test-out/20251022T171914093Z-a6e8f88a/node_modules/[4m@angular[24m/core/fesm2022/testing.mjs:1338:29
    at Array.forEach (&lt;anonymous&gt;)
    at queueTypesFromModulesArrayRecur [90m(/home/runner/work/jasper-ui/jasper-ui/[39mdist/test-out/20251022T171914093Z-a6e8f88a/node_modules/[4m@angular[24m/core/fesm2022/testing.mjs:1333:34[90m)[39m
    at [90m/home/runner/work/jasper-ui/jasper-ui/[39mdist/test-out/20251022T171914093Z-a6e8f88a/node_modules/[4m@angular[24m/core/fesm2022/testing.mjs:1339:29
    at Array.forEach (&lt;anonymous&gt;)
    at queueTypesFromModulesArrayRecur [90m(/home/runner/work/jasper-ui/jasper-ui/[39mdist/test-out/20251022T171914093Z-a6e8f88a/node_modules/[4m@angular[24m/core/fesm2022/testing.mjs:1333:34[90m)[39m
    at [90m/home/runner/work/jasper-ui/jasper-ui/[39mdist/test-out/20251022T171914093Z-a6e8f88a/node_modules/[4m@angular[24m/core/fesm2022/testing.mjs:1339:29
    at Array.forEach (&lt;anonymous&gt;)

            </system-err>
            <failure message="Cannot read properties of undefined (reading &apos;ɵcmp&apos;)" type="TypeError">
TypeError: Cannot read properties of undefined (reading &apos;ɵcmp&apos;)
 ❯ getComponentDef node_modules/@angular/core/fesm2022/testing.mjs:1605:18
 ❯ isStandaloneComponent node_modules/@angular/core/fesm2022/testing.mjs:1601:17
 ❯ node_modules/@angular/core/fesm2022/testing.mjs:1338:29
 ❯ queueTypesFromModulesArrayRecur node_modules/@angular/core/fesm2022/testing.mjs:1333:34
 ❯ node_modules/@angular/core/fesm2022/testing.mjs:1339:29
 ❯ queueTypesFromModulesArrayRecur node_modules/@angular/core/fesm2022/testing.mjs:1333:34
 ❯ node_modules/@angular/core/fesm2022/testing.mjs:1339:29
            </failure>
        </testcase>
    </testsuite>
    <testsuite name="dist/test-out/20251022T171914093Z-a6e8f88a/spec-app-page-ref-versions-versions.component.spec.js" timestamp="2025-10-22T17:21:30.501Z" hostname="runnervmwhb2z" tests="1" failures="1" errors="0" skipped="0" time="0.078267725">
        <testcase classname="dist/test-out/20251022T171914093Z-a6e8f88a/spec-app-page-ref-versions-versions.component.spec.js" name="RefVersionsComponent &gt; should create" time="0.07677378">
            <system-err>
TypeError: Cannot read properties of undefined (reading &apos;ɵcmp&apos;)
    at getComponentDef [90m(/home/runner/work/jasper-ui/jasper-ui/[39mdist/test-out/20251022T171914093Z-a6e8f88a/node_modules/[4m@angular[24m/core/fesm2022/testing.mjs:1605:18[90m)[39m
    at isStandaloneComponent [90m(/home/runner/work/jasper-ui/jasper-ui/[39mdist/test-out/20251022T171914093Z-a6e8f88a/node_modules/[4m@angular[24m/core/fesm2022/testing.mjs:1601:17[90m)[39m
    at [90m/home/runner/work/jasper-ui/jasper-ui/[39mdist/test-out/20251022T171914093Z-a6e8f88a/node_modules/[4m@angular[24m/core/fesm2022/testing.mjs:1338:29
    at Array.forEach (&lt;anonymous&gt;)
    at queueTypesFromModulesArrayRecur [90m(/home/runner/work/jasper-ui/jasper-ui/[39mdist/test-out/20251022T171914093Z-a6e8f88a/node_modules/[4m@angular[24m/core/fesm2022/testing.mjs:1333:34[90m)[39m
    at [90m/home/runner/work/jasper-ui/jasper-ui/[39mdist/test-out/20251022T171914093Z-a6e8f88a/node_modules/[4m@angular[24m/core/fesm2022/testing.mjs:1339:29
    at Array.forEach (&lt;anonymous&gt;)
    at queueTypesFromModulesArrayRecur [90m(/home/runner/work/jasper-ui/jasper-ui/[39mdist/test-out/20251022T171914093Z-a6e8f88a/node_modules/[4m@angular[24m/core/fesm2022/testing.mjs:1333:34[90m)[39m
    at [90m/home/runner/work/jasper-ui/jasper-ui/[39mdist/test-out/20251022T171914093Z-a6e8f88a/node_modules/[4m@angular[24m/core/fesm2022/testing.mjs:1339:29
    at Array.forEach (&lt;anonymous&gt;)

            </system-err>
            <failure message="Cannot read properties of undefined (reading &apos;ɵcmp&apos;)" type="TypeError">
TypeError: Cannot read properties of undefined (reading &apos;ɵcmp&apos;)
 ❯ getComponentDef node_modules/@angular/core/fesm2022/testing.mjs:1605:18
 ❯ isStandaloneComponent node_modules/@angular/core/fesm2022/testing.mjs:1601:17
 ❯ node_modules/@angular/core/fesm2022/testing.mjs:1338:29
 ❯ queueTypesFromModulesArrayRecur node_modules/@angular/core/fesm2022/testing.mjs:1333:34
 ❯ node_modules/@angular/core/fesm2022/testing.mjs:1339:29
 ❯ queueTypesFromModulesArrayRecur node_modules/@angular/core/fesm2022/testing.mjs:1333:34
 ❯ node_modules/@angular/core/fesm2022/testing.mjs:1339:29
            </failure>
        </testcase>
    </testsuite>
    <testsuite name="dist/test-out/20251022T171914093Z-a6e8f88a/spec-app-page-settings-backup-backup.component.spec.js" timestamp="2025-10-22T17:21:30.502Z" hostname="runnervmwhb2z" tests="1" failures="1" errors="0" skipped="0" time="0.209287398">
        <testcase classname="dist/test-out/20251022T171914093Z-a6e8f88a/spec-app-page-settings-backup-backup.component.spec.js" name="SettingsBackupPage &gt; should create" time="0.208026167">
            <system-err>
TypeError: Cannot read properties of undefined (reading &apos;supports&apos;)
    at new _ModService [90m(/home/runner/work/jasper-ui/jasper-ui/[39mdist/test-out/20251022T171914093Z-a6e8f88a/src/app/service/mod.service.ts:19:17[90m)[39m
    at Object.ModService_Factory [as factory] [90m(/home/runner/work/jasper-ui/jasper-ui/[39mdist/test-out/20251022T171914093Z-a6e8f88a/chunk-2AZAYSYR.js:529:14[90m)[39m
    at [90m/home/runner/work/jasper-ui/jasper-ui/[39mdist/test-out/20251022T171914093Z-a6e8f88a/node_modules/[4m@angular[24m/core/fesm2022/root_effect_scheduler.mjs:2187:47
    at runInInjectorProfilerContext [90m(/home/runner/work/jasper-ui/jasper-ui/[39mdist/test-out/20251022T171914093Z-a6e8f88a/node_modules/[4m@angular[24m/core/fesm2022/root_effect_scheduler.mjs:746:9[90m)[39m
    at R3Injector.hydrate [90m(/home/runner/work/jasper-ui/jasper-ui/[39mdist/test-out/20251022T171914093Z-a6e8f88a/node_modules/[4m@angular[24m/core/fesm2022/root_effect_scheduler.mjs:2185:21[90m)[39m
    at R3Injector.get [90m(/home/runner/work/jasper-ui/jasper-ui/[39mdist/test-out/20251022T171914093Z-a6e8f88a/node_modules/[4m@angular[24m/core/fesm2022/root_effect_scheduler.mjs:2033:33[90m)[39m
    at R3Injector.get [90m(/home/runner/work/jasper-ui/jasper-ui/[39mdist/test-out/20251022T171914093Z-a6e8f88a/node_modules/[4m@angular[24m/core/fesm2022/root_effect_scheduler.mjs:2045:33[90m)[39m
    at ChainedInjector.get [90m(/home/runner/work/jasper-ui/jasper-ui/[39mdist/test-out/20251022T171914093Z-a6e8f88a/node_modules/[4m@angular[24m/core/fesm2022/debug_node.mjs:13404:36[90m)[39m
    at lookupTokenUsingModuleInjector [90m(/home/runner/work/jasper-ui/jasper-ui/[39mdist/test-out/20251022T171914093Z-a6e8f88a/node_modules/[4m@angular[24m/core/fesm2022/debug_node.mjs:1718:39[90m)[39m
    at getOrCreateInjectable [90m(/home/runner/work/jasper-ui/jasper-ui/[39mdist/test-out/20251022T171914093Z-a6e8f88a/node_modules/[4m@angular[24m/core/fesm2022/debug_node.mjs:1766:12[90m)[39m

            </system-err>
            <failure message="Cannot read properties of undefined (reading &apos;supports&apos;)" type="TypeError">
TypeError: Cannot read properties of undefined (reading &apos;supports&apos;)
 ❯ new _ModService src/app/service/mod.service.ts:19:17
 ❯ Object.ModService_Factory [as factory] chunk-2AZAYSYR.js:529:14
 ❯ node_modules/@angular/core/fesm2022/root_effect_scheduler.mjs:2187:47
 ❯ runInInjectorProfilerContext node_modules/@angular/core/fesm2022/root_effect_scheduler.mjs:746:9
 ❯ R3Injector.hydrate node_modules/@angular/core/fesm2022/root_effect_scheduler.mjs:2185:21
 ❯ R3Injector.get node_modules/@angular/core/fesm2022/root_effect_scheduler.mjs:2033:33
 ❯ R3Injector.get node_modules/@angular/core/fesm2022/root_effect_scheduler.mjs:2045:33
 ❯ ChainedInjector.get node_modules/@angular/core/fesm2022/debug_node.mjs:13404:36
 ❯ lookupTokenUsingModuleInjector node_modules/@angular/core/fesm2022/debug_node.mjs:1718:39
 ❯ getOrCreateInjectable node_modules/@angular/core/fesm2022/debug_node.mjs:1766:12
            </failure>
        </testcase>
    </testsuite>
    <testsuite name="dist/test-out/20251022T171914093Z-a6e8f88a/spec-app-page-settings-me-me.component.spec.js" timestamp="2025-10-22T17:21:30.503Z" hostname="runnervmwhb2z" tests="1" failures="1" errors="0" skipped="0" time="0.120702932">
        <testcase classname="dist/test-out/20251022T171914093Z-a6e8f88a/spec-app-page-settings-me-me.component.spec.js" name="SettingsMePage &gt; should create" time="0.112791791">
            <system-err>
TypeError: Cannot read properties of undefined (reading &apos;ɵcmp&apos;)
    at getComponentDef [90m(/home/runner/work/jasper-ui/jasper-ui/[39mdist/test-out/20251022T171914093Z-a6e8f88a/node_modules/[4m@angular[24m/core/fesm2022/testing.mjs:1605:18[90m)[39m
    at isStandaloneComponent [90m(/home/runner/work/jasper-ui/jasper-ui/[39mdist/test-out/20251022T171914093Z-a6e8f88a/node_modules/[4m@angular[24m/core/fesm2022/testing.mjs:1601:17[90m)[39m
    at [90m/home/runner/work/jasper-ui/jasper-ui/[39mdist/test-out/20251022T171914093Z-a6e8f88a/node_modules/[4m@angular[24m/core/fesm2022/testing.mjs:1338:29
    at Array.forEach (&lt;anonymous&gt;)
    at queueTypesFromModulesArrayRecur [90m(/home/runner/work/jasper-ui/jasper-ui/[39mdist/test-out/20251022T171914093Z-a6e8f88a/node_modules/[4m@angular[24m/core/fesm2022/testing.mjs:1333:34[90m)[39m
    at [90m/home/runner/work/jasper-ui/jasper-ui/[39mdist/test-out/20251022T171914093Z-a6e8f88a/node_modules/[4m@angular[24m/core/fesm2022/testing.mjs:1339:29
    at Array.forEach (&lt;anonymous&gt;)
    at queueTypesFromModulesArrayRecur [90m(/home/runner/work/jasper-ui/jasper-ui/[39mdist/test-out/20251022T171914093Z-a6e8f88a/node_modules/[4m@angular[24m/core/fesm2022/testing.mjs:1333:34[90m)[39m
    at [90m/home/runner/work/jasper-ui/jasper-ui/[39mdist/test-out/20251022T171914093Z-a6e8f88a/node_modules/[4m@angular[24m/core/fesm2022/testing.mjs:1339:29
    at Array.forEach (&lt;anonymous&gt;)

            </system-err>
            <failure message="Cannot read properties of undefined (reading &apos;ɵcmp&apos;)" type="TypeError">
TypeError: Cannot read properties of undefined (reading &apos;ɵcmp&apos;)
 ❯ getComponentDef node_modules/@angular/core/fesm2022/testing.mjs:1605:18
 ❯ isStandaloneComponent node_modules/@angular/core/fesm2022/testing.mjs:1601:17
 ❯ node_modules/@angular/core/fesm2022/testing.mjs:1338:29
 ❯ queueTypesFromModulesArrayRecur node_modules/@angular/core/fesm2022/testing.mjs:1333:34
 ❯ node_modules/@angular/core/fesm2022/testing.mjs:1339:29
 ❯ queueTypesFromModulesArrayRecur node_modules/@angular/core/fesm2022/testing.mjs:1333:34
 ❯ node_modules/@angular/core/fesm2022/testing.mjs:1339:29
            </failure>
        </testcase>
    </testsuite>
    <testsuite name="dist/test-out/20251022T171914093Z-a6e8f88a/spec-app-page-settings-password-password.component.spec.js" timestamp="2025-10-22T17:21:30.503Z" hostname="runnervmwhb2z" tests="1" failures="0" errors="0" skipped="0" time="0.103961414">
        <testcase classname="dist/test-out/20251022T171914093Z-a6e8f88a/spec-app-page-settings-password-password.component.spec.js" name="SettingsPasswordPage &gt; should create" time="0.102333368">
        </testcase>
    </testsuite>
    <testsuite name="dist/test-out/20251022T171914093Z-a6e8f88a/spec-app-page-settings-plugin-plugin.component.spec.js" timestamp="2025-10-22T17:21:30.504Z" hostname="runnervmwhb2z" tests="1" failures="1" errors="0" skipped="0" time="0.167285328">
        <testcase classname="dist/test-out/20251022T171914093Z-a6e8f88a/spec-app-page-settings-plugin-plugin.component.spec.js" name="SettingsPluginPage &gt; should create" time="0.165703268">
            <system-err>
TypeError: Cannot read properties of undefined (reading &apos;supports&apos;)
    at new _ModService [90m(/home/runner/work/jasper-ui/jasper-ui/[39mdist/test-out/20251022T171914093Z-a6e8f88a/src/app/service/mod.service.ts:19:17[90m)[39m
    at Object.ModService_Factory [as factory] [90m(/home/runner/work/jasper-ui/jasper-ui/[39mdist/test-out/20251022T171914093Z-a6e8f88a/chunk-2AZAYSYR.js:529:14[90m)[39m
    at [90m/home/runner/work/jasper-ui/jasper-ui/[39mdist/test-out/20251022T171914093Z-a6e8f88a/node_modules/[4m@angular[24m/core/fesm2022/root_effect_scheduler.mjs:2187:47
    at runInInjectorProfilerContext [90m(/home/runner/work/jasper-ui/jasper-ui/[39mdist/test-out/20251022T171914093Z-a6e8f88a/node_modules/[4m@angular[24m/core/fesm2022/root_effect_scheduler.mjs:746:9[90m)[39m
    at R3Injector.hydrate [90m(/home/runner/work/jasper-ui/jasper-ui/[39mdist/test-out/20251022T171914093Z-a6e8f88a/node_modules/[4m@angular[24m/core/fesm2022/root_effect_scheduler.mjs:2185:21[90m)[39m
    at R3Injector.get [90m(/home/runner/work/jasper-ui/jasper-ui/[39mdist/test-out/20251022T171914093Z-a6e8f88a/node_modules/[4m@angular[24m/core/fesm2022/root_effect_scheduler.mjs:2033:33[90m)[39m
    at R3Injector.get [90m(/home/runner/work/jasper-ui/jasper-ui/[39mdist/test-out/20251022T171914093Z-a6e8f88a/node_modules/[4m@angular[24m/core/fesm2022/root_effect_scheduler.mjs:2045:33[90m)[39m
    at ChainedInjector.get [90m(/home/runner/work/jasper-ui/jasper-ui/[39mdist/test-out/20251022T171914093Z-a6e8f88a/node_modules/[4m@angular[24m/core/fesm2022/debug_node.mjs:13404:36[90m)[39m
    at lookupTokenUsingModuleInjector [90m(/home/runner/work/jasper-ui/jasper-ui/[39mdist/test-out/20251022T171914093Z-a6e8f88a/node_modules/[4m@angular[24m/core/fesm2022/debug_node.mjs:1718:39[90m)[39m
    at getOrCreateInjectable [90m(/home/runner/work/jasper-ui/jasper-ui/[39mdist/test-out/20251022T171914093Z-a6e8f88a/node_modules/[4m@angular[24m/core/fesm2022/debug_node.mjs:1766:12[90m)[39m

            </system-err>
            <failure message="Cannot read properties of undefined (reading &apos;supports&apos;)" type="TypeError">
TypeError: Cannot read properties of undefined (reading &apos;supports&apos;)
 ❯ new _ModService src/app/service/mod.service.ts:19:17
 ❯ Object.ModService_Factory [as factory] chunk-2AZAYSYR.js:529:14
 ❯ node_modules/@angular/core/fesm2022/root_effect_scheduler.mjs:2187:47
 ❯ runInInjectorProfilerContext node_modules/@angular/core/fesm2022/root_effect_scheduler.mjs:746:9
 ❯ R3Injector.hydrate node_modules/@angular/core/fesm2022/root_effect_scheduler.mjs:2185:21
 ❯ R3Injector.get node_modules/@angular/core/fesm2022/root_effect_scheduler.mjs:2033:33
 ❯ R3Injector.get node_modules/@angular/core/fesm2022/root_effect_scheduler.mjs:2045:33
 ❯ ChainedInjector.get node_modules/@angular/core/fesm2022/debug_node.mjs:13404:36
 ❯ lookupTokenUsingModuleInjector node_modules/@angular/core/fesm2022/debug_node.mjs:1718:39
 ❯ getOrCreateInjectable node_modules/@angular/core/fesm2022/debug_node.mjs:1766:12
            </failure>
        </testcase>
    </testsuite>
    <testsuite name="dist/test-out/20251022T171914093Z-a6e8f88a/spec-app-page-settings-ref-ref.component.spec.js" timestamp="2025-10-22T17:21:30.505Z" hostname="runnervmwhb2z" tests="1" failures="1" errors="0" skipped="0" time="0.067923558">
        <testcase classname="dist/test-out/20251022T171914093Z-a6e8f88a/spec-app-page-settings-ref-ref.component.spec.js" name="SettingsRefPage &gt; should create" time="0.066622123">
            <system-err>
TypeError: Cannot read properties of undefined (reading &apos;ɵcmp&apos;)
    at getComponentDef [90m(/home/runner/work/jasper-ui/jasper-ui/[39mdist/test-out/20251022T171914093Z-a6e8f88a/node_modules/[4m@angular[24m/core/fesm2022/testing.mjs:1605:18[90m)[39m
    at isStandaloneComponent [90m(/home/runner/work/jasper-ui/jasper-ui/[39mdist/test-out/20251022T171914093Z-a6e8f88a/node_modules/[4m@angular[24m/core/fesm2022/testing.mjs:1601:17[90m)[39m
    at [90m/home/runner/work/jasper-ui/jasper-ui/[39mdist/test-out/20251022T171914093Z-a6e8f88a/node_modules/[4m@angular[24m/core/fesm2022/testing.mjs:1338:29
    at Array.forEach (&lt;anonymous&gt;)
    at queueTypesFromModulesArrayRecur [90m(/home/runner/work/jasper-ui/jasper-ui/[39mdist/test-out/20251022T171914093Z-a6e8f88a/node_modules/[4m@angular[24m/core/fesm2022/testing.mjs:1333:34[90m)[39m
    at [90m/home/runner/work/jasper-ui/jasper-ui/[39mdist/test-out/20251022T171914093Z-a6e8f88a/node_modules/[4m@angular[24m/core/fesm2022/testing.mjs:1339:29
    at Array.forEach (&lt;anonymous&gt;)
    at queueTypesFromModulesArrayRecur [90m(/home/runner/work/jasper-ui/jasper-ui/[39mdist/test-out/20251022T171914093Z-a6e8f88a/node_modules/[4m@angular[24m/core/fesm2022/testing.mjs:1333:34[90m)[39m
    at [90m/home/runner/work/jasper-ui/jasper-ui/[39mdist/test-out/20251022T171914093Z-a6e8f88a/node_modules/[4m@angular[24m/core/fesm2022/testing.mjs:1339:29
    at Array.forEach (&lt;anonymous&gt;)

            </system-err>
            <failure message="Cannot read properties of undefined (reading &apos;ɵcmp&apos;)" type="TypeError">
TypeError: Cannot read properties of undefined (reading &apos;ɵcmp&apos;)
 ❯ getComponentDef node_modules/@angular/core/fesm2022/testing.mjs:1605:18
 ❯ isStandaloneComponent node_modules/@angular/core/fesm2022/testing.mjs:1601:17
 ❯ node_modules/@angular/core/fesm2022/testing.mjs:1338:29
 ❯ queueTypesFromModulesArrayRecur node_modules/@angular/core/fesm2022/testing.mjs:1333:34
 ❯ node_modules/@angular/core/fesm2022/testing.mjs:1339:29
 ❯ queueTypesFromModulesArrayRecur node_modules/@angular/core/fesm2022/testing.mjs:1333:34
 ❯ node_modules/@angular/core/fesm2022/testing.mjs:1339:29
            </failure>
        </testcase>
    </testsuite>
    <testsuite name="dist/test-out/20251022T171914093Z-a6e8f88a/spec-app-page-settings-settings.component.spec.js" timestamp="2025-10-22T17:21:30.505Z" hostname="runnervmwhb2z" tests="1" failures="1" errors="0" skipped="0" time="0.087868378">
        <testcase classname="dist/test-out/20251022T171914093Z-a6e8f88a/spec-app-page-settings-settings.component.spec.js" name="SettingsPage &gt; should create" time="0.086403828">
            <system-err>
TypeError: Cannot read properties of undefined (reading &apos;ɵcmp&apos;)
    at getComponentDef [90m(/home/runner/work/jasper-ui/jasper-ui/[39mdist/test-out/20251022T171914093Z-a6e8f88a/node_modules/[4m@angular[24m/core/fesm2022/testing.mjs:1605:18[90m)[39m
    at isStandaloneComponent [90m(/home/runner/work/jasper-ui/jasper-ui/[39mdist/test-out/20251022T171914093Z-a6e8f88a/node_modules/[4m@angular[24m/core/fesm2022/testing.mjs:1601:17[90m)[39m
    at [90m/home/runner/work/jasper-ui/jasper-ui/[39mdist/test-out/20251022T171914093Z-a6e8f88a/node_modules/[4m@angular[24m/core/fesm2022/testing.mjs:1338:29
    at Array.forEach (&lt;anonymous&gt;)
    at queueTypesFromModulesArrayRecur [90m(/home/runner/work/jasper-ui/jasper-ui/[39mdist/test-out/20251022T171914093Z-a6e8f88a/node_modules/[4m@angular[24m/core/fesm2022/testing.mjs:1333:34[90m)[39m
    at [90m/home/runner/work/jasper-ui/jasper-ui/[39mdist/test-out/20251022T171914093Z-a6e8f88a/node_modules/[4m@angular[24m/core/fesm2022/testing.mjs:1339:29
    at Array.forEach (&lt;anonymous&gt;)
    at queueTypesFromModulesArrayRecur [90m(/home/runner/work/jasper-ui/jasper-ui/[39mdist/test-out/20251022T171914093Z-a6e8f88a/node_modules/[4m@angular[24m/core/fesm2022/testing.mjs:1333:34[90m)[39m
    at [90m/home/runner/work/jasper-ui/jasper-ui/[39mdist/test-out/20251022T171914093Z-a6e8f88a/node_modules/[4m@angular[24m/core/fesm2022/testing.mjs:1339:29
    at Array.forEach (&lt;anonymous&gt;)

            </system-err>
            <failure message="Cannot read properties of undefined (reading &apos;ɵcmp&apos;)" type="TypeError">
TypeError: Cannot read properties of undefined (reading &apos;ɵcmp&apos;)
 ❯ getComponentDef node_modules/@angular/core/fesm2022/testing.mjs:1605:18
 ❯ isStandaloneComponent node_modules/@angular/core/fesm2022/testing.mjs:1601:17
 ❯ node_modules/@angular/core/fesm2022/testing.mjs:1338:29
 ❯ queueTypesFromModulesArrayRecur node_modules/@angular/core/fesm2022/testing.mjs:1333:34
 ❯ node_modules/@angular/core/fesm2022/testing.mjs:1339:29
 ❯ queueTypesFromModulesArrayRecur node_modules/@angular/core/fesm2022/testing.mjs:1333:34
 ❯ node_modules/@angular/core/fesm2022/testing.mjs:1339:29
            </failure>
        </testcase>
    </testsuite>
    <testsuite name="dist/test-out/20251022T171914093Z-a6e8f88a/spec-app-page-settings-setup-setup.component.spec.js" timestamp="2025-10-22T17:21:30.506Z" hostname="runnervmwhb2z" tests="1" failures="1" errors="0" skipped="0" time="0.140308903">
        <testcase classname="dist/test-out/20251022T171914093Z-a6e8f88a/spec-app-page-settings-setup-setup.component.spec.js" name="SettingsSetupPage &gt; should create" time="0.138630451">
            <system-err>
TypeError: Cannot read properties of undefined (reading &apos;supports&apos;)
    at new _ModService [90m(/home/runner/work/jasper-ui/jasper-ui/[39mdist/test-out/20251022T171914093Z-a6e8f88a/src/app/service/mod.service.ts:19:17[90m)[39m
    at Object.ModService_Factory [as factory] [90m(/home/runner/work/jasper-ui/jasper-ui/[39mdist/test-out/20251022T171914093Z-a6e8f88a/chunk-2AZAYSYR.js:529:14[90m)[39m
    at [90m/home/runner/work/jasper-ui/jasper-ui/[39mdist/test-out/20251022T171914093Z-a6e8f88a/node_modules/[4m@angular[24m/core/fesm2022/root_effect_scheduler.mjs:2187:47
    at runInInjectorProfilerContext [90m(/home/runner/work/jasper-ui/jasper-ui/[39mdist/test-out/20251022T171914093Z-a6e8f88a/node_modules/[4m@angular[24m/core/fesm2022/root_effect_scheduler.mjs:746:9[90m)[39m
    at R3Injector.hydrate [90m(/home/runner/work/jasper-ui/jasper-ui/[39mdist/test-out/20251022T171914093Z-a6e8f88a/node_modules/[4m@angular[24m/core/fesm2022/root_effect_scheduler.mjs:2185:21[90m)[39m
    at R3Injector.get [90m(/home/runner/work/jasper-ui/jasper-ui/[39mdist/test-out/20251022T171914093Z-a6e8f88a/node_modules/[4m@angular[24m/core/fesm2022/root_effect_scheduler.mjs:2033:33[90m)[39m
    at R3Injector.get [90m(/home/runner/work/jasper-ui/jasper-ui/[39mdist/test-out/20251022T171914093Z-a6e8f88a/node_modules/[4m@angular[24m/core/fesm2022/root_effect_scheduler.mjs:2045:33[90m)[39m
    at ChainedInjector.get [90m(/home/runner/work/jasper-ui/jasper-ui/[39mdist/test-out/20251022T171914093Z-a6e8f88a/node_modules/[4m@angular[24m/core/fesm2022/debug_node.mjs:13404:36[90m)[39m
    at lookupTokenUsingModuleInjector [90m(/home/runner/work/jasper-ui/jasper-ui/[39mdist/test-out/20251022T171914093Z-a6e8f88a/node_modules/[4m@angular[24m/core/fesm2022/debug_node.mjs:1718:39[90m)[39m
    at getOrCreateInjectable [90m(/home/runner/work/jasper-ui/jasper-ui/[39mdist/test-out/20251022T171914093Z-a6e8f88a/node_modules/[4m@angular[24m/core/fesm2022/debug_node.mjs:1766:12[90m)[39m

            </system-err>
            <failure message="Cannot read properties of undefined (reading &apos;supports&apos;)" type="TypeError">
TypeError: Cannot read properties of undefined (reading &apos;supports&apos;)
 ❯ new _ModService src/app/service/mod.service.ts:19:17
 ❯ Object.ModService_Factory [as factory] chunk-2AZAYSYR.js:529:14
 ❯ node_modules/@angular/core/fesm2022/root_effect_scheduler.mjs:2187:47
 ❯ runInInjectorProfilerContext node_modules/@angular/core/fesm2022/root_effect_scheduler.mjs:746:9
 ❯ R3Injector.hydrate node_modules/@angular/core/fesm2022/root_effect_scheduler.mjs:2185:21
 ❯ R3Injector.get node_modules/@angular/core/fesm2022/root_effect_scheduler.mjs:2033:33
 ❯ R3Injector.get node_modules/@angular/core/fesm2022/root_effect_scheduler.mjs:2045:33
 ❯ ChainedInjector.get node_modules/@angular/core/fesm2022/debug_node.mjs:13404:36
 ❯ lookupTokenUsingModuleInjector node_modules/@angular/core/fesm2022/debug_node.mjs:1718:39
 ❯ getOrCreateInjectable node_modules/@angular/core/fesm2022/debug_node.mjs:1766:12
            </failure>
        </testcase>
    </testsuite>
    <testsuite name="dist/test-out/20251022T171914093Z-a6e8f88a/spec-app-page-settings-template-template.component.spec.js" timestamp="2025-10-22T17:21:30.507Z" hostname="runnervmwhb2z" tests="1" failures="1" errors="0" skipped="0" time="0.155168517">
        <testcase classname="dist/test-out/20251022T171914093Z-a6e8f88a/spec-app-page-settings-template-template.component.spec.js" name="SettingsTemplatePage &gt; should create" time="0.153767676">
            <system-err>
TypeError: Cannot read properties of undefined (reading &apos;supports&apos;)
    at new _ModService [90m(/home/runner/work/jasper-ui/jasper-ui/[39mdist/test-out/20251022T171914093Z-a6e8f88a/src/app/service/mod.service.ts:19:17[90m)[39m
    at Object.ModService_Factory [as factory] [90m(/home/runner/work/jasper-ui/jasper-ui/[39mdist/test-out/20251022T171914093Z-a6e8f88a/chunk-2AZAYSYR.js:529:14[90m)[39m
    at [90m/home/runner/work/jasper-ui/jasper-ui/[39mdist/test-out/20251022T171914093Z-a6e8f88a/node_modules/[4m@angular[24m/core/fesm2022/root_effect_scheduler.mjs:2187:47
    at runInInjectorProfilerContext [90m(/home/runner/work/jasper-ui/jasper-ui/[39mdist/test-out/20251022T171914093Z-a6e8f88a/node_modules/[4m@angular[24m/core/fesm2022/root_effect_scheduler.mjs:746:9[90m)[39m
    at R3Injector.hydrate [90m(/home/runner/work/jasper-ui/jasper-ui/[39mdist/test-out/20251022T171914093Z-a6e8f88a/node_modules/[4m@angular[24m/core/fesm2022/root_effect_scheduler.mjs:2185:21[90m)[39m
    at R3Injector.get [90m(/home/runner/work/jasper-ui/jasper-ui/[39mdist/test-out/20251022T171914093Z-a6e8f88a/node_modules/[4m@angular[24m/core/fesm2022/root_effect_scheduler.mjs:2033:33[90m)[39m
    at R3Injector.get [90m(/home/runner/work/jasper-ui/jasper-ui/[39mdist/test-out/20251022T171914093Z-a6e8f88a/node_modules/[4m@angular[24m/core/fesm2022/root_effect_scheduler.mjs:2045:33[90m)[39m
    at ChainedInjector.get [90m(/home/runner/work/jasper-ui/jasper-ui/[39mdist/test-out/20251022T171914093Z-a6e8f88a/node_modules/[4m@angular[24m/core/fesm2022/debug_node.mjs:13404:36[90m)[39m
    at lookupTokenUsingModuleInjector [90m(/home/runner/work/jasper-ui/jasper-ui/[39mdist/test-out/20251022T171914093Z-a6e8f88a/node_modules/[4m@angular[24m/core/fesm2022/debug_node.mjs:1718:39[90m)[39m
    at getOrCreateInjectable [90m(/home/runner/work/jasper-ui/jasper-ui/[39mdist/test-out/20251022T171914093Z-a6e8f88a/node_modules/[4m@angular[24m/core/fesm2022/debug_node.mjs:1766:12[90m)[39m

            </system-err>
            <failure message="Cannot read properties of undefined (reading &apos;supports&apos;)" type="TypeError">
TypeError: Cannot read properties of undefined (reading &apos;supports&apos;)
 ❯ new _ModService src/app/service/mod.service.ts:19:17
 ❯ Object.ModService_Factory [as factory] chunk-2AZAYSYR.js:529:14
 ❯ node_modules/@angular/core/fesm2022/root_effect_scheduler.mjs:2187:47
 ❯ runInInjectorProfilerContext node_modules/@angular/core/fesm2022/root_effect_scheduler.mjs:746:9
 ❯ R3Injector.hydrate node_modules/@angular/core/fesm2022/root_effect_scheduler.mjs:2185:21
 ❯ R3Injector.get node_modules/@angular/core/fesm2022/root_effect_scheduler.mjs:2033:33
 ❯ R3Injector.get node_modules/@angular/core/fesm2022/root_effect_scheduler.mjs:2045:33
 ❯ ChainedInjector.get node_modules/@angular/core/fesm2022/debug_node.mjs:13404:36
 ❯ lookupTokenUsingModuleInjector node_modules/@angular/core/fesm2022/debug_node.mjs:1718:39
 ❯ getOrCreateInjectable node_modules/@angular/core/fesm2022/debug_node.mjs:1766:12
            </failure>
        </testcase>
    </testsuite>
    <testsuite name="dist/test-out/20251022T171914093Z-a6e8f88a/spec-app-page-settings-user-user.component.spec.js" timestamp="2025-10-22T17:21:30.508Z" hostname="runnervmwhb2z" tests="1" failures="1" errors="0" skipped="0" time="0.15962038">
        <testcase classname="dist/test-out/20251022T171914093Z-a6e8f88a/spec-app-page-settings-user-user.component.spec.js" name="SettingsUserPage &gt; should create" time="0.158153286">
            <system-err>
TypeError: Cannot read properties of undefined (reading &apos;supports&apos;)
    at new _ModService [90m(/home/runner/work/jasper-ui/jasper-ui/[39mdist/test-out/20251022T171914093Z-a6e8f88a/src/app/service/mod.service.ts:19:17[90m)[39m
    at Object.ModService_Factory [as factory] [90m(/home/runner/work/jasper-ui/jasper-ui/[39mdist/test-out/20251022T171914093Z-a6e8f88a/chunk-2AZAYSYR.js:529:14[90m)[39m
    at [90m/home/runner/work/jasper-ui/jasper-ui/[39mdist/test-out/20251022T171914093Z-a6e8f88a/node_modules/[4m@angular[24m/core/fesm2022/root_effect_scheduler.mjs:2187:47
    at runInInjectorProfilerContext [90m(/home/runner/work/jasper-ui/jasper-ui/[39mdist/test-out/20251022T171914093Z-a6e8f88a/node_modules/[4m@angular[24m/core/fesm2022/root_effect_scheduler.mjs:746:9[90m)[39m
    at R3Injector.hydrate [90m(/home/runner/work/jasper-ui/jasper-ui/[39mdist/test-out/20251022T171914093Z-a6e8f88a/node_modules/[4m@angular[24m/core/fesm2022/root_effect_scheduler.mjs:2185:21[90m)[39m
    at R3Injector.get [90m(/home/runner/work/jasper-ui/jasper-ui/[39mdist/test-out/20251022T171914093Z-a6e8f88a/node_modules/[4m@angular[24m/core/fesm2022/root_effect_scheduler.mjs:2033:33[90m)[39m
    at R3Injector.get [90m(/home/runner/work/jasper-ui/jasper-ui/[39mdist/test-out/20251022T171914093Z-a6e8f88a/node_modules/[4m@angular[24m/core/fesm2022/root_effect_scheduler.mjs:2045:33[90m)[39m
    at ChainedInjector.get [90m(/home/runner/work/jasper-ui/jasper-ui/[39mdist/test-out/20251022T171914093Z-a6e8f88a/node_modules/[4m@angular[24m/core/fesm2022/debug_node.mjs:13404:36[90m)[39m
    at lookupTokenUsingModuleInjector [90m(/home/runner/work/jasper-ui/jasper-ui/[39mdist/test-out/20251022T171914093Z-a6e8f88a/node_modules/[4m@angular[24m/core/fesm2022/debug_node.mjs:1718:39[90m)[39m
    at getOrCreateInjectable [90m(/home/runner/work/jasper-ui/jasper-ui/[39mdist/test-out/20251022T171914093Z-a6e8f88a/node_modules/[4m@angular[24m/core/fesm2022/debug_node.mjs:1766:12[90m)[39m

            </system-err>
            <failure message="Cannot read properties of undefined (reading &apos;supports&apos;)" type="TypeError">
TypeError: Cannot read properties of undefined (reading &apos;supports&apos;)
 ❯ new _ModService src/app/service/mod.service.ts:19:17
 ❯ Object.ModService_Factory [as factory] chunk-2AZAYSYR.js:529:14
 ❯ node_modules/@angular/core/fesm2022/root_effect_scheduler.mjs:2187:47
 ❯ runInInjectorProfilerContext node_modules/@angular/core/fesm2022/root_effect_scheduler.mjs:746:9
 ❯ R3Injector.hydrate node_modules/@angular/core/fesm2022/root_effect_scheduler.mjs:2185:21
 ❯ R3Injector.get node_modules/@angular/core/fesm2022/root_effect_scheduler.mjs:2033:33
 ❯ R3Injector.get node_modules/@angular/core/fesm2022/root_effect_scheduler.mjs:2045:33
 ❯ ChainedInjector.get node_modules/@angular/core/fesm2022/debug_node.mjs:13404:36
 ❯ lookupTokenUsingModuleInjector node_modules/@angular/core/fesm2022/debug_node.mjs:1718:39
 ❯ getOrCreateInjectable node_modules/@angular/core/fesm2022/debug_node.mjs:1766:12
            </failure>
        </testcase>
    </testsuite>
    <testsuite name="dist/test-out/20251022T171914093Z-a6e8f88a/spec-app-page-submit-dm-dm.component.spec.js" timestamp="2025-10-22T17:21:30.509Z" hostname="runnervmwhb2z" tests="1" failures="1" errors="0" skipped="0" time="0.185294033">
        <testcase classname="dist/test-out/20251022T171914093Z-a6e8f88a/spec-app-page-submit-dm-dm.component.spec.js" name="SubmitDmPage &gt; should create" time="0.183554187">
            <system-err>
TypeError: Cannot read properties of undefined (reading &apos;supports&apos;)
    at new _ModService [90m(/home/runner/work/jasper-ui/jasper-ui/[39mdist/test-out/20251022T171914093Z-a6e8f88a/src/app/service/mod.service.ts:19:17[90m)[39m
    at Object.ModService_Factory [as factory] [90m(/home/runner/work/jasper-ui/jasper-ui/[39mdist/test-out/20251022T171914093Z-a6e8f88a/chunk-2AZAYSYR.js:529:14[90m)[39m
    at [90m/home/runner/work/jasper-ui/jasper-ui/[39mdist/test-out/20251022T171914093Z-a6e8f88a/node_modules/[4m@angular[24m/core/fesm2022/root_effect_scheduler.mjs:2187:47
    at runInInjectorProfilerContext [90m(/home/runner/work/jasper-ui/jasper-ui/[39mdist/test-out/20251022T171914093Z-a6e8f88a/node_modules/[4m@angular[24m/core/fesm2022/root_effect_scheduler.mjs:746:9[90m)[39m
    at R3Injector.hydrate [90m(/home/runner/work/jasper-ui/jasper-ui/[39mdist/test-out/20251022T171914093Z-a6e8f88a/node_modules/[4m@angular[24m/core/fesm2022/root_effect_scheduler.mjs:2185:21[90m)[39m
    at R3Injector.get [90m(/home/runner/work/jasper-ui/jasper-ui/[39mdist/test-out/20251022T171914093Z-a6e8f88a/node_modules/[4m@angular[24m/core/fesm2022/root_effect_scheduler.mjs:2033:33[90m)[39m
    at R3Injector.get [90m(/home/runner/work/jasper-ui/jasper-ui/[39mdist/test-out/20251022T171914093Z-a6e8f88a/node_modules/[4m@angular[24m/core/fesm2022/root_effect_scheduler.mjs:2045:33[90m)[39m
    at ChainedInjector.get [90m(/home/runner/work/jasper-ui/jasper-ui/[39mdist/test-out/20251022T171914093Z-a6e8f88a/node_modules/[4m@angular[24m/core/fesm2022/debug_node.mjs:13404:36[90m)[39m
    at lookupTokenUsingModuleInjector [90m(/home/runner/work/jasper-ui/jasper-ui/[39mdist/test-out/20251022T171914093Z-a6e8f88a/node_modules/[4m@angular[24m/core/fesm2022/debug_node.mjs:1718:39[90m)[39m
    at getOrCreateInjectable [90m(/home/runner/work/jasper-ui/jasper-ui/[39mdist/test-out/20251022T171914093Z-a6e8f88a/node_modules/[4m@angular[24m/core/fesm2022/debug_node.mjs:1766:12[90m)[39m

            </system-err>
            <failure message="Cannot read properties of undefined (reading &apos;supports&apos;)" type="TypeError">
TypeError: Cannot read properties of undefined (reading &apos;supports&apos;)
 ❯ new _ModService src/app/service/mod.service.ts:19:17
 ❯ Object.ModService_Factory [as factory] chunk-2AZAYSYR.js:529:14
 ❯ node_modules/@angular/core/fesm2022/root_effect_scheduler.mjs:2187:47
 ❯ runInInjectorProfilerContext node_modules/@angular/core/fesm2022/root_effect_scheduler.mjs:746:9
 ❯ R3Injector.hydrate node_modules/@angular/core/fesm2022/root_effect_scheduler.mjs:2185:21
 ❯ R3Injector.get node_modules/@angular/core/fesm2022/root_effect_scheduler.mjs:2033:33
 ❯ R3Injector.get node_modules/@angular/core/fesm2022/root_effect_scheduler.mjs:2045:33
 ❯ ChainedInjector.get node_modules/@angular/core/fesm2022/debug_node.mjs:13404:36
 ❯ lookupTokenUsingModuleInjector node_modules/@angular/core/fesm2022/debug_node.mjs:1718:39
 ❯ getOrCreateInjectable node_modules/@angular/core/fesm2022/debug_node.mjs:1766:12
            </failure>
        </testcase>
    </testsuite>
    <testsuite name="dist/test-out/20251022T171914093Z-a6e8f88a/spec-app-page-submit-invoice-invoice.component.spec.js" timestamp="2025-10-22T17:21:30.510Z" hostname="runnervmwhb2z" tests="1" failures="1" errors="0" skipped="0" time="0.185588023">
        <testcase classname="dist/test-out/20251022T171914093Z-a6e8f88a/spec-app-page-submit-invoice-invoice.component.spec.js" name="SubmitInvoicePage &gt; should create" time="0.183907707">
            <system-err>
TypeError: Cannot read properties of undefined (reading &apos;supports&apos;)
    at new _ModService [90m(/home/runner/work/jasper-ui/jasper-ui/[39mdist/test-out/20251022T171914093Z-a6e8f88a/src/app/service/mod.service.ts:19:17[90m)[39m
    at Object.ModService_Factory [as factory] [90m(/home/runner/work/jasper-ui/jasper-ui/[39mdist/test-out/20251022T171914093Z-a6e8f88a/chunk-2AZAYSYR.js:529:14[90m)[39m
    at [90m/home/runner/work/jasper-ui/jasper-ui/[39mdist/test-out/20251022T171914093Z-a6e8f88a/node_modules/[4m@angular[24m/core/fesm2022/root_effect_scheduler.mjs:2187:47
    at runInInjectorProfilerContext [90m(/home/runner/work/jasper-ui/jasper-ui/[39mdist/test-out/20251022T171914093Z-a6e8f88a/node_modules/[4m@angular[24m/core/fesm2022/root_effect_scheduler.mjs:746:9[90m)[39m
    at R3Injector.hydrate [90m(/home/runner/work/jasper-ui/jasper-ui/[39mdist/test-out/20251022T171914093Z-a6e8f88a/node_modules/[4m@angular[24m/core/fesm2022/root_effect_scheduler.mjs:2185:21[90m)[39m
    at R3Injector.get [90m(/home/runner/work/jasper-ui/jasper-ui/[39mdist/test-out/20251022T171914093Z-a6e8f88a/node_modules/[4m@angular[24m/core/fesm2022/root_effect_scheduler.mjs:2033:33[90m)[39m
    at R3Injector.get [90m(/home/runner/work/jasper-ui/jasper-ui/[39mdist/test-out/20251022T171914093Z-a6e8f88a/node_modules/[4m@angular[24m/core/fesm2022/root_effect_scheduler.mjs:2045:33[90m)[39m
    at ChainedInjector.get [90m(/home/runner/work/jasper-ui/jasper-ui/[39mdist/test-out/20251022T171914093Z-a6e8f88a/node_modules/[4m@angular[24m/core/fesm2022/debug_node.mjs:13404:36[90m)[39m
    at lookupTokenUsingModuleInjector [90m(/home/runner/work/jasper-ui/jasper-ui/[39mdist/test-out/20251022T171914093Z-a6e8f88a/node_modules/[4m@angular[24m/core/fesm2022/debug_node.mjs:1718:39[90m)[39m
    at getOrCreateInjectable [90m(/home/runner/work/jasper-ui/jasper-ui/[39mdist/test-out/20251022T171914093Z-a6e8f88a/node_modules/[4m@angular[24m/core/fesm2022/debug_node.mjs:1766:12[90m)[39m

            </system-err>
            <failure message="Cannot read properties of undefined (reading &apos;supports&apos;)" type="TypeError">
TypeError: Cannot read properties of undefined (reading &apos;supports&apos;)
 ❯ new _ModService src/app/service/mod.service.ts:19:17
 ❯ Object.ModService_Factory [as factory] chunk-2AZAYSYR.js:529:14
 ❯ node_modules/@angular/core/fesm2022/root_effect_scheduler.mjs:2187:47
 ❯ runInInjectorProfilerContext node_modules/@angular/core/fesm2022/root_effect_scheduler.mjs:746:9
 ❯ R3Injector.hydrate node_modules/@angular/core/fesm2022/root_effect_scheduler.mjs:2185:21
 ❯ R3Injector.get node_modules/@angular/core/fesm2022/root_effect_scheduler.mjs:2033:33
 ❯ R3Injector.get node_modules/@angular/core/fesm2022/root_effect_scheduler.mjs:2045:33
 ❯ ChainedInjector.get node_modules/@angular/core/fesm2022/debug_node.mjs:13404:36
 ❯ lookupTokenUsingModuleInjector node_modules/@angular/core/fesm2022/debug_node.mjs:1718:39
 ❯ getOrCreateInjectable node_modules/@angular/core/fesm2022/debug_node.mjs:1766:12
            </failure>
        </testcase>
    </testsuite>
    <testsuite name="dist/test-out/20251022T171914093Z-a6e8f88a/spec-app-page-submit-submit.component.spec.js" timestamp="2025-10-22T17:21:30.512Z" hostname="runnervmwhb2z" tests="1" failures="1" errors="0" skipped="0" time="0.098423971">
        <testcase classname="dist/test-out/20251022T171914093Z-a6e8f88a/spec-app-page-submit-submit.component.spec.js" name="SubmitPage &gt; should create" time="0.096915628">
            <system-err>
TypeError: Cannot read properties of undefined (reading &apos;ɵcmp&apos;)
    at getComponentDef [90m(/home/runner/work/jasper-ui/jasper-ui/[39mdist/test-out/20251022T171914093Z-a6e8f88a/node_modules/[4m@angular[24m/core/fesm2022/testing.mjs:1605:18[90m)[39m
    at isStandaloneComponent [90m(/home/runner/work/jasper-ui/jasper-ui/[39mdist/test-out/20251022T171914093Z-a6e8f88a/node_modules/[4m@angular[24m/core/fesm2022/testing.mjs:1601:17[90m)[39m
    at [90m/home/runner/work/jasper-ui/jasper-ui/[39mdist/test-out/20251022T171914093Z-a6e8f88a/node_modules/[4m@angular[24m/core/fesm2022/testing.mjs:1338:29
    at Array.forEach (&lt;anonymous&gt;)
    at queueTypesFromModulesArrayRecur [90m(/home/runner/work/jasper-ui/jasper-ui/[39mdist/test-out/20251022T171914093Z-a6e8f88a/node_modules/[4m@angular[24m/core/fesm2022/testing.mjs:1333:34[90m)[39m
    at [90m/home/runner/work/jasper-ui/jasper-ui/[39mdist/test-out/20251022T171914093Z-a6e8f88a/node_modules/[4m@angular[24m/core/fesm2022/testing.mjs:1339:29
    at Array.forEach (&lt;anonymous&gt;)
    at queueTypesFromModulesArrayRecur [90m(/home/runner/work/jasper-ui/jasper-ui/[39mdist/test-out/20251022T171914093Z-a6e8f88a/node_modules/[4m@angular[24m/core/fesm2022/testing.mjs:1333:34[90m)[39m
    at [90m/home/runner/work/jasper-ui/jasper-ui/[39mdist/test-out/20251022T171914093Z-a6e8f88a/node_modules/[4m@angular[24m/core/fesm2022/testing.mjs:1339:29
    at Array.forEach (&lt;anonymous&gt;)

            </system-err>
            <failure message="Cannot read properties of undefined (reading &apos;ɵcmp&apos;)" type="TypeError">
TypeError: Cannot read properties of undefined (reading &apos;ɵcmp&apos;)
 ❯ getComponentDef node_modules/@angular/core/fesm2022/testing.mjs:1605:18
 ❯ isStandaloneComponent node_modules/@angular/core/fesm2022/testing.mjs:1601:17
 ❯ node_modules/@angular/core/fesm2022/testing.mjs:1338:29
 ❯ queueTypesFromModulesArrayRecur node_modules/@angular/core/fesm2022/testing.mjs:1333:34
 ❯ node_modules/@angular/core/fesm2022/testing.mjs:1339:29
 ❯ queueTypesFromModulesArrayRecur node_modules/@angular/core/fesm2022/testing.mjs:1333:34
 ❯ node_modules/@angular/core/fesm2022/testing.mjs:1339:29
            </failure>
        </testcase>
    </testsuite>
    <testsuite name="dist/test-out/20251022T171914093Z-a6e8f88a/spec-app-page-submit-text-text.component.spec.js" timestamp="2025-10-22T17:21:30.512Z" hostname="runnervmwhb2z" tests="1" failures="1" errors="0" skipped="0" time="0.140467849">
        <testcase classname="dist/test-out/20251022T171914093Z-a6e8f88a/spec-app-page-submit-text-text.component.spec.js" name="SubmitTextPage &gt; should create" time="0.138827449">
            <system-err>
TypeError: Cannot read properties of undefined (reading &apos;supports&apos;)
    at new _ModService [90m(/home/runner/work/jasper-ui/jasper-ui/[39mdist/test-out/20251022T171914093Z-a6e8f88a/src/app/service/mod.service.ts:19:17[90m)[39m
    at Object.ModService_Factory [as factory] [90m(/home/runner/work/jasper-ui/jasper-ui/[39mdist/test-out/20251022T171914093Z-a6e8f88a/chunk-2AZAYSYR.js:529:14[90m)[39m
    at [90m/home/runner/work/jasper-ui/jasper-ui/[39mdist/test-out/20251022T171914093Z-a6e8f88a/node_modules/[4m@angular[24m/core/fesm2022/root_effect_scheduler.mjs:2187:47
    at runInInjectorProfilerContext [90m(/home/runner/work/jasper-ui/jasper-ui/[39mdist/test-out/20251022T171914093Z-a6e8f88a/node_modules/[4m@angular[24m/core/fesm2022/root_effect_scheduler.mjs:746:9[90m)[39m
    at R3Injector.hydrate [90m(/home/runner/work/jasper-ui/jasper-ui/[39mdist/test-out/20251022T171914093Z-a6e8f88a/node_modules/[4m@angular[24m/core/fesm2022/root_effect_scheduler.mjs:2185:21[90m)[39m
    at R3Injector.get [90m(/home/runner/work/jasper-ui/jasper-ui/[39mdist/test-out/20251022T171914093Z-a6e8f88a/node_modules/[4m@angular[24m/core/fesm2022/root_effect_scheduler.mjs:2033:33[90m)[39m
    at R3Injector.get [90m(/home/runner/work/jasper-ui/jasper-ui/[39mdist/test-out/20251022T171914093Z-a6e8f88a/node_modules/[4m@angular[24m/core/fesm2022/root_effect_scheduler.mjs:2045:33[90m)[39m
    at ChainedInjector.get [90m(/home/runner/work/jasper-ui/jasper-ui/[39mdist/test-out/20251022T171914093Z-a6e8f88a/node_modules/[4m@angular[24m/core/fesm2022/debug_node.mjs:13404:36[90m)[39m
    at lookupTokenUsingModuleInjector [90m(/home/runner/work/jasper-ui/jasper-ui/[39mdist/test-out/20251022T171914093Z-a6e8f88a/node_modules/[4m@angular[24m/core/fesm2022/debug_node.mjs:1718:39[90m)[39m
    at getOrCreateInjectable [90m(/home/runner/work/jasper-ui/jasper-ui/[39mdist/test-out/20251022T171914093Z-a6e8f88a/node_modules/[4m@angular[24m/core/fesm2022/debug_node.mjs:1766:12[90m)[39m

            </system-err>
            <failure message="Cannot read properties of undefined (reading &apos;supports&apos;)" type="TypeError">
TypeError: Cannot read properties of undefined (reading &apos;supports&apos;)
 ❯ new _ModService src/app/service/mod.service.ts:19:17
 ❯ Object.ModService_Factory [as factory] chunk-2AZAYSYR.js:529:14
 ❯ node_modules/@angular/core/fesm2022/root_effect_scheduler.mjs:2187:47
 ❯ runInInjectorProfilerContext node_modules/@angular/core/fesm2022/root_effect_scheduler.mjs:746:9
 ❯ R3Injector.hydrate node_modules/@angular/core/fesm2022/root_effect_scheduler.mjs:2185:21
 ❯ R3Injector.get node_modules/@angular/core/fesm2022/root_effect_scheduler.mjs:2033:33
 ❯ R3Injector.get node_modules/@angular/core/fesm2022/root_effect_scheduler.mjs:2045:33
 ❯ ChainedInjector.get node_modules/@angular/core/fesm2022/debug_node.mjs:13404:36
 ❯ lookupTokenUsingModuleInjector node_modules/@angular/core/fesm2022/debug_node.mjs:1718:39
 ❯ getOrCreateInjectable node_modules/@angular/core/fesm2022/debug_node.mjs:1766:12
            </failure>
        </testcase>
    </testsuite>
    <testsuite name="dist/test-out/20251022T171914093Z-a6e8f88a/spec-app-page-submit-upload-upload.component.spec.js" timestamp="2025-10-22T17:21:30.513Z" hostname="runnervmwhb2z" tests="1" failures="1" errors="0" skipped="0" time="0.107216233">
        <testcase classname="dist/test-out/20251022T171914093Z-a6e8f88a/spec-app-page-submit-upload-upload.component.spec.js" name="UploadPage &gt; should create" time="0.105498809">
            <system-err>
TypeError: Cannot read properties of undefined (reading &apos;ɵcmp&apos;)
    at getComponentDef [90m(/home/runner/work/jasper-ui/jasper-ui/[39mdist/test-out/20251022T171914093Z-a6e8f88a/node_modules/[4m@angular[24m/core/fesm2022/testing.mjs:1605:18[90m)[39m
    at isStandaloneComponent [90m(/home/runner/work/jasper-ui/jasper-ui/[39mdist/test-out/20251022T171914093Z-a6e8f88a/node_modules/[4m@angular[24m/core/fesm2022/testing.mjs:1601:17[90m)[39m
    at [90m/home/runner/work/jasper-ui/jasper-ui/[39mdist/test-out/20251022T171914093Z-a6e8f88a/node_modules/[4m@angular[24m/core/fesm2022/testing.mjs:1338:29
    at Array.forEach (&lt;anonymous&gt;)
    at queueTypesFromModulesArrayRecur [90m(/home/runner/work/jasper-ui/jasper-ui/[39mdist/test-out/20251022T171914093Z-a6e8f88a/node_modules/[4m@angular[24m/core/fesm2022/testing.mjs:1333:34[90m)[39m
    at [90m/home/runner/work/jasper-ui/jasper-ui/[39mdist/test-out/20251022T171914093Z-a6e8f88a/node_modules/[4m@angular[24m/core/fesm2022/testing.mjs:1339:29
    at Array.forEach (&lt;anonymous&gt;)
    at queueTypesFromModulesArrayRecur [90m(/home/runner/work/jasper-ui/jasper-ui/[39mdist/test-out/20251022T171914093Z-a6e8f88a/node_modules/[4m@angular[24m/core/fesm2022/testing.mjs:1333:34[90m)[39m
    at [90m/home/runner/work/jasper-ui/jasper-ui/[39mdist/test-out/20251022T171914093Z-a6e8f88a/node_modules/[4m@angular[24m/core/fesm2022/testing.mjs:1339:29
    at Array.forEach (&lt;anonymous&gt;)

            </system-err>
            <failure message="Cannot read properties of undefined (reading &apos;ɵcmp&apos;)" type="TypeError">
TypeError: Cannot read properties of undefined (reading &apos;ɵcmp&apos;)
 ❯ getComponentDef node_modules/@angular/core/fesm2022/testing.mjs:1605:18
 ❯ isStandaloneComponent node_modules/@angular/core/fesm2022/testing.mjs:1601:17
 ❯ node_modules/@angular/core/fesm2022/testing.mjs:1338:29
 ❯ queueTypesFromModulesArrayRecur node_modules/@angular/core/fesm2022/testing.mjs:1333:34
 ❯ node_modules/@angular/core/fesm2022/testing.mjs:1339:29
 ❯ queueTypesFromModulesArrayRecur node_modules/@angular/core/fesm2022/testing.mjs:1333:34
 ❯ node_modules/@angular/core/fesm2022/testing.mjs:1339:29
            </failure>
        </testcase>
    </testsuite>
    <testsuite name="dist/test-out/20251022T171914093Z-a6e8f88a/spec-app-page-submit-web-web.component.spec.js" timestamp="2025-10-22T17:21:30.514Z" hostname="runnervmwhb2z" tests="1" failures="1" errors="0" skipped="0" time="0.16404743">
        <testcase classname="dist/test-out/20251022T171914093Z-a6e8f88a/spec-app-page-submit-web-web.component.spec.js" name="SubmitWebPage &gt; should create" time="0.16226811">
            <system-err>
TypeError: Cannot read properties of undefined (reading &apos;supports&apos;)
    at new _ModService [90m(/home/runner/work/jasper-ui/jasper-ui/[39mdist/test-out/20251022T171914093Z-a6e8f88a/src/app/service/mod.service.ts:19:17[90m)[39m
    at Object.ModService_Factory [as factory] [90m(/home/runner/work/jasper-ui/jasper-ui/[39mdist/test-out/20251022T171914093Z-a6e8f88a/chunk-2AZAYSYR.js:529:14[90m)[39m
    at [90m/home/runner/work/jasper-ui/jasper-ui/[39mdist/test-out/20251022T171914093Z-a6e8f88a/node_modules/[4m@angular[24m/core/fesm2022/root_effect_scheduler.mjs:2187:47
    at runInInjectorProfilerContext [90m(/home/runner/work/jasper-ui/jasper-ui/[39mdist/test-out/20251022T171914093Z-a6e8f88a/node_modules/[4m@angular[24m/core/fesm2022/root_effect_scheduler.mjs:746:9[90m)[39m
    at R3Injector.hydrate [90m(/home/runner/work/jasper-ui/jasper-ui/[39mdist/test-out/20251022T171914093Z-a6e8f88a/node_modules/[4m@angular[24m/core/fesm2022/root_effect_scheduler.mjs:2185:21[90m)[39m
    at R3Injector.get [90m(/home/runner/work/jasper-ui/jasper-ui/[39mdist/test-out/20251022T171914093Z-a6e8f88a/node_modules/[4m@angular[24m/core/fesm2022/root_effect_scheduler.mjs:2033:33[90m)[39m
    at R3Injector.get [90m(/home/runner/work/jasper-ui/jasper-ui/[39mdist/test-out/20251022T171914093Z-a6e8f88a/node_modules/[4m@angular[24m/core/fesm2022/root_effect_scheduler.mjs:2045:33[90m)[39m
    at ChainedInjector.get [90m(/home/runner/work/jasper-ui/jasper-ui/[39mdist/test-out/20251022T171914093Z-a6e8f88a/node_modules/[4m@angular[24m/core/fesm2022/debug_node.mjs:13404:36[90m)[39m
    at lookupTokenUsingModuleInjector [90m(/home/runner/work/jasper-ui/jasper-ui/[39mdist/test-out/20251022T171914093Z-a6e8f88a/node_modules/[4m@angular[24m/core/fesm2022/debug_node.mjs:1718:39[90m)[39m
    at getOrCreateInjectable [90m(/home/runner/work/jasper-ui/jasper-ui/[39mdist/test-out/20251022T171914093Z-a6e8f88a/node_modules/[4m@angular[24m/core/fesm2022/debug_node.mjs:1766:12[90m)[39m

            </system-err>
            <failure message="Cannot read properties of undefined (reading &apos;supports&apos;)" type="TypeError">
TypeError: Cannot read properties of undefined (reading &apos;supports&apos;)
 ❯ new _ModService src/app/service/mod.service.ts:19:17
 ❯ Object.ModService_Factory [as factory] chunk-2AZAYSYR.js:529:14
 ❯ node_modules/@angular/core/fesm2022/root_effect_scheduler.mjs:2187:47
 ❯ runInInjectorProfilerContext node_modules/@angular/core/fesm2022/root_effect_scheduler.mjs:746:9
 ❯ R3Injector.hydrate node_modules/@angular/core/fesm2022/root_effect_scheduler.mjs:2185:21
 ❯ R3Injector.get node_modules/@angular/core/fesm2022/root_effect_scheduler.mjs:2033:33
 ❯ R3Injector.get node_modules/@angular/core/fesm2022/root_effect_scheduler.mjs:2045:33
 ❯ ChainedInjector.get node_modules/@angular/core/fesm2022/debug_node.mjs:13404:36
 ❯ lookupTokenUsingModuleInjector node_modules/@angular/core/fesm2022/debug_node.mjs:1718:39
 ❯ getOrCreateInjectable node_modules/@angular/core/fesm2022/debug_node.mjs:1766:12
            </failure>
        </testcase>
    </testsuite>
    <testsuite name="dist/test-out/20251022T171914093Z-a6e8f88a/spec-app-page-tag-tag.component.spec.js" timestamp="2025-10-22T17:21:30.514Z" hostname="runnervmwhb2z" tests="1" failures="1" errors="0" skipped="0" time="0.09860219">
        <testcase classname="dist/test-out/20251022T171914093Z-a6e8f88a/spec-app-page-tag-tag.component.spec.js" name="TagPage &gt; should create" time="0.096777345">
            <system-err>
TypeError: Cannot read properties of undefined (reading &apos;ɵcmp&apos;)
    at getComponentDef [90m(/home/runner/work/jasper-ui/jasper-ui/[39mdist/test-out/20251022T171914093Z-a6e8f88a/node_modules/[4m@angular[24m/core/fesm2022/testing.mjs:1605:18[90m)[39m
    at isStandaloneComponent [90m(/home/runner/work/jasper-ui/jasper-ui/[39mdist/test-out/20251022T171914093Z-a6e8f88a/node_modules/[4m@angular[24m/core/fesm2022/testing.mjs:1601:17[90m)[39m
    at [90m/home/runner/work/jasper-ui/jasper-ui/[39mdist/test-out/20251022T171914093Z-a6e8f88a/node_modules/[4m@angular[24m/core/fesm2022/testing.mjs:1338:29
    at Array.forEach (&lt;anonymous&gt;)
    at queueTypesFromModulesArrayRecur [90m(/home/runner/work/jasper-ui/jasper-ui/[39mdist/test-out/20251022T171914093Z-a6e8f88a/node_modules/[4m@angular[24m/core/fesm2022/testing.mjs:1333:34[90m)[39m
    at [90m/home/runner/work/jasper-ui/jasper-ui/[39mdist/test-out/20251022T171914093Z-a6e8f88a/node_modules/[4m@angular[24m/core/fesm2022/testing.mjs:1339:29
    at Array.forEach (&lt;anonymous&gt;)
    at queueTypesFromModulesArrayRecur [90m(/home/runner/work/jasper-ui/jasper-ui/[39mdist/test-out/20251022T171914093Z-a6e8f88a/node_modules/[4m@angular[24m/core/fesm2022/testing.mjs:1333:34[90m)[39m
    at [90m/home/runner/work/jasper-ui/jasper-ui/[39mdist/test-out/20251022T171914093Z-a6e8f88a/node_modules/[4m@angular[24m/core/fesm2022/testing.mjs:1339:29
    at Array.forEach (&lt;anonymous&gt;)

            </system-err>
            <failure message="Cannot read properties of undefined (reading &apos;ɵcmp&apos;)" type="TypeError">
TypeError: Cannot read properties of undefined (reading &apos;ɵcmp&apos;)
 ❯ getComponentDef node_modules/@angular/core/fesm2022/testing.mjs:1605:18
 ❯ isStandaloneComponent node_modules/@angular/core/fesm2022/testing.mjs:1601:17
 ❯ node_modules/@angular/core/fesm2022/testing.mjs:1338:29
 ❯ queueTypesFromModulesArrayRecur node_modules/@angular/core/fesm2022/testing.mjs:1333:34
 ❯ node_modules/@angular/core/fesm2022/testing.mjs:1339:29
 ❯ queueTypesFromModulesArrayRecur node_modules/@angular/core/fesm2022/testing.mjs:1333:34
 ❯ node_modules/@angular/core/fesm2022/testing.mjs:1339:29
            </failure>
        </testcase>
    </testsuite>
    <testsuite name="dist/test-out/20251022T171914093Z-a6e8f88a/spec-app-page-tags-tags.component.spec.js" timestamp="2025-10-22T17:21:30.515Z" hostname="runnervmwhb2z" tests="1" failures="1" errors="0" skipped="0" time="0.11852516">
        <testcase classname="dist/test-out/20251022T171914093Z-a6e8f88a/spec-app-page-tags-tags.component.spec.js" name="TagsComponent &gt; should create" time="0.116821002">
            <system-err>
TypeError: Cannot read properties of undefined (reading &apos;ɵcmp&apos;)
    at getComponentDef [90m(/home/runner/work/jasper-ui/jasper-ui/[39mdist/test-out/20251022T171914093Z-a6e8f88a/node_modules/[4m@angular[24m/core/fesm2022/testing.mjs:1605:18[90m)[39m
    at isStandaloneComponent [90m(/home/runner/work/jasper-ui/jasper-ui/[39mdist/test-out/20251022T171914093Z-a6e8f88a/node_modules/[4m@angular[24m/core/fesm2022/testing.mjs:1601:17[90m)[39m
    at [90m/home/runner/work/jasper-ui/jasper-ui/[39mdist/test-out/20251022T171914093Z-a6e8f88a/node_modules/[4m@angular[24m/core/fesm2022/testing.mjs:1338:29
    at Array.forEach (&lt;anonymous&gt;)
    at queueTypesFromModulesArrayRecur [90m(/home/runner/work/jasper-ui/jasper-ui/[39mdist/test-out/20251022T171914093Z-a6e8f88a/node_modules/[4m@angular[24m/core/fesm2022/testing.mjs:1333:34[90m)[39m
    at [90m/home/runner/work/jasper-ui/jasper-ui/[39mdist/test-out/20251022T171914093Z-a6e8f88a/node_modules/[4m@angular[24m/core/fesm2022/testing.mjs:1339:29
    at Array.forEach (&lt;anonymous&gt;)
    at queueTypesFromModulesArrayRecur [90m(/home/runner/work/jasper-ui/jasper-ui/[39mdist/test-out/20251022T171914093Z-a6e8f88a/node_modules/[4m@angular[24m/core/fesm2022/testing.mjs:1333:34[90m)[39m
    at [90m/home/runner/work/jasper-ui/jasper-ui/[39mdist/test-out/20251022T171914093Z-a6e8f88a/node_modules/[4m@angular[24m/core/fesm2022/testing.mjs:1339:29
    at Array.forEach (&lt;anonymous&gt;)

            </system-err>
            <failure message="Cannot read properties of undefined (reading &apos;ɵcmp&apos;)" type="TypeError">
TypeError: Cannot read properties of undefined (reading &apos;ɵcmp&apos;)
 ❯ getComponentDef node_modules/@angular/core/fesm2022/testing.mjs:1605:18
 ❯ isStandaloneComponent node_modules/@angular/core/fesm2022/testing.mjs:1601:17
 ❯ node_modules/@angular/core/fesm2022/testing.mjs:1338:29
 ❯ queueTypesFromModulesArrayRecur node_modules/@angular/core/fesm2022/testing.mjs:1333:34
 ❯ node_modules/@angular/core/fesm2022/testing.mjs:1339:29
 ❯ queueTypesFromModulesArrayRecur node_modules/@angular/core/fesm2022/testing.mjs:1333:34
 ❯ node_modules/@angular/core/fesm2022/testing.mjs:1339:29
            </failure>
        </testcase>
    </testsuite>
    <testsuite name="dist/test-out/20251022T171914093Z-a6e8f88a/spec-app-page-user-user.component.spec.js" timestamp="2025-10-22T17:21:30.515Z" hostname="runnervmwhb2z" tests="1" failures="1" errors="0" skipped="0" time="0.172154605">
        <testcase classname="dist/test-out/20251022T171914093Z-a6e8f88a/spec-app-page-user-user.component.spec.js" name="CreateUserPage &gt; should create" time="0.170740829">
            <system-err>
TypeError: Cannot read properties of undefined (reading &apos;supports&apos;)
    at new _ModService [90m(/home/runner/work/jasper-ui/jasper-ui/[39mdist/test-out/20251022T171914093Z-a6e8f88a/src/app/service/mod.service.ts:19:17[90m)[39m
    at Object.ModService_Factory [as factory] [90m(/home/runner/work/jasper-ui/jasper-ui/[39mdist/test-out/20251022T171914093Z-a6e8f88a/chunk-2AZAYSYR.js:529:14[90m)[39m
    at [90m/home/runner/work/jasper-ui/jasper-ui/[39mdist/test-out/20251022T171914093Z-a6e8f88a/node_modules/[4m@angular[24m/core/fesm2022/root_effect_scheduler.mjs:2187:47
    at runInInjectorProfilerContext [90m(/home/runner/work/jasper-ui/jasper-ui/[39mdist/test-out/20251022T171914093Z-a6e8f88a/node_modules/[4m@angular[24m/core/fesm2022/root_effect_scheduler.mjs:746:9[90m)[39m
    at R3Injector.hydrate [90m(/home/runner/work/jasper-ui/jasper-ui/[39mdist/test-out/20251022T171914093Z-a6e8f88a/node_modules/[4m@angular[24m/core/fesm2022/root_effect_scheduler.mjs:2185:21[90m)[39m
    at R3Injector.get [90m(/home/runner/work/jasper-ui/jasper-ui/[39mdist/test-out/20251022T171914093Z-a6e8f88a/node_modules/[4m@angular[24m/core/fesm2022/root_effect_scheduler.mjs:2033:33[90m)[39m
    at R3Injector.get [90m(/home/runner/work/jasper-ui/jasper-ui/[39mdist/test-out/20251022T171914093Z-a6e8f88a/node_modules/[4m@angular[24m/core/fesm2022/root_effect_scheduler.mjs:2045:33[90m)[39m
    at ChainedInjector.get [90m(/home/runner/work/jasper-ui/jasper-ui/[39mdist/test-out/20251022T171914093Z-a6e8f88a/node_modules/[4m@angular[24m/core/fesm2022/debug_node.mjs:13404:36[90m)[39m
    at lookupTokenUsingModuleInjector [90m(/home/runner/work/jasper-ui/jasper-ui/[39mdist/test-out/20251022T171914093Z-a6e8f88a/node_modules/[4m@angular[24m/core/fesm2022/debug_node.mjs:1718:39[90m)[39m
    at getOrCreateInjectable [90m(/home/runner/work/jasper-ui/jasper-ui/[39mdist/test-out/20251022T171914093Z-a6e8f88a/node_modules/[4m@angular[24m/core/fesm2022/debug_node.mjs:1766:12[90m)[39m

            </system-err>
            <failure message="Cannot read properties of undefined (reading &apos;supports&apos;)" type="TypeError">
TypeError: Cannot read properties of undefined (reading &apos;supports&apos;)
 ❯ new _ModService src/app/service/mod.service.ts:19:17
 ❯ Object.ModService_Factory [as factory] chunk-2AZAYSYR.js:529:14
 ❯ node_modules/@angular/core/fesm2022/root_effect_scheduler.mjs:2187:47
 ❯ runInInjectorProfilerContext node_modules/@angular/core/fesm2022/root_effect_scheduler.mjs:746:9
 ❯ R3Injector.hydrate node_modules/@angular/core/fesm2022/root_effect_scheduler.mjs:2185:21
 ❯ R3Injector.get node_modules/@angular/core/fesm2022/root_effect_scheduler.mjs:2033:33
 ❯ R3Injector.get node_modules/@angular/core/fesm2022/root_effect_scheduler.mjs:2045:33
 ❯ ChainedInjector.get node_modules/@angular/core/fesm2022/debug_node.mjs:13404:36
 ❯ lookupTokenUsingModuleInjector node_modules/@angular/core/fesm2022/debug_node.mjs:1718:39
 ❯ getOrCreateInjectable node_modules/@angular/core/fesm2022/debug_node.mjs:1766:12
            </failure>
        </testcase>
    </testsuite>
    <testsuite name="dist/test-out/20251022T171914093Z-a6e8f88a/spec-app-pipe-css-url.pipe.spec.js" timestamp="2025-10-22T17:21:30.516Z" hostname="runnervmwhb2z" tests="1" failures="0" errors="0" skipped="0" time="0.003186912">
        <testcase classname="dist/test-out/20251022T171914093Z-a6e8f88a/spec-app-pipe-css-url.pipe.spec.js" name="CssUrlPipe &gt; create an instance" time="0.001923458">
        </testcase>
    </testsuite>
    <testsuite name="dist/test-out/20251022T171914093Z-a6e8f88a/spec-app-pipe-safe.pipe.spec.js" timestamp="2025-10-22T17:21:30.517Z" hostname="runnervmwhb2z" tests="1" failures="0" errors="0" skipped="0" time="0.003962521">
        <testcase classname="dist/test-out/20251022T171914093Z-a6e8f88a/spec-app-pipe-safe.pipe.spec.js" name="SafePipe &gt; create an instance" time="0.002540421">
        </testcase>
    </testsuite>
    <testsuite name="dist/test-out/20251022T171914093Z-a6e8f88a/spec-app-pipe-tag-preview.pipe.spec.js" timestamp="2025-10-22T17:21:30.517Z" hostname="runnervmwhb2z" tests="1" failures="0" errors="0" skipped="0" time="0.004372337">
        <testcase classname="dist/test-out/20251022T171914093Z-a6e8f88a/spec-app-pipe-tag-preview.pipe.spec.js" name="TagPreviewPipe &gt; create an instance" time="0.002815385">
        </testcase>
    </testsuite>
    <testsuite name="dist/test-out/20251022T171914093Z-a6e8f88a/spec-app-pipe-thumbnail.pipe.spec.js" timestamp="2025-10-22T17:21:30.517Z" hostname="runnervmwhb2z" tests="1" failures="0" errors="0" skipped="0" time="0.00466388">
        <testcase classname="dist/test-out/20251022T171914093Z-a6e8f88a/spec-app-pipe-thumbnail.pipe.spec.js" name="ThumbnailPipe &gt; create an instance" time="0.002916333">
        </testcase>
    </testsuite>
    <testsuite name="dist/test-out/20251022T171914093Z-a6e8f88a/spec-app-service-account.service.spec.js" timestamp="2025-10-22T17:21:30.517Z" hostname="runnervmwhb2z" tests="1" failures="0" errors="0" skipped="0" time="0.056227866">
        <testcase classname="dist/test-out/20251022T171914093Z-a6e8f88a/spec-app-service-account.service.spec.js" name="AccountService &gt; should be created" time="0.054383507">
        </testcase>
    </testsuite>
    <testsuite name="dist/test-out/20251022T171914093Z-a6e8f88a/spec-app-service-action.service.spec.js" timestamp="2025-10-22T17:21:30.518Z" hostname="runnervmwhb2z" tests="1" failures="0" errors="0" skipped="0" time="0.085918726">
        <testcase classname="dist/test-out/20251022T171914093Z-a6e8f88a/spec-app-service-action.service.spec.js" name="ActionService &gt; should be created" time="0.084436574">
            <system-out>
📶️  Opening Web Socket...

            </system-out>
        </testcase>
    </testsuite>
    <testsuite name="dist/test-out/20251022T171914093Z-a6e8f88a/spec-app-service-admin.service.spec.js" timestamp="2025-10-22T17:21:30.518Z" hostname="runnervmwhb2z" tests="1" failures="0" errors="0" skipped="0" time="0.049926347">
        <testcase classname="dist/test-out/20251022T171914093Z-a6e8f88a/spec-app-service-admin.service.spec.js" name="AdminService &gt; should be created" time="0.048165264">
        </testcase>
    </testsuite>
    <testsuite name="dist/test-out/20251022T171914093Z-a6e8f88a/spec-app-service-api-backup.service.spec.js" timestamp="2025-10-22T17:21:30.518Z" hostname="runnervmwhb2z" tests="1" failures="0" errors="0" skipped="0" time="0.05364456">
        <testcase classname="dist/test-out/20251022T171914093Z-a6e8f88a/spec-app-service-api-backup.service.spec.js" name="BackupService &gt; should be created" time="0.051923621">
        </testcase>
    </testsuite>
    <testsuite name="dist/test-out/20251022T171914093Z-a6e8f88a/spec-app-service-api-ext.service.spec.js" timestamp="2025-10-22T17:21:30.519Z" hostname="runnervmwhb2z" tests="1" failures="0" errors="0" skipped="0" time="0.049119307">
        <testcase classname="dist/test-out/20251022T171914093Z-a6e8f88a/spec-app-service-api-ext.service.spec.js" name="ExtService &gt; should be created" time="0.047467989">
        </testcase>
    </testsuite>
    <testsuite name="dist/test-out/20251022T171914093Z-a6e8f88a/spec-app-service-api-graph.service.spec.js" timestamp="2025-10-22T17:21:30.519Z" hostname="runnervmwhb2z" tests="1" failures="0" errors="0" skipped="0" time="0.047621481">
        <testcase classname="dist/test-out/20251022T171914093Z-a6e8f88a/spec-app-service-api-graph.service.spec.js" name="GraphService &gt; should be created" time="0.045975693">
        </testcase>
    </testsuite>
    <testsuite name="dist/test-out/20251022T171914093Z-a6e8f88a/spec-app-service-api-oembed.service.spec.js" timestamp="2025-10-22T17:21:30.519Z" hostname="runnervmwhb2z" tests="1" failures="0" errors="0" skipped="0" time="0.051585595">
        <testcase classname="dist/test-out/20251022T171914093Z-a6e8f88a/spec-app-service-api-oembed.service.spec.js" name="OEmbedService &gt; should be created" time="0.049760463">
        </testcase>
    </testsuite>
    <testsuite name="dist/test-out/20251022T171914093Z-a6e8f88a/spec-app-service-api-origin.service.spec.js" timestamp="2025-10-22T17:21:30.519Z" hostname="runnervmwhb2z" tests="1" failures="0" errors="0" skipped="0" time="0.038712227">
        <testcase classname="dist/test-out/20251022T171914093Z-a6e8f88a/spec-app-service-api-origin.service.spec.js" name="OriginService &gt; should be created" time="0.037498619">
        </testcase>
    </testsuite>
    <testsuite name="dist/test-out/20251022T171914093Z-a6e8f88a/spec-app-service-api-plugin.service.spec.js" timestamp="2025-10-22T17:21:30.520Z" hostname="runnervmwhb2z" tests="1" failures="0" errors="0" skipped="0" time="0.045264018">
        <testcase classname="dist/test-out/20251022T171914093Z-a6e8f88a/spec-app-service-api-plugin.service.spec.js" name="PluginService &gt; should be created" time="0.043689262">
        </testcase>
    </testsuite>
    <testsuite name="dist/test-out/20251022T171914093Z-a6e8f88a/spec-app-service-api-profile.service.spec.js" timestamp="2025-10-22T17:21:30.520Z" hostname="runnervmwhb2z" tests="1" failures="0" errors="0" skipped="0" time="0.050179479">
        <testcase classname="dist/test-out/20251022T171914093Z-a6e8f88a/spec-app-service-api-profile.service.spec.js" name="ProfileService &gt; should be created" time="0.048422073">
        </testcase>
    </testsuite>
    <testsuite name="dist/test-out/20251022T171914093Z-a6e8f88a/spec-app-service-api-proxy.service.spec.js" timestamp="2025-10-22T17:21:30.520Z" hostname="runnervmwhb2z" tests="1" failures="0" errors="0" skipped="0" time="0.052663064">
        <testcase classname="dist/test-out/20251022T171914093Z-a6e8f88a/spec-app-service-api-proxy.service.spec.js" name="ProxyService &gt; should be created" time="0.051023509">
        </testcase>
    </testsuite>
    <testsuite name="dist/test-out/20251022T171914093Z-a6e8f88a/spec-app-service-api-ref.service.spec.js" timestamp="2025-10-22T17:21:30.520Z" hostname="runnervmwhb2z" tests="1" failures="0" errors="0" skipped="0" time="0.055071008">
        <testcase classname="dist/test-out/20251022T171914093Z-a6e8f88a/spec-app-service-api-ref.service.spec.js" name="RefService &gt; should be created" time="0.05334036">
        </testcase>
    </testsuite>
    <testsuite name="dist/test-out/20251022T171914093Z-a6e8f88a/spec-app-service-api-scrape.service.spec.js" timestamp="2025-10-22T17:21:30.521Z" hostname="runnervmwhb2z" tests="1" failures="0" errors="0" skipped="0" time="0.05133441">
        <testcase classname="dist/test-out/20251022T171914093Z-a6e8f88a/spec-app-service-api-scrape.service.spec.js" name="ScrapeService &gt; should be created" time="0.049682371">
        </testcase>
    </testsuite>
    <testsuite name="dist/test-out/20251022T171914093Z-a6e8f88a/spec-app-service-api-stomp.service.spec.js" timestamp="2025-10-22T17:21:30.521Z" hostname="runnervmwhb2z" tests="3" failures="0" errors="0" skipped="0" time="0.082170285">
        <testcase classname="dist/test-out/20251022T171914093Z-a6e8f88a/spec-app-service-api-stomp.service.spec.js" name="StompService &gt; should be created" time="0.054881815">
            <system-out>
📶️  Opening Web Socket...

            </system-out>
        </testcase>
        <testcase classname="dist/test-out/20251022T171914093Z-a6e8f88a/spec-app-service-api-stomp.service.spec.js" name="StompService &gt; should construct hostUrl correctly without duplicating port" time="0.010796045">
            <system-out>
📶️  Opening Web Socket...

            </system-out>
        </testcase>
        <testcase classname="dist/test-out/20251022T171914093Z-a6e8f88a/spec-app-service-api-stomp.service.spec.js" name="StompService &gt; should handle local API configuration correctly" time="0.014781193">
            <system-out>
📶️  Opening Web Socket...

            </system-out>
        </testcase>
    </testsuite>
    <testsuite name="dist/test-out/20251022T171914093Z-a6e8f88a/spec-app-service-api-tagging.service.spec.js" timestamp="2025-10-22T17:21:30.521Z" hostname="runnervmwhb2z" tests="1" failures="0" errors="0" skipped="0" time="0.036596021">
        <testcase classname="dist/test-out/20251022T171914093Z-a6e8f88a/spec-app-service-api-tagging.service.spec.js" name="TaggingService &gt; should be created" time="0.035234946">
        </testcase>
    </testsuite>
    <testsuite name="dist/test-out/20251022T171914093Z-a6e8f88a/spec-app-service-api-template.service.spec.js" timestamp="2025-10-22T17:21:30.522Z" hostname="runnervmwhb2z" tests="1" failures="0" errors="0" skipped="0" time="0.041776245">
        <testcase classname="dist/test-out/20251022T171914093Z-a6e8f88a/spec-app-service-api-template.service.spec.js" name="TemplateService &gt; should be created" time="0.040333868">
        </testcase>
    </testsuite>
    <testsuite name="dist/test-out/20251022T171914093Z-a6e8f88a/spec-app-service-api-user.service.spec.js" timestamp="2025-10-22T17:21:30.522Z" hostname="runnervmwhb2z" tests="1" failures="0" errors="0" skipped="0" time="0.048257572">
        <testcase classname="dist/test-out/20251022T171914093Z-a6e8f88a/spec-app-service-api-user.service.spec.js" name="UserService &gt; should be created" time="0.046910602">
        </testcase>
    </testsuite>
    <testsuite name="dist/test-out/20251022T171914093Z-a6e8f88a/spec-app-service-authz.service.spec.js" timestamp="2025-10-22T17:21:30.522Z" hostname="runnervmwhb2z" tests="13" failures="0" errors="0" skipped="0" time="0.16684601">
        <testcase classname="dist/test-out/20251022T171914093Z-a6e8f88a/spec-app-service-authz.service.spec.js" name="AuthzService &gt; should be created" time="0.049175304">
        </testcase>
        <testcase classname="dist/test-out/20251022T171914093Z-a6e8f88a/spec-app-service-authz.service.spec.js" name="AuthzService &gt; tagWriteAccess &gt; should return false when not signed in" time="0.009589151">
        </testcase>
        <testcase classname="dist/test-out/20251022T171914093Z-a6e8f88a/spec-app-service-authz.service.spec.js" name="AuthzService &gt; tagWriteAccess &gt; should return false for locked tag" time="0.007636427">
        </testcase>
        <testcase classname="dist/test-out/20251022T171914093Z-a6e8f88a/spec-app-service-authz.service.spec.js" name="AuthzService &gt; tagWriteAccess &gt; should return true for mod role" time="0.018151891">
        </testcase>
        <testcase classname="dist/test-out/20251022T171914093Z-a6e8f88a/spec-app-service-authz.service.spec.js" name="AuthzService &gt; tagWriteAccess &gt; should return true for editor role with public tag" time="0.007372474">
        </testcase>
        <testcase classname="dist/test-out/20251022T171914093Z-a6e8f88a/spec-app-service-authz.service.spec.js" name="AuthzService &gt; tagWriteAccess &gt; should return true for user&apos;s own tag" time="0.006442103">
        </testcase>
        <testcase classname="dist/test-out/20251022T171914093Z-a6e8f88a/spec-app-service-authz.service.spec.js" name="AuthzService &gt; tagWriteAccess &gt; should return true when tag is in tagWriteAccess array" time="0.01104258">
        </testcase>
        <testcase classname="dist/test-out/20251022T171914093Z-a6e8f88a/spec-app-service-authz.service.spec.js" name="AuthzService &gt; tagWriteAccess &gt; should return true when tag is in writeAccess array" time="0.00638162">
        </testcase>
        <testcase classname="dist/test-out/20251022T171914093Z-a6e8f88a/spec-app-service-authz.service.spec.js" name="AuthzService &gt; tagWriteAccess &gt; should return true when parent tag is in writeAccess array" time="0.011953634">
        </testcase>
        <testcase classname="dist/test-out/20251022T171914093Z-a6e8f88a/spec-app-service-authz.service.spec.js" name="AuthzService &gt; tagWriteAccess &gt; should return true when grandparent tag is in writeAccess array" time="0.01520112">
        </testcase>
        <testcase classname="dist/test-out/20251022T171914093Z-a6e8f88a/spec-app-service-authz.service.spec.js" name="AuthzService &gt; tagWriteAccess &gt; should return true when parent tag is in tagWriteAccess array" time="0.008575234">
        </testcase>
        <testcase classname="dist/test-out/20251022T171914093Z-a6e8f88a/spec-app-service-authz.service.spec.js" name="AuthzService &gt; tagWriteAccess &gt; should return false when no access is granted" time="0.00590086">
        </testcase>
        <testcase classname="dist/test-out/20251022T171914093Z-a6e8f88a/spec-app-service-authz.service.spec.js" name="AuthzService &gt; tagWriteAccess &gt; should return false when access is to a different branch" time="0.00685227">
        </testcase>
    </testsuite>
    <testsuite name="dist/test-out/20251022T171914093Z-a6e8f88a/spec-app-service-bookmark.service.spec.js" timestamp="2025-10-22T17:21:30.524Z" hostname="runnervmwhb2z" tests="1" failures="0" errors="0" skipped="0" time="0.047380437">
        <testcase classname="dist/test-out/20251022T171914093Z-a6e8f88a/spec-app-service-bookmark.service.spec.js" name="BookmarkService &gt; should be created" time="0.045763051">
        </testcase>
    </testsuite>
    <testsuite name="dist/test-out/20251022T171914093Z-a6e8f88a/spec-app-service-config.service.spec.js" timestamp="2025-10-22T17:21:30.524Z" hostname="runnervmwhb2z" tests="1" failures="0" errors="0" skipped="0" time="0.056806637">
        <testcase classname="dist/test-out/20251022T171914093Z-a6e8f88a/spec-app-service-config.service.spec.js" name="ConfigService &gt; should be created" time="0.055185054">
        </testcase>
    </testsuite>
    <testsuite name="dist/test-out/20251022T171914093Z-a6e8f88a/spec-app-service-debug.service.spec.js" timestamp="2025-10-22T17:21:30.524Z" hostname="runnervmwhb2z" tests="1" failures="0" errors="0" skipped="0" time="0.045359357">
        <testcase classname="dist/test-out/20251022T171914093Z-a6e8f88a/spec-app-service-debug.service.spec.js" name="DebugService &gt; should be created" time="0.044112484">
        </testcase>
    </testsuite>
    <testsuite name="dist/test-out/20251022T171914093Z-a6e8f88a/spec-app-service-editor.service.spec.js" timestamp="2025-10-22T17:21:30.524Z" hostname="runnervmwhb2z" tests="1" failures="0" errors="0" skipped="0" time="0.051419629">
        <testcase classname="dist/test-out/20251022T171914093Z-a6e8f88a/spec-app-service-editor.service.spec.js" name="EditorService &gt; should be created" time="0.04974174">
        </testcase>
    </testsuite>
    <testsuite name="dist/test-out/20251022T171914093Z-a6e8f88a/spec-app-service-embed.service.spec.js" timestamp="2025-10-22T17:21:30.524Z" hostname="runnervmwhb2z" tests="1" failures="0" errors="0" skipped="0" time="0.048616666">
        <testcase classname="dist/test-out/20251022T171914093Z-a6e8f88a/spec-app-service-embed.service.spec.js" name="EmbedService &gt; should be created" time="0.04683348">
        </testcase>
    </testsuite>
    <testsuite name="dist/test-out/20251022T171914093Z-a6e8f88a/spec-app-service-image.service.spec.js" timestamp="2025-10-22T17:21:30.524Z" hostname="runnervmwhb2z" tests="1" failures="0" errors="0" skipped="0" time="0.034215411">
        <testcase classname="dist/test-out/20251022T171914093Z-a6e8f88a/spec-app-service-image.service.spec.js" name="ImageService &gt; should be created" time="0.032699085">
        </testcase>
    </testsuite>
    <testsuite name="dist/test-out/20251022T171914093Z-a6e8f88a/spec-app-service-login.service.spec.js" timestamp="2025-10-22T17:21:30.525Z" hostname="runnervmwhb2z" tests="1" failures="0" errors="0" skipped="0" time="0.054321686">
        <testcase classname="dist/test-out/20251022T171914093Z-a6e8f88a/spec-app-service-login.service.spec.js" name="LoginService &gt; should be created" time="0.052563859">
        </testcase>
    </testsuite>
    <testsuite name="dist/test-out/20251022T171914093Z-a6e8f88a/spec-app-service-mod.service.spec.js" timestamp="2025-10-22T17:21:30.525Z" hostname="runnervmwhb2z" tests="1" failures="1" errors="0" skipped="0" time="0.162766822">
        <testcase classname="dist/test-out/20251022T171914093Z-a6e8f88a/spec-app-service-mod.service.spec.js" name="ModService &gt; should be created" time="0.161223354">
            <system-err>
TypeError: Cannot read properties of undefined (reading &apos;supports&apos;)
    at new _ModService [90m(/home/runner/work/jasper-ui/jasper-ui/[39mdist/test-out/20251022T171914093Z-a6e8f88a/src/app/service/mod.service.ts:19:17[90m)[39m
    at Object.ModService_Factory [as factory] [90m(/home/runner/work/jasper-ui/jasper-ui/[39mdist/test-out/20251022T171914093Z-a6e8f88a/chunk-2AZAYSYR.js:529:14[90m)[39m
    at [90m/home/runner/work/jasper-ui/jasper-ui/[39mdist/test-out/20251022T171914093Z-a6e8f88a/node_modules/[4m@angular[24m/core/fesm2022/root_effect_scheduler.mjs:2187:47
    at runInInjectorProfilerContext [90m(/home/runner/work/jasper-ui/jasper-ui/[39mdist/test-out/20251022T171914093Z-a6e8f88a/node_modules/[4m@angular[24m/core/fesm2022/root_effect_scheduler.mjs:746:9[90m)[39m
    at R3Injector.hydrate [90m(/home/runner/work/jasper-ui/jasper-ui/[39mdist/test-out/20251022T171914093Z-a6e8f88a/node_modules/[4m@angular[24m/core/fesm2022/root_effect_scheduler.mjs:2185:21[90m)[39m
    at R3Injector.get [90m(/home/runner/work/jasper-ui/jasper-ui/[39mdist/test-out/20251022T171914093Z-a6e8f88a/node_modules/[4m@angular[24m/core/fesm2022/root_effect_scheduler.mjs:2033:33[90m)[39m
    at _TestBedImpl.inject [90m(/home/runner/work/jasper-ui/jasper-ui/[39mdist/test-out/20251022T171914093Z-a6e8f88a/node_modules/[4m@angular[24m/core/fesm2022/testing.mjs:2004:52[90m)[39m
    at Function.inject [90m(/home/runner/work/jasper-ui/jasper-ui/[39mdist/test-out/20251022T171914093Z-a6e8f88a/node_modules/[4m@angular[24m/core/fesm2022/testing.mjs:1843:37[90m)[39m
    at [90m/home/runner/work/jasper-ui/jasper-ui/[39mdist/test-out/20251022T171914093Z-a6e8f88a/src/app/service/mod.service.spec.ts:16:23
    at [90mfile:///home/runner/work/jasper-ui/jasper-ui/[39mnode_modules/[4m@vitest[24m/runner/dist/chunk-hooks.js:155:11

            </system-err>
            <failure message="Cannot read properties of undefined (reading &apos;supports&apos;)" type="TypeError">
TypeError: Cannot read properties of undefined (reading &apos;supports&apos;)
 ❯ new _ModService src/app/service/mod.service.ts:19:17
 ❯ Object.ModService_Factory [as factory] chunk-2AZAYSYR.js:529:14
 ❯ node_modules/@angular/core/fesm2022/root_effect_scheduler.mjs:2187:47
 ❯ runInInjectorProfilerContext node_modules/@angular/core/fesm2022/root_effect_scheduler.mjs:746:9
 ❯ R3Injector.hydrate node_modules/@angular/core/fesm2022/root_effect_scheduler.mjs:2185:21
 ❯ R3Injector.get node_modules/@angular/core/fesm2022/root_effect_scheduler.mjs:2033:33
 ❯ _TestBedImpl.inject node_modules/@angular/core/fesm2022/testing.mjs:2004:52
 ❯ Function.inject node_modules/@angular/core/fesm2022/testing.mjs:1843:37
 ❯ src/app/service/mod.service.spec.ts:16:23
            </failure>
        </testcase>
    </testsuite>
    <testsuite name="dist/test-out/20251022T171914093Z-a6e8f88a/spec-app-service-origin-map.service.spec.js" timestamp="2025-10-22T17:21:30.525Z" hostname="runnervmwhb2z" tests="6" failures="0" errors="0" skipped="0" time="0.097425642">
        <testcase classname="dist/test-out/20251022T171914093Z-a6e8f88a/spec-app-service-origin-map.service.spec.js" name="OriginMapService &gt; should be created" time="0.055343921">
        </testcase>
        <testcase classname="dist/test-out/20251022T171914093Z-a6e8f88a/spec-app-service-origin-map.service.spec.js" name="OriginMapService &gt; reverseLookup on @other has named us @main" time="0.012559918">
        </testcase>
        <testcase classname="dist/test-out/20251022T171914093Z-a6e8f88a/spec-app-service-origin-map.service.spec.js" name="OriginMapService &gt; reverseLookup on @other does not have an entry for our API" time="0.008140871">
        </testcase>
        <testcase classname="dist/test-out/20251022T171914093Z-a6e8f88a/spec-app-service-origin-map.service.spec.js" name="OriginMapService &gt; reverseLookup on @other for tenant @mt has it named @main" time="0.007695287">
        </testcase>
        <testcase classname="dist/test-out/20251022T171914093Z-a6e8f88a/spec-app-service-origin-map.service.spec.js" name="OriginMapService &gt; reverseLookup on @other does not have an entry for tenant @mt" time="0.006644711">
        </testcase>
        <testcase classname="dist/test-out/20251022T171914093Z-a6e8f88a/spec-app-service-origin-map.service.spec.js" name="OriginMapService &gt; OriginMapService origin mapping &gt; should map origins correctly in multi-tenant setup" time="0.004872436">
        </testcase>
    </testsuite>
    <testsuite name="dist/test-out/20251022T171914093Z-a6e8f88a/spec-app-service-pwa.service.spec.js" timestamp="2025-10-22T17:21:30.526Z" hostname="runnervmwhb2z" tests="1" failures="0" errors="0" skipped="0" time="0.035376919">
        <testcase classname="dist/test-out/20251022T171914093Z-a6e8f88a/spec-app-service-pwa.service.spec.js" name="PwaService &gt; should be created" time="0.034001014">
        </testcase>
    </testsuite>
    <testsuite name="dist/test-out/20251022T171914093Z-a6e8f88a/spec-app-service-visibility.service.spec.js" timestamp="2025-10-22T17:21:30.526Z" hostname="runnervmwhb2z" tests="1" failures="1" errors="0" skipped="0" time="0.167791459">
        <testcase classname="dist/test-out/20251022T171914093Z-a6e8f88a/spec-app-service-visibility.service.spec.js" name="VisibilityService &gt; should be created" time="0.166194653">
            <system-err>
ReferenceError: IntersectionObserver is not defined
    at new _VisibilityService [90m(/home/runner/work/jasper-ui/jasper-ui/[39mdist/test-out/20251022T171914093Z-a6e8f88a/src/app/service/visibility.service.ts:11:25[90m)[39m
    at Object.VisibilityService_Factory [as factory] [90m(/home/runner/work/jasper-ui/jasper-ui/[39mdist/test-out/20251022T171914093Z-a6e8f88a/chunk-GUI55U43.js:43:14[90m)[39m
    at [90m/home/runner/work/jasper-ui/jasper-ui/[39mdist/test-out/20251022T171914093Z-a6e8f88a/node_modules/[4m@angular[24m/core/fesm2022/root_effect_scheduler.mjs:2187:47
    at runInInjectorProfilerContext [90m(/home/runner/work/jasper-ui/jasper-ui/[39mdist/test-out/20251022T171914093Z-a6e8f88a/node_modules/[4m@angular[24m/core/fesm2022/root_effect_scheduler.mjs:746:9[90m)[39m
    at R3Injector.hydrate [90m(/home/runner/work/jasper-ui/jasper-ui/[39mdist/test-out/20251022T171914093Z-a6e8f88a/node_modules/[4m@angular[24m/core/fesm2022/root_effect_scheduler.mjs:2185:21[90m)[39m
    at R3Injector.get [90m(/home/runner/work/jasper-ui/jasper-ui/[39mdist/test-out/20251022T171914093Z-a6e8f88a/node_modules/[4m@angular[24m/core/fesm2022/root_effect_scheduler.mjs:2033:33[90m)[39m
    at _TestBedImpl.inject [90m(/home/runner/work/jasper-ui/jasper-ui/[39mdist/test-out/20251022T171914093Z-a6e8f88a/node_modules/[4m@angular[24m/core/fesm2022/testing.mjs:2004:52[90m)[39m
    at Function.inject [90m(/home/runner/work/jasper-ui/jasper-ui/[39mdist/test-out/20251022T171914093Z-a6e8f88a/node_modules/[4m@angular[24m/core/fesm2022/testing.mjs:1843:37[90m)[39m
    at [90m/home/runner/work/jasper-ui/jasper-ui/[39mdist/test-out/20251022T171914093Z-a6e8f88a/src/app/service/visibility.service.spec.ts:10:23
    at [90mfile:///home/runner/work/jasper-ui/jasper-ui/[39mnode_modules/[4m@vitest[24m/runner/dist/chunk-hooks.js:155:11

            </system-err>
            <failure message="IntersectionObserver is not defined" type="ReferenceError">
ReferenceError: IntersectionObserver is not defined
 ❯ new _VisibilityService src/app/service/visibility.service.ts:11:25
 ❯ Object.VisibilityService_Factory [as factory] chunk-GUI55U43.js:43:14
 ❯ node_modules/@angular/core/fesm2022/root_effect_scheduler.mjs:2187:47
 ❯ runInInjectorProfilerContext node_modules/@angular/core/fesm2022/root_effect_scheduler.mjs:746:9
 ❯ R3Injector.hydrate node_modules/@angular/core/fesm2022/root_effect_scheduler.mjs:2185:21
 ❯ R3Injector.get node_modules/@angular/core/fesm2022/root_effect_scheduler.mjs:2033:33
 ❯ _TestBedImpl.inject node_modules/@angular/core/fesm2022/testing.mjs:2004:52
 ❯ Function.inject node_modules/@angular/core/fesm2022/testing.mjs:1843:37
 ❯ src/app/service/visibility.service.spec.ts:10:23
            </failure>
        </testcase>
    </testsuite>
    <testsuite name="dist/test-out/20251022T171914093Z-a6e8f88a/spec-app-util-diff.spec.js" timestamp="2025-10-22T17:21:30.526Z" hostname="runnervmwhb2z" tests="15" failures="0" errors="0" skipped="0" time="0.031662763">
        <testcase classname="dist/test-out/20251022T171914093Z-a6e8f88a/spec-app-util-diff.spec.js" name="Diff Utils &gt; formatRefForDiff &gt; should format a ref excluding modified and created fields" time="0.021659642">
        </testcase>
        <testcase classname="dist/test-out/20251022T171914093Z-a6e8f88a/spec-app-util-diff.spec.js" name="Diff Utils &gt; formatRefForDiff &gt; should order fields consistently" time="0.000612271">
        </testcase>
        <testcase classname="dist/test-out/20251022T171914093Z-a6e8f88a/spec-app-util-diff.spec.js" name="Diff Utils &gt; formatRefForDiff &gt; should sort plugin keys alphabetically" time="0.00101351">
        </testcase>
        <testcase classname="dist/test-out/20251022T171914093Z-a6e8f88a/spec-app-util-diff.spec.js" name="Diff Utils &gt; tryMergeRefComment &gt; should accept theirs if ours is unchanged" time="0.000985437">
        </testcase>
        <testcase classname="dist/test-out/20251022T171914093Z-a6e8f88a/spec-app-util-diff.spec.js" name="Diff Utils &gt; tryMergeRefComment &gt; should accept ours if theirs is unchanged" time="0.000482209">
        </testcase>
        <testcase classname="dist/test-out/20251022T171914093Z-a6e8f88a/spec-app-util-diff.spec.js" name="Diff Utils &gt; tryMergeRefComment &gt; should accept if both made the same change" time="0.000414893">
        </testcase>
        <testcase classname="dist/test-out/20251022T171914093Z-a6e8f88a/spec-app-util-diff.spec.js" name="Diff Utils &gt; tryMergeRefComment &gt; should return undefined mergedComment on conflict" time="0.000533495">
        </testcase>
        <testcase classname="dist/test-out/20251022T171914093Z-a6e8f88a/spec-app-util-diff.spec.js" name="Diff Utils &gt; tryMergeRefComment &gt; should handle empty base" time="0.000462051">
        </testcase>
        <testcase classname="dist/test-out/20251022T171914093Z-a6e8f88a/spec-app-util-diff.spec.js" name="Diff Utils &gt; tryMergeRefComment &gt; should handle empty comments" time="0.000389086">
        </testcase>
        <testcase classname="dist/test-out/20251022T171914093Z-a6e8f88a/spec-app-util-diff.spec.js" name="Diff Utils &gt; tryMergeRefComment &gt; should merge non-conflicting multi-line changes" time="0.000489111">
        </testcase>
        <testcase classname="dist/test-out/20251022T171914093Z-a6e8f88a/spec-app-util-diff.spec.js" name="Diff Utils &gt; tryMergeRefComment &gt; should detect conflicting multi-line changes" time="0.000565905">
        </testcase>
        <testcase classname="dist/test-out/20251022T171914093Z-a6e8f88a/spec-app-util-diff.spec.js" name="Diff Utils &gt; tryMergeRefComment &gt; should merge additions at different positions" time="0.000516824">
        </testcase>
        <testcase classname="dist/test-out/20251022T171914093Z-a6e8f88a/spec-app-util-diff.spec.js" name="Diff Utils &gt; tryMergeRefComment &gt; should merge with space delimiter" time="0.000324615">
        </testcase>
        <testcase classname="dist/test-out/20251022T171914093Z-a6e8f88a/spec-app-util-diff.spec.js" name="Diff Utils &gt; tryMergeRefComment &gt; should merge with space delimiter when changes at different positions" time="0.0005634">
        </testcase>
        <testcase classname="dist/test-out/20251022T171914093Z-a6e8f88a/spec-app-util-diff.spec.js" name="Diff Utils &gt; tryMergeRefComment &gt; should handle ninja triangle merges with space delimiter for non-conflicting additions" time="0.000334423">
        </testcase>
    </testsuite>
</testsuites>
